[INFO] Scanning for projects...
[WARNING] 
[WARNING] Some problems were encountered while building the effective model for com.gaodun:LearningService:jar:0.0.1-SNAPSHOT
[WARNING] 'dependencies.dependency.(groupId:artifactId:type:classifier)' must be unique: org.springframework.boot:spring-boot-starter-data-jpa:jar -> duplicate declaration of version (?) @ line 79, column 21
[WARNING] 'dependencies.dependency.(groupId:artifactId:type:classifier)' must be unique: org.springframework.boot:spring-boot-starter-test:jar -> duplicate declaration of version (?) @ line 112, column 21
[WARNING] 
[WARNING] It is highly recommended to fix these problems because they threaten the stability of your build.
[WARNING] 
[WARNING] For this reason, future Maven versions might no longer support building such malformed projects.
[WARNING] 
[INFO] 
[INFO] ---------------------< com.gaodun:LearningService >---------------------
[INFO] Building LearningService 0.0.1-SNAPSHOT
[INFO]   from pom.xml
[INFO] --------------------------------[ jar ]---------------------------------
[INFO] 
[INFO] --- resources:3.2.0:resources (default-resources) @ LearningService ---
[INFO] Using 'UTF-8' encoding to copy filtered resources.
[INFO] Using 'UTF-8' encoding to copy filtered properties files.
[INFO] Copying 1 resource
[INFO] Copying 8 resources
[INFO] 
[INFO] --- compiler:3.10.1:compile (default-compile) @ LearningService ---
[INFO] Nothing to compile - all classes are up to date
[INFO] 
[INFO] --- resources:3.2.0:testResources (default-testResources) @ LearningService ---
[INFO] Using 'UTF-8' encoding to copy filtered resources.
[INFO] Using 'UTF-8' encoding to copy filtered properties files.
[INFO] skip non existing resourceDirectory C:\Users\yinjj\Desktop\LearningService\LearningService\src\test\resources
[INFO] 
[INFO] --- compiler:3.10.1:testCompile (default-testCompile) @ LearningService ---
[INFO] Nothing to compile - all classes are up to date
[INFO] 
[INFO] --- surefire:2.22.2:test (default-test) @ LearningService ---
[INFO] 
[INFO] -------------------------------------------------------
[INFO]  T E S T S
[INFO] -------------------------------------------------------
[INFO] Running com.gaodun.learningservice.AnswerRecordAsyncServiceTest
14:21:34.828 [main] DEBUG org.springframework.test.context.BootstrapUtils - Instantiating CacheAwareContextLoaderDelegate from class [org.springframework.test.context.cache.DefaultCacheAwareContextLoaderDelegate]
14:21:34.840 [main] DEBUG org.springframework.test.context.BootstrapUtils - Instantiating BootstrapContext using constructor [public org.springframework.test.context.support.DefaultBootstrapContext(java.lang.Class,org.springframework.test.context.CacheAwareContextLoaderDelegate)]
14:21:34.874 [main] DEBUG org.springframework.test.context.BootstrapUtils - Instantiating TestContextBootstrapper for test class [com.gaodun.learningservice.AnswerRecordAsyncServiceTest] from class [org.springframework.boot.test.context.SpringBootTestContextBootstrapper]
14:21:34.885 [main] INFO org.springframework.boot.test.context.SpringBootTestContextBootstrapper - Neither @ContextConfiguration nor @ContextHierarchy found for test class [com.gaodun.learningservice.AnswerRecordAsyncServiceTest], using SpringBootContextLoader
14:21:34.889 [main] DEBUG org.springframework.test.context.support.AbstractContextLoader - Did not detect default resource location for test class [com.gaodun.learningservice.AnswerRecordAsyncServiceTest]: class path resource [com/gaodun/learningservice/AnswerRecordAsyncServiceTest-context.xml] does not exist
14:21:34.890 [main] DEBUG org.springframework.test.context.support.AbstractContextLoader - Did not detect default resource location for test class [com.gaodun.learningservice.AnswerRecordAsyncServiceTest]: class path resource [com/gaodun/learningservice/AnswerRecordAsyncServiceTestContext.groovy] does not exist
14:21:34.890 [main] INFO org.springframework.test.context.support.AbstractContextLoader - Could not detect default resource locations for test class [com.gaodun.learningservice.AnswerRecordAsyncServiceTest]: no resource found for suffixes {-context.xml, Context.groovy}.
14:21:34.890 [main] INFO org.springframework.test.context.support.AnnotationConfigContextLoaderUtils - Could not detect default configuration classes for test class [com.gaodun.learningservice.AnswerRecordAsyncServiceTest]: AnswerRecordAsyncServiceTest does not declare any static, non-private, non-final, nested classes annotated with @Configuration.
14:21:34.934 [main] DEBUG org.springframework.test.context.support.ActiveProfilesUtils - Could not find an 'annotation declaring class' for annotation type [org.springframework.test.context.ActiveProfiles] and class [com.gaodun.learningservice.AnswerRecordAsyncServiceTest]
14:21:35.018 [main] DEBUG org.springframework.context.annotation.ClassPathScanningCandidateComponentProvider - Identified candidate component class: file [C:\Users\yinjj\Desktop\LearningService\LearningService\target\classes\com\gaodun\learningservice\LearningServiceApplication.class]
14:21:35.020 [main] INFO org.springframework.boot.test.context.SpringBootTestContextBootstrapper - Found @SpringBootConfiguration com.gaodun.learningservice.LearningServiceApplication for test class com.gaodun.learningservice.AnswerRecordAsyncServiceTest
14:21:35.118 [main] DEBUG org.springframework.boot.test.context.SpringBootTestContextBootstrapper - @TestExecutionListeners is not present for class [com.gaodun.learningservice.AnswerRecordAsyncServiceTest]: using defaults.
14:21:35.118 [main] INFO org.springframework.boot.test.context.SpringBootTestContextBootstrapper - Loaded default TestExecutionListener class names from location [META-INF/spring.factories]: [org.springframework.boot.test.mock.mockito.MockitoTestExecutionListener, org.springframework.boot.test.mock.mockito.ResetMocksTestExecutionListener, org.springframework.boot.test.autoconfigure.restdocs.RestDocsTestExecutionListener, org.springframework.boot.test.autoconfigure.web.client.MockRestServiceServerResetTestExecutionListener, org.springframework.boot.test.autoconfigure.web.servlet.MockMvcPrintOnlyOnFailureTestExecutionListener, org.springframework.boot.test.autoconfigure.web.servlet.WebDriverTestExecutionListener, org.springframework.boot.test.autoconfigure.webservices.client.MockWebServiceServerTestExecutionListener, org.springframework.test.context.web.ServletTestExecutionListener, org.springframework.test.context.support.DirtiesContextBeforeModesTestExecutionListener, org.springframework.test.context.event.ApplicationEventsTestExecutionListener, org.springframework.test.context.support.DependencyInjectionTestExecutionListener, org.springframework.test.context.support.DirtiesContextTestExecutionListener, org.springframework.test.context.transaction.TransactionalTestExecutionListener, org.springframework.test.context.jdbc.SqlScriptsTestExecutionListener, org.springframework.test.context.event.EventPublishingTestExecutionListener]
14:21:35.148 [main] INFO org.springframework.boot.test.context.SpringBootTestContextBootstrapper - Using TestExecutionListeners: [org.springframework.test.context.web.ServletTestExecutionListener@424ebba3, org.springframework.test.context.support.DirtiesContextBeforeModesTestExecutionListener@37052337, org.springframework.test.context.event.ApplicationEventsTestExecutionListener@2320fa6f, org.springframework.boot.test.mock.mockito.MockitoTestExecutionListener@7a560583, org.springframework.boot.test.autoconfigure.SpringBootDependencyInjectionTestExecutionListener@4d722ac9, org.springframework.test.context.support.DirtiesContextTestExecutionListener@53f0a4cb, org.springframework.test.context.transaction.TransactionalTestExecutionListener@77a7cf58, org.springframework.test.context.jdbc.SqlScriptsTestExecutionListener@3d97a632, org.springframework.test.context.event.EventPublishingTestExecutionListener@616fe72b, org.springframework.boot.test.mock.mockito.ResetMocksTestExecutionListener@37efd131, org.springframework.boot.test.autoconfigure.restdocs.RestDocsTestExecutionListener@7e7b159b, org.springframework.boot.test.autoconfigure.web.client.MockRestServiceServerResetTestExecutionListener@7e5d9a50, org.springframework.boot.test.autoconfigure.web.servlet.MockMvcPrintOnlyOnFailureTestExecutionListener@60957c0f, org.springframework.boot.test.autoconfigure.web.servlet.WebDriverTestExecutionListener@293a5f75, org.springframework.boot.test.autoconfigure.webservices.client.MockWebServiceServerTestExecutionListener@fcb4004]
14:21:35.151 [main] DEBUG org.springframework.test.context.support.AbstractDirtiesContextTestExecutionListener - Before test class: context [DefaultTestContext@4bff64c2 testClass = AnswerRecordAsyncServiceTest, testInstance = [null], testMethod = [null], testException = [null], mergedContextConfiguration = [WebMergedContextConfiguration@1b2c4efb testClass = AnswerRecordAsyncServiceTest, locations = '{}', classes = '{class com.gaodun.learningservice.LearningServiceApplication}', contextInitializerClasses = '[]', activeProfiles = '{}', propertySourceLocations = '{}', propertySourceProperties = '{org.springframework.boot.test.context.SpringBootTestContextBootstrapper=true}', contextCustomizers = set[org.springframework.boot.test.context.filter.ExcludeFilterContextCustomizer@508dec2b, org.springframework.boot.test.json.DuplicateJsonObjectContextCustomizerFactory$DuplicateJsonObjectContextCustomizer@1df8da7a, org.springframework.boot.test.mock.mockito.MockitoContextCustomizer@0, org.springframework.boot.test.web.client.TestRestTemplateContextCustomizer@415b0b49, org.springframework.boot.test.autoconfigure.actuate.metrics.MetricsExportContextCustomizerFactory$DisableMetricExportContextCustomizer@15d49048, org.springframework.boot.test.autoconfigure.properties.PropertyMappingContextCustomizer@0, org.springframework.boot.test.autoconfigure.web.servlet.WebDriverContextCustomizerFactory$Customizer@32115b28, org.springframework.boot.test.context.SpringBootTestArgs@1, org.springframework.boot.test.context.SpringBootTestWebEnvironment@223f3642], resourceBasePath = 'src/main/webapp', contextLoader = 'org.springframework.boot.test.context.SpringBootContextLoader', parent = [null]], attributes = map['org.springframework.test.context.web.ServletTestExecutionListener.activateListener' -> true]], class annotated with @DirtiesContext [false] with mode [null].

  .   ____          _            __ _ _
 /\\ / ___'_ __ _ _(_)_ __  __ _ \ \ \ \
( ( )\___ | '_ | '_| | '_ \/ _` | \ \ \ \
 \\/  ___)| |_)| | | | | || (_| |  ) ) ) )
  '  |____| .__|_| |_|_| |_\__, | / / / /
 =========|_|==============|___/=/_/_/_/
 :: Spring Boot ::               (v2.7.18)

2025-10-24 14:21:35.539  INFO 32276 --- [           main] c.g.l.AnswerRecordAsyncServiceTest       : Starting AnswerRecordAsyncServiceTest using Java 1.8.0_421 on LAPTOP-S5168EF6 with PID 32276 (started by yinjj in C:\Users\yinjj\Desktop\LearningService\LearningService)
2025-10-24 14:21:35.540  INFO 32276 --- [           main] c.g.l.AnswerRecordAsyncServiceTest       : No active profile set, falling back to 1 default profile: "default"
2025-10-24 14:21:36.488  INFO 32276 --- [           main] .s.d.r.c.RepositoryConfigurationDelegate : Bootstrapping Spring Data JPA repositories in DEFAULT mode.
2025-10-24 14:21:36.525  INFO 32276 --- [           main] .s.d.r.c.RepositoryConfigurationDelegate : Finished Spring Data repository scanning in 26 ms. Found 0 JPA repository interfaces.
2025-10-24 14:21:36.638 DEBUG 32276 --- [           main] org.apache.ibatis.logging.LogFactory     : Logging initialized using 'class org.apache.ibatis.logging.slf4j.Slf4jImpl' adapter.
2025-10-24 14:21:37.214  INFO 32276 --- [           main] com.zaxxer.hikari.HikariDataSource       : HikariPool-1 - Starting...
2025-10-24 14:21:37.741  INFO 32276 --- [           main] com.zaxxer.hikari.HikariDataSource       : HikariPool-1 - Start completed.
2025-10-24 14:21:37.811  INFO 32276 --- [           main] o.hibernate.jpa.internal.util.LogHelper  : HHH000204: Processing PersistenceUnitInfo [name: default]
2025-10-24 14:21:37.863  INFO 32276 --- [           main] org.hibernate.Version                    : HHH000412: Hibernate ORM core version 5.6.15.Final
2025-10-24 14:21:38.104  INFO 32276 --- [           main] o.hibernate.annotations.common.Version   : HCANN000001: Hibernate Commons Annotations {5.1.2.Final}
2025-10-24 14:21:38.667  INFO 32276 --- [           main] org.hibernate.dialect.Dialect            : HHH000400: Using dialect: org.hibernate.dialect.MySQL8Dialect
2025-10-24 14:21:39.338  INFO 32276 --- [           main] o.h.e.t.j.p.i.JtaPlatformInitiator       : HHH000490: Using JtaPlatform implementation: [org.hibernate.engine.transaction.jta.platform.internal.NoJtaPlatform]
2025-10-24 14:21:39.354  INFO 32276 --- [           main] j.LocalContainerEntityManagerFactoryBean : Initialized JPA EntityManagerFactory for persistence unit 'default'
Logging initialized using 'class org.apache.ibatis.logging.stdout.StdOutImpl' adapter.
Parsed mapper file: 'file [C:\Users\yinjj\Desktop\LearningService\LearningService\target\classes\mybatis\mapper\AnswerRecordsMapper.xml]'
Parsed mapper file: 'file [C:\Users\yinjj\Desktop\LearningService\LearningService\target\classes\mybatis\mapper\CoursesMapper.xml]'
Parsed mapper file: 'file [C:\Users\yinjj\Desktop\LearningService\LearningService\target\classes\mybatis\mapper\KnowledgePointsMapper.xml]'
Parsed mapper file: 'file [C:\Users\yinjj\Desktop\LearningService\LearningService\target\classes\mybatis\mapper\QuestionsMapper.xml]'
Parsed mapper file: 'file [C:\Users\yinjj\Desktop\LearningService\LearningService\target\classes\mybatis\mapper\UserLearningProfilesMapper.xml]'
Parsed mapper file: 'file [C:\Users\yinjj\Desktop\LearningService\LearningService\target\classes\mybatis\mapper\UserLearningProgressMapper.xml]'
Parsed mapper file: 'file [C:\Users\yinjj\Desktop\LearningService\LearningService\target\classes\mybatis\mapper\UserLearningRecordsMapper.xml]'
2025-10-24 14:21:40.192  WARN 32276 --- [           main] JpaBaseConfiguration$JpaWebConfiguration : spring.jpa.open-in-view is enabled by default. Therefore, database queries may be performed during view rendering. Explicitly configure spring.jpa.open-in-view to disable this warning
2025-10-24 14:21:40.900  INFO 32276 --- [           main] c.g.l.AnswerRecordAsyncServiceTest       : Started AnswerRecordAsyncServiceTest in 5.708 seconds (JVM running for 6.655)

========== 测试知识图谱生成 ==========
Creating a new SqlSession
SqlSession [org.apache.ibatis.session.defaults.DefaultSqlSession@7d8d671b] was not registered for synchronization because synchronization is not active
JDBC Connection [HikariProxyConnection@1616161824 wrapping com.mysql.cj.jdbc.ConnectionImpl@32a074ed] will not be managed by Spring
==>  Preparing: SELECT * FROM user_learning_profiles
==> Parameters: 
<==    Columns: profile_id, user_id, mastery_level, preferred_style, last_updated, course_id
<==        Row: 2, 1, <<BLOB>>, null, 2025-10-24 14:01:19, 1
<==      Total: 1
Closing non transactional SqlSession [org.apache.ibatis.session.defaults.DefaultSqlSession@7d8d671b]
使用测试数据:
  - 用户ID: 1
  - 课程ID: 1
  - 掌握度数据长度: 933 字符

触发知识图谱生成...
等待知识图谱生成完成（30秒）...
2025-10-24 14:21:41.443  INFO 32276 --- [         task-1] c.g.l.service.AnswerRecordAsyncService   : 开始生成知识图谱 - userId: 1, courseId: 1
Creating a new SqlSession
SqlSession [org.apache.ibatis.session.defaults.DefaultSqlSession@cd6fcd1] was not registered for synchronization because synchronization is not active
JDBC Connection [HikariProxyConnection@216861526 wrapping com.mysql.cj.jdbc.ConnectionImpl@32a074ed] will not be managed by Spring
==>  Preparing: SELECT point_id, course_id, title, description, prerequisite_id FROM knowledge_points WHERE course_id = ?
==> Parameters: 1(Integer)
<==    Columns: point_id, course_id, title, description, prerequisite_id
<==        Row: 1, 1, 函数的极限, <<BLOB>>, null
<==        Row: 2, 1, 函数的连续性, <<BLOB>>, 1
<==        Row: 3, 1, 导数与微分, <<BLOB>>, 2
<==        Row: 4, 1, 微分中值定理, <<BLOB>>, 3
<==        Row: 5, 1, 不定积分, <<BLOB>>, 3
<==        Row: 6, 1, 定积分, <<BLOB>>, 5
<==        Row: 7, 1, 定积分的应用, <<BLOB>>, 6
<==        Row: 8, 1, 反常积分, <<BLOB>>, 6
<==        Row: 9, 1, 多元函数的极限与连续, <<BLOB>>, 2
<==        Row: 10, 1, 偏导数与全微分, <<BLOB>>, 3
<==        Row: 11, 1, 多元函数的极值, <<BLOB>>, 10
<==        Row: 12, 1, 重积分, <<BLOB>>, 6
<==        Row: 13, 1, 曲线积分与曲面积分, <<BLOB>>, 12
<==        Row: 14, 1, 常数项级数, <<BLOB>>, 1
<==        Row: 15, 1, 幂级数, <<BLOB>>, 14
<==        Row: 16, 1, 傅里叶级数, <<BLOB>>, 14
<==        Row: 17, 1, 微分方程的基本概念, <<BLOB>>, 3
<==        Row: 18, 1, 一阶微分方程, <<BLOB>>, 17
<==        Row: 19, 1, 高阶线性微分方程, <<BLOB>>, 17
<==        Row: 20, 1, 微分方程的应用, <<BLOB>>, 18
<==      Total: 20
Closing non transactional SqlSession [org.apache.ibatis.session.defaults.DefaultSqlSession@cd6fcd1]
Creating a new SqlSession
SqlSession [org.apache.ibatis.session.defaults.DefaultSqlSession@58b0042b] was not registered for synchronization because synchronization is not active
JDBC Connection [HikariProxyConnection@1944825954 wrapping com.mysql.cj.jdbc.ConnectionImpl@32a074ed] will not be managed by Spring
==>  Preparing: SELECT * FROM user_learning_profiles WHERE user_id = ? AND course_id = ?
==> Parameters: 1(Integer), 1(Integer)
<==    Columns: profile_id, user_id, mastery_level, preferred_style, last_updated, course_id
<==        Row: 2, 1, <<BLOB>>, null, 2025-10-24 14:01:19, 1
<==      Total: 1
Closing non transactional SqlSession [org.apache.ibatis.session.defaults.DefaultSqlSession@58b0042b]
已等待 5 秒...
已等待 10 秒...
已等待 15 秒...
已等待 20 秒...
已等待 25 秒...
2025-10-24 14:22:07.768  INFO 32276 --- [         task-1] c.g.l.service.AnswerRecordAsyncService   : 知识图谱生成成功 - userId: 1, courseId: 1
2025-10-24 14:22:07.768  INFO 32276 --- [         task-1] c.g.l.service.AnswerRecordAsyncService   : 知识图谱base64编码长度: 486460 字符
2025-10-24 14:22:07.768  INFO 32276 --- [         task-1] c.g.l.service.AnswerRecordAsyncService   : ========== 知识图谱Base64编码开始 ==========
2025-10-24 14:22:07.768  INFO 32276 --- [         task-1] c.g.l.service.AnswerRecordAsyncService   : userId: 1, courseId: 1
2025-10-24 14:22:07.768  INFO 32276 --- [         task-1] c.g.l.service.AnswerRecordAsyncService   : Base64图片数据：
/9j/4AAQSkZJRgABAQAAAQABAAD/2wBDAAIBAQEBAQIBAQECAgICAgQDAgICAgUEBAMEBgUGBgYFBgYGBwkIBgcJBwYGCAsICQoKCgoKBggLDAsKDAkKCgr/2wBDAQICAgICAgUDAwUKBwYHCgoKCgoKCgoKCgoKCgoKCgoKCgoKCgoKCgoKCgoKCgoKCgoKCgoKCgoKCgoKCgoKCgr/wAARCAQABAADASIAAhEBAxEB/8QAHwAAAQUBAQEBAQEAAAAAAAAAAAECAwQFBgcICQoL/8QAtRAAAgEDAwIEAwUFBAQAAAF9AQIDAAQRBRIhMUEGE1FhByJxFDKBkaEII0KxwRVS0fAkM2JyggkKFhcYGRolJicoKSo0NTY3ODk6Q0RFRkdISUpTVFVWV1hZWmNkZWZnaGlqc3R1dnd4eXqDhIWGh4iJipKTlJWWl5iZmqKjpKWmp6ipqrKztLW2t7i5usLDxMXGx8jJytLT1NXW19jZ2uHi4+Tl5ufo6erx8vP09fb3+Pn6/8QAHwEAAwEBAQEBAQEBAQAAAAAAAAECAwQFBgcICQoL/8QAtREAAgECBAQDBAcFBAQAAQJ3AAECAxEEBSExBhJBUQdhcRMiMoEIFEKRobHBCSMzUvAVYnLRChYkNOEl8RcYGRomJygpKjU2Nzg5OkNERUZHSElKU1RVVldYWVpjZGVmZ2hpanN0dXZ3eHl6goOEhYaHiImKkpOUlZaXmJmaoqOkpaanqKmqsrO0tba3uLm6wsPExcbHyMnK0tPU1dbX2Nna4uPk5ebn6Onq8vP09fb3+Pn6/9oADAMBAAIRAxEAPwD9fYw33Tjg+v8A46acAG5x/n+6aQKHTDD9f/HTQF2HIHH+flNRYhaiEc4PH+fummkZOQ3+f7pqQsp4J/z/AHTTP89f/HTTQ0Mw3Tdj/gX/AI6aGDDG45/H/wAdNDr85JB6f5U0yXOcH+f/AI6aaiNtod/nr/46aTevr+n/AI8KYDg//X/8dNK5BPH+f9k1ny2FqRyjd8u7v6/+OmljyF5Ofq3/AI6aAR6/h/7KacRjtgfX/wAdNOC1Fq2OJUnDj9f/AB00hdF+YD9f/HTTQynof1/8dNEnZgMfX/0IVT0QbDZd2Rjp35/8dNICR0P6/wDjppSQT8o/T/x4Un+ev/jprNopX6i7m9f8/wB00bm9f8/3TSEgdT+v/jpoByMj+X/jwpajHK43dT+f/jpo35bB4z6D/wAeFM3L6/5/umlLBjkfz/8AHTTurBZji46D+f8A46aC5BIB/X/x003/AD1/8dNH+ev/AI6akFoLvbuf8/3TTty+v+f7ppn+ev8A46aP89f/AB01WjAeGJ5C/r/46aTD/dxn8f8Ax00u5QMA/wCf7ppwK45X/P8AeFWrWJuMxJn/AOv/AOOmnJu3bT+B/wDZTSo69M/5/umnIMncw/I/+OmjcLu4cKME/r/46aX/AD1/8dNH+en/AI8KP89f/HTUbMauGM8f1/8AHTSHccqF/X/x00MSBkfz/wDHTQ0qxpiQ9ewP/jpq0MYzEH5gf8/wmmOcnHp7/wDjpp4ZGGVJ/wA/wmmORnOf1/8AHTTewCE9yf1/8dNIWRe35H/x00v+ev8A46aNo9B/n+E1ICK27t+v/jppf89f/HTSHJGCcfj/AOOmml9i/MM49/8Ax00JAE7hQATyT6/+OmmmRmOSv6/+Omjes3IU/n/46aCpI+Vc49//AB007aACnI/+v/46amXOcD+f/jpqPac7c/r/AOOmnqGY4I/X/wAdNJE2ZIBjgfz/APHTR/nr/wCOmj/PT/x4Uf56f+PCtB3Qox/EP1/8dNKQSeGHTkZ/8dNN/wA9f/HTSoMtt3Yz7/8AjpqXFFXZKrDHzD/gX/sppw/P8f8Ax00xlAHDA/j/AOOmlBxHz/P/AMdNSAb2B5/n/wCOmlUEdT+v/jppq4zhv5/+OmnF1H/6v/HhTsmIcpwf/r/+Omnc7eg/P/x01Gh469Pf/wAdNOJJ6n/P900lbqPViBtz4I/X/wAdNDsM5P8AP/x001weSD9Of/HTS/eX/wCv/wCOmrtoIUEHof1/8dNKTk/Mf8/3TTAhB5P5H/x007/PX/x00r6APVt3b9f/AB00pIHU/r/46aYoU9T+v/jppyou7JPH1/8AHTRd3Exf89f/AB00Ag//AK//AB00f56/+OmkYcHH8/8Ax00Xdxcwkh7f1/8AHTTH+7/9f/x005l29/8AP9003Yvp+v8A46aSBEbod2c8f5+YVC4AOB/P/wAdNTyJ/CT7g/8AspqJ2AOQv6/+OmkxLcZ/np/48KTAzu/r/wCOmnYJ598f/ZCmswVtuefY/wDjpoG7CRDcdrHv6/8AjpqRmCrknP4/+Omkjy3KH9f/AB00gJJ2k9+ef/HTVJWQ1sPUkjn+f/jppf8APX/x00AAcD+f/jpo/wA9f/HTTshiO2On8/8Ax001jk5/r/46aGOTkfz/APHTSEk8n+X/AI8Khiv0I2+ViN3J9/8Ax001tw/i/wA/3TUhZcnnn6/+OmmZVuM/r/46aBjRuPAP6/8Ajpp/+ev/AI6aXZgZ/wA/7ppVKgZJ5+v/AI6aAFJC4H9f/HTQfmGAfy/9BNM/z1/8dNOyEXdnPqN3/jpoFe44fKwBHP1/8dNSfX+f/jpqJvn/AHmfwJ/8dNSK6tyv8v8Ax4VS0dhj0znOenv/AOOmnAbh0+vP/jpphY4wT/n+6aVGIGPT3/8AHTQxIdszntj3/wDHTTSpVsEj/P8ACaa8pJIb9P8A0E0RuPvD+f8A46aLId2ODhTwv6/+Ompc4JyfTv8A+OmoVOCd3f0/9BNKScnH+f8AZNHwgOmbjbj9f/HTUbEgZzn8f/HTSkluP8/7ppP89f8Ax01L1YCYJOd3+f7pqRQMZA/X/wAdNM/z1/8AHTT1Xb3/AM/3TStYh7jgNxwT+v8A46aQN1XP15/8dNH+ev8A46aFIJIJ+nP/AI6aYaik5/8A1/8AjpoBy2Fbp6n/AMdNITgZP8//AB001XO7JP6f+PCqT11EO/z1/wDHTShSeg/X/wAdNJ/nr/46aC5UYx19/wDx01K3GmKy7e/+f7ppCcck/r/46aASO/6/+OmkcE8KP1/8dND02HzIYSB1P6/+OmmO24YH8/8Ax005l3d/8/3TTWGDj/P+6aXLYtvsM/5Z/wD1v/HhTf8APT/x4VPsXGMfr/46ajkj5xn/AD/dNVaxOoz/AD1/8dNNYMDjn8//AB01IFwPmH15/wDHTQwGwEH9f/HTQtRJ3Gpk459P/wBk1KgOOmffP/jpqNSFIJGfx/8AHTViFwRkjj6/+OmnoNp3uPVCq5z+v/jppyEk8n9f/HTSByeh6+//AI6aT/PT/wAeFJgmiT/PX/x00oIwcn9f/HTTA/qP0/8AHhTipBz2x6/+OmnutBPQcFUfePXpz/46aUqQ3I4x6f8AjwpmSWC7/wBf/HTR/nr/AOOmlbQRJ/nr/wCOmjIPf9f/AB00wyhh6ev/AMSaTaScjt7/APjposwSZKCR0P8An+6aT/PX/wAdNR7iOM9ff/x00qDkq3f/ADtNN3GroUg5wD26n/0E0EsSSO3t/wCPCjYR0b9f/HTTXyo56/X/AMdNKw9wE2PlKDHp/wCymmOcueeD/naaa4bO7H+f7ppT7/z/APHTSAP89P8Ax4UE45P8/wDx001yO4/HP/jpoL54zx/n5TSewO44DJx/X/x00oKHkZ/L/wAeFNIBPLfhn/x00v8Anr/46aL6AMY5PX9f/HTRt7Z59M/+OmiUYwVwPx/8dNNGX+fPPsf/AB00XHuSAL1H8/8Ax00bRnOf1/8AHTSYKnIPH1/8dNKjbxnH6/8AjppgQspU4P8AP/x00oi3jDnAPv8A+OmpdoBwUznrz/46aUYxyvPrj/x4UAShyOvP4/8Ajpp273H/AH1/46aZ/nr/AOOmj/PX/wAdNXcVw/z1/wDHTSE4wAP0/wDHhSkgdT/n+6aRfuj/AB/8dNAwCnkEfm3/AI6aa0atyG/DP/jpp/8Anr/46aQkdmH5/wDjppisiExsQR/X/wAdNNyQ21vwI/8AQTU+zHJ5/H/x00x0JIwv+f7wqWMZGgHIb6//ABJowOmc/j/46acMIcjjPXn/AMdNIQf4TkfX/wAdNK2hN9RAgz1x/n7pprBi34dh/wCPCnHnqf1/8dNB4GT/AJ/2TTBMYRtbBP4/+ymk/wA9f/HTTuGyR/P/AMdNIF+baT+v/jppNFCHGeP5/wDjpoIOOn6f+PCgDPA/n/46aRV28bs/5+6anUBoUk8g/n/46ads2nPt6/8Ajppf89f/AB00pUjr+h/8dNTaw73E/wA9f/HTR/nr/wCOmgDJwP5f+PCj/PX/AMdNIQf56/8AjppQxAI9ff8A8dNJ/nr/AOOmpHjURhl/Q/8Ajpqo7gMUZBH07/8AjppRH6n8j/46aWEAk5H6f+PCnldpHPf1/wDHTQ2xpKwbMEc/r/46ad/EPr6/+Omh3UHbjp7/APjppAflyx/X/wAdNF9BWsL/AJ6/+OmgkDqf1/8AHTR/nr/46aSTIGCP1/8AHTVANJLHBH0x/wCgmhuRuxyB/lTTgOOVH+f4TTcgAqen1/8AHTRcXK2hm8DoP1/8dNNZu7Hp/naac4GM/wBf/HTTf89f/HTTdxiKdyhvX3/8dNL/AJ6/+OmnYUJj24/+JNN/z0/8eFIABydoPP1/8dNNdWdcK2Px/wDHTS7fm3Z/X/x00Z+b5jwPf/x01UXZky2GOhAADfr/AOOmnRJlDub9f/HTQxGMBfx/9lNLDuzt7Y9f/HTVdLCW4uAGz3+v/jppwf8A+vz/AOOmgoSc5/T/AMeFO/z1/wDHTUpMsP8APX/x01ESQ+3+v/jpqX/PX/x001wh4b+f/jpqiGrsEcEYJ/HP/jpp3+ev/jppoTBzn/P9007/AD0/8eFA0x0eSdv9f/HTTySR5ZTp39f9k1F/nr/46alRmYA46e//AI6al2uUKI2P/wCv/wAdNLsXqB/n+8KVJMcEc/T/AMeFNZmB/wDrf+PCnZIBQoH/AOv/AMdNL/np/wCPCj/PX/x00f56/wDjposhptASB1P6/wDjpo/z1/8AHTQQCMH+f/jppQpIz/X/AMdNS+wIT/PX/wAdNKR8oP8AT/x4UBSf/wBf/jppfL/2v8/3TUoGB2jKn/P+yacBgY/r/wCOmkKgnn+f/jppf89f/HTVJaiAjPB/n/46aZ91v/r/APjpp/8Anr/46aYxLH/6/wD46asQMcn/AOv/AOOmmsu7v/n+6aX/AD1/8dNKuOcn9f8Ax01FupVyNhg4/r/46aZ5S5yf5/8AjpqWQqFOfw5/8dNMJXdgH9f/AB00ibJkMsQjIYn/AD/dNRKCx/8Arf8AjwqxPjb+PHP/AI6ahJYHAH6/+OmgLibWXof1/wDHTTlbOeOe/wD8SaQ7RyTyRwMf+PCgZ5yP1/8AHTTuwsOjIB2Hr1/+yFPJxyT+v/jpqNMA5br9P/HhSsTt2gfmP/HhT5hif56/+OmkcHbuXjn0/wDHhTlXd3/z/dNOCjGM/r/46aSTElYhWHB5P6/+Omgr820fz/8AHTT2DAZx+v8A46aaFcNt/r/46aVmUnYTccYx+n/jwpA3UD/P+0KWQZ+Xp6//ABJpNvfHX3/8dNK+titx3lgrtb+f/jppAVAxt/X/AMdNPAI4Jz/n7ppmRu55/H/x00ybdiRXO3Den+VNNBMbDA4Pv/46aX/PX/x00pbccjt7/wDjpouxAJW6nj8f/HTT9xbrj8P/AEIUxVwMuf8AP900oTaeT/n+6aaTAXaCeR+v/jppGUg7s/r/AOOmnAkH/P8A3yaCd3P9f/HTQ7gCgkYB7ev/AI6aXLLxn/P900RgqSrdO3P/AI6aGOT/APX/APHTSJejAsT/APq/8eFJ/nr/AOOmlwA3PT6/+OmnA45UdevP/jpppDugEI2/McZ9v/HTSgAcD+f/AI6aQp8pLnPoAf8Ax00KVUbZB+v/AI6abWgmrjjhcqfz/wDZTTd4Hf8Az/dNK2GUsvT6/wDjppuzdk4x9P8A0E0mmO4hYnk/y/8AHhTCW3bQf8/3TTv89f8Ax001zn5R1/z8ppCQ7/PX/wAdNPTDDr09/wDx00wNlQAfrz/46aMnOc/r/wCOmgT3JWAHQ/r/AOOmm7s9B+v/AI6abub1/wA/3TTkDNk4/X/x003rsLcawY8vj6Z/8dNIy9mH6/8AjpqWRQWAJx+P/jpoeMnkMfz/APHTTSaKWxF/nr/46aa54x/X/wAdNPYY5zn/AD94U1kyC39f/HTTdx37DP8APX/x00gBBxnj6/8AjppxIz8p/X/x00MhHJ7f53Cp1JsIADw3+f8AZNOjPUf0/wDHhTSCOD/P/wAdNPX7o/x/8dNCK6EyoCoxx+P/AI6acyIOCf1/8dNMhb+H+v8A46aftGc5/X/x01VkKzAIAeT/AJ/umlHGff3/APHTS4BTdn9f/HTTT8pwT19//HTRawWvqKQDwf5/+OmkJCjk/r/46aCNwwD+n/jwpDhsrj17f+PCmOyHEZ4P8/8Ax00wSD+Jv1/8dNNd2HQ9ff8A8dNIgJOf6/8AjppO4PQes24/KPz/APQhTkbvuz/n7pprbeSV6eg/8eFISOivj3z/AOOmgCfcvr/n+6ajd+en6/8Ajppju2AwH6/+Omm7nY9f8/3TSbBLqBLgjc3X/O00kpI//X/46aULu+8egyP/AIk004POc/h/48Knle4wVvlIb/P+yaUAgbh/P/x00wDcSCf1/wDHTT9jen6/+OmnsNC59ev+9/46aXBycnr/AJ2mkCDqf5f+PCnf56/+OmpsJ2EZA3Df5/2TTdgVcY/I/wDjpp5BHUfr/wCOmlVGI3KOnv8A+OmhgIAT2/X/AMdNKAIwY9o/P/x005cKuCevv/46abjcTg/p/wCPCmAn+ev/AI6aVScfKcex/mKT/PX/AMdNPVSc9vx/8dNAEkiAc56dsf8Ajppn+ev/AI6allbdngfXH/jwqLBPH9f/AB01oRre4EA8H+f/AI6aBnGCf1/8dNGDjP8AX/x00jbv4f5/+OmgpAWAzk/r/wCOmgAYH+P/AI6aCQRz39R/48KaXXP3s5/2v/HTSvoMf/nr/wCOmkBHOT/n+6aSNhjaB1/ztNHy8YPb+9/46aE7iQNCGyf6/wDjpqORdp2k/Uf+ympN+F+Y8/5+U1Ex3MT/AF/8dNF0FhpBPRv1/wDHTSkZGM/r/wCOmmjIf5j9Of8Ax00jHJ/+v/46aTYWQbG9P1/8dNK4J+YH9f8Ax00Kxx0J/D/x4U7/AD0/8eFLSwyP/PX/AMdNSokYTcV6jnJ/8dNRhDnn+f8A46akwuzGOn+dppDsyNxhiB/L/wAeFDHJz/X/AMdNBUA4P4c/+OmlCk5UDP4/+OmlsIaCQf8AP/fJo/z1/wDHTTsAEoT+v/jpoJQ9R/n+6amwCAZwM/r/AOOmpPMQrtYE/Q/+Omov89f/AB00f56/+OmqSSAki2Z+Un8T/wCOmnFlPUfr/wCOmo0cK+e30/8AHhTs55z+v/jppS2GlccXRRz3/wA7TSJtbIB/X/x001xnH+P/AI6akWMIMjv7/wDjpo3QPQUEj/8AX/46aVm3f/r/APHTSc4zj9f/AB00jHGBjr7/APjpp3toICTj5T+v/jppoRicY/X/AMdNP/z1/wDHTTwcDJGPx/8AHTUt2Y0yAoFOCo/L/wAeFJsXpj9f/HTU0yjdnOCff/x01Hsb0/X/AMdNHMwViMhQQuefr/46aRgVySP8/wB009woJUnDAcYP/jpqMuWO3t7f+gmhNj0DcCDg/wCf7ppoII2t+BH/AKCaUYJyAfz/APHTSNnoe3v/AOOmrFypseuF7fr/AOOmlUqD0x+P/jpqPlT/APX/APHTS7x3H6/+OmmnqS01sSl1Hf8AX/x00bl9f8/3TUeQe/T3/wDHTSg5H/1//HTRza2GO3jj39//AB00bM/xf5/umkKgqDjntk/+Omggqduev+dpqrk63HA/LkD8M/8AjpoH3j/h/wCPChc7ef5/+Oml/wA9f/HTTBIP89f/AB004SOO/wDn+6aYqhRj+v8A46aX/PT/AMeFQ1dlE0TNIcEY/H/x006RAGA/r/46ahSTZwR9ef8Ax01Ikm/op/z/AAmncB3+ev8A46aTd823+v8A46aQu4I+Xr7/APjpp3+ev/jpobugF3nGMD/P8JpP89f/AB00Ag//AK//AB00u35d2f1/8dNS3cpIcrbv/wBf/jppf89f/HTTVGDwe3X/ANlNLgHn+v8A46aI6Casxf8APX/x00f56/8Ajpo/z1/8dNBOBk/z/wDHTVNPcQf56/8AjppsnXH9f/HTSM2Tkfz/APHTSpGXzg9Pf/x01N7Dsxv+ev8A46aTDHIf+f8A46aV/lbYev8An5TQXYAAjjvz/wCOmmnYVrDJAFGf6/8Ajppm1c53fr/46afMPMTg9B6/+OmoyoH3j+H/ALKaHYLaiMSwO4cfX/x00xgo6c/5+8KdK2e36f8Ajwpn+ev/AI6aQCMF6t/P/wAdNLuVjhP5f+PCmSsQNrY/z/CaYpYnk/5/umi6QEpcBhhfrx/48KX/AD1/8dNMDYG0j9f/AB00/wDz0/8AHhQ9XcdrDvLP+HH/AI8KcpC8tz+H/jwoVgwGen1/8dNDYZdoP45/8dNACEkj5T+v/jppp3D5cfQ5/wDHTT1KKoVh/n+6aYWDdfw5/wDHTTuxDCQOWHJ64H/jwoRVPIB/H/0IUrMoO3H4Z/8AHTSodnAOM+//AI6aQ9RhLKcZ/X/x00rJn7px+H/jwpwUlsE/5/umnhF7/wA//HTUNu4asZ/nr/46aP8APX/x00EYOD/P/wAdNH+ev/jpqxEgEbD6D1/8dNLGwPTnPt/48KbyVyCPcg/+OmnRAL8p/D/4k0APdRnH9f8Ax01GV2sef1/8dNSf56/+OmkMRJOD/n+6aBjGICZB5+v/AI6aaGbdtOPz/wDHTT2Rl6/z/wDHTTSCG6fXn/x01VhOzYMCRjP+f7ppwPy4yPz/APHTSf56/wDjpoAA4H8//HTVWsKyZINrZGePr/46aa2wHG39f/HTTf8APX/x00Nz3P8An+IVNwtoPVkCbSP8/wB00SOMFc8H3/8AHTTAAOg/T/x4UYOM/wBf/HTSugsNc5+Ufz/8dNCL3J/X/wAdNLt+bd/T/wAeFKQQQD+PP/jpo0GNbKnIPX/O00B+zfmP/QTTcE/5/wDHTShCevH+fumkA7cvr/n+6afFIBzu/DP/AI6aiOQNpH+f7ppyHAwWHPXn/wAdNNNglYnDg4yP1/8AHTSk8Hr+f/jpqGNlzhj27H/x00pY4xnv6/8AjpqxMRyCxI/n/wCOmk/z1/8AHTQeTz/P/wAdNKF43N0+v/jpoBEezP3iM/X/AMdNPAxwP5/+OmhsM29hz65/8dNJkj7wx+P/AI6aWgxf89f/AB00f56/+Omj/PX/AMdNH+ev/jppgPQBiAX6/wC1/wCOmpR/s/of/HTVf/PX/wAdNSw52k/1/wDHTU3toK1h7kN/Xn/x00x/vf8A1/8Ax007Gclup68/+Ommscn/AOv/AOOmiQwUgHlu3T/2U0u8en6/+OmmAknkcd+f/HTSh0B5P+f7poTWwCld43P0+v8A46aQLubKnHHHP/jppXZWGApP0P8A46ajZz93PT0P/jpqhMeyqV9/8/KaAwzx29v/AB4VGshLYPb3/wDHTS5w2VP6/wDjpqWxj1GTg8/h/wCPCmZcAZP+f7po3HOc/r/46aCwzkD8c/8AjpqQAEY2lTyPX/x00hxjjr9f/HTSrnOB/P8A8dNKysTlh19//HTVXsgIxGxOAf1/8dNSsCMAc/5+6aCMDAOPf/2U01ZGzk/j/wDFCpEnqP8A89f/AB005Bzk/wA//HTTFbd2/X/x00+ME5/x/wDHTTW4xWUN1JH0H/jwpcgDAPH1/wDHTS7TjOf1/wDHTSE4GT/P/wAdNACHaRlv5/8Ajppu3P3Rx9f/AB00obkg9Ow/9lNLtGc5/X/x00JXAaFJO3+v/jpqYKAMY/z/AHTTVIByev1/8dNPHPT9D/46aVrAM3N6/wCf7ppGJBBHHrz/AOOmlKkdf5/+OmmscD/6/wD46asSGtLg9f0/8eFNEu7Af8ef/HTQyhv/ANf/AI6aRU+ba38//HTSvqFh7FAMevv/AOOmov8APX/x0075s456/wCVNGwZ4OR9P/HhQ2hiq6g4PTHr/wCOmnOF3Aj09f8Ax01GEY9B+v8A46aOe7c/5+U1N9BAzZJ9/f8A8dNJ/nr/AOOmlCk9B+v/AI6aNjen6/8AjpoDUjZt3/6//HTTsHOGHHr/AOymnqgAwR+v/jppSVxgn8j/AOOmgHqQq23t+v8A46aApP8A+v8A8dNPdS2DjH+fumj/AD1/8dNJO4J3EXAGAenv/wCOml/z1/8AHTQEx0X/AD/dNLjaQWH6/wDjpplIawyMf1/8dNPVwfkb+f8A46aQpvJX+v8A46aXbGhB29eMf+ymlcRG6HJLH/P900jLt7/p/wCPClwcEbsc/wB7/wAdNKVVup/EH/x00wEOXw23kcf/AGJpv+ev/jpqWIpt2k9/T/x4VG3U/X1/8dNADA5DYLf5/umnqxUYPP4/+OmkKAjLHn0z/wCOmg8DJ/z/ALJotcL2FLMep/X/AMdNPikydp/l/wCPCmJIuORj8P8Ax4U5GXdgA/gf/HTSasgJmcMPlP4Z/wDHTSMQowep6c/+OmmcnOGxjn/7E0vmEnn+f/jpoV2O19R+3Ayec+//AI6aQSsflGDn1X/x4UreYyYXn05/8dNRBZFILjA9v/QTSSuHvJjnZicN/P8A8dNIGYdD+v8A46aT/PX/AMdNH+ev/jppPcppJCFgDknn2P8A46aicEtj+v8A46ae4JJ3D/P900wkB8n+f/jppE63HIQQVUfr/wCOmo/89f8Ax005jn5R/P8A8dNJt+XcT+v/AI6ardFIT/PX/wAdNNY/wjt/naae67TtP+f9k0hCg4Hf/O00JCew3zPb9f8Ax01JGcjH5f8AxJqIlSeRx6f+ympYz/Cf5/8Ajpqhbkq5KgZ+n/xJpf8APX/x00inI5/n/wCOmkIctx/P/wAdNVokId/nr/46aP8APX/x007yzjr/AJ/umkdDnIHHfn/x01LlYNgYYOP8/wC6aT/PX/x007DMoOOfr/46aTBxu/r/AOOmi9ylqrCf56/+OmpIm2j/AOv/AOOmo/8APX/x00qlgfl/n/46adwa0Jn+7/8AX/8AHTTP89f/AB005GJO1v8AP+yaXYvp+v8A46abVyQQYHXr6f8AoJpf89f/AB00f56/+OmlHzNyf1/8dNJqwrMWM5HX9f8Ax00q4A2g9Pf/AMdNKABwP5/+OmkCgEn19/8Ax00gVx272H+f4TSHBX5W5+v/AI6aP89f/HTR/nr/AOOmi7GMYKOh/DP/AI6aQysgwrfr/wCOmleNs4IH1J/8dNIy/wALD9f/AB00aAMLEnJP6/8AjpoDEcf1/wDHTQdv8A6e3/jwprAkYH8//HTSuA8kMCrcfj/46aYVXBQv9Of/AB00gZzwB+X/AKCaa7nH+f8Avlqm41oMl/p6/wDjppgY8n6d/wDx004kgY9Pb/x4U0bgCCen+dpqr20C40gucE/r/wCOmmKQDz/n/ZNSDdjvz6f+gmkwC24/of8Ax00txaARjg/z/wDHTT0bPJOfx/8AHTSBVIxn9f8Ax004cdP0P/jpoSY73Q8kKP8A6/8A46aUEH/9f/jpphYnqf8AP900Kdvbr7/+OmhIGxZB6j8f/ZTTTgHGf1/8dNK7Fhgcfj/46aZIMnGPy/8AQTTQbseuN3OOnp/48Ka27ruPHt/48KZ/nr/46acvLZP8/wDx01LY7Dge4P8An+6aerE8Bse2f/HTUSsPu4/X/wAdNOQjduORn1P/AI6aQK6YrAg/N/P/AMdNOQIBlh1/zuFMY9WA/T/x4UnmZGGP+f7pq0xcrHE/wg8f5+U0qsc4P4f/ABJpv+ev/jpo/wA9f/HTTETCTsw/I/8AjppwJHIP5H/x00yHkbl9PT/x4U7cDnHb3/8AHTQAkhz35+v/AI6aVtvlZUc/5+U0jIScg/r/AOOmhUIXBb9f/HTQK2oxQ3/62/8AHTSo64+b+f8A46aCfQfr/wCOmmJ97/63/jwo3YyVCOR37HP/AI6aaSSef5/+OmgZGP8AH/x00HGcfl/8Sap7AH+ev/jppVXd3/z/AHTRtOM5/X/x00pRifr7/wDjpqQDbyCv8/8Ax00KoHO7Ix1z/wCOmhc4xs/T/wAeFBDE4bp9f/HTQAxVyCV/n/46aMgfKRyfQ/8AjppxiYDAOPx/8dNBi5BOOP8AO00AN2YJzz+P/jppHAHGPx/9lNPYFs7T+v8A46aa3+7n8f8Ax01LvcfQRvk6D8c/+Omk3N6/5/umkJzyT+v/AI6aP89f/HTTTYNWHCTsw/I/+Oml3L6/5/ummqu44/p/48KCvzbR/P8A8dNVcQrsSeG/X/x00gbsx4+v/jppCQOp/X/x00f56/8AjppX1AcDg4HTHr/46acCD0P6/wDjpqP/AD0/8eFC7l4HT/Pymq5gJEYgZ/r/AOOmnROcnB/X/wAdNN+v8/8Ax009FCnJ5/D/AMeFT0G1YG3dv8/7JoDDHz8f5+6aGz0xj6n/AMdNNLEjaf8AP+yaAvoITk5P8/8Ax00f56/+Omge5/T/AMeFG0qAG/n/AOOmrSEH+ev/AI6aAQf/ANf/AI6aYWboT+v/AI6aFYbS2f1/8dNMm92Lsxzu/wA/3TUsew8kj8W/8dNRqwPH9f8Ax00KMDB/n/46aVih2DnH9f8Ax00bW9P8/wB4U6IqAS38/wDx00bl9f8AP900r9xXGhOccce//jpoUyEYJ6ds/wDjppS2fujn/PymlUEDB/n/AOOmk7Cb1FiOwHI6+/8A46abKcuc/wA//HTTv89f/HTTGXb3/wA/3TSHuPjYt8pb9f8Ax005XKnG4D3z/wCOmolJzgfz/wDHTT/89f8Ax007jJGcAAgfr/46aYzbu36/+OmkBB5H8v8Ax4Uf56/+Omi4Cn5jwP1/8dNOTLD/AOv/AOOmmrk5I7e//jpp6MvAJxjqc/8AjpoW4thQATjP+f7pp5IHU/r/AOOmkBy2COP8/KaVeTwOh9f/AB01MmwWxEQ56nj1/wDZTSlVZyo6gdz/AOOmlIwpGevTn/x00wKWyc8j3/8AHTTGEhHTA46kf+gmm8ZyD+H/ALMKQsAcH/P+yaUZxz/P/wAdNArgQDwf5/8Ajppv/wAV6/8Ajpp+5m+XP6/+OmmkYGQv04/8dNAxAGAyPyx/48KQksen6/8Ajppykkc/z/8AHTTtrE4wf8/wmgBP89f/AB00Z2nOB+J/8dNKI2H8OP8AP3hShPXP5f8AjwoAawyORjPof/HTSBQOQPz/APQhTiCOo/z/AHhSf56/+OmgBjEE5H8//HTSqg2Fz+HH/jwpcKv/AOv/AMdNIrMBjt9f/HTTQmIGK9D+v/jpqRsmM5A+uf8Ax01ErLu6/wCf7pp8jZG0Nn/P3TQ9wVxm/b8uevv/AOOmldg45H6/+OmmMATgt/n+6aEG07mPXphv/HTQ1qVcUbccgfn/AOOmmliep/X/AMdNOIAUgenr/wCOmmlCPf8AH/x00aoQBiOn8v8Ax4UhB4Of1/8AHTQRg4P8/wDx00f56f8AjwpAH+ev/jppQCcKB09//HTSf56/+OmncLyB19//AB0046iYkg6Afz/8dNKigjn+f/jppQUzyM59/wDx002U7cccfX/x01XmMPMdeM4Hrn/x009WDAZ6fX/x01ECGH/1/wDx00Kw/hPTt/7KanQfQl3Hpu/X/wAdNH+ev/jppsZy2M9f87TQzbSF/r/46adkwuxS+OGH6/8AjppG3HkL0/ztNNII4P8AP/x004q5AGfrz/46aiyQXbD5h95frz/46aRtvKkfTn/x00pJ5Vj+I/8AQTTSQOp/z/dNFkOzQjMR0HH1/wDHTTWOT/8AX/8AHTQT1B/n/wCOmjJ6N+PH/jppjSsIASMHr9f/AB00jqxO3H6/+OmpI8L1PUev/jpoZQTz/P8A8dNSmyG9SNUAbLH9P/HhUsTIQDjj/d/8eFRsjZA3fr/46afGMjAH6/8AjppgORtowf5/+OmpCQD8p/X/AMdNM2kNtB6+/wD46acijoT+n/jwqrgPUk9f5/8AjpqRQQMN+h/8dNMUbeh/X/x009W3f/r/APHTUyAaWVOB+P8A8SaYNnTH+f7pok++fr6/+OmkUZOD/P8A8dNPlVrgOKhjlR+R/wDHTT/uLnv9f/HTSInpx+P/AI6adsXHBP4j/wAeFCsth62EyhPTr7/+OmnAdgPy/wDQTSBBnAH6/wDjppwVucfz/wDHTV2J1EAycf1/8dNP+VeM/r/46aUJk7gP1/8AHTShGP8A+v8A8dNJpsNRAc8g/r/46aP89f8Ax00uzawI/l/46af/AJ6/+OmlshpEf+en/jwowSMj+f8A46aeVB6j9f8Ax00jNxtx+v8A46aluxSTuMkfOPLH/wBf/ZNN3E5Dj8j/AOOmn7DgbR+v/jppAoXkjP4f+PCpuyuRkboc8AD8P/HhTME/5/8AHTUrDIOTj8f/AB01E29cZ/Mn/wAdNF2JwZHzyQp4/wA7TSDcfvH/AD/dNOdxznA/r/tCopJegU/5/umkPlbFcEHgE/j/AOOmot5AIbvxwf8Ax00pnBbG7B9c/wDjpphlUttLZ49f/HTRewuS7HHft2k9uOf/AB00DoAR0/ztNIGB4/r/AOOml/z1/wDHTTux8luhIoB68f5+6acFVuRn8v8Ax4UisONox+P/AI6acDkkf1/8dNVcXI0N2/7Q/P8A8dNGxvT9f/HTSjIIJPX3/wDHTTsjOM/r/wCOmle4uVkIL5LYHB/ypoLMOD/P/wAdNSMcZB/9C/8AHTTHIIOT/n+6aXQfIwRQWwG/z/dNP27evXtx/wCPCog5Xv8Ar/46aFchuc/n/wCOmjQGhzIwbGMA+/8A46aQGTOOn4/+OmlWVicN+n/oJpyqD97p9f8Ax00rXBIjJJ6n9f8Ax00n+ev/AI6afJFtGQf1/wDHTSxhcYfjPqf/AB007WK1GrgHB/A/+ymlAYcE8fX/AMdNSBFAxj9f/HTS4Gc4/T/x4VRDTY2MlW6fr/46alHGMrjP+dppqEH5ev4/+OmngALuHr/lTTE1YP8APX/x00A5O0Hn6/8Ajpo/z1/8dNLhg2O/1/8AHTQIY6AqcD9f/HTTAo3YbP8AwEf+OmpHkAJ4/X/x00IAwLf16f7QppC1ECk9ycdv/ZTTgVVcMuD24/8AHTQwOMBs/U/+OmgtvwcdPf8A8dNNsYinJII/X/x00v8Anr/46aP89f8Ax00Yxx/X/wAdNSJ3FIXqT19D/wCOmlYrjAP6f+PCkHI4P05/8dNAU5xn9f8Ax00agthH+bA6f5+6aQqD1/n/AOOmnFSBxz9D/wCOmnbNpzJ/P/x00A1qRBCo4f8AM/8Ajpo2kqQR19//AB0085AC46+//jpprgnoMe2P/HhQAwK3POce/wD46aAE5L/5/wBk04kgAd/r/wCOmmSbsku3b1/8dNAK41xhsZ47c/8AjppP89P/AB4UjSAfMT+Q/wDHhUZdgPlPH1/8dNA7WQskR3ZDf+Pf+OmnKwAwT/n+6aie47AZx7/+OmmtP8vofr/46altoq2hYDAnGf1/8dNOUZ+T19//AB01VVxksW/8e/8AHTTkkIIA6euf/HTQkHIy0q7e/wDn+6afuYYGP1/8dNRo4IwT+P8A7KaeCA3J/X/x000Ow/YztuYfmf8Ax000BgMq36/+OmkDlc4PHs3/AI6aXeRwOn1/8dNWrGckxQMqSQeB6/8AjpprFm5P8/8Ax00hckYTH4H/AMdNLuONp/z/ALJptpLQVm9hmEY5xz9f/HTSDJ+Ud/f/AMdNOYEncDz9P/HhSFP7zfT5v/HTU3Y7PqGDncrfr/46aeFyDz+R/wDHTTAWC4C/mf8Ax00ocsPkb9f/AB01S2AcMAHJ/DP/AI6acFAG7af8/wAJqMMDxn/P900GQ43A4/H/AMdNAmrkqgsd6YH4f+PClYADIP6/+OmoVkONwz1/yppTKAoAP6/+Omk1oOyJP89f/HTSACTj+v8A46aQsSvPB9P/AGU0RsinKjnGOv8A46amwxwjQE5P+f7poZex/wA/7JpjSnoW69Of/HTQJW6g/h/7KaAJFJ27xj/vn/x4UO6Efe/X/wAdNR+YcfKeg9f/AB001WZh8zZP1/8AHTTvpYOWRYjZD0H6f+PCnBVBOR+v/jppsYA5POfRv/HTTwScDAwff/x00MlruADDBPT6/wDjppSQo/8Ar/8AjpoYBuCef8/KaMADaGA/z901ErDVgK/LtH8//HTTPlIOT+n/AI8Kk4/i5z7/APjpphjXdhj/AJ/ummxjDEDwq+/3v/HTSFGAyR+v/jpqVSAu0nHp/wDEmmM2OvX6/wDjpoWoDP8APX/x01IPuD/D/wAeFMVS3+f/AB009QSMdfx/8dNWgEH3j+Hf/wAdNPTH+T/46ab/AJ6/+OmlUN1H8/8Ax00pCewsnb/H/wAdNN/z1/8AHTSkk8n/AD/smk/z1/8AHTUtNlJ+6Mf73/1//HTSf56/+OmlIbqw/X/x001jgZH8/wDx00xDG4O1j19//HTQw3Dknj0/9BNBPcn9f/HTQgyvXqfX/wAdNO+gt2Iq7TkHt6/+Omhm2j/6/wD46acBk5J/HP8A46aY4XJX9c/+Omiw1cRiCcr+o/8AHhTkJI+b+f8A46abwW+p9P8Ax4UDcrMQf1/8dNCdgH/56/8AjpoByP8A6/8A46abncCCPp/8SaRck5D8D3/8dNWmJ3EJycn+f/jpo/z1/wDHTSL90f4/+Oml/wA9f/HTWYw/z1/8dNAbjg/r/wCOmmowA5P6f+PCjzBx/n/gJoDccCD0P6/+OmmuwIwD/n+6aQn5sj+f/jpppUHr/P8A8dNJuw9UO3HG0/5/2TQrbe3+f7woCk9P5/8AjpoVS3T+f/jpqdRvUVWx8rf5/wBk04EHof1/8dNR/wCev/jppyjjr9ef/HTVg11FJYHAJx9f/HTQJSpxj9f/AB0008HDc/j/AOOmk/z1/wDHTUyYWHGRj1P6/wDjppN5PXn8f/HTSf56f+PCj/PX/wAdNTdjsg9h0+v/AI6aUEZ3Efp/48KT/PX/AMdNAOD/APX/APHTTuw2RKwXsOnv/wCOmmlAT1P5/wDjppf89f8Ax00f56/+OmqTuQ9RpQkdef8APymlVWRsn+f/AI6aeoOc5H5/+OmkIAGD1+v/AI6abV0NOw4YPIH+f7wpwAz8w/T/AMeFIGTHzfz/APHTTiWXjbj8f/HTQGg7/PX/AMdNH+ev/jppgc5yT/n+6af/AJ6/+OmgQf56/wDjppYox2H+f7ppP89f/HTUkfGP8f8Ax00O9hoGiZSAGxkdv/QTQzAYG3v/AJYU4Pz8x/z/AHTQUycj8v8A2U0BqgCgnIHH0/8AHhT41wcfzP8A46aI1ydrAc+//jpqh458ceEfhb4N1D4geP8AWoNO0jS7dp7y8nOFRVH3h6k9AB1JFKU4wi5SdkjShQr4qtGjRi5Tk0kkrtt7JLuaRTad2R6cf+gmvOvin+1l+zh8Fr1dN+Jvxj0LSblgWFtc3qiTA7Muc1+VP7df/BZf4zfHjWr/AMEfBHUZ/CvhBZGiiktH23l8g485nH3Aeyrjg8knp8T6jreqatdtf6lfzTzStmSWeQuzH0Ynk1+fZnx1GnNwwVO9vtPZ+i3/AC9D+uOCPotYzG4SGK4jxLpcyv7Kmk5K/wDNJ6J90k/U/eXUf+Csf7B2lsVk+OlhNjvbwyOD/snC1mzf8Fh/2DImO34uF8f3NOn/AO+T8lfhPHeTHhpT+f8A46alS4l4xJj6n/x014E+OM6eygvk/wDM/TIfRe8O6a96rXf/AG/H/wCQP3Jm/wCCx/7C6ttX4mTHPrp8o/EfLSw/8Fhv2IZ+I/iYP+BQOP8AgJ+Wvw2mkkYhXlJLdOf/AB00vlTRja4AJGRluv8Asms3xrnltXH7v+CbQ+jP4cPZ1v8AwNf/ACJ+6Nt/wVu/YxvZPLt/iXGx7BEY/wDATxWiP+Co37IMijHxMjDdgYm/I1+F/h6yvbi0udTgtZXjtQDLIinEfP3h6VaXxJe79qyHB9//AB01m+M8+TsuR/J/5hL6Mvh5N2hVrK2/vxf/ALaft7f/APBVD9j6x4n+JsPrzGf++TxWXL/wVy/Y0Riv/Cxgfpbsf+Anivxn1XwV4xn8Af8ACzDpM39inUBY/wBoHAU3BQv5fv8AKM+3FT+EPhP438X+FtQ8a+HtFkutP0pQdQnVx+6Howzk/hWy40zvlu+X7mYw+jb4awi5Sr1Wk+VvnjZS0Vvh3u1ofsVJ/wAFav2QpeIvHDNnp+4b/vk8Uwf8FXP2SWJL+NpMf7Nq3/fJr8XmlMHyxt04yT0/2hVnxBZa94Xnt7XWLG4tpLuyiu7cSgjzIZF3IG9iKy/10zxv7P3P/M6p/Ru8NaVoylVTe3vrX/yU/ZNv+Cr37IyAhvGU5PqLNj/wE1Bc/wDBXX9j2xiM8/iy9IBxhdPc/wDAhX40DVbhhhZfyb/x01Bd6xIQYpCR+P8A46af+ueft7R+5/5kf8S5+Gi1/ev/ALfX/wAifsnJ/wAFmv2JrcfvfF+pE98aVJ/3yeKjb/gtb+w6pw3ivVj9NJk/75Nfi5e3EpBPlH25/wDHTVB7i4P/ACyc/wC6D/3ya1jxjnkl9n7n/mZf8S5+Gre9X/wYv/kT9tIf+C137EUjfN4q1VQepbSpP++TxV2L/gs9+wxIMHx5fKf9vTJB/wABPy1+HL3rxuI3LAn17+xrRidWReP/AB7/AMdNEuMc7g7vl+7/AIJ1R+jX4bVYXi63/gxf/In7fx/8Fj/2E3bn4mXC46sdOlx/un5amj/4LD/sGsSf+FtSD0DabN/3yflr8O96g/d/I/8AjpoLsTtH5Z/8dNSuN86T+z93/BMZfRh8Pm9Kldf9vx/+QP3IT/grz+wnMcp8XgPXOmzf99D5aU/8FbP2Gm4/4W/Fz62U3/fJytfhoJHA7+/zf+OmnG4Kjg8/X/x01X+u2ddOX7n/AJk/8SweH3/P2v8A+Bx/+QP3Pg/4Ks/sS3R2xfGC3/G2kH/Ahlatxf8ABT/9i+RfMHxisj6Aq3/fQ4r8I1vJFG7zCPx/8dNOXW5kO0zt1wvzfoan/XTPbaKP3P8AzE/ov+H/AErV/wDwKP8A8gfu0P8AgqD+xghw/wAYLP67XP8AwE8VKv8AwVH/AGJUQmX4z2mF6nyZMf7p+Wvwri1mZo/9cc/X/wAdNNuNcuJpFtIt7OxGApyT/snFRHjfiC9rQ+5/5mU/ou8AWv7euv8At6P/AMgfvF4e/wCCnX7DviXUF0u2+PGmwSO21WukeJCf7pZhivavC/izwf440uPWvBniaw1S0kGUuLG6WVD/ALJKkiv5s7XUHL7WY5z0I/8AHTXonwS/aU+N37OviBPEXwm8f3+mOrhpbcTloJsf3oz8rD8K9HBcf4unUti6Sa7x0f3N2Z83xF9FPKamFcslxs41FsqqUov5xSa+5n9DflFT8/p0z/46aaYyw4P1GP8Ax4V8q/8ABNz/AIKaeGv2y7KT4feO7K20jxxYW/mNbRNiK/jHVMHkEdSvOOo46fWDLg7eR75/8dNfpOAzDC5lhlXoO8X+Hk/M/kHibhbOuEM3qZZmlLkqw+5p7Si9mn0f3kSxlCCP5/8Ajpp/+en/AI8KcM7QMZ465/8AHTSFGBwR/n+6a61qfNvcQ4Jzj9f/AB00DA6Z/wC+v/HTS7T6H/P8JpP89f8Ax01QhGRS2f6/+Omk42bSf8/3TT9hbr+v/oJo2Kw+Y/r/AOOmnuA3dlsfrn/x00v+ev8A46aBGN2QOnbP/jwpdvY4+mf/AB00gGt0+9j/AD9009flXJ/n/wCOmjyx/Fz/AJ+6acB2H8//AB007WAVfvD/AB/8dNL5S5zn/P8AdNCDnJ/n/wCOmn7TjOf1/wDHTSe4DNhDYB/X/wAdNL1Azz+P/jpp6qPvE/5/vCsD4ofEfw98J/C7+JdeimuHeZYNO0y0UG4v7l/9Xbxg9XY+vAGSeBUykoRuzahQrYmqqdNXkzXvJ7aygNzeTJFGgyzyHCqOu/PpXKXPx4+B1tI6y/F7wwCjbXC65Adp/uthuDVHw38HtV8fzQ+N/wBolotRmVvPsvCkLltL03+6wT/l6lGRmSTK7gdiqOT22jfCX4WaarzaP8OdCtjPIZJhb6VCu5zyd2FGTWMalWbvFJLz3PXeEyjCe5iJTnPryNKK8rtSb9bWONk+P/wLUnd8X/Duf+wrH/3yeaY3x/8AghLnyfi34ecAckarGf8AgJ5r0lfBXhePmLw5p6EdNtmg/wCAnAqKbwt4fClRotpz2+zJj/dPFH77uvx/zFbI/wDn3U/8Dj/8geaS/tCfA7YD/wALW0DngY1NP++TzTf+F+/BmU7E+KOhH/d1JP8Avk816BL4R8PNx/YtoPpbr/3yeKgfwb4cKnOh2h/7YL/3yeKzcq6fT+vmUo5I3/Dn/wCBR/8AkThF+PPwYJOPipoHv/xM4v8AvofNSJ8dfg5JzH8UfD7Y9NWiP/AT81eoaX4A8GfY0d/CmnMxGSzWcZP+6eK5zXtV+DOj/E7SvhBe22jw6/rOlXWoafp0llGHngt2jWQHK87TKvHWpjUqzlYJRyemuZwn/wCBL/5E5ax+NXwq1B/JtfiDo0jZPCajGcf7J5q6/wAVfhxBb+fN450lUHG436YH+yea9C0rwn4WtG32vhrT4yepSzQf8BOBWjeWGgadZNeXWnWsaLgFmhUAEkAKePUgfjWqjW2uv6+ZM6+U9KU//Al/8ieXQfF/4YhAR8QNHO7of7RT/vk81PJ8W/hpAgkk8f6RtPf7en/fJ5r10eHdFb5JNGtsj1tl/wC+TxTX8MaC/wB/RrQ+n+jrx/sniiUcTbRr7n/mRGvlDetKf/gS/wDkDyeT4sfDZEVj450rD/c/0xOf9oc1Ub45/CAHbJ8TNDByRxqcf/fJ5r13U9E8J6Zptxql/pdjHDbQNJNK8CKqKoJLgkYFYNxoOhmILcaHaZKjcPsyY/3TxXPKWLi7cy+5/wCZsv7Fl/y7n/4Gv/kDgo/jd8IHfy1+J2hZPQf2nH/3yeauj4n/AA1MPnj4gaKUA5calGR/unmtu98E+EL58T+FdNfB4zYxn/gJ+WlX4d+DAu0eENM59LCP/vk/LUrEYhb2J9lk7ekZr/t6P/yJysvxw+DkTFX+K3h1cdf+JvFx/sn5qim+PvwUgi3yfFrw5gdW/tiHA/2T81devw28CrhD4S0wbm5zYR+h+U/LVy28A+Cbe8+y/wDCLaYqom/AsY+cHO08VvCrXmun4l2yOO8Kj/7ej/8AInFp8aPhRM6Qx/EXRS0igxKNRjywPRTzzSN8ZvhYpCt8Q9GBz0/tGP8A75PNd3aaT4LgkNzLp2nJ9mRg7tBGBGqOVO844GV69OKvr4b8NRan5jaJZn7RD8oNqnVf4Tx6N+lW5YhLp+Ikskf/AC7n/wCBL/5E8tl+PPwfibn4maIP+4lH/wB8nmoJ/wBor4IWzeXP8UtDVj2OoJ/30Oa9h/4R3w4OmjWfHT/RE/76HFKfDvhz+LRbI/W0T/vk8VLliO6/H/MuMMgW9Op/4HH/AOQPHbf9ov4HXTFLb4p6I3qVvkIH+yTmpU+P3wXkUsnxQ0PAPLf2lHj/AHTzXrbeEvC8oO7w7YsO+bJOf9k8VmX3hnwQuuxaIvhjTRNJaPOE+wJkoGC4b5fU0lOte1193/BKf+rq/wCXVT/wOP8A8geen47fCHIRfiTozey6gh/4CearzftGfBG3JFx8TtFXHXOoJ/3yea9NbwJ4Oxg+FtPzn/nzT/vk8VFe+GvAmk2ct9qWhabBBBGzzTSWqBY1UEneccADJz7Gl7Sv5f18xp8P/wDPuf8A4Ev/AJE8w/4ac+AfmeW3xa0HPoNRQ/8AATzSf8NP/AHaSvxc0E49NRT/AL5PNej6RpHw38YeFbXxd4TtdIv7G+txPZXlnBFJHLGeQpYDBH+FXbbwloaQKRoloGK52C1TngfMOKpTqvsvl/wSZLIbXVOf/ga/+QPLV/ab+A0hMafFXRCcZIF8nH+0Oagj/au/ZwNylofjZ4ZV3baqvrEIyf7py1erw6J4bvGP2Ows3+U58uJDwP4Tx61kaj8NfAevkjUfCemXGCR++sI26HBU5HrxWjVZvRr7jBSyS/8ADn/4Gv8A5Ai8OeJ/DvimwGp+HNetL+3I+WazuFkQ/wCySua0ipH3uw6f+ymuE139k/4fI82sfDSN/BetSENHq3hhVt8sOQZIQPKnX/ZdfoQeaq/DL4qeJk8ZXHwU+MdnbWnimztvtNld2ilbXWrQHGGByVYHiSIklDzypBp+0cGlNWv93/AMauCw9elKrhJN8uri/iS7ruu/U9Fwd27IGff/AMdNCDIIznn0/wDHhSEkkE9R2A/8eFEjlTtA6+//AI6at6s8l+QoZR8w6/X/AMdNKZgR9wZ9c/8Ajppm1uvb6/8Ajpo/z1/8dNVdGgf56/8AjpppGX2t/P8A8dNO/wA9f/HTSP8Ad5/n/wCOmmmS0BIUYH8//HTQrDgZ5/z8ppn+ev8A46aP89f/AB007kkn+ev/AI6aMjBUHP4/+Omm7129e3+VNEZA5z+B/wDQhRfUXWw4kDqf1/8AHTQSB1P6/wDjpprsCMA/5/umkLseM/kf/HTVXC6QOQT1/X/x003cM4H8v/HhSM2eB/n/AGTTTvVgMdf87TUPULok/wA9f/HTTWyTtA+vP/jpocMuQ55/3v8Ax00OCRk/jz/46aBkfQkEZ/z900q9OmPx/wDHTQq4J/x/8dNOGRz+uf8Ax00DW4yQfISB+n/jwpBtIAH8/wDx00rsGGP8/wC6aQHZyR29P/HhQgbuNkGPmUY/z9006NDjJJ/P/wAdNNL7jhf1P/jpoMvy4A/T/wAeFPZhZigAcD+f/jpprsQcA/5/ummOxHP9f/HTQrbjjH6/+OmkTZDw25cZ5/z8ppiggYJ/X/x00bsEY/z/ALJoYkDj/P8Asmk3YpDgpIz/AF/8dNKisDllHI/yppqbyeR/n+6aG5O1genp/wCPCjTcN2PUbeG9fX/x00ZIwQv6/wDjppgdQMFj/n+IU/eCB82fx/8AHTTDViFFA+9x25/8dNJggY9ff/x00ud/Gcfj/wCOmgn5cHqP87TQO43/AD1/8dNBxnj+f/jppdoOSP5/+OmlEhCbSe3p/wCOmldIdxv+ev8A46acsZYZB/z/AHTStGCAVPUf5U0qkqNu79f/AB01LQX1sN2Z+U/gc/8Ajppdi+n6/wDjpo46Z6f52mlBB/8A1/8Ajpp8pN2KMZw3+f8AZNOAUjp+v/jppoUn/wDX/wCOmnAYGP8AP+6aFZAlcZ/nr/46aeDlRuH+f7po2ryT/P8A8dNKoJGMdP8AO01QLcQLt6nr7/8Ajpp7Et8oHT3/APHTSHy8ev4/+Omg5AH+P/jpoHYVMZ/+v/46acSB1P8An+6aiVmL7MfTB/8AHTUit2PX0x/48KV7g0KjAnP9f/HTUmRjOf1/8dNRgg9D/n+6aTALbgf1/wDHTTESgOPvHg/52mpYgZD8h/X/AMdNV0LlsMfyP/jpq1DwpUnn1/8AZTQIsW0QLBNw6+n/AI6a/KL/AILz/tm6r4l8cQfsneCdRMek6IEuPEYib/X3RAZFOOyqQcepPpX6uRylSAhGexz/AOOmv5wf2tfF2o+OP2jPG3ijVpC0934kvGkJ7fvnAU/TGPwr4njfH1MPl8MPDT2jd/Ra2+eh/T30XuFsFnHFtfM8TFS+qwTgn0nNtKXySduzZ5q7sTk5yfb/AMeFb/w9PiWy15dd0f4KP46trFDLqOkGxuJY/J6Eubch4x6Nkc1hIn8TY/P/AMdNfcH/AAQL8W6hof8AwUB0fw1bSH7JrmjXtvfxnlZESMyhSO/K1+a4CnHEY+nSbspNK/qf2txxmlfJuEMdjqMbypU5StdxvZXdmtU7Xs+5gfs1/Gf/AII7fGbXrDwX8aP2S/HfhLXb64WCJPDmvzX0MkrHAjCY8zJPbaf8PuXwR/wTQ/4IreKfDmo+M7CTxn9k0WEy619tu72E2KhdxMgMQKfLz/8Arrtf2d9E8Lap47uvEMPwD0W+8dSSeJPEeha7BosQfT/O1OW3szJJjgeWpYE/wqcdefUP2pPhN4qsv2ftF+BPhbS7nxDqfjTV4o/GevT5WaSJ1YzPKvQA4ChegGAOlfpGHynB0qLlOjGTte3Lv2X9bH8TZ5xjnGKzmnhKGYYqgpNJ/wC0txS3lLVXSS211eyPxq/aj+Fv7L/xj/bb8K/BD/gn3a3OnaHrM1rp1vea7eySxXd5JLgtIXO4JgjjgnHTtX6Z6V/wQb8KzfDDw/4T8V654RfxLBcQxa7qNvoL+VdWgyGhQGTdFNt6NkgnquMV85/GH9gD4G+AfgL4k8eT3r+G/G3w/wDiAYPDt1qF95Ye2EwFtEpHIXa3GCDuwetfon8Nte0vwf8AD3wZrF34U8canq/iDw/Jayaxf6jJIICsJdTI0zgEuygIw5KvwcdebJ8Hl1WtVnVpJyjrpsk21a1rbr5Hqce8bcTZbluBoZJmFVQi5QbkrzqTik1Jze8eWStr6rQ8d8J/8EUP2ePhz4K8X/s/+A/i273Hi22869N/olvPfWlvkKF3jlVDHgEc/hmvh/4hf8EBfj94R+JWp6avxe8K2fg2wmxJ4w124kt0jjPQuiqdpz8vJAzX6nfB/wCI/wAbL/4F+H/iB+0JfaZoGqXIv7fV9QeNbeSaIuy2sYLkCNiFDHPGRjvmvlP/AIKF+MPibpf/AASPj0j4keI31LX/ABj49ttKtL+aMJJd2n25/JkIUkZMMaE4Pfqa9HMcqyjEWvTs4q+jtddvv/yR8zwX4g+I2WZnVo/Xub6xWjSm5rn9/Zzi2vsxjte3dHNT/wDBIDQPF/7KngX4Cz/tEaZpllY3lzr1/wCLLKwSSDVDOFSBSS4woXjOT0HrW98If+CItz8G/h94w8EQ/HVNYTxboxtLOW40MR/YZsnmTEjZ4IGMivUPHH7MXiXVbf4afB6b4p2GleEPB/hTTT4nt3Dia4+zSeYseRgKpKLuJPIXFfKf7ePxt8cfHH9qrRviV+yr+0dFqOi6Be6dpKeHdH8StC+9bvZIXhRl8wNvGWwcha8nF4DLMPHmlSd9t+y1tZ7JabH0eQcQ8e57OWCwmZ8tObqVpN0o2TU+aHvcujm1dK9ktDw39pv/AIIr/tnfAi0l17wjptl4809GYu/h4P8AaEUKW+eFvmOcYAXcSa+pvg//AME7fgJ8ef2X/hH4p/ah0nUPDHjm10+Dw+llPMIFn2O/klUxneyg4IIbkD2pf+Cpms/F/X/2zPgN4R8Aa9qNlPqsUTRWMNxIsE1zFdIxaRVPzYVhn2r0D9r34P8A7ZviX41xfC/4Z6HDqFhdNo2tWt/Mo8qxmtZPLmUtnhtu1x3zurkoZbgqVWXJTurpWevndafqe1mPG3GGe4HLY47HQo1JRnWVSPuNKLcGpK/K7vsle2mp2PwA/ZE/YVGt6x8NdX/ZS8O6f4g8LXCw6hb6naJcPNGV3Rl2bJKOuSCccgjtX5xf8Fc/in+z78Vvj54G+Bv7N3wj0TQNJ0nXTbX+qaPpcdudUuHmSJk3IBvROR/vE19z/wDBSDxB8VPgr8fPhZ8cfBQmgtfF81p4X8UTWobbNMZ/LVSegbEsgB65Aq5/wVS/ZP8AgX/wnH7MngLwV4Y0zR9StPiNaR2UNhbIks9ogDytkcuNwQknPLe9dFTLpzpy5YxVt9LNpv3bW09fM+Y4ezuOXZxg8xzCtUq/WYVOX95Jxpypxl7RyTbvray6J3Po64+Cv7HPw1sdD8ML+zD4NutRv4FjtoR4fty8rLHubeShPABJNeWM/wCzh8R9V1Kz0j9kT4U2kWm3TwEa1DBFLKR1UokRIH1r1q61rTtT/bj8MeCpZQx0zwxe3JhZcjc2xFYfr+decalF4ch/aM8Y+HfD37IP/CTHQtTifXfEdt4ggjmj+1IGCm3kIJ4A9AQDivZcFb3bKzttfovI/M6OKqUZwdWVSU501Uu6ktOabXWSXb7z5c/4LffAT4CfDf8A4J7D4h+DP2fPB3hvXLjxNp8S6loFhGjxozktGJFUEggY/GvyH0y4aa2RsfTn9DX7Vf8ABwRZeJvEv/BMu5XQPAWp2MWleIbC7vYJ0Vmt4FcqN+wkfxD8q/K74MftOfsuaJ+xfrnwT8Q/smW2rfEfUrktp/xHn1g7rOPcCqeVtypQZAAOGzya+Pz/AAcZYi91Gy7b6X/E/qnwN4lxeG4cdBUp15TrNW5k3GMmk5Nyl8MVq0m32R5grYX6e/8A46a9k/Yh/ZF8W/tofGqH4UeGdWj02FLV7rVNUmTclrbqQCGA6kk4FeKG4DrjH6/+Omvvj/ghXbXd947+KCaU+2+Hw/f7My/eB3tlT+lfNYLDxrYuFOa0b19D9243zbF5Fwpi8dhWlUhH3W1dJtqKdutr3Oq+MX/BBm0i+GeteNP2VP2m9K+IGp+HIGl1jQkMRkAUZaMGJjhuDgN1xX5x6hFNZXEtncQtFLE5SSJxgowOCp/EV9Tf8G23xN8XaT+3/wCJPA2oahL5XiDwrqFvqEbSH95JHIjh8dyCX/M14X+11pkXhn9pzxvocMSxpD4ovQsa8Bf37fKa9fNcFh6UYTox5b3TV7rRJ3XyZ8L4ZcS5/jMwxeX5pifrChGnUhNwjCVpOcZRko+67Sho7Xsz6Z/YS/4Jn+Gvid8GdS/bM/a08VP4Z+FmhgsZVfZLqRDAGMHqAScZHJrJ/wCCjv7A/wAMPhP4A0P9rj9jXxFN4h+EfiZRGbhpjLJpN302scZAY5xu6EY7ivpT/goL4xb4ff8ABvn8FvCWjSCKPxLfWKXKxjHmKiTTEN/wJVqj/wAEjrnw94x/4JefHjwr8X7AX/g/TIjdPaSE4RzErlM/wtuCnPrXbPCYWE44OKV3DmcnvzcvP/4DbT8T4ulxfxTWjiOKKmJl7Kli3hlhlbklRdRUeZdXV5nzJ3tpbY+M/wDgmp+xr4u/bj/aU0n4Y6ZaTJoVs32zxTqYGI7SzjOWYN2Zvur6n6Gum/a6+Mv7H/wg/wCCmVlrX7Pfw0gl8A+A9Us7PU4E+eLVZYGIuCwbrnkA/wARTNfeX7Df/BTD/gjx8Cv2f7j4KfD3TPEnw4u9fsmttcu77RGubqW4eMxlnuYy+8DJK7gMZ6V498QP+CMX/BN/Q9ThXVf+CizeGrvVYFvrO18S28ETywyHKbhIEYqezd6645VQp4CLoShOTd5O6Vv5V71t9b7XZ5uJ48zDG8YV559RxOEoKEqVGn7Ko/aJ/wASpLkUlf4eXV8q1ueFf8FMv2XPDvw/8eab+0p8AbX7b8NPiHZR6lpV5YQkwWcrjLx5AwmSSQOx3LxivmLeSgQ/5/2TX7JfCz4S/Bn/AIJk/so3snxb+N9l8WPhBq16hsIDo4mS1mc9I8l1ZGPVcgAgnrxX5VftY+Ofgd46+P3iHxT+zn4XudG8JXt0H03T7pQrKdo3hlBIUFskAHv26V4Of5XSw01VjNJy1cN2r66NaOPbXyP0vwt4xxee0Z5d7KdSjQTjDE2ajUUbJRkpJSjUinaStrZvQ574SfFPxZ8EvidovxU8D6i1rqWiX8dzBKrYztbJU+oIyCPQmv6G/g58TdN+Mnwl8OfFbR4gkGv6RBeJEGz5ZdAWT3wcj8K/m3vJpGBCnqDnn/x01+xv/BKX9sb9nvwh+w/4X8I/FX446Bo+r6VPdwSWOpXpSWOPzmZAw24wVYY56V73AWJqQxdSg37rV/mrL9T82+lLw5SxvD2DzSjTbrU6ns7pXbhKMnZ26Jxuu12fcAcqNr4/Bv8Ax00u8noP1/8AHTXk4/bq/Yxzj/hp7wZ7Z1cf98nipbf9t39jq5wLb9p/wSxPT/ifRj/gJzX6h7WC6n8RPJc3/wCgef8A4BL/ACPU9xxnj6Y/8eFBbsB9f/iTXAab+1P+zRrTeXpP7QPgy4PZYvEltn/dOXq94j+N/gTw/wCHD4phnvdZslcKX8L6fLqjEn+Erahzj3qlUi9mRHJs0crexkvWLX5nYbm5B5+h/wDHTTSWAHoff/x015PB+2P8OLlwn/CuviaPdvhnqoH+6f3NXF/ar+HsignwV8Qlz0DfDbVs/wC6QLejnh3NJ5JmsNHRf4f5npofdkEAY9//AB00v3sL3/z8przNf2qPh2Cc+CfiJx1x8NdW/wC+T+4qvJ+198NoGMb/AA9+Jp91+GGq8/7JzDR7Smupn/Yuavaiz1dFbqxH+f4TUqxsRyO/H/xJrx8/trfC6E7G+G3xTOOw+GGqf98n9zUUn7eHwqt32P8ACz4rHHf/AIVpqAB/2hlBSdeklrJfeaw4ezqp8NCT+49mEZHzHOBycH/x01Hp9/pusW63Wl6hFOjjKtE4YH/ZJFeI33/BQ74HQW83274ffE+1VIyXeb4c3xAGPukBCT+Ar8c7X/gpj+0R8AP2jfGfiH4G/EbUpPD1z4uvrm10DxAkjQGJ7h2CmJiGhYjqowQe3FePmmeUsscG1zJ9uh+icF+EHEHF9PERX7mdNJx5/hne91dX10P6ABbydMfmf/HTXimgXJ+OH7Y2omd9+i/DKxS3tIjyr6ncIHkaT1KxFUHpvb1rwr9hX/gs54S/abnj8A/EDwHeaF4oNsWCWg+0Ws5AztLYDL9GH4177/wT80W+uNF8aeMtagKXuteN72ecMckKCFQN/wABAp4fNMNmij7B3XW55mY8HZ7wLWrxzWi6dTlSjs01J2bTXSyOt/a//aP8Afsj/APWPjZ8SdTS1sdNixFkcyzN/q4gO5Zv0zXxL/wTr/4LEftK/tQeNPGnw7039li68Vp4WSHUWurXV4dPvBZ3DkRRiC4AWTjBzvzg19g/t1fs9+Ifjr4Y8P6fafs/+HPifpmk6o19e+D/ABL4ql0mK4lVCIg0iQyCTaS3yNtHOcmvzW/Zx8fftf8AwX/4L33uiv8AsOWXw+0j4ieG4NP17wb4c1qO+tdP063tsRSzSxhUXEkak4AHzsOtfTUacJ4WfLG8kr79j8xxNSax8eaTUfLqfX2lf8Fq/COsT67FZ/sTfHW8i8L6pPpviS80bwUt7Dp11D/rQzxSkArnJ56HNaVn8XPGv/BRDQvg5+1B+wp+0WfBlpF4rv7bWdI8RaY09lq9mR5LNJbI6MJVeP5CGBVnPNegf8EzJdP134X/ABkvre1VGuvjb4mW6UDq6yIhDfgAK/K/4FeI9f8ADP7HfxH8FeFtbutPgtPiRrQg+w3DRNC63xO0spBU5GcgiuKDeIxEqMFytWs99/I6m1ToKrN3Tv5Wtsfob8ZPip/wVL8H/tN+GP2cfhna/AvVh4t0DUdU0vXNfttXs1jFlJCkqFIZJMsfPRlYYBGfSqPj74q/8FffgD4u8F6p8a/hn8BtX8F6/wCNtK0DXLrwfqerLf2SXt3Hb4KXICtt355PauB+M/7ZPxp8D+Ff2aP2k/hN+zr4l+LPii08P6pHrmgeGoHeZreS2t4maWQK+zc6q3IOSprf+HP/AAUt+JH7enj7wp+zT8Rv2APij8Ktb/4S/S9ettW8SafJJp2zT7pLp2Exij8tmWIqucgtgZ5pyo4qMVLkTS0b802u9yIVMPUk4qbT0tv1Sfax9/29qtun2YOMJxk/+gmvg39vy1+Jt7/wVK+BVv8ACizmm1Wy8A6/cMIz8qobi2XDegIJ4PpXM/8ABZ/9sfVvhf8AtDfDT9ljxb+1hrPwL+HXivSLrUvG/wARfDWhzXepYjk8uKzgkijc2wf5sybcjjBGCD4z4G/Z3/4NpPFkvn3X/BQ7XNa8R3UbI/ijxh8VdQtrze3BcGYx7cnqMY7Vlh6Tjap38jXHyhXi6CdmmtdvM/QS7/bB8MfBGwSD9rDW/C/g69ZcwIPEkcstyMfc8g4kLH+6oavlj/gpJ+2/8a/2nPCHhz9lD9h74OePF1P4gXsV5YeM7mxk0pZbWzuYnaFBIVmCmTyw0kiIu0sO+RN/wQC/Zb+Cmo/An4j3jjQNf1Tw18ZNc0fTfiNZpBd3up6SjRvZ77tg5ZfKdSMHv3xWP/wVL/4Kg/sgfstfEmPwV+y3438bfFf9pc2z6H4d0fwr4llu7bS/NZd3mYWSA/OqEwIpkJQAlMZqrzjUatf8P6+8zlySopuVk/63Oq1v9qn/AIL1/Cjwve3XiT9j34Q+IJbOy8y3kTxhNbSXAT5WLl2Cls4bGe5qTRPiJ/wXv/ab+BWoeNtC074VfBjXYRItr4f1SxuLu/eRCc7vNLRxoQMiQbuxIGa+QP2c/wBmf9vH9pn9rnQfEn/BdH9sPXPAumaPdW+q+DPh5da1FptlrVwJFeOJZLfZbLtI+eInzzjGACTX1r/wX5/by0/9lH9mf/hA/hp8Qb7SfGXiVQLHV9AlE8thaqf3xk2thcpwM84bIq5SqppK2pnF0Wm03954Ba/tt/tgfA79jeb45ft4/tVT+PvFuv8AinyfCnws8MNaLbK1nNu3yvaIsroXjfzAGdMCMMuWNe0fCz/gvH4u8U+AtL+Lnxc/YD8e6J4Q1e7itrTxXo5F1aTyOAfLCuiM/BBABywyRwK+Gv8Agib8JfinH+zt8SP2pfC/haw8X+JI5LvRvDOp63C839mtdICWli3dDK0UjEDOGbdmvs7wn/wUI1D9kz9nb4ID416Pomp2rfGwfDn4hiEZttMtxFLFBIYyCIdsscbkcZTfwM06mDak21d/d07ERxr0inZH6SLa+Xp0OrXMT28c0SuFuF2MmQDhgehGcEdjU0MIlRZkOVcZVuxH901o/F34deFvi/8ACfxB8LfGVqZdJ8Q6Jc6ffrHNsbypYmjKlxyrYbIYdDgivM/2Rf2Svg/+xp8ILP4NfBfSbu20u3czSSX2oTXM1xKwAZpHlZjk4HAwo7AV56imj01Mxf24/ixrXwC/Zk8Q/Fzwv4a1jVdV0V7SfTbHRdGnvmllW5jILx26tIICAyyMAcIx9a/PjxT/AMHB3x9ur2DxR4R/YZ8SxQW9zq8F7DPOXSKK42jTw0yLyYGQO4kjViCyjrX65SQ2rxPHcgeWUO/cRjHo2ePevwX/AOCjnh5E/aX8YNp3xO+HOr6Lc607I9/qlhLeBA3Ee63EZAU7l2OSw24r0sBCnUvGSOLFSlCzTNSw/bs/bV8a/CTWfCvifwj4un1TxN8ItJ8GWM2k6rFanVNahjuV+13bbd4EkNzuZURXLopYtivqz9qn/grrquk/BH4daL8MfDnjLRPGV38RfD+keKpJtJC/ZLZjEl2peUYIm3uAwGcc8cV8cfs+/EjwfDrmiaL4om8FS6dpbny4tIfE685CkPK248Y4x29K+kv+Civ/AAUQH7Ivhv4Taf8ADP8AY+tfHjeO9WMdublpLWCKZHjEalIkbfIwbI5HSt8XBQnFcu+w8PJcjbfY4z44ftl/tteCP2sPiJ4M039qr4kjw3p+uxL4c07SNO0a4ktIXiV9pWWMO6DOAxyxzXXfDn9tT9oLW/Gnh7QvEn7Z3xJ019S1uwt0gv8AwFaolwJbhEZS4tmCgqSNwZcZzXyR4E+DHib46fE3xV8WPGnhqfWrvVtd86S6tvDS3trbwbmEcSybJJTsOQcNEPfmvpL9mj4Dadof7QHg2xtfDk9qU8QWDz28Da/pisizKSnljzbeTGM7XZVP14rKpSpwpe9ul+hEa9WVb3Nrnr3/AAUE/wCCpf7WP7Iv/BQDS/2Ov2a/COj/ABAt9Q8F2+qjTvEUbnUfPZpjKGmgeMeUsaIQChbLHnArhLn/AIKMf8FAvHvxPsvihY/AHTdB1DT9Hn0p7KC2N/BIvmrI4ZW1CB1YFR/Cfb3yfjj8PPAf7WP/AAXf+Nmn+KfiDa6Frfhr4aWOm+DFvvszf2lfGNd8CJcxSIx5c7cBsZxg9Oatv2PdcsPiR4k0fx14H+F0figKkX2DxH4Wk08buIyn2uzm8pM4JJZU79Oa89VY00lLey6dzshSlUUnd2v/AF5n03+yF/wVO+Pfxj+NjfCzxh8NfBV5a6ev/FQPZeJH0zUtMRSwaWezu0KtGCMACbc3JXdg16gfic3/AAUx+MOpfAP4IX9x/wAKf8J6kIfiX45sZisXiOZMH+yNPkX78W7i4lU/dUxqclq5P9gD/gn98Ez+zjqF7+z5+0vqOjeINaX7D4zg8P31pqdlaTRks0S2s8TqQpYjBOSCDuI5PD3/AMa/+Cmv7Nf7Sunfsa/CP4y/CbVLKPSZbzQ49a+EM+kweVG+1k/0G5Vd5GG3KpHPqDW1oS1Vl9/3mXvJ2s2fRviLx9oX7Dn7UNl8MPFZg0X4UfE2ZY/B1/LiO08P+IfmL2sTfdhgulw8PQCdXj48xa0v24P2krD4O+AYtN8Ja9Ztrd1MoS3+1RKGjVh5ilnIEZZT8uevOAcV8ofts/G//goj418GeFv2cv2rv2Xf2dPGHhb4xazF4atZY/EGt2jw3EsbPG0iGMvGY9pcMrEqVGCKfrP/AATfg/Z8+CS6h+014zt/HthoYS30PWJnuLrUdIt3bC28cV350OoRIxYgFI3xjJIRcOnGnzKUnf06hJ1eVpJ/5G3+xl+2DrcXxKk8FeK72+0Cw1B5BZWHi65tt7vtd1jEsch3NJkIvynldvpWl+zr/wAFQf2d/D/7Wnxz+BnxS+LcejaR4a8QwXGg3uu3GYzvtw11CropVCsmSEZt2S/GcivkHwf8LdT+L37TujeBvgV8a9N8T2uvWwlsVm8OpZy2tvHuMsKvag/ZpdyqBlht35IAINYGs+Evhx4D/YH+Gvwi+FDGfxH8bPi7fWfjS41bLX/9pWl1LG6mTGcooRe2VIOOpPdUUHK6W5zUoySV3sfth8OPiF4C+Lvg6x+IHw38S2us6LqUXm2GpWhJjmT+6SQK4r9qf4dXPiXwC3jXwwvl+JPB7trHh+5UfMZIl3SCPHVJYw0ZH+0D2Brsfgt8OtH+FPws0L4e6HAkNrpOmQ20MUYwFCqBtNXvHF5bab4V1TUL2RVhg0+d5WYZAURsSG/AVzTgpRaex24atOjioThun/S+ZyngjxRZ+OfBGkeNtMjKwavpsF3CpPKiSMPtPuM4/CtBm/iY/p/48K4P9lSKRP2b/BbzTb2bQIHUk9mG4KfwIrvGz129/X/x01lTk3BPyJx9OFHG1YQ2UmvxJixVAnr/AJ2mm/56/wDjpqQKrR5H4c/+Omo/89f/AB01o07mIf56/wDjppHBIwP5/wDjppSc8k/r/wCOmkf7v/1//HTTvYT2Gf56/wDjpo/z1/8AHTQTnkn9f/HTR/nr/wCOmmQOTB4OP8/wmlYA/eP6/wDjpqM7uMfjx/48KUknqf1/8dNO+grj5FCgADr/AJ2mmA4P/wBf/wAdNPmAdBg9On/xJqNc4w38/wDx00rsl7gGBOP8/wC6aNxxuC/h/wCzCgEAct+v/jppf89f/HTQC3GbjjGf1/8AHTQASCp/n/46aU7R0BOOuP8A0E0o+Ycj/P8AdNBVriAKWAX+X/jwoYBV2/1/8dNOwM5/r/46aQkcAjr7f+PCk3YZEUAPzHj6/wDjpoLrjn+f/jppZQFGCf0/8eFM46H8Of8Ax01V2gGNjPB/X/x00hIHU/r/AOOmlZApx047n/x0011JGQP0/wDHhSGm0HyuPf6f+PCmf56/+OmpVjCcsf1/8dNKWU9R+v8A46aBDBGWPHT6/wDjppRHsIOMYPr/AOOmlUEnA/n/AOOmnKCBhv0P/jppWQC/56/+OmmupJz7ev8A46ad0HH8/wDx00mQRgnB+v8A46aHqgImIU8D9f8Ax007/PX/AMdNI8fJBP0/+JNDLu7/AOf7ppaIadhyso+bJ/Af+PChcE4YZz7/APjppAMDH9f/AB00A9wf1/8AHTSbbGloSAAcD+f/AI6aPl/uD8v/AB4U0v6D9f8Ax00bmPQfr/46aEydWSRoO38//HTTtoI2svP+flNRqWA5P6/+OmpFJHOOcdf/AGU007D3I2QFufx2/wDoJoVGU/L07f8AxQpwVh1wfqf/AB00K4xyf1/8dNO/YNR2QQMfz/8AHTSbvY/5/hNKCCMg/r/46aNo9B/n+E0rXG/IDjAwOnr/AOgmlJUkH8+f/HTTMs33R+v/AI6afkbduP1/8dNN3EtxV4Oxv5/+Omhdq5V+RjjB/wDHTQGC5DHOR6/+Omk3t6/p/wCPClfuVYCV/hXH0P8A46aVXwMN/n/ZNN/z1/8AHTQBngfz/wDHTRfsN2FBCnjn/P3TTgu49Mc+n/jwpoYjv/n+6aVd5+8OPXP/AI6ad0LYlXB5B6cdf/HTTlYg4z+v/jppkZBHB/X/AMdNO/z1/wDHTTFyjxM6vkdPf/0IV/PP+3r8LtT+Dn7Xfj3wJqVq0Xl+Ip7izJXAkt5m86IN65Vx+IIr+hRumfQjv/46a+Ef+CzP/BPrWv2ifBkX7Qfwh0l7jxb4aszHqWnxLl9SsBltmO8sZJKj+IFh1xj5Di/LKmPwCqU1eVNt/Lqf0N9HPjbA8J8XzwmNly0cXFQ5ntGad4X7J3cb92j8dw2M9Pz/APHTX2h/wQegt5v+ChOkaheE+VpvhXW7xyOvyWT/ACnr618WTLPbyNDcRNG6sVeNxggjqCDXrP7Fv7X3jv8AYk+Odt8dvAXhvStYvbfTbqxfTNbVjbTRToFbcEIPGMjBr8wyydHD5hSqVX7sZJv5H90ceZZjc64LzDAYJc1WrSnGKva7lGy16ep+on/BOL9uj4eeIPgx45+JPxQ8U3Wkatr/AIme00bS9P0K5muYNLtWJgUhUPysXY5zyc5rkv2oP29v2sIfjhpvxy+CmtarqFpbW32O78MjwZex29zbCTdht6Y3n+8DxXi9z/wcZftXqBFovwN+G+nRAYSGy024VUH90jzQP0qhef8ABxH+29ONtj4W8E2fPVNHkY/7p3SEfpX3tbiXK+W0akvlHt6s/k/C+FXiHTx88XLK6MpVFZ+0qqSUbJWVo9ktT2P/AIKK/GLxn+17/wAE5E+PTfs+6v4UNj4wtLXX7XU7YxO2JQoB43Mu4x8kD7wr6O+EPxX8UfGL9m/Rvgt8ZPgn4wg0x9CgTTvEenWkhSNVjwm85DJgY9jX50/Hf/guL+07+0N+zl4o+BPxR8L+HJ211rT7Lq2naeYJLNYp1mYqu4qxbaBk8ivPviT/AMFev25fi78OIvhlrnxnl02zWzFrJNotmtpNNGF24Z48HJHUjFeLhM5wmEx86ycpQaX2Unfz1/HzPpP+IWcb5lkFLKa+Gw9H2Vac4P2spOMZKNnFpXet9G7bH7WfFfwH+zv4w+FXw9/Zd+I/xf1iw8O3LeVa6vqEixxa5JDF/qVuJRjzGJLgA5JjIGTXhP8AwWL/AGevijqWofAX4efDHwfdXPw80XxRZw6h9jjZxYyrNCscznoqbNwDE9cjHIr8ePid+1l8dfiT8M/B/wAGPEPxM1TUtE8GLK2lx3dxufzZDli7/ebA4GT3r1Hwr/wVc/bq8MfDSH4YwfHfVLvSoRCIodSCXDKsZDIm6QFhgqpBzkYHavXqcXZXXVpUpRukr6X08ux5eT+AvHmVY2liqOOpVJU5VG4TcuW8+Zc8Wk/es769Va9j9afEevP41+PHxB0mZzJaxEacADkbBEFJX/x6vxivvCHiH4B/txxfDTTpJkvvDvxCto7CSM/NIgu0eEN/vIVP411vjP8A4KXftJaky3ngTxTL4fu7qPOtXVqEka8l3NjfvU7eG7egrh/2ef2pdb+Cv7SMf7S3jvwjZ+P9WSWSZofEUxIM7ABWkbB+ZcAjjj8K8Cpm2FxDcpdX912fo/DvAPFfDFKvTpxjKDoxioqS96ajazvor6/f936of8FTvjZoP7PH7XP7O/xe1+BfsWl318b5tmdkLeSrqfUgHgevFfS2v/tP2elftLTWcGoWa6HqfwtkvdF1SaYJFc6h88kcSueMlBwO/avxL/b3/wCCjPj39u/WNCuPFfgTTNCtPD8cy2VrYzvKzmUqWMjNjkbRjAFbn7Pv7e/hyDStD8E/tUaFq/ibRPB7RT+E002VYpYJYizIGOV3qCRjJ7dK3pZ9RjiZO1ouzT9Fa3X+kfJVPA3HV+GMDUxUf9opUqlOpCLUnaVSU4cuqi2r2aulZu2x+tv/AASXm+OPx2/Zuv4f2yfhtcmO18Xtf+HD4lsdkzlJBKu5XAICSfdYjp64rx3/AIKMaH8cJ/8Agtr+zV8SLvwrrFz8OdMiFjaava27SWVrqE00qzOXUERvjyD8+Oi46GvjX4if8F8P26/FmmvoHgfxLpnhmzUtHbTWFgrXIg6IC77l3bepCjnJryv4J/8ABSv9q/4MeJ5dY0z4pahqOnX+tJqes6HqlwZ7a+mHUMr58vPT5MV6NXijLVSjQim7by8lsul0j5/DeA3HtfNsTm8/YUXNTUaKlJpKceVtSStFvfs3vbc/Yb9o39qH9nL9kn9obxN+0J8WPGFvBe+GfA/k3OlLcL9pk3y744xH1kZiAuBng57E1zt/B4yl/aZ+H3/BTn4d29yvw7+Inga1034laTM2xrKGY+bZzzqevlO6qxxkLIx6V+OP7df7Wd7+2p8fV+M2r+E4dJjeztYbjTEuDIs5hJPzk44OcY9K9W/a2/4LD/tDftGfCG0+AfhPS7DwP4Oi0uGxvNK0RiTdRRKqqhcgbUwo+UD8azXE+EjTnFReu339fL/M56v0fOLp08EqTipyhyVnOStCKW0Ur3d3dNdj6d/4L/eCv22NJ8MjW/AfxM1TUPhHqYjTVILK1ANgxOQZCvMsDHBDHhSMGvinx9+wh8Ofgp+xX4W/aH1b9oK21Xxb4mvP9F8NabaL9n+y5YNvlySXUAZHAG7GDiud8K/t8ftd6D8PLr4Np8b9VvvDGoWhtLnR9YK3kPkkY8sCYNt9sYrg/FvjLXtasbXw9fapJ9gsGY2Ngr/ubfdyybRwMn0FfOZpm31uraC0a662/wCB2P13w/8AC7ifhmVH61jIxjSne1P/AJeQXSaaSTeza1aRzToqHC/z/wDHTX1p/wAEdf2nvBv7M/7XtlP8SL6O10HxTp76PfXsrYjgaQgxmQngLuGCe2c18nsVJG0j8D/46aY20jax/wA/3TXmYXEzw2IhWitYu5+z5/k2G4iyTEZZiG1CtBwbW6ut15rdeZ+wHwo/4JX6B/wTk/b81z9v3VPi14ft/g7dWd/qFvLNcFbi0N1hhGBtKyKHYhWU5Kkccc/BH7eXwSuPGXiTWv2yvhP4i03XPA/iTxDcyJc20pE1uzSkjejAYznivFPF/wAXfix4t8G2Xw88S/E3Xr7QdOcNZaPe6tLJbQMM4Xy2YqMZ444zWbpXibVbLRJPD/8AaM/2OU5e284+WT/tL0z717+LzfBVsN7ONJ91rqm0k+m2h+Y8GeHef8OYyWJxePVWq1Cm2ocqdKEnJdb+0bbvK9n2P00+Gdh4H/4Kzf8ABKHwx+xX8OviFpelfGH4W3qXWmeGdbuxAdWgQSKY1Zvvho5OoyUZBuGCCV+K/gi6/wCCav8AwSJ1H9mHx9qtjafEv4oaxv1HSLW+SWa2tAQDv2nhdkYGe5bHrX5jaJrOo+G9ai17RNRntLq3ffb3NtM0ckbf3dykEH6Voat418ReJdbPiHxFrl7qF27bpZ7q6d3dj1YMxJya5K2b+0pX9napy8vNfS1lHa2/KuXcmj4V4vD5k4xxt8C8R9adFwXP7RSc1H2ikl7Pn9/l5b36ntn/AAT0/ZI8UftPftN+HfD1lYGTQ9Mv4r/xHesMxRW0ThmUn1bbtA75Poa73/gvP8a/BnxO/bVsvCfwz1GC9tfCHhu20i4mszvT7QJHYxAr12hlGB3p+r/8FNPDnw5/Zxh+Af7IPwml8Avf223xR4mluo5r29cjDpuC8KRwCTlRwAOteQ/sqftVeEf2avil/wALO8UfAfQPH0+w+VF4gP8Aq5DzvyQ3ze5FFHEYWjQWGUn7zTlLWytskutru5vWyrivNs+fEVag4fV4Sp0KHNFTlzNc85y1jHmsuVXdktdT7Q/bT0fWvhd/wQx+GHhLxdDLb6lqOqWZME4IcDMkuGB56AV+ZNnJhhkfr/46a+mv+CiH/BUb4g/t9aZoHhTUPh9YeFvD/h6RpbXSbC4aXzZSu0F2IGAoJAAHevmK1ztGR+X8jUZ1Ww9fEL2MuaMYxjd6XslfT1PZ8McoznJ8hqxzWmqdetWq1pRUlJR9pK6V1o9Ei/FG0r+WiFmZtqhe5PRTX9Bf7A3wL0/4U/sb/D/wV4k8NWB1GPQIpr4T2EZYSTZmIbcucgvj8K/Lr/gkD+wLqv7Uvxgtvi1470p4/AnhS8SaeSUYTUbtSGSBP7wHVz2GB1NftmURABCoVU4VQOg/vCvr+CcqqUoSxlRW5tF6d/vsfzf9Jzj3B4rEYfh3A1LypS9pVae0rNRjfuk2320MK4+Gvw3uc/afh/oUh779GgOf9k/JWbdfBP4O3QP2r4T+GZPUPoVsf+An5K60jBy68/X/AMdNRuEYEE45/vf+OmvvlTh2P5KWZ5gndVpf+BP/ADPPdR/Zg/Zu1QH7b8B/CMhPVj4dt8/7wOyvNG8G6J8Cf2vPCXg/4Y2C6ToPirw1qj6hotq7fZhNbNAUDIxIRiJjnbjOBX0TIqAZB+715/8AHTXhnxbuYT+2/wDCm125ZvC/iQjn0WzO0/lUyp01qkevlWbZpUnUpVK0pQdOd05Nr4W1o29nqewwA4BDH04f/wAdNWI5JE48wj6f+hCooPl+o9//AB01OqBjuP8AL/x4V0WPmZTdyZLm4xzO/wD38/8AHTUn226UAGd/++v/AB01B/nr/wCOmnGRj/8Aq/8AHhRYOZlpLu6GSbhx/wAD/wDHTT/tlxtAE75xz83/AI6apiTK4Y/5/umnLO3Qg8eh/wDHWodwU7MsXV1cyR7ftDdOPm7/AN01+PVz/wAEWPj9+1D+1d46+Jnja8h8FeD9T8Y39zDcygSXt3E07Hb5XRN3XLnvkA1+vxcCPaT39f8Ax01C4XdgqDx6f+OmvOxmWYXMJR9urqOtu/qfbcKce51wZDEPLGozrRUeZq7ik73itr+ep4/+yv8AsG/s3fsheFU0P4UeCYvtrxhL/XdS/fXd0e+9yOB/srgV0Xwj1CD4NfHHUfh3qLCDSPGMpvdDcjCR3igCWJT6soDD6HFegu2EVF/iPr/46a5j4u/DS0+JnhJ9Ha8ezvreVbjSdSiH7y0uUOYwx9j29M1pLDU6FJKhFLl2S0PMlnuOzXGTqZlWlUdTSUpNtrs9ez/A7H9oT4zWPwB+GN545m0a41W8BEGj6LZDdcaldudsVvGo5LM3p0UMx4Ffl78Pv2GP+Cu1t+3bc/8ABTm68UaFpmu3Gm3IuPBt6z3EZsXUxi3jRSFUBMENnIbPc1+gvwc+OGj/ABC1vTPAfx+0+10nx94aZvsUN4uyO9O0pgs3DhlYggfMuWGADz7u0akOGKfOOcjt/dNbU8xqQpuNJK0tHdXfp5Hm18qjTq/7Re6+Fp6evmflZ/wSr+Mv7d3wO8A/Fyy8V/suzeLrTWfiDquvLLp2pC2+x3M43SQruB3rlVPUEc9a8F+An7I37XUHwA8WeGPEPwK1qHWfEni/Ub+O0EBJUXEplCnODgZxn2r9wPCfhnQfCkV3BpVjb263l200qwIFDueu7HU+9aO2yhJZFRXJ5xgH/dNOOM5cRKsoJN279DF5fCVBUed2V/nf5H5nfs/fCn9tPxN8e/A/wz/Z/wDjZffD/wAH/CjwbbWHxF1Cw061uv7X1WUiWS0hEykOY1bDHnyzjjOK+jv2+/2gv2nf2JfgdL+0j4KhsPiR4a8MXcNz438P6vZR2upf2ZuCzKLmABPMjVt2HjxgZzgGvd/Afgvwx8PbTULLw/YpbnU9autTv26tLczyl5DIe5J4+gHpT/iB4b0rx94X1DwlrFvHPZ6nZvbXlrMoaOaJwUdSDwQVLAj3orY/21RNxVutuvc0w+WujRcVP3uj3t2PjHxp8bL/APaX/ar8OXfwl1e/8MReK/gxBqmhane6FbzrOWu2fZ5d1G6PtzyVA+prTvPDX7TKaXPqket+FL6502YR6xoes/C/SZgflzt3pEjMhAJH49+n05afAXwOl/our2+lxW8ugacLLSliRVFtDnJiGBwvH3RxXSXHgvRryWO8uEHmRBAJF4JC5wp9QNx/OnHGUqcYxjHTzIqZdUnJylPX/gI+NvhGutfC/wDaV8M2WofDDwdpfg34x2F14c8XaV4T0YWOn3eqQwSXVnNPboQqSPCl3E5AySEPOK8k+J/7Dv7If/BJ79rXwv8AGz9lv/gn94h8U3vi6C9cf8I74pmuLrS7uPBlhWG43AI6SZ4bK7SAQDivvT4ufBSz8aXvhTUNAeGzm8OePdN10HbgFYWkSVOOhaOWQfjXVeNPA2geKfF2j+Kr2FXm0T7R9jYnO0yqqsG/AYqZVYTd1131HhsFyYmPtdY+n9dT4m+Kv/BRb4d/EzwHeeEPjj/wTI+L2s6bd2zR3Okaz4Jtp0YY+6WebAI6hhgjFeFfsF/sT/DL4sf8ElvihJ4l+FGsaZBr/iXxb/Ytv4ohDalYackrpbwqzDKhFRcY464r9VH0qAHOxePRf/HTUeo6Hp2q6Be6BeQK9vfxyJcRMuVcOCGYD3yazjXjC3KrfO5pmWGpVqdqejs1/kfEv/BJH9nTwr8Cf2Bm1vS9Nlt7e/8ADc1y1oxyGm2MzyZ7nJXn/Y46V8Y/8E8P2fdM/wCCt+ofH34N/GifUYPh9J8Q4fElnqGmYWWHUXkkCxK5BX/j3YkjnBLV+0/hHwP4U8H+CbfwL4d0a3tdKtrU28NlHGBGIyCChGMY5NV/h18Jfhv8H9Bbwx8LfAuk+H9PeYzSWmkWCW8byEYJdUABY4HPXiut492qd5Wt5WPCpZZWXs3VafKmn5nCftefCH43fFb9jfW/gF+zz8Yf+ER8YXukwafpni67DkxRKyJLvKZZZGhDgOvKuQRjmu9+GegeIfC3w80Hwx4t8RvrOq6dolpa6pq8ibWvrmOFUleUdi7qXPu1bIUs5UkHHo3/AI6ak8o4B29fb/x4Vwe0urHsxg1K55Z+1n8LPjv8XPhp/wAIr8APj7beANWe8R7nUL7wtDq0Nzb4IeMRS4ADZHzA54r8ev8Agrn+yD8QP2R/h54Ws5fCHwj8deLviL4nfSrO48I/DqfQtXklaJm2kWlxsmYvtHK/eZcgk5r92RAw4dDx6j/x015Z8df2Qfhb+0J8V/hr8YPG8N02qfC3XLjVNAhjkUQSyyxBC0ikHeFKq64xhl79K6sNipU5JdP636mGIw7qx03PyJ/YW/4I3fFS28Lab4n/AGjPgJ410nU1m894/tunAkA5VTtCTL9GJPFfVX7QP7TX7NH7Dun+CtF/ag0i8s4LvxPb/wBgzajpnnG0MO0mUyEFVUD7zZyACa/RG601uV5/P/x01538a/2XPg1+0DoX/CL/ABn+GGjeJdOMolNlrWnpPHuAIAYODyMmqrYt137608jooYd0o/u3r5n5B/DT4lfC/wAN+H/t2tw6HaTt9pvJrqbwpfXEl1FcTvNHuu1ZY5FPy4RuDnGQMV3HhD9o/wCFXhTxRpnjHUPEHha1+y6lDLp8kum39stuyS5DCGOfeNgAJ2JIpDAEcZH6lab8DfBWg6HB4b0vwzZxWFtAsNtZrbJ5cUaDaseNvCgcAdBiorn4A/DXUEEOo/D/AEaZFIISTS4iAfVRt4qfrcWtY/iZ/UJ3up/gfnH/AMEydH/ZP/ai8YftUfHr9p+LRBP4s+IqR2Gr6peC3ezt4VkaOJZ3KzQsfNILLtYbQD6V8O/HPQfj78TP2gv+Fd/H/wCJPjvxJ8E9F8ZNZr4ph0aW6ll0kMY497xoGkBixhlJDA5B5r98rj9k/wCDV34m0fxNZfD7RLS80e++0wTR6TBlmx90/LgHODnrwK9FTw/pscPkCxj8sDHlBAFx/dIxisqWJVKo5KN79+noXLBuUUnI+f8A9nX9un/gmF8DPgVovg74U/Gfwp4c8OaVZx21lp04eznbYgXDQyL5kjnAyeWJ7mvAvix+2v4Q+OP7fHgn4meEvhhr3/Ct9A0290+b4j3+jz2djczSKZDEJJFXdHwqb8Y3MQK+yPEX7PHwm8QfE/RPiZe+CdLbVNGEwt2/syAB96gZc7MkjqvPBrrdZ8N6Pf6XNpcunW7RSxshikhVo8HgqVIxSVaGto7+fcaozjK/Np6Hwn8XfG9x+1h/wUw+Ffw1+G9oNV8PfCaG48Q+KdZsn821hupITFbRLIuULkEtgHpmvc/+ChHij4YaZ8AbrQPEviK7sNZ1CeGPw5/Y2hSalqQ1EOGghWBMky5UgM2Ixn5yFJr2vwX8NvCfgfTBYeFvDVhpkLkNJHYWqRBmC4AbaPQCrsOkRXOqDXWs4hdJC1utwIwHEZO4oSOcZwce1SnHmhyrYpqTjK73PyU/ZQ+PPxH/AOCd37RFx+1P/wAFFfgj4w8O+Ftc0Y2Ola/Z+E7dMao7ApvtrM4hkkXdkHnLHjjjiPhp8M/izF/wUNP/AAUy8cfs4+ItE/Z41n4nTavBY61GEvfDk0kXkLe3toCTFbO2JHJHCHcw4zX7I+Kvhb4Q8f3dk/i/QbbUE06+W6t4b2BZIxMv3d6sCMjPB6jFdDeeH9Nu9Mm0u+topLeeJo5oZUDI6MCGDA8EEHBHTFdzxEpy5mjijRjSVkyXTr+x1HTor/TrmOWGaMPFJE4ZGUjIUkdQR3FeNftoeNtRi8CRfCXwjI39u+MrgabZqhwVjcfvd3sFyO2Mk54o8R/Hj4I/sq6Fa/B7w3PPqWqqPK0DwboYFxdIhJ2LFGuTFEvCjf0XpkCs74Y/DzxZrHi6T42/GJYv+EiuojFp+mQtvh0a2P8AyxU/xSHq79zkDiuWpW9svZ03d9X2/wCCezgcLHB2xmLVorWMXvN9LLsnu/kjt/Bnhu18GeEdL8J6exaDTNPhtYie6xoFAb6gVosR3OM+/wD46aU442jrzjP/AI6aQ8nn+f8A46a3iko2R4dWpOrNzlu3d/Mnxwdx5PTB/wDHTTSrDqP1/wDHTS5Utk/5/wBk03eQdw5/H/x01oyVJh/nr/46aQkDgn/P900GTIznn/Pymmf56/8AjpqOVFOQu0Z2lvx/9lNIA3OcdfX/AMdNIQ3Y/wCf7ppVyDknP+fumqJFXL5Ut9Mf+gmlKrjOf1/8dNI23+H+f/jpoYNnAPX/ADtNF11EkIQRwf5/+OmkOSMqf1/8dNK3y9f5/wDjppM9OOvv/wCOmldWKsxvB+83+f7ppVAByXz6cf8AjppAdmcj9f8Ax00BiBjP6/8Ajpouh2uKQw+XPHuf/HTS7l9f8/3TTGYgE5/X/wAdNRmbjj/P+yaV9RWZYHI/z/3yajd26FP1/wDHTSRu3BL/AIZ/8dNOZi3U/r/46ae+4WZE4LHrj8f/AB00f56/+OmpDjPT9f8Ax00w7R1z/n+E00g1Q0rkcH/x7/x00iqFGC36/wDjpp2VA+b+f/jpoIOcgcfX/wAdNAhAMkg+3f8A8dNIquDwP1/8dNBIYEenv/46aMjjHXvk/wDjpoGlcVcYwP5/+Oml/wA9f/HTTVJB2n+f/jpp3+ev/jpoEI33eR+v/jpppCkZYckev/jpp2CGIY8f5+U0Ekj5R0/ztNS2rDSuRsigBiTz7/8AjpppDg4wfz/8dNSkgkEDH1P/AI6aRgpHJz/n7povdBYbjIwOP8/dNKBgY/r/AOOmkyM7D/n/AGTS/wCev/jpqSkrAu5T0HPof/HTTlYk4J/z/dNN/wA9f/HTUkS5HB5z6/8AjpoBpWHpgqDj9f8Ax01IqgcSL1/ztNJHuByFz+P/AI6ad5hII2/kf/HTV2CzQxhtYr/X/wAdNN2Lu+bp6D/0E04Asev6/wDjppdgHVv1/wDHTStqDIxGAw9B7/8Ajpp3+ev/AI6aeoIBBPX3/wDHTSYx16fX/wAdNCQkN/z1/wDHTR/nr/46aP8APX/x00f56/8AjppvYoP89f8Ax00f56/+Omj/AD1/8dNH+ev/AI6agBQhPcfgf/HTSq2wlWHHp/7Kab/nr/46aP8APX/x007oBQ5TuPoT/wCOmlEmF2n/AD/smm/56/8AjppVx91u/v8A+OmlqxWJIzk8H9f/AB01KqFlOB+v/jppirt7/wCf7pqTcUAIx+f/AI6atO4rNA0Hy8t+v/jpqKSMj5W+n/2JqQysev8AL/x4UhYsMH+X/jwosmtSk2mfCP8AwUE/4IzeCv2ir+7+LH7PdxbeGvF9wTJqGnSjZY6i/cvtB8qQ92Awc8ivy4+NX7Jn7Q37OevSaH8XvhZq2lMshWK7e0Z7abHVPNUFWH496/o0wAvC9vX/AMdNV9S0fSdZtfset6ZBeRE5MV1Esik/3SGBr5LNOD8Dj5upRl7OT7LT7v8AI/oXgT6RfFPCeEjgsfBYuhHSPNJxqRXZS1ul0um/M/maOk6h/qxYyH/tmf8Avk0+PQdduDiHSLl/92Bj/wABPFf0gyfAz4KzStNN8JfDjMepOkQ/98n5ant/hH8K7PP2L4baFFn+5pcQ/wCAn5a8ZeH0+uI/8l/4J+kT+ljgLe7lUn61V/8AIn83R8IeKJE58N33Pf7G/P8AtDioW8B+LSd0fhm+/wDAV/yPFf0pj4deBgu1PB2ljnJAso/++TxTv+Fc+CGO8+DtLOOn+hJ/3yeKteH9SL0xC/8AAf8AgmD+ldhJ/FlUv/Bq/wDkD+apPAXi2N8S+FtQB7f6G/5Hipm8L+JYvkfw7fj62j/98niv6VY/h74EQ5Xwdpf/AIBp/wB8ninN8O/Akw2yeCtKJ97GP/vk/LUy8Pq0n/vC/wDAf+Ca0/pZYOktMpf/AINX/wAgfzQy6Jrana+jXY+sD/8AfJ4qpJp2pAkTadcDHrC35Hiv6Yz8IvhdcMTL8O9FY9y2nR5/3TxUb/A/4QSZ8z4ZaF/4K4v++TxULw/xC2rr7n/mdEfpb5c1rlU//Bq/+QP5m2s7pTzayf8AfB/I0gtr0fKLOVv92M/keK/phf4BfBeU5f4WaAT2zpcX/fJ+WlX4B/B5Thfhjoa/TTIh/wABPy01wBilvWj9zB/S2y63u5VP/wAGL/5E/mki03U3IH9m3BJPaFj/AMBPFa1n4b8RyjdD4cv2AHBFlIf+Aniv6Tbf4JfDCI5t/AukJjuunRj/AIEPlr82v+Ckf7dXgb4D/t9/C/4YeBI7FNI8La1DN47EFshUpd4iKnjnZE/mkdiRXn4/g6eCpqVWuldpLR/5n0nCf0i8Txbj6mGweVP3ISnJur0itF/D3b0R+aZ8K+J3cuvh29I7f6K5/wCAnimSeDfFQBDeG74Z6ZtH/wC+TxX9Jtj8PfAGoW8d8vhbTJBIgaN1tI8HI6NgVYPw68EAgjwnpx+ton/fJ+Wu+HAFVb118o/8E8OX0s8BDR5VJPr+9X/yB/NN/wAIv4ngOf8AhH70f9uz/wDfJ4pJNE18H99ol6D727/98niv6XW8B+DmXa3hXTT7GyT/AL6HFQSfDXwM5xL4Q00n1NlH/wB8nitP9QJP/l+v/Af+CY/8Tb4G/wDyKpf+DV/8gfzQGx1FD/x4XA+sTf8AfJ4pptb0nA0+fGe0Tf8AfJr+lyT4RfDKcEy+A9Icn+9p0Z/4CflqtL8D/hA5xP8ADTRGP+1psf8A3ycLRLgGotq6+7/glL6W+Atrlcv/AAYv/kT+altNv26WE+O+IW/I0iaTqnQaZcH6RH8jxX9KTfAH4JSD978KNAP106P/AL5PFQSfs5/A0nP/AAqfQvwsU/75PFR/qFiOleP3Mf8AxNplT1eVz/8ABkf/AJE/m3Gkazkf8Sm5OPSFvyPFOGj62nyjSboD/rg35Hiv6Rl/Z1+B8Z3n4VaH7f6Cn/fJ4qaP4CfBiNdo+F+h8+thH/3yeKP9Qq7/AOX6+5/5if0tcsX/ADK5/wDgyP8A8ifzZyafqsIXzrCZc9C0bD8DxVd7W9JIEEgH+4fyNf0tN8C/gxIuJvhX4fbHQNpUR/4CcrVc/s9/Atdzr8H/AA3lvvEaPCM/7Q+WpfAWJT0rx+5/5gvpaZRL4srqfKpH/wCRP5vfDngLxn4rvVsfDXhTUtSndgEisLCSVmJ/hIUGvt79iX/giZ8bPjLqtp4s/aMtrjwb4VQrLLp0vGo3q/8APML/AMsgR/E3OOg54/X/AEHwF4H8LJs8NeD9LsAvT7HYxx/8BOBWsTvzv59iOP8AdNengeCMNRqKeJqc/ktF/mfFcW/Shz3NMHLC5JhVheZWdRy55pf3dEk/PXyMb4Y/DTwP8G/AmnfDT4ceHLfS9F0u3EVlZ2yYVVH971J6knkmt9nK8qx/P/x01CNyEBX4HUE/+Omk+0bvlx+v/jpr7NQjTioxVkj+X6teriasqtSTlKTbberbe7bJTMcbvw6/+Omo3IIyx/X/AMdNC5xz/L/x4U1m3dv1/wDHTQZXYhAIwf5/+OmvF/ito8Q/bC+EmqKuXbS/EsLN3x9mgbK/l+le0f56/wDjpryH4xyTw/tUfB5bSFXdh4iDFmxhfsKfKfxxWdTZeq/M9bKL+3n/AIJ/+kM9Si+UkFee5/8AZhUqj/ax+P8A46aj2nO3v35/8dNP/wA9f/HTXTqeO9hQ752sfwB/8dNOK5bk/hn/AMdNNJQjj+f/AI6aQnJyf5/+OmizE7sk/wA9f/HTR/nr/wCOmowcH/6//jppzMcA5/X/AMdNFmTqPDEcf1/8dNJ/np/48KYWJ7dO+f8Ax00obI2k49Of/HTRZjs2PPIGeMcjH/oJpCxLZZvyH/jppElwMEfjj/x4Ukhzwf5/+Ommykzn/Hnwz8B/EnTDpPjjwvaalADuRbi3BZG/ulvvKfcEVxsH7MHhbSojb+GfiF490mFvuwaf47v1RR/dKmUivUA0ZyOvpz/46aR0VvmJ+nzf+OmuSph6NR3aPUwmZY3DLlpzdu26/E8yj/Z1Xz/Mb44fEg7Rwp8bXP8A3yealT9nQK7H/hd/xHw3Vf8AhNLj/vk816OiK2flz7/+ymn7Uxz1/wA/Kay+qUk7pfiz0lnGPe8l9y/yPLj+ytp8ud/xz+JgJPOzxzcj/gJ5pv8AwyTpDttk+OfxTJ9viDdj/gJwwr1eNdy/OT7f/EmnKoH1+v8A46aSwlPt+LB5vjn9pfcjyUfsi6OB8vx6+Ky4Pb4iXh/4CctUi/sjafnC/tB/Fdc+nj+6/wC+TzXrKhCMc5+v/jpqRcNxgj6H/wAdNUsOkt395k8zxv8AN+CPKI/2SNOA5/aA+Kh9z46uef8AaFTJ+ynaQfLB8ffiiv8A3O85/wCAnIr1JjsO3H6/+OmgsR0Gc+//AI6afsmtm/vEszxf834L/I8s/wCGWm2lG/aH+KfPf/hNZQf904Wnr+y/Zt/rvj38VCR3/wCFgXak/wCycMK9PcEsAQcex/8AHTQ5DjJz1/vf+Omq9m+4PMsY/tfgv8jza3/Zo060Xy1+NvxRbI/j+I+of98nEop5/Zr0FwRdfFf4ky5GD5nxG1L/AL5P76vRSDjcT/n+8KbkAbdpOevP/jpp+zT3BZji19r8F/keZ2/7KHgC0csnjTx65JyWl+Iuqt/wE/6QKmuP2ZfAcx3SeJPGxx0x4/1X/vk/6TXo5MYGSn6/+Omo2IGcHP4/+OmqVOC6CeZ49/8ALxnmafsz+BIDvTxH41Gf7vxA1Xj/AGT/AKTTv+GfPC6/u18e+P48f88/iLq6/wDATi6r0ZwhGD+p/wDHTURVGBb0/wA7TQqcY3sgeZ4+W9RnnR/Z/wBFUfuPiT8Q0IPX/hYWpH/gJ3TmpIvgXCg2R/FX4gdep8b3p/4CcyV6AfKIwDz/AJ+U0oVC2AP/AB7/AMdNHs6b6EvMsetp/gv8jh4fgsyD5Pir45/4F4quG/4Ccmrlr8I7qFdq/Ffxjn1bxBKf+AmuvTYh2/qD/wCOmpUZQ3A/X/x00vY0exP9qZh/N/5Kv8jmpfhte+UFg+K3i+NlHLDWiSf9k5FVB8MPFW0xr8dvGgDDtqiZH+ycx12ijAwf5/8AjppVT5ueR9f/AB001h6Pb8yXmuOtuv8AwGP+R59J8G/Gc0gZ/wBpD4grg8FdYjHH94ARYob4M+OGj2J+078RRnj/AJC0B7/dOYTXoQA7r+Of/HTSEEHOPw/9mFUqFHt+L/zMv7Yx/df+Ax/yPPo/g54+hGY/2ofiCOcnN7ac/wCyf9HqNvg/8Sw4+z/tU+PkVR082yI/3Tm2NeikAj/6/wD46aaVO3A/z/tCm8PS7fiwWcZh3j/4BD/5E80n+C3xcnmaT/hsH4gxgjgRGwBH+yT9lqhrv7MfirxVaNp/i39rr4t3lo6YmtbTxNHYrIOm0m2hjbHPrXrTqScj+f8A46ajYHqDx/vf+OmpeHovp+L/AMwecY9/aS9IwX5RPP8A4Mfs1fBb4AWktv8ADHwVFZzXLbrvUrmV7i8uW/56G4lLSP8Aice1d5HnPH8//HTTZCAw549v/QhTo2BGB/P/AMdNWqcYq0VY4a9etiKntKsnKXdu44kDn+n/AI8KaWLDK9Pr/wCOmlY4H/1//HTUeWXCqf8AP94VZjqywXUDJP6/+OmnLyTjIPpn/wAdNRf56/8AjpqXfuXAP45/8dNVJu1wTuNZCOGwP8/dNNIXkZ+n/wASakOM/Nz+P/jpphVeP8f/AB01mpXKasMLEDKn9f8Ax00hY9u3X/4k1meNvGfhf4deGrrxj4y1uDT9OtE3T3Fw+APRPUk9AByTXl/h34s/tFfHfTLnVvgh8MLXw/pBP+ha343V45bkY4Q2yAkoeoLMDjnFY1K8YO277I9DCZZicXT9srRpp25pOyv2Xd+lz2Rck4LD8/8Ax00/JxjcPz/8dNeOx+Ff28YolRviB4Cyo+YnQJzn/ZP7ypT4Z/bpddrfEjwEp748MTH/AICf31c31uq/+XUvw/zPUhk2Gt/vVL75f/InrZHGM/kf/HTSMNw2k9P87TXkv/CKftyNw3xV8DL/ALvhSb/vk/v6lt/Av7bDuHufjH4J2jsnhKb/AL5P7+j63U60pfh/mOWUYZL/AHmn/wCTf/InqRO3qf1/8dNNLEDkj8//AB01w0vhT9qhIRHD488HyOByz6BOuT3U/vqzNR0T9r6KcC18R+C3Qfe/4lNwD/un95VPFSX2H+H+ZhHKqcv+X0Pvf+R6QznlQfyP/jppmRx7/wCdprhvD+gftX3yPJeXPhJkXgMLe4Qk/wB08mtNfCn7RsagzyeGQe5MNwf+BCk8VO/8OX4f5lrKKO7rw+9/5HUoP4ienv8A+OmpM99/4f8AsprmYvDHx9CgNqvhhc9f9GnP/AT81Jd6D8eLdXZvEfhZVXv9imP/AAE/PVxxFWX/AC7f4f5kSyzDR/5iIf8Ak3/yJ1GecD8ef/HTSEZ4GPz/APHTXESaP+0r9+213wmy9s6ZcD/gJPmUyPRv2o3xEureDCzHHzWdyP8AgJw5q3WrJ/w3+H+ZP9m4b/n/AA/8m/8AkTuSABsLD8T/AOOmmnJHUY/3v/HTXG6j4e/antEjezvfBEu9sP5sd0gX/ZJGahbw/wDtZbiZJfAn+yFe6/75ORSdeovsP8BLK6D/AOX8P/Jv8jtsMvP+f94UZyMnA/D/AMeFcWvhb9rFiN914ITnqrXZwP7p4q+/hH9oVIBv1fwtuA+ZvLnxn+6aX1irf4H+BLyygv8Al/D8f8jpDnJLH9f/AB00oLD5c/5/umuQm0H9owFUi1Twjx94Mtz/AN8niq0ul/tPAMYbzwSSPubjdj/gJ+Wj29R/Yf4f5h/ZtB/8v4fj/kdywbHJ/X/x00FiBnI/P/x0157Jp/7Wi4C/8K/OPvFp73/vk/u6b/Z37WxXl/h4o9fMvj/wIfuxS+sT/wCfb/D/ADLeWUf+gin98v8A5E9CMqjk4/Ef+PCmNLjoQfx/8dNefHQv2uZORq/w7Uf9cb5j/unpSHw3+1wf+Zo+Hy/SxvT/AMBPzUfWJ/8APt/h/mNZTRf/ADEQ++X/AMid+7ZOSR+B/wDHTSoxK4J/X/x0159/wjH7W4PHib4fMfQafej/AIEPmNO/4R39rpPl/tz4fH/t1vf++TzS+sS6wf4f5l/2TS6Yin97/wDkT0JWLdCPz/8AHTUkCsCDwfx/8dNeejRP2tE4bWfAIx1xaXh/4CctTHP7WmlJ5xt/Ad+Q3zRK93bnH90kqwz9ar61y7wl9xP9jc21en/4E1+aPTURs5Bx75/8dNP2s4zjOPb/AMeFeUW/7SWr+DNS+wfHT4Z3vhuAsFXWrWQXWnknpulTmMe7qBnvXq+n6hpmr2EWq6ReR3NvPGHhlhcMrqegYitqOIpV/h+56P7mcmOyrGZelKtH3XtJNOL9GtBRGvUjn6/+OmmmN24LY9s/+Omp5EVR15+v/jppn+ev/jproS0PMasxjLtAH9f/AB001hkY/r/46ae4/iB/T/x4UgYjgf5/2TStqIYqHPI/T/x4UPkHr1/ztNSEF1yF5+n/AI8KYUxkuf1/8dNHKx3sMIJB2np7/wDjpoypbgdPX/0E0oXJwD/n+6aT/PX/AMdNZvcrmVhqPu+T09//AB006RMY+vX/ANlNKFBHXn6/+OmlcHpjp7/+OmkLmEDEd/8AP9008FnTgDj3/wDHTTEUM2D/AD/8dNTbkUeXt/I/+OmgG1sNjJ+6x/X/AMdNSByBgnr6n/x01Hlc5Cnj/O008EH/APX/AOOmqvYV2hNy+v8An+6aQOGzg/r/AOOmmvtD49evP/jppTtAwP5/+OmqQNtjsgAZ/wA/7Jpf89f/AB01H/nr/wCOml3N0z/n+6ad7CH/AOen/jwo/wA9f/HTUQmcHP8AX/x00qyOxx/X/wAdNVzImyJVODz/AD/8dNP/AM9P/HhUS5xz/L/x4UqFlGM/p/48KZNrEw6g5H5/+OmnxMTyT/n+8KhU5HzH/P8AdNOGWPX8/wCYoAnVwCCD+n/jwqRZFYbXP6/+OmoY+m09vf8A8dNO/wA9f/HTQBOrZGf6/wDjppy43c/z/wDHTUJdsDDfr/46aesueApz9P8Ax4UAcF+118Ybz9n79mXxp8YdP0aXULrQtElmtLOCNmMkuMIpwDxuIz6DNfzV+NH+I3xe+Imp+KfEAutV1rWr2W7vZBGzyTTOxZwQOe/QdAAO1f1JSmCeJreaNXRxh0cAgj+6wNfLX7Vnws+Gx/bE+BOonwTpqtfahrVrcSR2KKZc2qMu7AG7BHGc49q+P4my3E43kqwqWUbK1uraVz+hfBLj/JeE6dfAYjBudSrzTdRSs7U6bkoWcXpo9nu72KH/AASH/aH8Q/HT9knR9M8dWdzHr/hWNdK1JriMgzCNQIi+epaPbn3Br6pJAYj09v8Ax4Vn6L4a8PeGI2i0DR7azWQhpBbwKm8js2BV0kgZHOff/wAdNfT4SnVp4aMKrvJK1z8b4nzLAZtnuIxuCpOlTqSclBu9r7q6S6+Qu5T8x6/5+U0jMWOT/P8A8dNJk4xn9f8Ax00f56/+Omug8G+gA4P/ANf/AMdNKzFjk/z/APHTTdwztP8An/ZNL/nr/wCOmpYr6ASB1P6/+OmmNLjoP0/8eFIzjdn0/wA7TTGbd2/X/wAdNJsNWSearDA6/wCflNODgrux+n/jwqFDg49ff/x00shI+U/5/wBk01sDViXcMZP+f9k0v+ev/jpqEZCkEfr/AOOmjczcAfr/AOOmqJJv89f/AB001mGQf8/7ppok2DBPb0/8eFCkEkFsfj/46aTAQyYGFP6/+OmkXB5bqPf/AMdNI/3sZ/z/AHTQrbe36/8AjpqGtC00mPzjn+n/AI8KQsAMn+f/AI6aTzPb9f8Ax0015lB2sv6/+OmpsyuZdB7FsYBGO+T/AOOmvJPiqpf9qz4Thj92x8RuBn/p2txtP5/rXrIkUpx6ev8A46a8o+I7o/7WXwti2jI0PxI+Sf8ApnZjafzrKr8K9V+aPXyl/vqn/Xup/wCkSPUF8wMdvf8AztNGMHDL16kf+gmlbhh2/Hr/ALJoKA9Sfz/8dNda2PGd9xf89f8Ax0077yfT3/8AHTTRGwbGePr/AOOmnqjYwy/5/umhgncZ/nr/AOOmj/PX/wAdNOKZYgDge/8A46ab/nr/AOOmqSuJsP8APX/x00f56/8Ajpo/z0/8eFI25eMfmf8Ax00hX1FJwMn+f/jppAfm+Zhj6/8AjppcBm2+3r/46ajOBncR/h/sms5SNIpSHM2PT3/+JNIx7rx+H/jwryT4hftaaBofjST4V/CnwNrfj/xXAM3mk+GIEeOxGOJJp3ZYoM9gzbj2FUtC8Wft7eIxLc3XwD8FaBHkeRDqXi+WebH+0IYCo/BjXG8XS5rK79E2e7DI8coKpV5aaeq55KLa9L3/AAPZxJ6nHPr/AOOmn71J25/X/wAdNef2s37USwot/wCDfBxkI+dotcuAM/3SDDUqXX7Ru7MvhTwoq5x/yG5jz/dP7ms3jKdtE/uKWXz61If+BI71CM8n8j/46aeGHCjt7/8AjprgoB+0fLGV/sXwikhPA/tO4YY/un90KLy0/aihi/0HTPBTOQNomv7oDP8AdJEdZvHx/kf3Ff2c2/4sP/Aj0FWY8kd/8qalWRSMqv8An+8K8v2ftljhNC+Hn46pef8AfJ/dUgj/AG0VH/IH+G4Pb/iZ3p/4Cf3NH12+0JfcH9mtf8vYf+BHqbsrNg46cc/+OmiNiFJHf1/9CFeWKP21Ixg6L8NmPtqV8P8AgJ/c0oX9tjbtbw98N/YjVL3/AL5OYan65LpTl9w1lsf+f0P/AAL/AIB6o0ick4/P/wAdNMZgUwcf5/hNeZBf20MYfw98PPw1W8/75P7qkZf2zCcf8I78Pvw1G8I/3T+7qvrTf2GJZZzf8vYf+Bf8A9LdcjqOvr/46aBgcA9Pf/x015lIP20MgLo/w7X63d6f+An5KhaD9uB1C21j8MyTkkPc3w/4CfkoWKlf4GV/ZNt69P8A8Cf+R6icbfvfr/46ajZ1A69ff/x015XND+3op/d6B8MX9D9uvh/wE/JUYtv292Q+Z4V+F+f+wlff98n5Kr67b/l3L7i1lEn/AMv6X/gf/APVHZQSSeP8/MKhaQcnP+f7pry/7N+3xyZfBvwyb026zer/AMBP7o0sNn+3SR+9+H3w7Y+ieIrsf8BP+jmh42P8sv8AwF/5FLJn1r0v/A0enGRTyo/En/x00Bz1Yn8P/QTXm4sf24fK2t8MPALMf7vim5H4HNrUZj/biRSp+D3gU46H/hMLgf8AAT/otS8ek/gl/wCAsP7Gb2r0v/BkT01ZW8zOePQ/+gmp45M/e/D/AOJNeTfaf27EY7fgr4B/8LWfP+6c2oqSHVf25UGLj4JeBRj+74zm/wC+Tm2o/tGn/JP/AMAl/kJ5LUf/AC+pf+DIf5nrkTbhhiPp/wCympUTI3Efr/46a8hPi/8AbQs0Z5/2fPCs2Ogg8akE/wCyd0Ap2qftReJ/hTZxXPx9+Cer6PbSvh9W0KVNStLZf70nl4kT67CPetKeY4eTtJSj6xkl97RhUyLGf8u5Qm+0akJP7k7nr/P3ff1/8dNIybWIUZ/z901S8IeMPCXj3w/b+LPA/iG01TTbtN0F5ZzCRHH90kdx0IPIIIOMVpEc7T39f/QTXempK6PCqwnTm4TVmt09yt/nr/46aP8APX/x00+SNlyTjH1/8dNRlsDkfr/46attmVgZtvb9f/HTUbsFUk/z/wDHTStIMYP+f9k0m0gkH8Of/HTRcERSAOpIH+f7ppirhiQ3Xtn/AMdNTMu3v+n/AI8KY4wdwP6f+PChMZGWk5BOfbP/AI6aRigGS36/+OmlZ8ttX09f/HTURIzy3f1/8dNNivrYtjAPT/P9004gMMjgZ9f/AB01HvGeV/z/AHhRtw25WP03f+Omhq5CbRMCd/09e/8AtCqHirxToPgnw3feMPFGoR2en6bbPcXlzKcLHGoyXq2Z2zg9u/8A7Ka8S/a1lb4geNfhr+zo5zZ+LvEr3OuRg/6ywsoTO6H2aTygR71lUbhG56mV4aGNxkadR2hq5f4Ypt/lY1fg/wDDXXf2iNetvj98atMaPSFfzvBHhK4GUtYT9y5ul6PM4wQp4QHHXNfQEFhDAoSJAo7AdB/smotNiS3t1t4o1VEXCqi4A/2SKsM+BuHGOnP/AI6acYRp7b9ScZjamNq8z0itIxW0V2S/N7tmV4i17w34X2SeJdctdOikbEU17OsSOf7mWIBNcX4h/an/AGXvCis/ib9obwXY7fvC58SWy/8AAhl64b4k/twfsl6z8UvHf7Hfx50KO9uvDHhP/hINUsdSsRLDdWJiZ/KGQcyKONvBz0Nflx+1v4x+AHw5+O4+FXwH/YA+HGs6pL4dttegs9e+1z6jJFdhZIYUtFcIJljcPIn/ACzUjPrXRCFOT5ZXucE6lWCvG1vO5+xXwZ/aD+AX7RGqX+hfAj4x+GvFt9pUQl1G00PVEne3jY4UyAdATwK4nX/2zvBdh4u1zwDpXhTV59X8P30VvdWVza+RLcBplieJUfDSlS2RjggZyvSvA/gF8Xvg/wD8E7fgl8N9b8V/CHwL4S8afGTW1sNdt9J0xtPTSxsP3n+YlEYplc8s+OK+ff2u/iv8aPE3xT1/4naP8MT408K+EdXmm8f2kNi0P2+4t2JberygY8lUIlX5SGAx8pxzw5J1Glt0O21WFK8t12P0Ui/aE0Hxh458K+EfC1urDVxqP9oRXGFnsprU7WTbkEShs5TGQFPoa7m7sb+3iZzc7UA+Y8jA/umvxCtv+Cz1t4L1H/hafwk0zU9Nm8LSTT6Jo2u2qyT6pbXEhErSXsikuVXCICSTjJdzzX6YfHH9sfxF8SPg94v0/wCEDXXhPUNB+Blv45vtXukjlms57yOY2ttED8uSIWZnOcArjk8Y4ilOlNKxtQrQqJns3wO+NK+OfiJ46+G0tq0MnhDUre380RfLIJIBIQWyfnU5BBA+nerXw8+McvxP+KvxC8ACwhitvA+o2Niki5LzPPaLcsX5wAA6gcDv17fkjFpf7W/7MH7THw9+BvwK/bZ0rUPH/wATPDNnqPjW61SMSrp1xd25ui0qZYy4VWCMRuG1ezEV7/4L/wCCf3/BRqyXXf2lvD3/AAVJt/C1/wDEGxi8ReJJ4vCimG6MdoPL3xszIu2JVUbR07U5Ula99wVR9In6I3HiPwtpvie18JX2tWkGoX8MkthZTXCrLcrGAZE2k5YKCpbAOMjNcp+0n8Wvhx8EvhTe/EH4m63a6do8VxDave3QzGs0rhYlIHOSxUfjmvy9+Bvx+8OeOvgv8Nfjz/wVd/aAvtXufFPjfX9E8GeM9Ht5LOfT4UtkQxgWke5FkdMbgoOD1HWrPxF/YG8B/FHxN4t+JP7MnxB+Il/4C07wWyWzaje3GrQahrUUuY4VjmJaVVKlyGIKsVxkHFWlafLL7yXO8LpXP1x02BJrKKaNMK0SsoI7EcKa43Vfiroq/H/RPgXo99DLqD6XcaxrSAFja2qYjhBI4R5JHyobBKQyYzivjn/glx+1T+2H+0D8SviM3iXxJrVv8O/DzwWWkW3xF8MG21t74j94GdQg8lVHC4HUYzXnPgf9qj9qDwj+3R8XvhF8MG0D4324vk1jWPEWhakul3WixbJIYreO4KlJvLLFfLQsRt9QaahLma6omVSPKm+p9sftP/ty/Cn4BeI9M+Hz3J1jxLfSiU6JZSIXitlBd3lLEKvyK5VSwLlTjOK7n4PfHz4b/HbwUPH3w11iW803zpYTPJavFteNtrqQR2OOQSORgnINfnz4b/b+/bD8R/Eq10G7/ZK8JNrN7pGqSm21zx3bwX4tLXO2WeDyTOybclHYIrlgGZc4ODL/AMFJf+Cl9/8ADV/EXgP9jfR9A0nQB9ov5tcgeORLdVucQJGzKPtTpaNIgHyshjIzvWtPZuyX6mSrQk9L/cfoT+zv+0rpnx1+IfxJ8H2ViLdPAfiiPSFkMgJuAbaOVjIB0+dnX/gFWNQ/aX8GTftO2/7K2l281xrh8KS6/fXEbDyrW3EqRxqR13vuLjttQ+or8Of+Cff7Tn7fevX3xh0f9lPw/dX3iv4jX66teWs7rHPpJuILpI2lMpRUMM9wNw28CMBfu8+h+H/D3/Bb39mz/goJpJ0Xwh4Z8T/Erx38PodHtNU12b7RYyaZazQRl5TEytG6yFBuPLZPBB40nh+WbTkttDKFaTinZ7n7fiEv3/P/ANBND2RbGAPrn/x0157+z3f/ALTUPw4sj+1Bd+CJ/FRBa+Hgm0uobKIdowbh3dyOctgD0FWf2d/2jvDP7QV/450LR9DurDUPh/4zuPDmtw3Eiusk0aJIoZl6o6SKQCAwOQelctux13O3ex2g55H1/wDHTWT4k8SeG/CNqL7xLrdnp9uZFQTXt0kSbj91CXIGTg4HU4rppYwBhuMHnJ/8dNfnRqui6R/wUk/4Kd/FH4SfGGzl1X4XfA3S7bRdM8PFyttd69fQl7ie5AI3NHECqenynrTSuTOVtFuz9BILcyRh1/n0/wBk/pUd/wCVYW73d1KkccaFnkdgFVQMkMTwAB3r49/4Iv8Axi8b3Vr8Yf2Gvir4sudc1n9n34gSaHo2r38zS3N1oM+6WwkMjcyPEqvFuPJVEz05v/8ABYvU/iN8R9D+GX/BP/4ReLp/D2sfH3xXPpes+IbQnztM8P2VubvUgcc73jCQjp/rTRazswU043PqTwz4j0TxXpcWueHNWt76znBNvdWkyyRyAHG0spIYZHUVY8Q6vpfhfQrzxJr2oRWljYWslxeXU7hUhiRSzmQngAKCSfQV8IfsMeArP/gln+1xZ/8ABNi++Ld7rfgPxroE2u/De+8TXCi5sbuAgXiRPkKUZWWVcYwdw6muD/bt/wCCnPwY/ay/a+8Nf8Ew/h58ctE8I+AbzW1T4vfEjW9VFlb30EDhpNKsJZAqybyuySQHa2SgOASapwdWaUdjOpXjRg+fR9vM+uvEX/BQb4GaJ8Z/hj8GHuL/AO0fFa0lufDGpy2TR2kqrGHRN7AfvHBG3GR78ivdWtM/vSM5Hc/+OmvNf2w/2Qf2Vf25v2ZbT4PeDPiH4e0i+8NGC9+HHi3w7qsDvoF/AB5ALxsQU4AZc4ZevIBHCfsA/tq618ZtU179k/8AaQis9I+OPw1H2bxdpkEym31mBG2JKWB/eQyDYWAyUZ8HgirnCKRFKv7RHvOo6FbX1tJZ3llHNDKuySGSMMrA/wALA8EV4H49u9V/Yq8SW3xB8NB5fhtqV/HB4k0d8kaHJKwVd/8Adi3EB48YH3hjmvpqWxEmc4/L/wAeFcr8XfhlpHxT+Guv/DvW7ZHtda0qe0mDrkYdCAG9wTn8K48RS543Wklsz38nx0cNiVTrrmoz0nF7Wel/JrdPe5r21xFe2sWo2MiyRTxq8UqnIZSMgMe4wRQ4UZHf6/8Ajpr5+/4Jq/FHU/Hf7NEXhPxLfebrXgfWLnw5qLs+Wf7MQse/Pcpj8Qa9+eVF/wCWgP8AwL/x01rh66rUIz7nn51ldTJ82rYKbu6cmr910fzVmNJycEY/H/x00LhW5/PP/jppGKNlvMHHof8Ax00gY42kjH1/8dNato81QY5mfO5enuP/AB4U3kpgn8z/AOOmgyk8oR1/vf8AjppxkX+If5/vCpcmxODuIQRwf5/+OmgxBuq/r/46adkDrJ9Pm/8AHTSq+7hlK+mT/wCOmpDl7jUjycgf5/uml8v/AGv8/wB008Lg9R+f/jpoH94+vr/46aAshghwcr268/8AjppGD44b8c/+OmpXAI3A/r/46ab/AJ6/+Omm9BOxEzY49evP/jpo3fLu/r/46aV8c5/n/wCOmmMd3QdPb/x4UXYhwIbn/P8Aumhm2/j7/wDjppn+ev8A46aRm29v8/3hTvdDsOLE9T/n+6aXdt+Vjn0I/wDQTTAwJwR+v/jppWJ3Y2/r/wCOmlZphoKSp4Ix7j/0E0qsrHaB0/ztNR+Z7fr/AOOmhWJYH+n/AI8KrURN/nr/AOOmnq6Y5Y5/z8pqMtnhW/z/AHTTUfGEbr9f/HTTTAsdVyW6e/8A46acG4zn68/+OmosZG3d/n+6aN3qc5/ztNUtSWrlhB8ufXp/8SakEigDJ/T/AMeFV1YYwx/z/dNPRwRuzjA4/wDiTT0ZNibcp6N+v/jpo80Afe6f52moi/y5HX6f+PCmM23t+v8A46andDW5N5hPQY/z9014F+1UQ37S3wEm7x+KNTxz62g+U17uXBGN3+f7prwf9qRC37Q/wKkz08V6iOv/AE5j5TXnZhHmoWfeP5o+q4RfLnCf9yr/AOmpnvO/cMZ/X/x00f56/wDjpqJOfl7/AF/8dNP3AZ2nPPr/AOOmvSjsfLT3Hf56/wDjpo/z1/8AHTSE4XOP1/8AHTSGTAHH6/8AjppPcW458KMkc/5+U1CX7D/P+yaWSVjlR/P/AMdNRhweDx+P/jpob1GhScnJ/n/46aP89f8Ax00gYHof1/8AHTSIzMxBX9f/AB01N7FDw2BtI/X/AMdNITk5P8//AB00ZwQvf6/+OmgkDqf1/wDHTTBoRXJG0n9f/HTTgSOh/X/x00wY8zOP1/8AHTSK+3knj/Pymndkta6E0Zj2/Mefr/46aMqOn54/8dNMyD3/AF/8dNMQtuJZunbP/jppX7iexIueuM/j/wCOmk/z1/8AHTQJMcA9ff8A8dNJuO7GD9c/+Omm2nsNJbC/56/+Omj/AD1/8dNG5QcN/P8A8dNJ5eVwD39f/HTSDlGk4Ur6dP8A4k15L8QZMftk/DK3L4x4V8Rv1/2rEbT+desylQx9SP8AKmvFfH12G/bs+HVmTxF4C8QuR7tcWACn8jXJi5csY+sfzR9BkNN1Kla3SnUf/kjPbFXe3zDP49P9k0pUgkKAcdgP/HhRCmV3Z/8AHuv+yaeccnOPX/4k108zPH9k+wiAh8+vv/46aQu27y2AH4/+OmlxgAr/AD/8dNG3POePXP8A46aOdi9lIXYeSDgn3/8AHTSGEE5Lf5/umnLu/i/l/wCPClwcZP8AP/x01XOS4Ef2dc/eP5/+OmpDGGXawwB0/wDiTTlCk8Pj6n/x018sn/grD+zz4c/aI8Tfs4/FoXHhfUvD+stYx6leMps7sYDJvfIKEhhkMOD3rnxOOwuDinXmopuyv3PYybhrPOIZVY5Zh5VpU480lBXaje17LXqfUBTbkDrn/KmvJf2lPF/jHVtQ0T9nn4T6obLxN4waQzaoqbjo+mxgefLMOm75ljjB6u69ga9P0PxDoXinTo9Y8O6tb3ttNEJIri1mDq64ztJGQa8y/Z7h/wCEz+P/AMSPibqCiSSzvoPD2mM3WK3gjWWTZ6BpZST/ALornxNSNRxpwd1Lqu39aHRk1H6rUq4mtH3qK0i19tuyun21dvI9F+Enwc8B/AzwZbeBvh7oq2lnCN08pO6a6mP35Z5DzJIx+ZmJySfoK0PEnjPw/wCDdPvdf8SXIt9P02ye71C62lhbRKVG6QDkKd3XoD1xWl4pGuW/ha+n8MWsc+oJaSNZW833ZZQpKoTkYBOBnI61+T3xjvf+Cn/wabXviN+0v8Sp/CnhPx3DJ4fv4NUEF7bTQPuPkJbwhmhIjOPMXGcduK7IUeZclOy7HmYrFy53VrNtvVvc/Rz4sfG/TfDHwg1D4peF501G3srfT76TyIyyvZ3TxlQ2OpMDlx6Ec966Hx74y0rwnqNnoV3KVvLiblPKLBAkbTSbiOn7pXP/AAGvyr079sD4t3/gHxL8MNU/bU8PXekal4dg0eLSU+FdyhFnFHtjhWSPAi44LYyeuec16j+zl8Pf+Chfxi+EN7rHxA+OerQ+CvD1ob+08T2nhuOa7vTJA1v5YWQJJIogdosZI65Oeaitgq9FN1LL1+RjSx+HqW5Hf0PviX4wfDrTvEOo6fP4rshHonkR6tceevkW8kqvIgaQHG7yo3kK9doB71reHviF4J8f63d6d4Q8TWWpDRhG179iuFk8l5VLRMNpOCY8OPUODX4y+P8A9oK6+AHgiVPiV4jttT0PW/GLXWlWOuxKLmQWEbLAZI4WMc0YYEGKTc6hyCduCK3w+/4Kc/ta/svvpB+H3w5tbzXPi1qccOpT6rELuOfV1YwxRBoiqrHtYLjjAgRcYq/qM1DmTH9cpupys/b55COM4z6/+gmuH+NH7THwC/Zz0aLX/jt8YNA8JWc8nl28+u6iluJW/ufN948Hp6Gvnb4rfCD9rfxx4y0KPxV+114r8Jadc+H5Jr3TvCdnaQM+orImVMkkcjeUFfGzOOM5ya+e0+LPx20H/gmX4s/ayu/iTp/jH4j+ANX1C3ul8a+HbTULHUIor8wKGQoskTeUeqOBnBIIrKMINJ3NZTklt5n2To//AAVU/wCCdWsXAtLL9sHwPvY4Bl1qONSf7pLkV6D4w/ar+A3gv4Ry/He8+JmlXfhOGSBH1vTLlbqHM0ywxqTGTnLuo46ZJOMV8X/stfGL9pD4sXOtaT4z/YJ+CvjYaH4a0rXJZ9GvRpkt3a3tsbhFjiuoZIhKoBUhpAuccjtwf7cX/BQT9mj9o74KfBz4S/s3/DSbQ9M+Ifji2udf0z+zobX+zbTT7gPMG8gmNm8xV+4WX5W59Xa8rJMlSmouUj9Q4fGHhd7WC9/t+0SO6QPbtLOqeYpGQpyeeCKv6nqEOnaHPrp/eRQW7TExYYsqjJU468CvxV+IF58FfiV+0d8aPgd8bf2bdT17UvEXi+w0n4W+NtLsxINMlms1Q28bblUBZFkk6HI3DtX3x4CuvhZ+xf8AsUaf+ylododX8f3egXM0XhOw1JluLu6J8uQMwMnkxmU8Y+UEgAA8UTVvU0g+aPN0PTPDn7WNnrlxBdatpsNtp97Iy2d0kyuMhsYODwcZ46jBruPD3jy5v/jpefDt0CwQeEYNRj92a6ljIb8AtfiRa/8ABRSy+D3xSj+Hvx6+BHjTwD4yjuZrqwvLm+aTS7SNmZWlntym6NP70qA5JYjGSK+ybb/gphaz/HfWf2h/gjb6F4w0WD4aaf4ZtEh1b7JaXfiKa7a4hiW4mGEiZP48HlgCQRit/Z6qxCd02fpRJBlSCB+f/jppBbc/MBx7/wDjprx/9j/9oz4p/tAfsv2nx0+JXwv0/RNaure4uLfQ9G1B54bqBN3lRiSQDDvtxg5AJBzirf7Ff7Yngj9t/wCBsHxy8C+DfEXh+2bVrzS7vR/FFh9nu7a6tpPLlU4JV1DcB0JUkMM5U1LVm0F0eqiMjqOPp/46aIr+xt7qO1uJ0SSVsRIW5Y4zs9+OadM+1SAefT/2U1+ZjfBDxP8A8Fivj98YvGXiP41+KPCPh74TeIpfC/wbPhbVXtW0/W7Tm6vr4oR57mbbGsbfL5aHI+anGPMKUuVH6jpAsiDCjB6H/wBmFU9cvtK0Kwl1PWL6G1toULzT3EgRI1HUuxICgep4rwf/AIJS/tUeMf2tv2UYNf8AivbwwePvB3iDUPCPxFt7YYjGtadMYLgMOojmASZQeglx2yfjz/grT8U/FX7Y3/BVD4L/APBHTR9cu7HwRq1unif4rfYZmjbUbVFmeOBCuD5RWDcw7mRfShRblYlzVkz9MoJbbUbdLyynSWGVA8UkZyHUjIYEdQRggjqK5v4mfEjwD8JtDHiT4jeLLDRrF7qK2jutRuFiR5pGCRxgseWZiAB1Jr4o/Yf+M3hz9gX9sL4s/wDBLz4o/EdYPB3g7w9D43+FOp+IL/Js9BlB+1WsUshJZbeZXMYJzsbb/CBWP4K8BfE3/gr1+0zp/wC0Z8UPDWs+G/gH4Gv9/wANND1a0eCXxTdKebu8icZEXaPcM7QMYyacaXNLUiVXkjpufdeieOvCniDxnqvgfTdatJ9R0aC3l1KyimVpLcTbzGXAJwGCEg96v63odvqdq1vcwI6sMbXUEEf3WHevk39u39n743/s6fEnT/8Ago/+xppM2t694W0A6b8Q/h6sjeV4s8PRkymJcA7LqA73iYDuQQRkH1v9i3/goX+y3+3n4JTxT8CvHkU2owxga34U1H9xq2jTDhy9s3zIynjcMq3BB5rGrTvG+5cKrucD8S/hp4u/ZM1y+/aB+AFi82j7vP8AG3geFf3N3bj/AFilekdwigtxw4Ug8819DeCvFWiePvCGmeO/DWoi607V7GK7sbhBxJFIodQ3ocEZHrW5rvhqLU9OmtmjQ+ZGww65BBHKmvn79iD+1PBFt4+/Z81SbcvgfxrcJpCF/wDVadeKLq3jA9E8x1HsB0xXPh2qVRQWz/M9PERnj8BKrJXnTtd9XF6a+jt8j3aVlK7T6+v/AI6arSIAdufpz/46amkdSu0HB9//AEE1ESc8n9f/AB016LTPAIiPX+f/AI6aASMj/P8AumnlF9P1/wDHTSMmOg/X/wAdNS7tAtBjAkYB/X/x00z/AD1/8dNSf56/+OmmcLy56e//AI6amOo3uRSJ3OPz/wDHTUbRbRwM8+v/AI6alY5bI6duP/HhTX+6f8P/AB4VqtUS9heQMDp3/wDiTTxkr15/z8ppn+ev/jpp4C/eYdP9r/x00yBjAs20dc+v/jprw344Xlv4X/bY+BniPUpCLbUF8QaPGSPl+0S2scyK3plYHH517oFUgkH6c/8AjpryX9tT4MeLfi98GV1L4XBV8a+DNXt/Efgt3OBJf2pLCMHskqF4j2w/tXPiU/ZNrpZ/c7ns5JUpwxnJUdlNShftzRaX4s+gLYq8Y+bjGQf/AGU1ISSNhHbr/wCymvO/2Zfj74S/aP8AhPp/xH8LCSB5VMOqaVcjbcabeJ8sybeqyRuCpB54B7ivSoYS6bR/Lp/smqU4zXMjjq0KuHqunNWa0Z+Tfxz8feEPgd/wWM+Mf7V/xe8Ga/rXgbwx8MrXw5JDoOiS3xuNWnt7aSGFFjVtpkSViCcAAHmvkHw/8OP22P2nvFfjD9pXTP2fPG9p468c6soOp/2fJZRaVpjSKfscDSoOXVEjZkKkRqVyAxr9XfjN/wAEpPjb44/aR8cfHf4L/wDBQ3xx8N9M+IEtlP4g8LaDp0TRSz21usCb3LAk7V4yOM1z17/wRM8d69J9q8d/8FNPjVrDfxLJqwRf90ruIFae3UJcyfS2zZnCndWd7HyN+0/pHxw8UftK/sqfCD41skWu2VxDc29pFDvgto1njYsFUtuI8nLHPODWb+39+054z0z4sX/xC13wpf6Xrll4kuP7B1jwmqW+m3NrHNiSWe2eXMgYc7yvIwMdTX3D8CP+COfhP9nX9pfwX+0xF8dfFXjq78Ii+WbTfGl355uhPbtEqeZzs2biwBUg+tUtH/4Jbaf4o/aA8Y/G79obwt4c1vTdQ8SnUvDPhW2vriaGCJV4DGVAFDOAxUKQDkd81hGvShUWl4pdutzslCU6bs7SbX3WsfIv7QX7JOl/s0f8E3NL/wCCj2p6HpHiHVPGt3jxHYq4t7b+yNTPyRCJgyM0cu2VSqqyn5c8Yr0vxBLqkf8AwTc/aK/acWF4bHxt4W8LeGfDUjFsCzg0e0tXTJAyPtE0447g12X7TH/BJP8Aag/bq8U6J4P+Ov7TCeGPhJpN7HcQ/C7wbEwtIVTIWPLbVZ8EkMykKWOBzXX/ALU//BNj9oHUP2cvAn7EP7O/xNs1+Ez39va+LbPWrQSalZRR3L3CKbgMokUbipiK5BVMHGRTlUpSjFc13e79LrQzgqlNyuvQ+Pf+Cf8A+x14EGifEz9sX4g3V1qPiyG3u7mw1Ca7LNaRwQERJkjcCirt4bAAAxX6PN8EPCXg39gy18WXYvp9T034FJaG5uNQlcBYtF2BShbaOmcgZ5rw/wAT/wDBEr4jyeGdb8H/AA4/bo8V+HNO16ylgvbG306PyXDoVdSqMuQ2TxnvXsn7Xvw0/bfvf2E9L/Zf/Zo0vwdrviXUvDdv4V8TeJ/EGty6ctpY/Zfs87SRrFIJJCqkeWTkeZkZxRWnCpUTjLQKblTptONvxPg/U/g3otz8FP2Cvhx4gs0J1TxPqOsXNqzAF1+xrOQwPUEuP++hX0/8R/2Z/GOi6L4ii/Zn/aI8YfDy71LTp7hFsbkz2r3jKeGR/lQsAqZBAHB7V2/wd/4JIfDey+EfhLRP2kfHWt+OPHXhbTRBp3i9NUms/wCx8pGpsbaOFkW3iAiiUHG9hGC5OcDz/wAff8E6P+Crfw81R5f2T/8Agpno+o6MuPsfh34ueBYb9oEHAj+2RKZJB7suf50p1YyldPv6PW4oKUU7q97eqskeVfs9fG39pr9nj4anQP2utD8T+L7nX7V4JLLQfAcdxBGYn2KZLu2liG6RHY+ZgjMYBxk1H+xdov7Lf7DOq+Pvin4A8E634N0DWoxqOu23xA1G3v2huFkd0iENjPNMPlkcfMCcDtmvWPhp+z5/wXNk8Q2mlfG/xx+yle+HxOv26a28I6rLcSRZ+baivEm4jpk4z3r6Dm/YR+BV1rf/AAnmofBjwE+vIm5by38Lpb5lA6M4LOgz3ySO3NRUxEF7slo+z/4YcKbkrrptdHwz+0z+1d+wdomht+0P8XPHFm+o+PLO8tdS1LwF4FutN1s20ts8YtYrhl+46bVxKOTggKRXov7An7dngH9t/wCEd5pE3gfX4PEng/xJpJfS9ZtxItxbCXyLdpJlUBmERw4JJzGxzzTvjt/wTu/4KB/tg3Nz4K8UfFn4b/Dn4f3bypfaR4e0Oe/vLmEkKoZ7o8PtUncNmN3GTX0Z8FP2Q/HP7OvgjT/Cmp/FSx8V6LpB0+30+zh8I2+mXNtDCWQmSWBv3xG8MdwHCZznOdHWwnskr+9+X4AoVed6aHy9/wAE0v2bfDvw6/aO/aD+Mul2zw3Gp/Em70mBdm1RbRyNdBNpzgh7kr9IxXN/Gj9n79uW9/4KxaN8SPDP7VuoeGPB+uW0MHh97G2gnmsljhElzCscsbJhmjJ3H++DyRX0NF8B/wBvzwNrnie1+EM3wUttK1rxXe6vbXuttq010wnZTl44kRNwwB8rY/rxXxI/ZB/4K7fE3VdM1mD9rv4JeGJtGumuNPm0n4dX08kbsjIVLT3LAjDEdB1/KnWi5OV1tYj2TUFHlZ9M+BfAmr6NpEaeLPip4j8RT7fnn1CeGAE55YC2jjFbvwC8QfAjXbHXE+B2qeHboQa5IPEh8PzxSn+0Sql5JmjJzMV25LEnAHpXm/7I/wACv2uvh5oeqaX+13+0r4d+JEl08Z0uTQ/BZ0g2gGd4YiZxMDxj5Vxjvmum/ZZ/Yr/Z+/Y4vfGV18BPCEukDx14gGs69E968qSXQQptKscRjBPA9fYVlzJ9Tez0sj1+4wRtz+v/AI6a+J/2V9C8J/A7/gpr+0j8Ntb1S2sdR8eJoPjvQYrudY/ttmLSSzvE+Yjd5U8GXA+6JlPTNfaruCu4nPt/7Ka8P/a4/wCCd/7KX7dk/h+4/aV+GQ1qfwxdSS6Ne2uoz2dxCsgAljEsDKzRSBVDxk7SB0oU1rcUoSaTjufKn/BGjVdF+JP7cX7aH7WnhfUkn8F678QdN0vRdcBxa3psreUXCbzw6hnXkEjkVr/8FFvj74T+CH/BXf8AZN+IvxNujpPhH+yvFWiXHiPUAYrK11C+hthbhpW+RS4jKgkjqfQ19ew/s1fD/wAGfDTwz8DPhB4e07wn4N0DUbaebRtGslhWWG3YSJCm3ACtIqeZkEuoIPJzVv4+fs5fBX9qH4d33wq+PXw10zxNoOoYNzp2pQh1DD7qk/eRx2ZSCPWh1Yyvfa1iVSahZb3v+p+e3xfj8Pftqf8ABxz8Ovh3oGoWus+H/gn8OZtc8SS2Fyk9uLuVnWOPehKkkzQkjPb617n/AMF7dM/Zy0r9hbUfDnj74NeHfEnibxXqVroXgOyutNj+0DUriVEj2Oq71KZ3cHHGDxXr37DX/BNj9jn/AIJ5rr0/7Mfwwn0i48SzJJrF9qGrTX1zKEGEiEs7FliHUIOM8nJxXmnj79hv45/tbfty2/7Tf7Tl9pumeEfhlcMnwa8HaVfm7WW44P8AaepbkVRIW5WEbtoRMtxinQqRjNdor7znrwqyTaXvS/A8G+Nv/BAn/gnv+zH/AME7/EHxD8WeD9Ql8X6J4Fe6u/EFv4ku7ZRqCwggqiSBQvmYAUg5FfSH/BIX9j74S/s+fsW/DnxDongGwj8V6l4VhuNX8ST2+6/uvPAlYNM2XKcqAucYUelc9+2x+xb+3T+2VpVt8E/F37T3h6z+Hsurw3Or2el+HZILu6t45FYpvMjBs4P90cdDX2D4L8MaZ4L8Jab4N0W3EVnpdjFa2sY/hSNQqqfwFX7adV6tl0qPsoa7lvy8nlug4BP/AI6aiuzDDbyXEuAqRsXJHQAZIarZiaQAcceh/wDHTXhX7XPxW1zWrZf2Z/gzc+d4u8SxeVqFzD8yaHYP8ss9wR90lSQinBYnisa9VUaTk9+i6tnqZZgZZpjY0Iu0d5Se0Yrdt+S/E+c/2OvhD8WfGvg3xt8QfhJ8ftU8F2PiD4mandQQ2ujw3MV3ErBAZPM5HzbhxjPfpXrT/s+/tZqoK/t06qW9ZPBVkf8AgJwRXrHwy+Hfhz4S+AtJ+G3hK22afo1kltbk/efaOTJ6sxyx92NbuxP7o/z/AAmscNhI0cPGEm79bNr9T6LO+O8fjc1rVsOoKm5e7zUqbfKtFduDd7JXPCW+A/7YakKP23JZMdS/gS05/wBk/PTz8Dv2x1zj9s+Nj7/D+1/75P7yvcgkeOQPwP8A46acF2nax/H/ANlNbfV6fd/+BS/zPJ/1uzRrWNL/AME0v/kDw+P4NftlKuxv2yLYjv8A8W+tf++T+8qaL4N/th5/e/tjW2PUfD20/wC+T+8r2oKFO1R/n+6alVVYYI6e/wD46aaoQ7v/AMCf+ZL4qx73hS/8E0v/AJE8ST4JftkO4VP21YF5zn/hW1if+AnL1fg+Dv7X0WHn/bMtnUdj8MrEZ9mw9ewg4OD/AJ/2TSSnPHGP8/KapYePn97/AMzGfEmMnvCn/wCCqX/yB41f/Dj9s/SrRp9F/ae8OapcKMx22r/DuOCOX/ZMlvOGQH1AOPQ12PwS+NGl/Faz1PQrm1On+I/DV79h8T6JI4ZrO4xlVLDho5FIdG7qeQDkDsSGBywz2GPT+6a8j+Gmiro/7Z3xMvY1QDVPC3h6fHRtym7jKn1Hyr/kUnD2c1Zuz769DX61DOMBWVWnFTprmi4xjF/Ek0+VJNa3XY9jLAHB/wA/7Jpjtg8Dr7/+OmncEAEfr/46aQqR1H6/+Omt7HzDuRsVOcr+v/jppAoHT+f/AI6aeybvm3df87TTCMcH+f8A46aOVIZG4k3be3bn/wAdNNKkjhs/j/46am27uMfr/wCOmo85Y4HT/O00nogWrGqpByf5/wDjpp3+ev8A46aQk4+U/r/46aGbaM/0/wDHhUbl3SQ31JP4Z/8AHTSBgDnI/P8A8dNKSD/D29f/AB00n+ev/jpp2ZA4u6nk/r/46aeJD3HI9/8Ax01GFJ//AF/+OmnKMDBP6/8AjpqrAP8AM/2f8/3hSqcj/wCv/wCOmmf56f8AjwpRLt5J/X/x01VgJRIR2/X/AMdNO/z1/wDHTUf+ev8A46aAccg/r/46aVyXZkjuWHyn9f8Ax00E4HJ4+v8A46aYrbe36/8AjppSSeMYz7/+Omn0HZDuGTYp698/+OmvCv2osD9oH4Ej/qcL8dev+h/dNe6bTsyp/X/x014N+1W+z9oH4Bqqgs/ji9BOf+nFjtP5VxY3Wj81+aPqOE9M3X+Cr/6ame8IcYAPXvn/AMdNODOrbGxg+jf+Omo1O7Cj8ef/AB00owMNnv6f+PCuyJ8u9iQsTwf5/wDjpqN5Djgfr/46aV934fX/AMdNRuR93+v/AI6ap7k7aCNIAOR+v/jppgk7MPyP/jppHIJ4/n/46ajQtu5P6f8AjwqSlsSh9rEgfr/46aeJ/wA/r/46aiBzyD+v/jppQBn5h+n/AI8KTQ72JeDzu69f/ihQ6luVP6/+OmkByMD88/8AjppFkKfLIc+4P/jpoWwJseDhcE9Pf/x00yQlhwP8/wB4UgOST7+n/jwpf89f/HTUvQAViFC5+n/xJpNy+v8An+6aRuGz/X/x003/AD1/8dNIB4YHj+v/AI6aXccAZ4+v/jpqP/PX/wAdNOjP8J/n/wCOmmnYHZkm/wBR+v8A46aUuTGQB/n+6aZxgY/n/wCOmkZ/lJB6e/8A46atNjUdBrFercnOP/shXzl+0pda7eftZ+CND+DmvaXZ+Op/CWrLBLqcf2iG2td9u26WIEHllGORnafSvYviz8TbP4c6Hbva6a2paxqdx9l0LRoHxJfXBGRsP8KgfMzdFUE14v4Y+COoeDP2y/A3xP8AFuqHUPFer6PrCeILxCRCoMKskFuh6RRY2g9W6nrXn4+DxFNU473Tb7arbzPsuFpUsrqSxuJtaVOooRaupvla1X8v5slj+Ev/AAU788STftl+AoVI/wBVH8KVcD/ZJNypq/H8Lf8AgpGsQ3ftj+Ai38Rf4SkZ/wBk4veK+gyyE5P4f/EmlDFkKkDHc4/8dNOGBpreUn/28/8AMyqcW4qT0oUF/wBwaf8A8ieAJ8OP+CkKDH/DW/w4k93+E8g/4CcXtSx/Dv8A4KRDG79q74Zt/u/CiYf8BP8Ap1e9qirwEGPr/wCOmpAhPYceg/8AHhWn1SC2b/8AApf5nM+KMY3/AAqP/gmn/wDIniWn/Db/AIKAuM3v7U/gLP8A0y+Fbj/gQzf1bb4Zft0mQGT9qjwftByRH8McZ/2Tm8Ne1Rn5eVwR0/8AiTTmMjHn/P8Asmh4WnJbv/wKX+Zn/rBi27unT/8ABVP/AORPILX4c/thxndeftN+Gnz/AAr8OAoH+yf9LzX4l/t/6N4x0b9tf4j6b4s1+LVNUk8SMLm8s7IwpcExxlU8rJ2cEDbk8iv6EDnaV9T6/wDjprznTP2SP2c9L+KGo/GlPhBok3ivVbn7Re67d2YlnaTaFCktnZwAPlx0rwc9yKrm9OnThOyTu7tvT0P1Two8VsF4f5lisdjMP7Rzp8kVCMYPm5k/edttOz9D4B/4JM/s9f8ABRDwhc2vjCDUpvDPgKWFpH0bxYZCbtccRC2PzRZzncdvHrX19/wT18UvrF58S/D2qW32fUtK+Il8t7bk52l9pAY9x1wa+gwURAioABwB2A/umvAPiPpV1+y98fD+03odhLJ4T8SRx2XxCt4IyxsnU/ubqYDqq8JJjopLV05fk9HKKcY05OSW93f8Oh4vFHHmJ8RM0xFfE0KdKc0uRQjZvld7SlvJ2vqz6ejjYgF+w45/8dNfCf8AwWB+K/ibX/FXhL9nP4d+DLLU9Ztk/t511vQp720uAWaFFiWFXJcYc4K4wa+59D1fTNf0+DVtH1CK5tbmJZbeeFwyurDIDEcEEGvNfGv7JHh3x9+07oX7R2ra87HQ9G+xrorw7o5X3swaRs8EBiMYPQV70J8klNbrY/M61NTi4SXqj8vPhD8dPi74K8X3+k6X4B+B9lrlndPbahJP4XkjuIZgcPHx86kE4I2gCvsL9lz9uP8AaI+Lv7NfxJj8QeKPA9hL4VlNlo+oadpksdlaIBlnmVycRIOScEfL71S0P/gm18SvFH7QfxA8fat4k0LTdI1nxffXNt9kZ5rkrLJ5g3xlVVeCP4j1r3jwf+zJF+yv+zNr3ww+DXht/FWq+I7lIb579o4mm89xFK0pwVCRxneVwchMHPNGJqe3fNLWWnQ5sPRVCFop27H4veMPi/8As5+Ovihpvwg8U/AzSbTxXc+I5dP8VadpZa40fVp7gMomuJoWL285SQuhiUIRtbBzivrT4v8A7J37Lf7B3xg/Zq0jXfEWiLHpHj+UHxHqd4IGureeJpYjJvOJRDPhVkwMBlU9cV6l45/4I0/H4eKb/wDaB0v9ojw1/wAJ1Z3MWraE1l4Kjt7SyuoUbZbRKHD/AGTBCbWcseDwAFrh/wBoL/giR+19/wAFO7lfH37d/wC0lpfhu90eKOHwro/gnSxLHbYyzyTSSMA3mkq+wjKlcbsHjWc6c2rSsuu+pmlUjduN3c9t/b6/4KFfsy/CnUfDniW8+K+lPHbXt1banBaXAlkiJgkG4KoJz5mwemTX50fsUfF3WP2gv2Fv2r/2fZ9O1FNWudO1DxHpVqbOQgwv5sgTdt25/dqQM5O7gV+x37O/wX8T/Db4c6V8Jvjl4e0DxHf6JpsVhH4v07Roo4tbghQJHNcW7Atb3BUDeoLoSCQ5yRWP8cbv4gaXprfCL9mr4GRLrPiINDJ4lv8ATPK0nR4SCr3FyRgzMij93AvMjbclVDVywnClDkS7a+jOtqc5KTenb1Pjr4X/ABx1T9nD9h/4hfGaw0uaTX7v4M+DdL8MWnkt5l3qt/aGG3gRcZZhLKoI7Y5xXxf8W/hh4o/Z1+L/AMP/AIFt4N1G9uPBnw9ttDgkhsnCT6lMu+7LlVwS0obLE8+uK/RW/wD+CPviP4XfGHwB+0V8Hfjb4h8Q6h4FtLeHU/BvjXU/M0zxNBEHBDKF229yokLwShSkbqFIAO4fQ/7Rmn2eueHbP4jeC/2d38SeLY4X/s/TNRiihe0nKNhpJSSFVWwCyF+DxnNTDEQhUuldMqdKVWHK3ax+Yfwf8A/tffskf8EzfGn7XvhFlPifw1dnVrXSPFentdOyQAxxvLvO5ZUWR2Un5Tt5BBwfprRPhlbftmf8E0fhj+1t4E0G81zxH4w8F2q+K08PXIttU1C6aUNcwR3QZTbz/aIzyCMEkYo8Zf8ABNz9uD9ozxJ4X8QftB/tZJo+h2viETeJfAPhO3I0+70xWEiwIzYaViy4Yv8ALtY4Fe36F8E9J/YJ+BniP4TfAbwPfeJPAHiTUbh9P8DwX5iuNCurwurpFKPmEBfY7IvzRlndc8irlVpt6O7bvoJQqJK2yVj4X+Inw0j+JnxV8P8Awa8W/skfHTTdGktRo9xbazoWn+LrG4a4IBmuLqdRcwSKCpNwk6qvIxwa6X42fAr4PfAv9qj9nj/gkCljNoPw68ZWWoarqGpQ6ctpcazcQwzCJSwJLAliA4OQVTuAT6P4d/Yj/ay+CukeJ/H+jfBu81ptRsxqFn4b8M/tB6tHd2l4g+aIPcxiG5jkbD7CsTLgqd+axPjZ/wAEnP2yP29V8Kftc/Gv472Pw4+MHg+9W/8Ah9pOk2X2yHR4x5T+ZNOrj7TK0qFnkjVQNwGGwa1c4fzbfmT719D9IdN0Xw/4B8JweGtBtIbPTtNtFhtbeMbUhiRcKnsAAPyqp4A1rwnrvhi31XwXd2Vxp0rSCKWwZWjLh2EikpxneGz/ALWe+a5W28MeOPih8IY/DXxj8zQdZ1DTBb6/H4c1LescxXbLEszIDsY5KkqCAQDyKn+AXwK+G37Mvwq074N/CTTJ7TRNLeV4I7q7aeV5JZGkkaV25ZmdmYn37Vy0+fnd9jpl7Pl03O4uH3ISMZA7j/x4V+eX/BHvxpafCD4z/tHfsueNJhZ+I9B+MWq6ylnMdr3FhfyGeEuOrIVbr0+lfoIZl9P1/wDHTXzn+13/AMEyP2cv2v8AxfY/FTW7zxD4N8d6Zb/Z7Lx54C1dtO1QQZ6q4BSePk4WRWAzxiuiM4q9zCUXK1jz3/girrttpnxg/bQt7S5U6VD+0Tc3ttKGHlq8thbvMmc44Yrn0z714Hpdzomlf8HVFx8S/H+tWen6dqXwItr/AMMX+oXSxQXKm0hjeJZG+ViCZSQDng194fsu/sV/Bb9lH9n2/wD2dPh3bX9zpWsi7fxDqeq3hl1DV57pSs89zPwXlYEDdxgKoHSsP9oD/gmD+x5+1l8FfDPwO/aC+GK69p/hDTILDw7q4vJLfVLGKKMRrH9riKyAlQNwyVbutX7RPQy9nJLTc+W/2efAn7Ov/BUD/gtd+0L8T/EHhzT/ABp4J+HXgLSfB1hqQYS2V1dzvLNNGJFOGZCrpkHox6cV5D/wVT/Ys+L/AMJv2l/hh+zt+wV8bPi9pGp+Nb2aN7GD4kanPp2kafFt3zMkkreSqA8DodpA5r9If2UP2Mv2eP8AgmD+z3rvgL9jb4NXcsTyS6pJpLasZb3Wr/ywi7rmc8EhEQZIVQOBya81vPhD/wAFA/HPiWX48XL/AAs0HxTe2YittD1Owu786bCRnyVuopEDHdkllTBPrgGoliXR+FX6Bye00ktT5a+N3/BO/wCPv7OXj34B6V4Z/wCCkXxw8Q6p4u+KdhpfiTR9W8Xu1neafHFLd3bBByF2W7KQWPyyGv098K+BvBfg1g3hTwfpGlsV2s+nabFAzL/dLIoJGeeTXy3+z7+zR+214q/alsv2hv24vF3ga4tfCGlXNr4G0HwOLkxRT3GxZZ7k3Cg7xGjIuM4Ejc4NfWpkGeCPrj/x4Vw1a1Spa7OyhThBbF15xkDd056/+OmvmD9n7UhrH7aPx01SxybSG80exYg/KZ4rTLqfcB1B+tev/Hv42eGPgJ8Lr/4heKJWYxqYtMsIRmbULtuIbaNeruzkDA6DJPArgv2PPhB4j+Ffwun1j4hqv/CWeLdWn13xQVOfLublt/lKe4jXan/ATUUoynWil01PXhy4TKK9Wf8Ay8ShHz95Nv0SW/mesZHRhn1Oev8AsmkJAHXj/Pymj/PX/wAdNNbcCSe/v/46a9dM+SvcCy4xnH+fumhGLcZ7f5U03/PX/wAdNH+ev/jposC11BuMj0/ztNRhnPUjB9//AB007a/979f/AB00FSCPT/PymhKwyORQpwP5/wDjpppHY/z/APHTUu0scnoff/x00xwCWx2PT/2U1KugBVU9Rz9f/HTUijHb8c/+Omm4IwW/z/smn5wOOfx/8dNWRYUAAYH8/wDx009GKEKPTj/4k0wZGCR+v/jppygH5WHTpz/46aTsUmeFfF/9mb4neFPH97+0V+xn40sfDnjC+CnxF4b1mFpNE8Shekk0aYaGfHAuI+em4MKo6D/wU+m+HrNoH7XP7LnjzwHqkIxLf6bpD6vpM5/55/arYElT6MgPrX0G65bc2fY5/wDHTUVzbRXEZS5QOD1DKCP905rhlQqRlelK3luv+AfR0c0wdWkoY6lz22knyy9G7NP5q55ZZf8ABV79i+6VSPiHqMe7oJfDd6p+jAxZFXB/wU6/ZFuCVh+IF2x/2dBu+f8AaH7uu6l8O6JIMvpNtnPXyF/75PFOi0HR0ORpduOeMQL/AN8nih0sS95L7v8Agmf1vI0/4U//AANf/InnF3/wUt/Zb2Ew+LtRf2Xw7ef99DMdZU//AAUr/Zqml8ldd1g55yvh26/75PyV7CNE0ojC6fB+MC/98ninJo+mpz/Z0A+kS/8AfJ4qHhsS/tL7n/mbxzDh2K/g1P8AwNf/ACB5Fp3/AAUr/ZpbAl1zVlIbAzoFzz7N8lT3X/BTz9luNlWXXdbf5vmVPDd1lfZsoK9WbSNOUf8AHnFnt8i/98niom0TTW4NlF6/dHP+yaSwuK/nX3P/ADM5ZlkF9KNT/wADj/8AInk91/wVD/ZwQYt7fxTMccCLw7J/3ydxFQ2//BT/AOBUh8yPwb44lHYx+HlP/ATmWvXTpOnhs/Zk4HHyj/vk00afZqcCFAO3H/jppLB4v/n4v/AX/mH9pZCtsPP/AMDX/wAgeYxf8FPPgoww3w5+IAGOo8Mj/vk/vat2/wDwUs+CUuN3gnx6mem7wo5/4CcMa9HFvGi7V4yOx/8AHTTRBbtjfEp+oH/fJqvqeI61F/4D/wAEj+0cmf8Ay4n/AOBr/wCQPPR/wUg+BEzeWfD/AI0T/f8AB91/30MKRU0H/BQb4EXq7ItN8Xk4OR/wht8cf7JxFxXby6ZZvHtNunryo/75NMj061WMqsSjJ/yppPB4jrNfc/8AMax+TLalNf8Aby/+ROUs/wBu34Iy/uxp3i1CfXwZf/8AfJ/dVJqX7bPwYm06eNrfxTloyAD4Mv8An/aGYhXUCxt1yDEPQYH/AI6aV7C22j90vX0/8dNH1Sa1cl9wLHZU38Ev/Al/8ieet+3L8GYIxG+l+LQR6eDr4/8AASfKqF/28PgwoLDRvGTeyeCr4/8AAT+7r0s6ZaEYMKH6Af8AfJpraRp+ebKM/VAf+AmtFhpLr+Bf1/Kf5Jfev8jzMft8fBrzAqeFvHjueyeBb3/vk5QU6T9vn4VQlUfwR8QRvPyk+A73/vk/JXpVvptnZEmC3RN3XYoH/ATinTQLN/rRuA9//HTT9hPqyf7Qym/8GTX+L/gHnTft1fDkq2z4d/EBwoySvgm6GR/dOQKit/8AgoF8Mo1Ln4Z/EUj28F3H/fJzXpDQgqQBjPt/48KYLWPkBfr/APEmj2U/5vw/4JazLJ1/y4l/4H/9qedSf8FDPhcvX4XfEb2z4Nn/AO+TzTT/AMFC/hmpyfhh4/8Ax8Izg/7pr0ZraI8bPpyP++TTPsieg/P/AMdNT7Gs9pfh/wAEuOZ5It8PL/wP/wC1PNz/AMFE/hmTsX4YePcdP+RVmH/ATmrlr+3/AOArhfk+FXjoAjhn8NyD/gQ5rvjZQ5+VBnue/wDumpBAqjKHGPf/AMdNT7HELaa+7/gjeZ5C/wDmGl/4H/8AanAH9v74WW7+VdeA/F0b4+6+huD/ALpGc/pU+p/8FBPhjpunC5tPhj4/1G6k/wCPaw07wpI8sp/unJAA7ZJruY7VA28Y57/+ymplSNcbUxg9do/76FCpYxfbX/gP/BIlmORNf7rL/wAGf/anmsHxZ/aq+OtsLXQ/hx/wqvR5mKy6jr08V1q5T/nmLeMtFET6yMcddueK6r4a/Cjwf8KdKn0/w3ayyXF7N52p6rfSma7vpT1eaQ8sfboBwABxXThMnk5z6/8AoJpWj5yen0/8eFdFOgovmk7vv/l2PPxma1MRB0aMFSp/yxvr/ibu5fN2XRIiAIPqPcf+PClDgNgA/n/461SKnmD5hj8f/HTUUi7D8p/X/wAdNbHlXBlB5J/X/wAdNLuLcn+f/jppu5m4Ufr/AOOmlZCgAPr6/wDjpoB3JAwJx/n/AHTQNwxk/r/46aFwRuHf3/8AHTQGB4z/AJ/umhE2uOLE9T/n+6aFOD/9f/x00zdtbDnj/PymnAg//r/8dNWthASwHT8T/wCgmvL/AA/d2i/tieJrVGHnSeAtJcjPOBdXYAb25xXqG4qN5X9f/HTXzf4/8DfFrRv2y9e+Pnww1ZNROjeBNLttT8FTERjVbWS6umaMSniO5QxgpvGxt7KxXg1y4uTjyPz/AEZ9Jw9Sp1ViYTly3pO19r80bfefSsbAkAHj6f8Ajwp/+ev/AI6a5L4TfF/wR8YfDv8AwkPgzVTP5cphvbWaMx3FlOOHDRn5opFOQVPpkZGDXVBx0Jz/AMC/8dNb06kZq8TyMVha+ErOnVi1JdGLICR8p/X/AMdNMC4GCc/Uf+PCpCyngn/P900z/PX/AMdNX1ORJjJDtGQfwz/46aiyc+n0/wDQTUsh3fdP+f7pqHY7Nx+HP/jpqXZsfUcnzcNzjvj/AMeFJImOQcf5+8KeAF/xz/46aa+H4X/P+yaQyL/PX/x00qgE4b9D/wCOmn+UOcD/AD/dNAGOB/P/AMdNK7AXBxu/r/46aXYMdf0/8eFEZyMYP+f4TTv89f8Ax00rSAQIo4x+v/jppDGjcEfkf/HTTv8APX/x00f56/8AjposxXQf56/+Omj/AD1/8dNH+ev/AI6aP89f/HTVC5Q/z1/8dNOTv+Hf/wAdNIq7u/8An+6acRhcL/P/AMdNNDSaHBFcEKSBnv8A+hCvn39sKb7L+0J+z0DKQG8fXq4HOc2D/Kfyr6CVFC7s9e2f/HTXzx+2w4T49/s7FSdw+I11jB/6cJflNceM/hfNfmj6fhR2zZf4an/puZ7+kgDYHc9c/wDjpp5BxnH6/wDjpqFD0TH6/wDjpqcn5dpH+f7prrPmXZjC7jgt+v8A46ajJZmw/wDP/wAdNOYMGxjj6/8Ajppu758kfmf/AB009xWQkqkD5Tn8f/HTTFPPPX/PymnHngnPvn/x00mWJ+Vf8/3hSGDEgf8A1/8Ax00v+ev/AI6aCAev+f8AZNAznj9D/wCOmkgFTOeP5f8Ajwp3z52g/Tn/AMdNKAFOV/l/48KAMkc/r/46aYuojFsglcY9/wDx00rEMMoevv8A+OmkdScf4/8AjppRC2Mb/wDP900t0Mb5Zz1/z/dNIVxjJ/X/AMdNPEcmeSPz/wDHTShSTt/r/wCOmotYCMJkdf8AP9004KB/+v8A8dNP8psZ/r/46aHX0IH4/wDjpp2uUkhv+ev/AI6a5b4ufFzwn8FvB0ni3xU8suW8uy0+0G64vZz923jX+Jj7Vo/EHx94a+GPhi58WeKr3yre3X7qjLyEkARgdSfYV5/8IvhNq3jfxkP2hvi5FcG9M3meEvD9500OEqR869BcMDhv7m3AJyTWFerJP2dP4n+Hmz2stwOHdJ4vGX9lHZbOcuy8l9p9F5lj4A/CTxY+qTfHP42WyjxfqkTR2mm790Wh2RYlLePsJSMeYw6kY6Dm74zSB/2mvAQEeHGm6u+fpDGNp/OvS3Yg5Pr+X+0K898Zr/xkh8P2Cj5tK1zJx/0xg+YVUYKnBJf1qOWLq5jjZ16lk+WVktopRdkl0SO/MQJ5/n/46ad5R29Ofp/48KcF2nex4x/lTT/89f8Ax01u7ngNvoQMpU4P8/8Ax00+IMpx/X/x005hkhf6/wDjppQoBz/X/wAdNArieY4OM/hn/wAdNL5zdD+H/wASaBGWfhuvv/46aQhVPzHp0OP/AB4Ux8zHl2Pf9f8Ax00mTjr+v/jppFcNyD+v/jppf89f/HTQO9xrbt24j9f/AB01De2VvqFnJYXtsk0EylJYZVBV1IwVYHqKmlBxtzj8f/HTQBuHTgen/oJqWrmkZuLunqeL2Pw2+M/7Nd3Ne/s7SQeIPCssxkn8A6vcCJrMk5aC3uDxGM/8sX+XngjpXR2n7efwz0aIW3xJ8DeNPCd8vEttq/he4ZFPdTLCrxsPfdzXorLj+H8v/QhUboGQhxj8f/HTXP7CpF/u5W8mr/5HtLNcPWS+t0uaX80Xyt+ujTfna555p/7fn7NivJ9m1/UHeSQuSuiTgn2bK1ZH/BQD4EA+dFdavKFP8OjT8f7Jytdk2nWZbIhTd2Owf99CmPp8AGzygAfQD/vk1n7LGdZx/wDAX/8AJGrx2RW0oT/8DX/yByGo/wDBQb4KR6ZNcmz8QMiITtXw/OSw/un5efwqC2/4KNfs+y26BZdejLDAD+Hrof8AAT8ldm1hakbWQYHsP++TSLp9up4jGO3y/wDjppOhin/y8X/gL/zEsfki/wCYeX/gz/7Q5W1/b++AV6T5eqarkHGG0K5U5/unMdW0/bp+BUoZU1LVDj7w/sS54/2TmOuhWzgQ4CAc5+6P++TS/Z415Cjnr/8AEmp+rYl/8vF/4D/9sL+0cmW2Gl/4MX/yBysn7dHwHlBMmrakm310K6/75P7uof8Aht34ASPtGraqWJ/h8P3f/fJ/d117QRFsBeP93/x4U5FAPmBjjHY/+Omp+pYl/wDL1f8AgP8A9sP+1cp/6BZf+Df/ALmcFfft0/AqEmOH+352H8Mfh24B/wB07lFYWp/tnfDHXJRbJ4X8VmNWDbv+Eem5x/CcCvW1gikfcBz7/wDoJqQW6EcqPYf+ymksBiea/tl/4D/9sP8AtfKVG31R/Oq//kEecaL+2v8ADe8Jt38NeKIlTOXfw1c4PopwpH61Pb/txfCoWrG48O+LwUzmOPwleOf907Y6797VGOcD/P8ACaQ2kY5CZz7f+PCuhYWot53+X/BOX+0suv8A7u//AAP/AO1PK7z9vX4bRzH7P8LPibcD+9B4BvMf7p3KKrv+3v4JeQRw/Bj4nnPdvA9wB/umvXPJROCMY9P/AEE0hUYwe/Tn/wAdNUqNRbS/D/gm0c1ypL/df/Kj/wDkTyyL9uDwVPxL8KviLGc9X8FXf/fJwpqxF+298Ng22bwJ49j9S/gm+/75P7uvShGh+Rl/z/dNIYYuTtHv8v8A48Kfsqv834f8Er+1Mpe+Ff8A4Mf/AMieaH9vr4Kxbzc6L4zh8v73m+CNQH/AT+6prf8ABRX9n2A7Zh4pX/e8G6gP+An9zXpRtog24KD9f/QTThFGvBX8MD/vk0vZVv5l93/BNFmWRNa4WX/gxf8AyB5sP+Ckf7NxGJtR8RL/AL3hDUP++T+4pq/8FKv2V0JSbxJrUZ7+Z4U1Af8AATmGvSW0+1cEtCh/Af8AfJqN9JsGAU2yZ+g/75NKVCrL7S+7/gkPH5I9sPNf9xF/8geeD/go1+y5cZFr4k1iVv7sfhW/J/3h+5rn9Y/4KJWHiq5/4R39nr4CeNfGGqu22OSTR3sbNCejSTS4wo78Zr2q30+1iUFYUA6cKP8Avk8VJEiKCqjGDnAXH/AhWbwlR6Of4f8ABLjmmT0tY4Zyf96pp80or80eRfC34BfEHxd47tPjz+1Vr9tqviKxJbw94b0//kGeH938GDzLP6yt07cCvbM44I7/AN7/AMdNQRuGG0nv6/8Ajpp5Yj8QO/8A46a7KdKFKHLFHkY7MMRmFbnqtWWiS0SXZLsIxIbr/n+6aUuCMY/X/wAdNN/z1/8AHTR/nr/46a2WxxCgr3H+f7wppYDgn8v/AEE0v+en/jwqOYFm4H6/+Omh6ICT/PX/AMdNNy38TA/j/wCOmmCZh/8Ar/8AHTR5hHDLz/u/+PCk2Ark5CA4BH+VNDlW59fb/wAeFBxn/P8A3yaDnHH8/wDx00r66gKmSdpHA9//AB005m2j/wCv/wCOmkjcI2D39/8Ax00sv9fX/wAdNNslMar7e/05/wDHTRub1/z/AHTSf56/+Omj/PX/AMdNSPS9xxkbOf6/+OmhpCw5PP8An5TUfmp6/r/46aQvuUkN+H/spoE2x/8Anr/46aemwj5l5Hv/AOOmolO8AEfjn/x009XIGFPX3/8AHTQSTDBGMcfX/wAdNL/nr/46ajV1j4dv8+hp25VyS3+f7poQCsoYYP8AP/x01Gx56dB1/wDZTSs6nBHf3/8AHTTJGB5z+v8A46auzuLQZI21f/r/APjpqPO7g568YP8A46aJmByB/P8A8dNIpAOT/P8A8dNMY/ec7W7dP/iTSEBhz+f/ALKaYXAbJ/n/AOOmjzSCAen+flNA0hw+YkgdvT/x4UgjI6D9f/HTSSOucL1/vD/0E0olUYRienUn/wAdNA7IXyx3PP1/8dNHlF+APwz/AOOmk8xWP3j+f/jppwkjzgN/49/46ah7jsugqKcAfn/8SaUqQSCuff8A9lNBZRghv1/8dNBbYATzn/a/8dNIl3QjLzgjj6/+OmmMAGyB+n/jwqTIHzMwH4/+OmlBDKTj/P8AdNAiFkBAJ/n/AOOmgRBucfr/AOOmpJSGXI/n/wCOmmhuwX9f/HTQVa5GYUB/+v8A+Omgxowyf0P/AI6albYw3g4Ppn/x00R7ScMRkj/Kmga1IvKT0/T/AMeFKqqOgx+P/jpp5Q7sN/P/AMdNIwwcD+f/AI6aA0GpGAcDv7/+OmpETIKsPxz/AOOmmoMt/wDX/wDHTUiH5vl5+g/8eFAmx6njAPH0/wDHhSsQeg/z/dNAXLAE8d8f+gmldTv2k/r/AOOmgdxv+ev/AI6aa8QYbf6/+OmntjPH8/8Ax00n+ev/AI6aAZE0e08j8M/+OmnkBhuPp6/+OmnEA8H+f/jpoAxwP5/+OmgSbuIPlXk/r/46aQht2QP1/wDHTRJz8o6/5+U0BO7f5/2hQK7Q3/PX/wAdNOBUDYT09/8Ax003YSS2ePTP/jppcgNkfz/8dNXsDFZsAZOcf7X/AI6a8/8AC0xb9p3xfbSHKt4L0QlTyMfaNQBU/pXetgfMf5/+OmvN/DMoX9qvxUGbhvA+jkc+l3ffKfzrnxLty+v6M9nKP4eJ/wCvb/8ASoGL8Uf2dde0vxVL8b/2etUh0bxmiAXdtcbvsGvwr0k2jGDx8k4+ZD6jIrrvgp8eNA+MWl3VqNPn0fxDpMgh8R+GdQwLrTZsdGA4dD1SVflccjuB2ygSkKxIH1/8dNeffF/4GnxtqNt8Rvh1rI0DxzpMezS9cEW6O4jzk70H+utye33kzuXB4PN7KVGfPT2e6/Vef59T0aONo5hQWFxzs18FTrHyl1cPxj000PRopFOR+XP/AI6acT3J/X/x015/8Kvi43jR7nwp4s0X+w/FekhRrOhSzBmUHoCcfvYHwSrgeoOCCK7iOV2OSxx7n/x012U6sZxvE8TG4Ovgq7p1VZ/g10afVPoSSk7cp2/ztNIrZQA/hz/46aT5mG709/8Ax00jBieF/X/x01RxPRCsyA4b/P8Asml759umf/HTSIuBhuc+n8jTv89P/HhQJO41iSOB9f8A4k0CP1P5H/x007/PX/x00f56/wDjpoKBVA+939//AB00pYH5B+Z/9BNJtzz6e/8A46aP89P/AB4U7sSD/PX/AMdNH+ev/jpoIIOD/P8A8dNH+en/AI8KQO4f56f+PCj/AD1/8dNH+ev/AI6aP89f/HTQCv1FQhfvN/n+6aduXcMn8v8A0IU0DPX9B/46alA2vt/r/wCOmi4XY6MqxwD09/8Ax0185/tuFj+0V+zjbJjDfEO9LnPpp8nymvo1HTGF4/z94V8//thQxXf7R/7PKld2zxzqLDJz/wAw6T5TXJi1en81+aPpOF3bNE/7lT/03M9xhGUAzn/P3TUucAhj19//AB01FAWUc9Owz/46amI9R/n+6a7LHzd7Ebk5OB+v/jpqP/PX/wAdNSmEE9f1/wDHTSbCTgNx/n5TSGN2EYGePr/46aeqc5I/X/x00RKAOTz9f/HTTyoPX+f/AI6aWoDGULwP5/8AjppTEhOSP1/8dNKoI/i/z/dNL/nr/wCOmi9hjCD1I/X/AMdNCjJwf5/+OmnMMjH+f900ioQck/r/AOOmp6iAx+h/X/x007/PX/x00f56/wDjpo/z1/8AHTVWAP8APX/x00hb05+h/wDHTSkZGD/P/wAdNKAOCw4Hv/46aNbjQqyLgL+HX/x01jfEbx/4T+FXgjUPiJ441RLPS9LgMt1OwJwOyYHLMScADkk1f1nWdI8N6Xca7rt/Fa2drE0txcSthY0UZO89hXjug+DfEP7UnjbT/it8Rba40/wRodz53hDwvOpV9RmHAvr5T/DjmGLsG3tyVAynOUVaO/8AW56eBwdOqnXr6UY7vq3/ACx83+CNT4ZeGtb+Nus6Z8fvit4en02CGPzPCfha8XD2KMCBcXK9DOwPC9IwQOuTXrRUKzENwcnr3/umnBezKcZ7H/x001m+mB6D/wAeFKFNU13b3ZnjMbPFVE7csVpGK2S7L9e7I2DbTu6H/O01594ylX/hpb4eRF8f8SfXm6ekdsNp/OvQ22kZB6f52mvO/GhV/wBpf4fxqAGHh/X2D9xxZjafzqpbfNfmXgXeU/8ABP8A9JZ6SPmXn+f/AI6aVVJ4PGOnPX/ZNRQuQcM36/8AjpqX/PX/AMdNankbAAB0H+f7wo/z1/8AHTR/nr/46aP89f8Ax00AH+ev/jppGUMMH+f/AI6aX/PX/wAdNBGQf8f/AB00DsQlVAySfz/8dNOjZ8hR0z3/APQhTpIyhwf5/wDjppuSMNjH1H/jwqnaw+hI53YLDH0/9BNAAHA/n/46aRWDDI/n/wCOmjBzuB4/z8wqGNAQ2cg/r/46aY+XyMc59f8Ax008k4+U/r/46aQDLZPp6/8AjpoWwyI5PB7e/wD46aQAngfz/wDHTUpOcsD/AJ/ummkqpwWHPTB/8dNDdgGNEg+73P8Ae/8AHTTJYgpAJ/z/AHTUrMMAZ698/wDjpqOT72GOfof/AB01BfKhhUE5P8//AB00mVxhjn/P3TSkgcn/AD/smmnlgVHT/O00BZBwp6Zz/naaU7VX5/5/+OmhcEkH/P8AsmhlEikN+Wf/AB00JXJYR7Xl/wA/98mpv89f/HTUMaiIgMeMdj/46akD5BIHT3/8dNaCH53YK+nr/wCOmkIHIP8AP/x00wzdCpxzzkf+PCkL4PzN1/zuFBLsOAUHbj/P90011BXcp/M/+OmgSKqk5/X/AMdNCsrDaT+n/jpoJ2Yilifl4x7/APjpoHy9cn8f/HTSn5idh/T/AMeFOR1yBu5A/vf+OmgBu1NvQ9fX/wAdNIQozhePr/46adu2naxx+H/jwpeG4GCPr/46aB3GCEkZz9Of/HTTmjDdV/8AHv8Ax00AqRndz9f/AB00u5M/T2/8eFA7tilFIAx09/8Ax00oA3YJ6+//AI6aQOdpP9f/AB00oI+v4/8AjpoBaicq2x/8/wCyadvbuf8AP900hJPU/r/46aVQcj0+v/jppoWw8EHnpj1P/jpo/wA9f/HTQFG3GM/Qf+PCnZIUY/l/48KfmPW40gjg/wA//HTURDM25j+R/wDHTUxwCe/4/wDjpqNvlbAPH1/8dNJtsrUjZSp68f5+U0qsWbg8f5+U0uwBSW/Dn/x00ikfdPH4/wDjppE+8O/z1/8AHTTcMBhn/X/x007/AD1/8dNI/wB3/wCv/wCOmgoU5bIU9Pf/AMdNKwxjJ/X/AMdNMJZeM9epz/46aUjqGOc91/8AQTTbJiDcjKn9P/HhUeTjcDj8P/HhSnjgnH4/+OmgDccA8j/O01lYaHFE25IHTrn/AMdNNYDHXoOvr/smpAgY7WB4Hr/46aibKjB6/wCflNO7HZA7nAA6Yx1/8dNCMc4z16fN/wCOmuM+J3xj0nwBeWfhfS9Ln1vxJqgP9l+H7Bh5soHVpGPEMS/xStwOgyeKz7L4d/F3xlAl98RPifcaPI/zf2T4TVY4YQexmkVpJCO5+VT2GKn2q2SuenRytumqmImqcXte7b9EtbebPSFRyN4Vvy/8eFLhsAkEA9Mn/wAdNef6V8D7zT5iW8f6jdR/9PUsrSfRmEn9K29O+FmoKBs8UXhXqoE8g/4ECWP5VDxDjujo/srL5fDif/JWdKUfOPLP0H/oJqNkcjkHr1B/8dNYWg/D5/FenXDw+INRhdLuW2uE/tEkK6MQVOw8HGGx15Hsar2fwD1qC4aSLxxqxjziIHVJCy/7JPpWbx3L9kf9i4WW+I/8lN91YNwp/L/x00m1/uEHI9//AB01iXfwI1thtn8e6uvOcpfSsf8AdPzVmR/Bq4nYyW/xL1ghjwUvmJwP4TzntWX9ot/ZLWR4Fb4j/wAlf+Z1vk3BOBGx9MDt/dNNaOXG5gwA7ngf7prkz8CY55xJceP9aZR0UXLj/gJyT+dWI/gFoTxMs3i3XpGYYZzqBB/3TxU/2jUv8H4lf2Nlv/QS/wDwD/7Y6RdxXcyn6/8Aspp0iSAElWz9P/HTXOJ+zx4PZQk2pauxxg51Juf9k8U24/Z28AsfPmfUpD0AbVZP++Tiqhj6kn8H4/8AAB5RliX+8S/8AX/yR0oR8Z2kZ9//AB00cqcMcfj/AOOmubT9nn4dKATo87Y/v6hOf+An5qUfs/8Aw4UYHhwf8CmlP/ATlq0+t1esPx/4AllmVda0v/AV/wDJHT8eWSxHAzkf+gmmxSi44U59AM/98mudT4EfD9BtXQFAPX99J/3yfmp0fwF+GykZ8ORA9sM3H+ye9NYqp/L+IPLMotrXn/4Av/kjpTC6jcI2zn0P/fJpfJmCZEb+v3f/AB01zf8Awz58MXUL/YGO/wAl1Kv/AAE4ahv2ePh64Ajs72PH9zVblf8AgJxJVqtUb+H8f+AZSy/J9liJf+Af/bHRmKYf8sJP++D/AN9CmmGRjzFJ/wB8n/vk1zM37OfgCbBJ1VSvTbrl0P8AgJ/eVFN+zd4C2ZS61oDuBr95/wB9D97T9rU/l/H/AIALAZQv+YmX/gH/ANsdU0LqQNj8+x/75NKiSbv9W3HoP/HhXIWv7Mvw7lk3zS6y/pv8RXhH+6f3taFt+zh8L7Mhk0+/LDqW1m6P/AT+8pe1rv7P4/8AAFLA5PHbESf/AG5/9udEYZH+bY2fTH/jwpnluD86le2SP/HTWOPgH8OFUqNMuznqW1a5P/ATmSo7v4B/DSWLD6FMwXkBtQnP/ATl+aUq2JS0gv8AwL/gBDA5Q3rXn/4Av/kzdjADkBsH0z/46alWJ8FgrY9cf+OmuRH7NPwZuLV7ibwzIruMGRNQnDf7p+esrW/2M/hpqGkG20zVPEukXJ+aLUNK8T3iSRnspBkK/gQR7VCr4u13TX/gX/AN1l2RSml9YmvP2a/SZ6Kp2fJg5wM8/wDjppSdwAHr6/8Ajpr5k8QXf7Y37IUr63f3E3xX8DRHN1lNus2EXo2BifH6gdAcV7T8G/jb8Ovjz4Lh8dfDTX472zkG2aPpLbSD7wZDyjg8EGtqWIjUfK1aXb+tzDMsgxOBo/WaUlVo/wA8b2T7SW8X6rXozsmwTt3Y/wA/dNNI9fzz/wCOmmiQBcfpj/x4U+PGcHv7/wDjprY8RCOu1tuf1/8AHTSf56/+OmlPs+fx/wDHTSf56/8AjpobshJPqBAPUD/P8JqN/MHGeB/naaeGB4/z/umgkZ2n/P8AsmpuyiNcED+o/wDHhS8FTg8/5+YUpiVhlR+v/jppyQjHH+f9oVaFYj2Hjdk/j/46a89sbYwftN63MvAl8Dadn323lz8p/wC+q9IMZOAPX1/8dNefBkP7T+swIctH4F08lfTdeXOGH/fP61hiPs+p6+UXUcT/ANe3/wClRO0Msi7cH6nP/jpp6yOpAB/Hd/46aYuMc+nr/wCOmnhN559PX/x01Z57kcT8Vfgrp3xGurXxhpWrT6P4p0lWOj67bDLRE9Qy/wDLWEnrGeOpGDzS/CT4nX3iq4u/BXjTT003xPpOP7R07dhZo+gDZyXhbGQeSCCDgiu4UArt9Pf/AMdNcl8WvhPZ/EvSo2tNZutH1myYyaPrunkCezlx0b++h/ijPDD0OCMJRdKXPD5rv/wT2sFjqOJpLB4x+59mW7h/nF9V03R2IyBgnA9z/wCOmlIHIbOexH/oJrhfht8S50uY/hl8Rm+xeKbaDcvnN+61WNeCmT95e7J95D14IJ7lWPTkk+//AI6a6YTjUjdHmY7BVcFXdOfya2a7ryFUYUD+v/jppQOw/n/46aUgjqP8/wB4Un+ev/jpqjhsh+xTgkfT/wCJNAUcY/D/AOJNIGBGG/l/48KAW34BGPr/AOOmq0Bjtoz05+v/AI6aY23PH8//AB005icZPH0P/jppuQWyf5/+OmlIFcAu7OT+v/jpoC5Iwevt/wCPCnJGd2D/AJ/2TSM7fcPbuP8A0E0g9BfJOcZ/z/dNI8ZQZJ/X/wAdNOWXHVs/5+6aWbBQHPf1/wDHTU63Fd3I2xnj+f8A46akUhff/gX/AI6aYpQf5/8AHTTo+Tg/r/6CaoaVhzLzlT19/wDx014R+1XHu/aP/Z/bcRjxpqXf/qHSfKa93IJO4sPbj/x4V4d+1TGo/aA+AU3f/hOr9enrps3zCuXFfwr+a/NH0XDT/wCFL/tyr/6bmezRHaM/1/8AHTUv+ev/AI6ajhB6/wBf/HTUu04z/X/x012XZ82xoD5+9+X/AKCaMBTknr7/APjppwUkZ/r/AOOmhRk4P8//AB01JS2EC8ls9vX/AMdNOBXO1j/D6/8Ajpo2NyB/P/x00eXtwD/P/wAdNOwxuSRgn9f/AB00f56f+PCnhCpzt/HP/jpoZQ3Hbtg/+OmiwDAMNhm/I/8Ajpo4zgn/AD/dNO+Xdj9d3/jpocrwW/z/ALJpuwtxv+ev/jpp2zpk/Xn/AMdNCFW+Yfz/APHTSkgcE/5/umlZDSsBREXLEfXd/wCOmoL69h0yI3V1MiwohaQt2A/hNTNsJwzAcZ6/+OtXjfiHVLn9pjx7cfDLw3NIvgrR5SninWInwmoSj/lzt3HoeZGBwPu9c1hWqezStu9kenluB+tzlKbtTiryl2XZeb2SHW2k3/7VWs2+vX5ePwBpV5vs7Rhxr88ZI3SL3t0YblH8bAE/KBn2kwpGuxRgZ5wf/HTUemaTY6Fp8Wj6PZpBbW8axwQRJtVEUYBUDsBgVNMMYH9f/HTTp0+TV6t7kZhmH1uUYQXLTj8Me3m/N9SJnJbZnj/PzCmP90/4f+PCpNqjnH6/+Ommf56/+OmtUrnnc1xjglcdPx/8dNeZ+NZXX9q34eRBiFPhjxD8o782PzD/AD3r0yQZGBxj/O4V5X48lC/tc/DeId/DPiHv72Xyn8qzqq0fmvzR6mVq9Wa/uT/9IZ6ujIDgLzn1/wDHTTwWzyP1/wDHTUS/K+D/AD/8dNSKWY5zx9f/AB01oeU7XHf56/8AjppQpP8A+v8A8dNIcZ4/n/46aP8APX/x00Et6jmO0bR/P/x00gbrnv7/APjpoKkdR+n/AI8KAjHoP1/8dNK6C+ohAztzn6H/AMdNIVU8Efr/AOOmnMCDz/P/AMdNKI2Pb9f/AB00N6F2Ynl7eFHH1/8AHTQy7Rkn9f8Ax01IoZhjA+uf/HTVXXNY0rw5o9x4g12+itLOzhaW6uZmwsaKMl89hWcp8quzWnSnUkoRV5PRJdWSOSvyjOSewyf9001WGAxYEY4bPX/ZNeZ+FNQ+Jf7Rf/FQ6XqF14T8Fsf+JfNCgGpaoufv/MMQRH+EkFmHPAwa7GD9mz4aS25F/wD25qExH/Hxf69PI+fRstt/SslOvJc0Y2Xme5UyjBYN8mLrNT6xhHm5fJttK/kjbEiEbjIvJ4+f/wAdNQzMGfcsw49HH/fJrP0v9lX4US2Xlz6bdMWb945ueSPRsDmqWp/swfBkTC2tNFlkVGzk38gx6qdpHr+tJ1MQvsr7/wDgGaweSt29tP8A8Aj/APJm55yBfmmXp/e/8dNM8xGPEgP0b/x01zU/7L/wXu7Oa2PheXfIcK66hN8ox1XLEVXP7H/wQvbE2/8AYd0odQjNFqkynj+EkN/KsvbYpv4V9/8AwC/qeSJfx5/+AR/+TOschR87Lj/e/wDHTTPPQH5pFHHdsf8AATXET/sJ/AySJIY7XV4wDk7dduefZvnqDWP2X/gH8NfDtzrniLWrrT9NjKfaLvVNZlMSFmCqGaRjt5IA571H1jF3+Bff/wAAp4LJOmIn/wCAJf8At56CCgOfPjBPrIP++TQJYowQZo/r5o/75Nc9H+xV8HJ5vtVz4Wt5JSOZWdyT/tA7qltP2LfgdZyhj4SgUZ5I3cn+6ck5+hzQsTjP5F9//AG8Fkdta0//AAGP/wAkbhnhPW5iz2/fL/3yeaRZI+cXEWf+uw/75PNKn7JfwmRQi+GI1H+fmFQy/sz/AAxhmMMPheHaoGWBBGf7pyDU/W8Wt4L73/kQsFk/SpP7o/5j1eIttNxD/wABnX/vk0plhz81xGAOmZB/3yao6p+z/wDC/SdNudUu9AiSO3gaWWTcflVV3FTnjoDULfBLwUqobbw9BtI4IZhn/ZODTjjMS/sr7/8AgEywWUpaTn90f8zUEsGPluIjk/8APUf98mhXhJP+kxcf9NR/3yaxJvgr4QxtHh6Ee29v++TVaT4IeECT/wASCIE9T5jf98mtliMU/sr7/wDgHO8LlSXxz+5f5nTC5tzk/bIh7+cP++TzSpc2SkL9riyen70c/wC0Oa5ZPgN4MJ+fRYxnrhuv+yc1HN+z38NbiVXuvDkDFDlcqMf7p4qvaYz+Vff/AMAj6tlaf8Sf/gK/+SOwdEY8uM9sH/x00jIyAKG9/wD7E1yjfs7/AAwuGDTeG4yfZ2H/AAIc0+P9mH4NStmXwoCfa6lH/AThqrmxn8kfv/4AfV8p/wCfk/8AwFf/ACR1BhBJAJ9//iTTxC/XYw/z901zcX7KHwXKkJ4ZmQH+5qdwP+AnD1Mv7KfwiQ5j07UkPomuXY/4Cf3lPmxlvgX/AIE/8hKllC/5ez/8AX/yZsknJQqQB3z/AOOmnIxztAJAHX/2U1kxfsx/Da0JNv8A2whPUr4gu/8Avk/vKlb9n7wcq+Wmp66BnOf+Ehuj/wABOXpKWNS1gv8AwL/gFexyiW1eX/gC/wDkjTBPJwf++f8Ax4U9d+D8p/P/AMdNYMnwL8PI5SPxDr4ZhgY164z/ALp+eh/gZpUc0SjxPr2AcsDrc3P+yTupe1xa/wCXa/8AAv8AgFLC5T/0EP8A8A/+2OhG5VwwPT/KmgsQCMZ/D/x4Vx2v/Dv4reEkbV/hl42k1HacvofiSTzI5R/zz84DchPqcin/AA3+Lmi/ECa68P3VhPpPiDTcDU9BvsCaH2bHDoezDg/pRHF++o1Y8re3Z/Pv5BVyxexdbDTVSK30tJeq7eaujrd79GIwOnP/AI6aST5mIPT2/wDQhTW3AYYEn6/+OmhQQBlvrz/46a60eW2xhbHygdDyf/ZTS7FySR19/wDx00oABOec+/8A46aG+X738/8Ax002rEbBjHH9f/HTSMD2P+f7ppDgnIz9c/8Ajppyk7cY/wA/3hSHe4za23Pb6/8Ajppeidf8/wB4UIoPzH8Of/HTTmHbGPx/8dNHQSTsMwAeec/53CnKu0cHj/PymhdpHzN1/wA7TT2RSvDf+Pdf9k0tGUhchuMc+o/9BNcX8fPinB8GPhfqPjt9PkvLqGMRadYxHD3l1IQkEKHHV3Kr7ZzXaDcOPf1/8dNeRftJRrrPxH+FXhCchoLjxv8AbZo3GVb7LaTTIG/7aBP8iufEtxpe7u2l97sexktGlVxylVV4xUpNd+VN2+djR/Z9+Dd54A0ibxd48vk1TxprxE/iPVz039VtYv7lvFnYijrjceSa9JVRxt6/X/x01FBhUA9vX/x01MrFTkf5/wBoVpGKhFJHPWxFbF15Vqju3/Vl2JAYoomkkb5VBLFRnAHVTXyv8Yv+CsP7KX7Pf7Q/hfw/r/x30HWPB/jCwubfUbrw/ctfy+H9UtnG2d0hDYimjLIR94SQqRxuz9UbEljaGWIOjgq6MeGB4Kn8K/IH9sj/AIJ4/AD/AIJPa7oPxl+DHjr4zax4s+I3iG/WWy8E6nbWx02wQGX5ybOZ3G9kQHgk9e4rSnGlN8s93sv+D0Mas6kFzR26v/gdT6I1j/g4b/4JyfBzxh41htPGOv6tp2ozC50u90/QJFeW9WFIpFKSbNo3IMP3Gc9K9i/4Jxf8FB/h18Q/2NrX4zfEP4sL4hvrjVrqXUrtriKOS0aW7lEUSxy7DhAFUYyMMozX5TeLv2wvip48lt9C8XeD/wBoAaCk266j1n7JeeYg42lX0lA3GeN1fZn7Nv8AwSy0f4s/CLT/ANor4FarqVjea5aMLvSvEsTK9tCcFi8Uu62bDgttWEZBIzVY3D4bD0Pe0u97317eQYSWJxFduMk0vJrf13Pdf2y/+Cp/w78AraaD4dlnu7TXZU06YafldQ0q/ZgHL2/+tj8tWDblXaSUG75ga9s+El1quo61qHieXQJLDQU0+3stHvLuRt9+sW5pHlUkgAl1AYYztJPWvxY/aP8Ahz8DdH+N3iTxV+0D+1DoOuy+FdP+x282kC40y7i1QqnkNItrAI4ot48sXMiE4AJOOm/4y8e/tVfEr9gz4Y+D9B/bGuL+x8Z/FmDRJvB0UJ+3aQ7iV2iF4MG5jU8ZBAK7MAYxXLLBUpwgoStd6t3/AK2OpYqrTqz5432t+X5n7HeO/wBqX9mz4XRO3xB+OfhXSZIyd0F7rkCS8Z+Upu3H8BXAeK/+ClP7POnfC1fi38I7TxJ8VNJfVG05X+GWhSali5UZYE/IqgdN2cZPFel/D79h39mb4Z+BUh0b4JeGzNHZRCW4uNGilllZEGTI8iszEnLHJPJr4UB1H4Yf8E3fil4y+AV9c+Ftc8NfErXIp7vw9MbSTZHfrIqnZj7qsAB02gjvWVLD0Ki0vul23LnWrQdnbZ7avT8D2jwB/wAFS/iB8VviDpXgfwD/AME5PjMYtQ1CK2n1jXbGCwtrNGcK0kxYt8qgkkA5OK67/gpB+234j/ZJ1X4ffDb4PeGbDxH4+8W61G//AAj95I21NMUFZmkMeWQlmVUbBGQ3B2kV8oH9q39uL4XfEv4SW/wd/aSm8R6J8T/DiX09t4z0e3vJYbswGV080BGMY3LgEnHHvXe/spfAzxr40+PXiX4q/tLXl/41+Kd2UuNZutPs1iOnWiwpLb2VuHZVhjzLtxnBaI89c3UowwyVSdkraK97u9uvYmk54iTpxk33eitpfQ6r9pP/AIK++LP2fvhfc/Fay/Z58O+KbDTr6Gy1a30Lx84uLKd1BG+KSzDAcgZGeuele9/su/tQa9+0V+yX4d/a51n4dx+HdK8SafJdw6WuotdT2yxytGwYhFznZuGByGHSvy3+Gngqy+IP/BY/TvDnijSrvS/Dl9qs13e+G9dKtLelLYsm5EZkbDRtgjOVGcmvpb4Pftu6xrH7O3jT9mL4KaVpyW/gzxdquj2es6fdYjtNMF1sCbmyhkwS2w8YwMg1pUpO6pQSulFt+Uh01zS9ope7dq3XQ6L46/8ABWLxf8NfEV54C0jw5ozaxLq9oPD4uGJj1G0kBLphSTHOOOSduHBGciu/8df8FDVs/FXwyk8K2OnNp+u6veWPjGK51aPfZSRJhUypz98EqQDvC4HNfmzq/h4fE742+KPBfj/VE8R/EDwF4UmvvBF9Z266e6XEEqSrsG0RSsY2bYjMcgMFOdoqDwB4m+P3xn8Y+Hv2nv22v2WZ/hf4G8GaWYNB8YaF4XEdjJqkTMYLy9jV1lnXzF2gqR8xx0au2ph6acbLX8/Q54zk5NPrsfvHbQho97naeMgjBGRkBh2+lSG3BG7HHY5/8dNfEv8AwSWf44ftUfC/xf8AtOfFP9rDxfft4t8RzW2j2um2draWFvaW6CJIxFLC7R7yCev8OMY6/UH7Pn7OcnwDj103Px08e+Op9f1EXlxdeONbW7NqwBHlQpGkccKc8qqjJx6VwNK9mVVSjKyO4eI42EfT/wCJNeX/ALUP7U3wm/ZM+H//AAn/AMVb69Zbm6FppGjaLYPeajq10ULizgtowXmk2KzkAYVVLMQK9bkhwTlf8/3TXzR8KNPg+MX/AAUJ+K3jrxHbif8A4VZpmj+F/Cccoytk15aHUL/f6STCaziLjB2Qbc4JqpNU4uRjO6sr7np/7Lv7RHwm/az+DulfHD4M66b/AETVUcKJoWintJkcpMwib5op4nVkdDyCM9CDXeatcafoumz6xq95DbWtrC0txcTyBEiRQSxdjwqgAkseAMk18Bf8Ez/HsPw0/wCCtf7VX7Idg6xaNqZ07xzpFgOEgupUjhvNq9B5heFzjuvua63/AIL2eLPFa/Aj4W/s76HqM9lo3xi+NeheEfGN1aybHbSZ5GaaJWHIEuxUPquV6NWkVzW8zn9ry0m300Oz/Z6/4Ky/so/tJfHub4EeCZdes57synwjr+taWbbTfFQiz5trDK3+uxgsP7ygkV9G+OPEvhv4f+ENQ8ceMtYg07StLtXub6+un2RwxKMneT/nJx1r4t/4OEtC8F/Ar/gm1p3xW8FWltoOr/C3xVoV74DurCIR/wBnSQ3EaJAgX7sZizGVHBBwa4L9tH4s/tg/EjXvg38dfi/+z54i1X9nPRLCw8R+MvCHw9MV3rGs6qIllgmeB3RmtYpQH2KWyQNwPaqcVWtyFSrSoJqevU+nfj78WP2i/h1+zVF+1l4S8IRzabp1zFq+s+DpbB/7Qk0LdmR85wlwsR80rjAClTzzXtnwj+KPgL45/DXRviz8MfEUGq6Frtgl3p17bNkOjD7p9GByCvUEEV8caV/wcq/8E6tfVvCniP4c/GPTLqRTHPpd78Mp5ZORypSJnz6Y968c/wCCenxV8Yf8NpavN/wTF0zWdd/Zx1nVTJ448KePNKn0V/CWpylnls7cTruYHKuYgNvz4461pKhUhG042Y6WJjKXuu6P1FvNOSVfu/Qgf+PCvkP9pz4bah+yB8QY/wBsP4M2nkaTLdxwfEzw3AuIbu0Zgu+VegljOG4HIzX2OjxOPQjr/wDEmuM/aA8LaZ4x+C/izw3qsCvFe+HryJwU3Z3QsNpFcFeHNBvqtT6bIcwlgswhGa5qc3yzi9pRejT/ADXZ2ZBoGu6X4n0Sz8RaFdrPZ39rHcW00bZWSN1DKw/AiryMhGCe3r/46a+Jv+Ca/wC2x8I9I/Zh0jwP8Xfippekano13PZWsWqXRRntVIMQYsPu4JX/AIDivpW1/av/AGarkD7P8ePCbZ6Y1mL/AL6HNZYXM8HXpp+0jfqrrRnbxLwHn+RZtWwyw1SVOMmoz9nO0o9Gnazuj0UjsD/n+6aDgde/t/48K4SP9pX4AScJ8bPDBz6a5D/3yfmqZP2hfgS+CPjL4ZP/AHGYf++h81df1jDvaS+8+aeTZqvioTX/AG7L/I7Pco4H+f8AZNCgk7j/AD/8dNcgvx4+BwGT8YvDXvjWYj/wE/NSn4+/AsDL/GPw0MeutRf98n5qXtaXcccmzF/8upf+Av8AyOywvt/31/46akCqMKPzH/oJriF/aM/Z7Q7Zfjb4XBHb+24f++T81XLT9oT4AXP+q+NPhdj2A1uH/vk/NTVek9FJBLKMwgrulL/wF/5HYJEc4Pf3/wDHTXl0EFzF+1l4mldGEb+BdJWM44OLq7yp/MV2+m/F/wCD+pP5enfE7w/cEY4g1q3dj/slQ+T+Arl9F+Jnww+JnxZ1eT4ceNNL1qTRdIgsdZOnXAc2k/nSOFOOQ2Mtj3om4z5bPr+hrhKWJwkK/PBq9NrVNW96L/Q6vPOw9/8AO01IoGcD+X/jwpqjgAjnsQf/AB01Io2nBPX3/wDHTW0VZnjt3DOwDjr7/wDjpoBDHBX8c/8Ajpob5hkDp15/8dNNBwf/AK//AI6amSswTOc+Jfwu8NfFTw6dC11ri3mgmE+marZSeXc6fcL91S45Vh6dCOCCDXIfDP4x+KvCviyL4HftBGCDXSmPD/iKGLyrTxDEo+5jpFcAcvF65ZcqcD1ML82T9ev/AI6a5z4rfDDwh8YPB1x4J8Z2LS20jB7e4gYpNaTLygLj5o5FPIYfqCRWHJKEuaJ7uDx9CdD6rjFen0f2oPvH9V19Tq2JK7SvPbj/AMeFAUE5JAz7/wDjprw/4ZfGbxX8IvF9p8Av2jNT8+4uG8rwj4zeMJDrSAfKw7R3YXqOjkEr6V7jtO0F2/X/AMdNbxkpK6ODH4CtgKqUtYy1jJbSXdfquj0EYKPutn8P/HhSf56/+OmlZeMe/b/0E0IDjO3g+/8A46ao4BRnIVh+n/jwqREAPI4+v/jppFQKxB/n/wCOmlZyvQfn/MUAO/z1/wDHTURwXIz9Of8Ax00hlfP3vwz/AOOmiIZfH9f/AB00AI4AOB/P/wAdNAUkZ/r/AOOmnOFBw38//HTSj2H6f+PCk3Ym9hgDdR/P/wAdNBII56/5+U0rFVHB69ef/HTTQCeg/T/x4U9x7k0WCoBHT3/8dNeG/taSCP44/AM/9VAvB/5TZ/lP5V7jExIC/wBf/HTXhH7XuV+N3wAYn/mod3jn/qHTjaa5sZ/A+cf/AEpH0PDL/wCFZL+5U/8ATcz3CBOhJ/z/AHTT9vX29/8Ax00RK20M38//AB00/aSdwJ6/5YV1s+c6DFOBljk/X/x008AcnH6/+OmgxHuOvv8A+OmnBexX/wAe/wDHTUi0E+Zh/wDX/wDHTQCB27f3v/HTTht6j/P+yabwwyX/AM/3TQAMeNuMf5+6aQHB/wDr/wDjpp3l88n9f/HTS+WPU/n/AOOmgCJlAGR/P/x00igE4b9D/wCOmpGT5TkfTn/x000YBwO/v/46afmUtQ2kcBv8/wB00EbhgEe/P/jppUAYZQ/5/vCvHf2ifjprmna3a/Ab4Ixx3/jrWlHB+aLRrY/eubrHRQM7V4LNgCs6lSNOPMz0cvwFbMsQqNL1be0Ut230SF+J3i7V/jB46b4B/Du/uLe3tCr+M9ctJNpsoCOLeNh/y1k5H+yoJ9K9T8F+DfDPgHw7beE/CejQ2NhZptt7eBMKvOSG9SSSSTySSa5/4KfCLQPg34Kj8KaTcS3MzyNcajqdwcy3ty/MjynuWPboBwOBXZo2MDPH0/8AHhWdGnJvnnu/wN80x1CcY4XC6Uodesn1k/Xoui0JJCVIGeP8/Kajdtxz/X/x005gEbPX/gX/AI6aYc7uOn1/8dNdSPFbuhhZjnnr7/8AjpppOQQh6dOf/HTSu5RcdDn0/wDHhTSeu4gH1/8AZTTa1CNyNtwOXfpx1/8AHTXkfxEnCftifDFR/F4c8QDk+1p8pr1tufvHP+fvCvDP2hLvV/Cv7Tvwt8cR6HeXOm2dprMGpXFrCXFusscG0v6DK/8AjtcmLnGlT55bXX5o+k4dws8XjJ04K7dOpZefJI93jbCnHX1/9lNSrgDJbr7/APjprzOf9rT9nXT2MWofGfw5DIBlopNVQMP9kr1rOk/bp/ZQtmP2n47eHUCnk/bxj/dPFZvG4ZfbX3nM8gzi9nh5/wDgLPXlByQ5+nP/AI6adsb0/X/x0142f+Cg37GNuC9z+0V4ZX1Jvj/3yeKb/wAPHv2Go8Cb9pfwoM9A191/2TkVP17DfzL70P8AsDN3tQn9x7UAOMDp/tf+OmncnIxj8f8Ax014uv8AwUZ/YikUvF+0V4aZf7yXpI/3T8tB/wCCjv7EOdv/AA0Z4az73ZH/AAIZFDxuF3c196F/q/nP/QPP7mez+SrHgf5/vCkSSJ3eKGdWZDh1VslfZvSvFJf+ClP7DELmNv2k/C24dP8AiYLgf7Jr8y/29f2+Pil8Pv22tY+Kv7Knxwm/sXUrO0ltpNMvPNsroLGEZSh+Q/MpB4zXmZpnuGyyjGp8Sbto/wAT7/gHwozvjnMKuCT9hKMHNOafK2mlZ2233sftCqtnbjH4f+PCvGvjDBN8evjXpP7NdqWOg6fbjWvHLo5HmQKwFvAmP+eknzN/sRkd6+S/2Iv+C7Vn8SvEOmfDH9pjwONP1LUJktrTxFoq5gllb5QZImO6PJxyu4ewr68/Ysu7Txdq3xK+KLlXuNS8fXNksmcsILWKKKND6fxHH+1TwWa4XN+V0Hp1T306fkdGa+H/ABJ4c1sRWzajyyhFKnJWlGUpvl5otfyq71s07HuNrp0FvDHb28CRRxqEjjRcBQOBtHpXjfx9/aef4YfEOXwJo72xTSfCEniDW5pclkVb20gjhUg4BZJpWOc/8szjnNe5QzWcX7y5nCIgLOxOAoA5DHtxmvxf8X3XjP47ftJfHjwT+y1+0/r3jTwPrmq2r+L/AIp+NYobeDTbu3uQ0+kadLCgE6eW8MYlxsAEQ+YAGvfiuZPyPybF1akUlF6t9ep9weFf2/dQ0/x/408OuDcxWvjy38P6NAyEMs39mXFw0YOeVLWu8+m/tiur/wCCdfx3u/jv8NLzVNeSGTVYNQaPUZraffG0jF32nk4+Qpx9K/L7wv8AAPUtA+KdxqniL9qX4saBqt/4i1eA+KvE2lacljFqNlH9mlubqHdkTlTJgqNqxSITk5B9H/4JI+Pv+CkHhz9lXx7dfsdfADwN8RraLx/fWNn4w1bxb9gNxdQ7VmU2zJsljxsKfPGCW54FRiKahSbjq9PL8zlwFXE1K9qklZX8+p9+/tlftpWfwS8eeC/2Yfg7Y22v/Fn4katBbaHoZJdNL08yAXOpXiqdywxReYUHHmOAB8oY1ZX9o7Xfg3/wUIuP2Ofi3qCnRfHvhqLW/hDrF3EFee5gymo2sUi8SSKTHPHnDFZHXnaor8/v2Mf2ldA/4Ju/FzxV8YP+Chn7Inx21v42+Nbpn8S/Eu60iw1G3S1B+SwtVhuAIIFwAVTJIVR0AFeh/t//APBTH/gm/wD8FBfgnYeGfAPxP8eeDfjD4Z1aPWvg9qV78NdTW6g16IjyYUMcLqVmIWJ13YIYE9OMqVOV9Ve/Y761WGig9T9QjFtHyqSe2F5P+0K8C/4KcTJp/wCxv4glumVFm1nRbf5mxzLqtqm0/nXyL+0d+3r+13qX7JPwu8X/ALTvhnxJ8FYNa8f22h/F688HSL9uWx8vIjyS01oJsOxUqHXkAjANfOX/AAVO8U/8EhLj9lW9X9mD42eNPEvxAXWtMZJPEXibW7uWW2E6tM0n2pvKYjAPTI7DitKdKV07fqY1akeVq9nbqfu/aaZcxt9kWLe6oMrGwY9PunFfPX/BTj9o3SP2df2b/wCw4tXntfF3xH1m18JfD6CzZluJdVvJViQMVIZRErNKzdtg9a+B9S+Kv/BvH+yv8c9EgvvHfjG/u7eO0uZbvT/EOt3lrDI6IxaULMVGNxJUDjBGK89+OH7QHgH9tj/g4U/Z20f4O67Pf/DLw14dTWPDC/vlt7qVIL26dpI5uQSUhUkgE+V9KwqUnShJ62s3exrQqKrUjBW1aW5+gv7YP/BWaH9mfX5fhz4Y+Amp+KNVsoxFfapLqcNraI+0Aqc5eQg5yuF7c1teE/8AgrB+x1q3hSzv9Z8X6vZX7WqvfWLeHLuZoZNoLKWijZSM5wa/Kf8Aae8R6jrXx/8AF+v2PinUrV59euWb7J48ns84kIAaMEAcDpX1h/wRi8N+KfjfcfEbwN4j+NXxF0+5OkWx0PW7Lx088+msxlR4wSCgOCv3lNTKgo4ZTb6L8TkhjqssdKktru3yPV9c/wCC/wD/AME0rvUdT8A6r418T290kM8FzDc+FpVJYqyhNoJkwTxkqPXpWP8ADj/g4C/4Jy6X4A0Sz+L3xL8Q6Nq8GlW8WqST+DbyWF7hYwrqWjRsqWBPIHWsr9lj9nX/AIKMfsA+N/iT8K49B+G/x70hLuLxFZeNvGuuNoWv3DXW9GaWZbO480gW+cltuXPTpXF3f/BVj9r79pDxVffBb4Zf8Ezvg74hne3P2yK7+JtveARhgrKT9mQEZOP/ANVEaUJu0VdLzS/M0q4irSS55Wb0Xuv9D3fQP+C43/BNHx34e8QeIPh/8adQ1b/hGNMOo6rZxeGLuOcWodUJVZEXzMM6ggHIzn1rH1n/AIK76clvqev+Fv2R/G9xouktYi71PXby00lcXYJgDCdsFGGG3EqACM88V89/tuRftHeAP2HviL4j+LP/AAS8+DfgTRn8M+ReeJvBvieP7dZs00YVWhhh/ec4B+YY61Z8Z/Fzwf8AH3/glTZ/FOL4YPc6xqR060uU1/4YpLbCKDdBGXKTo0ybY1fcXA+Y1vGnBNOKum7bp/kZOvWs+Z7K+zX5nrH7Q3/BYrWvhVZ2cXh74BeG7m9vNZtbAQX3xWsC6edIiENDbq8koBfHy8ZHUc19wJAmcH1xnP8A46a/n1+IuuXnjvx58M/C82i+CrOGy13StyG3ezmDLeREwRwxajMnzHBYmPJwCTX7l/tVfDz9o74kfD/TdA/Zf+NFh4A1U69aS6vrN7oi37NpqtmeKBGwokcAKHP3QSRziumrTVNJWIwdeVbmb1tY9CMO04zx7H/x009QIkLvgBRnn/0E1LFbYjVWcswUAs3Un0avnz/grN8Xde+AH/BNj4z/ABV8LXj2+p6d4Fu49PuYzhoZpwLdGB7ENKCD2xUJXdjqlZI5z4c/8Fl/2M/iL+1Cv7MGiatriy3esT6NoXjW40pl0HWdVgJE1jbXf3WlVlZR2cqQpNfXEcRYAjoenP8A46a/KnX/ANmPwiP+DYjwjN4Z0yK31nwp4A07xro2qW6AT2+rRut67SMOQ5cvk9x1zX6C/sZfHBvjt+xx8O/jzq8mZ/EPg2wvr+RRnMzQr5in1ywatoRUlddzmnJRlZnFft5/8FG/gx+whodjb+KdC1vxV4q1lXbQfBHhO0+06jexpzIZFH+qhQfekbC54BJzXoP7KX7S3wu/bD+A/h79oL4P6m1xo2v2vmIkwxNayqSsqlf4ZY3DKw9R6Yr51/4JR+ALf9pT4z/tC/t1/E+xW+1zWPGd34O8Oi9UONL0bTwIxbRg/cDSFmfH3jnNfE37DOu/8FRf2KLT496R+xx+y/a/Er4f3nxO1q20RbjUkhl0LU0f51MW4GWNlaNtowMr161PNF13S6pDjF+xVZapn6ZfEH4+fEHxP+1Pon7Kv7Oui6fqOsW1k2seO9Y1IsbPQNPIKw79nJnnfhE4+VGb0rqfgZ8c4filq3iLwB4o0U6J4x8Gaj9h8SaDI+4oGy0JdsDzLeaPDo4/2lPKmvy2/wCCcv8AwV6+Lv7BOgeK/C37Y3/BPL4r6r8RfF/i241zxb4zsLRHa8LARwxCOQL5ccSpsVQSoBrtf2i/+Cpuu/tI/Grwl8Y/2GP2MfjVovxo0WFkbTfEPhKKHTPFeg5/fqXWflQzK0coGY3IwcHFaVKEoaNCp1ObVH6sGEPw34DPX/ZNeaftBfB2+8QWsXxR+HqpaeMfDYNxplx0W9iXmSMEfeR1BAz91sHjmr/7M3xf8efGb4T6f42+KHwM134da3OCuoeF/EM0Es1u46qZIGZHQ9m4PqBXoWFcbQVPHc8f7prgqU41IOMj08LXqYSsqsHt+XVPyaPPvAHjjRfiX4E0vx9oDN9n1WzSZVccxkj5lPuDkH3Fa68LjBP4/wDjpryD9iZ5IfhXq2iNMDHp3jXWbeFVPCoLtyEPsM4r2La2PmH+f7pqsLUc6EZPdo0zjDQweaVaMNk9PR6/qN2uT09//sTSOwUYPPvn/wAdNPfC8E/X/wCJNRkAjB/n/wCOmtr2PKasJ1OBjHsf/HTTsAA5br/naaYyjpuxn3/8dNPV12/L1+n/AI8KEJCKCvI7e/8A46acTv8Aunp7/wDjpoUZBU/y/wDHhSqu3P8Ah/48KTbsaJIZt28Y/X/x009MY4/n/wCOmjaoGMfr/wCOmlVV7+nr/wCOmpukP4XoKVwM56+//jprx39qiQeFfEfw7+KdzIVsdD8XpFqcm3iOC7ie2MhPYAupJ7DNexqFP3mz/wAC/wDHTWN8Q/Anh74n+CtU8AeKLbzrDVLR7e5XODtYY2k9iOoPYgVjXpupT033PSyvFQwuK5p/C04v0as/zL6rgAZHvx/48KkQBeD/AJ/2TXjHwF+K2veD9fH7M3x1v/L8U6XBjQNXuBsTxLYqNqbj0adVwJUHORuAwa9mH3ev4/8Asppwmpq48VgquCrck9t0+jXdMlRhnP8An/dNfCPxZ/Zs+On7TH/BXvxZ4K1X9p74reCPh9Y/BXStS0xfAPiBbNEuJb6aF4wZI5FBZ4ZJCVAOSMnpX3YCGOGH6/8Ajpqeyt7W3vH1JIUE0kKxPKFG4opJCk9wCSce9E5OMG0Z0kuZKSPx/wD2g/2SvGWj/tgeOfgFo3/BQf442OieEvBmna0mpeIPG8tzJPLcOytGNuxAB8vO314r6q/4JAaR8bfiR/wTz8R6bf8A7TvijWdYvde1O20rxT4hkF7Np6oAqR7X5ZdwJG7pnoO/1L4U+Dfg7Tvjd42+Lt/pVldXniax0uzJnt1cxx2scw2fMDjcZe3pW/rfhbSrfwpd+GvBunafpcN4xN1BaQGCKUEjeGEJQhmAxuBzXPXxCrUVTtqra6dDsw2F5KzqX0d9NT8cfiLqP7SP7N+teIrL4k+PrrxVq3irXRpV74W134QFtOnjmb91LPeSbBDHz5gTcQuUwQGFfQX/AAVA8Wfszf8ABLP4Hfsz+MfiN8N4te1Dwx8S4dY17RPDlzCLmAfY5DKXX+KJHeMIrEDAQbu9fW/gr/gnR+xxoM+pX9t8Mg91qscsN0LnV7qVAHIZ1IeQ/MSB8/3sKBnArH/Yw/4JUfs1/s3Q+N9a1u2n8f6z411u6m1LVfGiLeyQ2b4WO1hEmQIlVVB/vEZPSrjWhNpyW3yIq4arG6i1r/X5naeD/wBpL4i/tzfsvaL8Zf2NE0zw9ofjOyF1ofifxzEJ3W3LFXDWVrI2XDKyFXlQqVORwK+fPHX7Hnjb9lb9g/42+H/i38Z/Dvi218WJq/iLUdcjtRo50++mtm4jjkldZFaTGF3Bs4AByBX1n+zh+yj8MP2W49c8KfB23k0vwprOqNqdp4VhOLTSLuT/AI+II1HEUcrYcxjgPuIwDgXviz+y98DPjZqdjdfF7wFb+JLTTblLm10fVj51g1whLRyTW5+SV0PKlwQOuM4I0VSMHZfDe/3GXs3KO3vWa+8/ET9lD/gpD+wBd6n+zxa/G79o+TQ5/h7Lf2niSK/0C5HkpIrxwKZVjZGVf3WTnGM9a/S/4r+Mf2j4heePvA/iz4NWOl+I9Otk0/xPrt3cx+baorBDI8WEc4YEA44OOetfRfjj9mT9m/4ieEbjwP40+A/hHU9KuYTG9ld6BbsgUgjZ9zKkdiMEVZ8I/CXwPo3ha28FP4Xsxpul2yWthYeQvkxQIAEjC4wAAAPwqcVKnXnGajt0eq3uVhKVWhFxk9+2/Y/HX4zfArxB4lufGvxP+MH7e3gTwz8UjJ5fwh1vwVpbw/2xcyKIIbWGQAGTfJIYcjPMhLNXuX/Brj8QPgb4m/Zg8b/sU/FLwjZab8V/B3jW/v8AxfoeuWQW5u45nADSK4yVVgUIHAyp/ir6/vv+CcXwO8W/tgaZ+2B8SDPrd94RtIoPh54bliSPT9BkUlmaVEAM0pYjaW+VMZAzzV749fsAfs/fGT4vab+0Zp2m3fg74maRcCax8feEZFtb+TgglyQUuYmBwySK2RxxgGtZYiFWHJJvW2yttsjP6pVcuaOnz3/4J+XP/Bd3wf4A8E6pr3w1+FPjbXtN8y+W5uPD3/CLXNpYIkcodnlvY0YOY8suGYDaTwPlFegf8FPvix+zn4R/4IeeAv2bfgp8ebX4heI/EOj6VH4U03RL9brUL6OPZPd744sttUA5VgGGV71+l/hf4Hy3Piy48YfFnxjJ4qnnsVt30q6sEi0syrwZmtMsizMvDEHaeyjiuL/Z8/4Jw/sc/s7fF7xZ8cfhl8HrC18SeKNSluLi9lUSCyDnc1tEmNtupPUIBnireKp8kVroDw9b2jldakX/AASN8UfCrxh/wTt+F958NdQtJbS28L29pqcEChGtL+NMXKbAB5cqS79ykBgeT1Ge3+CUfxNk+NPxQm1zxne6n4PXV7KPwjaX+nCJrCRbZTeQJLgGeDzGUqxyAd6gnbUnh79nX4bfDX4iar8TfhvpLaHceIF/4qGw0xzFZ6jMDkSzwr8qz9vNXDEYBzgV6PZXsU0QAPzY+b5uc/3TWELOTZVVWSsTS27MCh/z/smvjT4x/FDxL/wT7/a08cfG7x98N/Eer/CX4q2OlzX/AIo8LaNNqUnhjWrKBrVpp7a3VphbTwCArOiMEeJw+AwNfZpkBGWkHtz/AOOmhwko+buOzf8AjprSUVOLi+pxzu9tGj8x/wDgmx8Jvij8f/8Agqt8Vf8AgqF4d8IazpXws1PwSvhzwvNr+mSWN34imT7M7g20wWQQL5LKsjAB2yFLYOPf/wBvL4X3X/BSb9iLSPG/7M8sia9o/iCw8WeAH8SWM1gf7T028WVQ0cqh4wzRSQsSMDdkZHNfXTHy4WRSB1zj/wBBNUhGIrbyIwAoHyqpwAP7pq0+W1uhz8rcbPqfjt+2v8YP28v+CyHxU+GH7EHij/gn143+EngvSfFFnq3xd1bxCpmtblbd1ZreO42rG0WA+wAlnZl44r9Jv2hPj38Cf2UPg1P4/wDjP4ustB0CwjWC3+0DLSuBhLeOMAtJIeAFUE161HEjN5ak4HUA8f7prh/iL+zL8CPjB8R9A+JnxQ+GuneINX8KBz4fk1WPzorKRiC2+Fv3Zk4GHKllxwRRFwhbTREtVWmk7vz6Hj/wFi+C/jL4Uj9qfUfCiQDWIpNQtX1+wWG5ggLnyy4cZXIGRnB5pn/BLkWev/A7Wvi5b2qqfGXjXVdUjkVcbomnZYg3tsRcfWvUf2o/2Ufh/wDtV/Cu5+EnjnVdZ06yuZopftOg35t5laM/KpOCCOehBra+BXwV8K/s/fCvRvhD4Hgkj0nQrGO0shK2XKIMDee7HGSfU1VStOs3fY6cJh8NhsPo/fe52An2ruDc+x/8dNebftY/GXS/gx8BPFHjrVLhF+zaRMluJBkPM6FI0I75ZgK73W9R03QdLuNZ1rUobSztYmkuLm4kCJGgGTuY8Ae5r5A1U6l/wUN+M2mXlpBND8HvB2pfaDczIU/4SS+jPypg9YUPOTwfxFcWIqWhyx1b2PpMhwEcViliK75aFLWcn5a8q7ydrJfoQ/sc/wDBNb9nbS/gP4S8Q/Fr4TW+p+JrnTjd6i99cSkBp28zZsDYAAYDHtXt1p+x9+y3p6rHa/s/eEQAPl8zRIX/AOAkspNeiW6xwqlvEiqijCBegA6FakLAf/q/8eFc9HKsBTV3Sjfq+Vas6s5444lzbFTqSxlVQbfLH2k7RXRJc1tEcFH+zN+zzaj/AEX4E+D1A648OW3/AH0PkqZP2e/gQBj/AIUr4T9seHrb/vofJXaFlPK9Pr/46aa43AFm6eh/8dNdUcJhVtBfcj5yWcZtJ+9Xm/8At+X+Zxzfs8fAYj5vgr4W5/6gNv8A98n5KY/7N/7PzDb/AMKV8L/holuP+AnC12gf++Mfj/46acjqDgD/AD/dNN4TDfyL7kEc4zNf8v5/+BP/ADOLh/Zr/Z+TkfBXwx/4JoP++T8tPH7NX7PTHB+Cnhf/AMEdv/3yfkrtQQf/ANf/AI6afGc/Kw4+v/jpoWFwy+wvuRX9r5n/AM/5/wDgT/zPPb39kz9nG+DGL4QaLZzH7t1p9p9kmT/ZMtuUkU+4YYrlfhP4Cg+Gv7R3i/w2us3eoi68M6bdxXepyebdbBNNGoaUjdNsGAryFn28FjXuMagNjHGf8qa8r02Kaf8Aa68W3fGy28FaXDweheaVwp/75NCoUoTi4Rtr+h34TMsbicNiadao5R9m3q76qUbWv6noCodmT/P/AMdNP4AwT/n+6aMjG7H6f+PCgndwnT6f+PCuo+c3ELFRyR+f/jppNxIxgfl/48Kd0U85/D/x4U1fXI/E/wDjpoAUkA56/j/46aZMpdcKcZ9//HTSkds5/wA/dNIWA6n9f/HTSshp2OZ+JHwt8I/FvwnceC/HGlC6s5+VbJV4ZByqlx8yOD0YHIrgvh78VvFvwV8WQfBH496i9xZ3Egh8H+MpVAS/AHyhj0S5A78CTBI54r2CSSNPkf8ADH/oJrD+I3w58JfFnwbd+B/G+krdWN6m1wRhoz1UMw5VgeQw5FZuLT5o7nsYDMKSh9VxacqT++L/AJo+fddV5nUlRKNwb6YP/jppwOAFPP4/+OmvnL4a/GPxj+zZ49tvgD+0XrEt5o97KIPA3ju6GFuh/CrN/DcKMAOcCQD1r6KVyVBjAwe+f/HTVQqRmtNzLM8srZdUV2pQkrwmtpLy811T1T0LEfzcBePc/wDjpprKm7AIz9f/AB00xSwH3vyP/jpp68/K34f/ABJqzzbWGeQSPvD/AD/CaekYTnv9f/HTSjB5/XP/AI6aGGRj/P8AumgkQrk4I/HP/jppv4/r/wCOmlO9QBu/X/x00hznn+f/AI6amRMthrpnjA/z/CaQZU5I/X/x01Jg5x/X/wAdNJtywyP8/wB00JgmKrKPunJ+v/jprwb9r4n/AIXl+z9H6/EO8OCfTTZ/lNe8bVDEhunTj/x4V4X+1zGrfG/9n91XJHxFuhnHTOl3PzD8qyxOtG3mvzR7/Demax/w1P8A03I90tgdmM5+n/oJqT/PT/x4U2JdqBT/AJ/2TT5CMYzn3B/8dNddrnzregn+ev8A46aP89f/AB00iqMZ/wDZv/HTQwY9D+v/AI6aVkK+g1sg7Sf1/wDHTSAg/wD6/wDx004qxOPX0/8AQTQI8dD+n/jwotYfNJipnHP8/wDx00v+ev8A46aACeB/P/x00+AEvwP0/wDHhQVqxhU4ww/z/dNNyWcKo744H/jpqadQSCP/AEL/AMdNef8A7RPxutfgf4Ohm0zTG1PxJrVx9i8MaHGcPe3LDhh6IvVmxxwO9TUlGnDnlsjpweDxGPxUcPQV5S2/zb6Jbt9EVPjn8ZNQ8CXVl8Pfh/ow1bxfryMmlaeGwkGR/wAfMrD7kYAbnuRgdaT4E/s9eHvg3ZX2rs/9o+JNcn+0eINdnGZbqU5Pl5PIjQkhVHAAHemfAT4N6l4GsJPGnxGvo9U8a6xGH1zVAMhMksLePP3Y0J2jHUKK9GjXkMBj8ev+ya5oQlOftJ/Jdv8Ags9PH4qhhKLwODleP25/8/H/APIrouu7HLHkZ6evP/jpp/IGCf8AP9003LMvpz/lTQGBOB1x6/8AjproWh4Y/BbJA/T/AMeFJITknIz9f/HTTTIwG0jr0wf/AB00krxxxmeVwiAZLNwAO6mruhdbDWwcB+v1/wDHTVPXdb0Xwzo8+veI9WtrCxtkLzXd5MsUca/7bMQAPrXmPif9qCPxHqE/g79mzwufHGsQSmG61G2nVNJ09/70l1yrYPVIt7Z64qhpH7NWrfES8i8S/tVeKY/Fd5DL5lp4dsw8Oi2R7J5JOZm9TITk9hXJLFc8uWiuZ9+n3n0NHJI4emq2ZVPZR6Q3qS9I/ZXnJr5lqP4++MPjDeNpP7NPg9L2zRis/jTxAkkOmJ/0yVRh7s/7pVRx8xBp118J5NH8Z+FZfH3jXVPFV1rOrS2mpDUWC2PlfZJ5PJWzXESLvRTkhnOBljXqFnaWel2kdjp9nFbQxKFiggUKiDsmAMCuf8aAv408FN5n3dbmYDPpZz/KfzrCtTl7G9R3d16brodWGzOl9bVPB0/ZQtLreb91/FL9Ekjb034feANDQJo3gvSbNUxsW102KMD/AGTtUVZbRNHJz/ZVt/4Dp/3yeKtkk9T+v/jppP8APX/x010KnCOyPDniK0pXcn97KbaDo4PGl23/AH4X/vk8U2TQNHl+U6bb/wDfpf8Avk8Vd5BJP8//AB00Iy52sv6/+OmrStsYutU7lUeH9GA2/wBl25/7YL/3yeKhk8K6DKcyaJZn62qH/gJ4rSMgRt2M/j/46aGZWHH+f9k01FB7equpz998NvBV/GUuvCWlyZ679Pib/gJytfBP7dv/AAS++JH7WHx7g1H4U+HNI0DTLSyWC/1W5QQRlgxOzZGuXIB64xX6MKPlwf5/+OmnKFBw6j/P8Jrz8xyfC5pSVKtsnfTR/efZ8F+IGfcC5hPHZc06kouK57tK/W17N9r6Hx5+xv8A8Ec/gJ+y/f2vjvxbcv4x8UWpElve6jCBbWcg6R+SOMg9GbJ6dK7P9jjWLr4W/tCfFT9nnxDdtHNf6/J4o8PxuMCa2n2rLH77WCEj0bPY19JJtAwv8v8Ax4V4/wDtK/s96z43vdK+Mfwm1VdM8f8AhSYzaLdTDMN5Ec+YmO8TgkEe+fSsll+Hy2inhIWtvbdrr8/8j0avHedcV4zEQz7Euft4qKlLaEoyUoNJaKN7p2Widz034j+BPDHxd+H2tfDDxtHPLpGv6XPYaklrcNDI0MqFG2OvKnBPIr86de+E9t+y/qPjn9jn4GaAw8N+G/Cmq6vpFhOBI8qQaLYbC5AUMzXdyG6feiU/w193fAr48aF8ZtNuNPvNOl0LxVpAVPEfhW/O25spOhDA48yFjnbIvBHociiP9mnw1rX7ROr/ABw1y7WaDV/h03h2bTfLx87XXmPKWz1KLEnToldNPG01BzTuu3mfE5jluJhW9jOPLNPr28u6elj81/jXaa94C+Geq3beE28S3k3hTT/FVjq+j6fcXOqR6ndxzSiPzY38qHypEl3uyEmOVVySuR3P/BsT+1p8OY/2bvGvwA8feJ7LSvEGieK59aazvZljaW1ukUl8cA7Wjfdj1BI5r9C/gv8AAj4e/AL4eaP8M/AmmMbTR9KGnreXjebc3MQDDLufv/ebr/eNcR4l/YZ/ZysNKtrb4Y/BPwv4ev7/AMU6dNq+qaZpKQ3E9qLwT3ab0ALLKgeNgcjbIQAKVfMaVam6Tj1un/mYYTKpYeoqkp7qzR4J41/4KXfsp/GL/goN4a+BPg3xLqGs6Jbw3Mes+IfDemyXlsbzYRGn7tGIQMBuk+6MkEjrXrfxqsPgl8Q/2xfgt8EfCl3pFzqGhanf+Ldc0+22efBBb2MkVu0qryoaeeIjPXy+4Fey+A/2cvgJ8KfGd147+G3wk0LQ9Wu7Z7e4v9N05IZJImk8xipUc5bms2P9mz4dr+1gP2vxFOPFR8EHwvIVK+TJafaVuBvGM7wV25z904xXJ9Ypp2imlbvuzt+r1JJczTaa+7/M2vjt+zj8Hf2mPBF58OPjL4Pj1bSb3BmiZ2jdXH3QXUgqw7Gvgz/gol/wRU/YY+GX7Gvjn4j/AAu+HWpweJtPjspNN1C71yacQf6ZCrsIyQp3IWXkcZz2r9JfN/i3fp/48K479on4XW3xz+CfiD4R3epG0TW7ZIvtSqG8orKkgDA9eUH51FLE1KLSUnYuvhaVZPmim+h4nrP/AASH/wCCbviC4S71T9k/w60qogZ1kuBuIUD5wJMHPfNfLn7QX7Jnw3/Z8/4Lm/ss+N/hD4Ks/D/hy/8Ah/4i0KOxsIisSTWmn3coUjnny5gPwJr9L3WVuAOSB3/8dNfPn7cf7I3i/wDaV1z4W+Lfh344i8N6x4J8cm4vNYEZa4j0m6s57S+gTHSYxyLtJ4BFKOIc3KM5aNNfea+xhTjGUIq6aenkfjp8Zte8SXXxC16a68H3LRHVrgJIfD1vMH/eNhSzSA/w9fevtP8A4N4fFs13+0v438N3mmG2mk8JRSrANP8AsqnbPjaV3sC2Dng/yr0fRP8Ag3b/AOCeUAE3i3VPih4muC2Zr7X/AIjXckkzd5PlCjJ9gK6PT/8Aggt/wTo8JQXms/D3wr4w0DWm06WC21ux+IWpRz2+4fdJ83BHA4IxXq1MbgqmH9mm+nTtY+aw+U4+jiXVbT1el+5gfE//AILF/smfD7/gpZ8Uf2Y/jn8TrfQPDOreB9J0zw94zMEk9iNagmvWuoVkjUqrKtxFnJGGRlbGBnz3/gmF8G/gT+yD8R9X+Kaf8FIPA/i/TtStZLeGG1udJiBjMgdQzSS+cGG3BUAH1Ffa9r/wTn/Ycm/Zl039lPVv2e/Dup+CrOESfYNQtPMmmumQCSae4BEv2hyNzTBw5J6185t/wbj/APBNnTfEj+JfCo+IWj72y1pYeNH8tf8AZJeMv+bE+9Z062DUZR5pJSsns72Nq9HHynCXJGXLqrt6P7jJ/wCCr/7f/wAJPFn7MHif9nzwP4B+KPjC88W2i2Vrq3g3wLcS2tuxkVvnuZIjC/yq2Au4E8Z714Vrf7XcfiP9hDTfgbZfs3fHjT10n7LBdX+tfAPSr6znjQtl/JSBEk55+YE85z3r9M/2ev2avht+zR8NrL4T/D7WvEl9pGmytJZ/8JLr0t/NGx42l3x0AAHHAFU/2nP2aPhp+1R4Ltvh58UNQ8Qx6Xb363jJoWv3GnyTuFZRueBlZ0wx+UnGcelVSrYWm1Dldk73v+NrDq0MZWi58y5mrW/S9z8VP2b/AIUxfGr9sLwV4d8M+EZbUHxHYzGTVf2aodLIEcokdTcwgLa5UH5wrf4fth+0p8fNX/Z60PSr7R/gr4t8by6lfizj0/whYrPNEdhJaTeyhUAU8k14doP/AARo/YR8N6hFrGheF/FtndwuHjuLT4gapC4YdGDLOCD9DX094M8P6T4K8MWPhDSru+uLXTo9kE2qahLd3DD1eaUs7n3JJrsr4inWa5L2XcnB4evQhJTWr87k/hTWNR1/w9Za3qvh660m4urdJZdNvmQzWzMMlTsJXcM4OCea87/br/Zpi/bF/Y6+Iv7MjavHp0vjPw1NY2N/KpKW9zkPC0gHO0SImfbNeovOuRkj6/8AsppY7kfeDdPQfqKi7TOqVJTjY/HvT/2n/wBqb4N/8Eubz/glD8V/2DvizefGXTvDd14M0V9A8KyX2h6zbyF4oZJb6P8AdiMRuu7PQrk7RX3d+xR8PfjR+yx+w38Fv2bfFvgyR/EOm6TY6Z4hktZxNFYEIXk3suFO05TjILHjPWvp9NQ8pN/mHHOBnjp900zUry3aCE7x80gLKMYx6Gt6df2b0RyTwkpauR+bOt/GL/gqT/wSn+I/xE+Ff7Pv/BPub45/D/xx4lvfE3hXxHoOtNBcaVdXgBmDxiN9yrICwGF4P3ua+qP+CSHw7+Onw1/Y9trv9qHwfb+H/H3izxLqfiPxPods6ulnNdzl1TKswDBAgIBOCPWvpSAQmAOUHI4Gef8AdNcZ8c/h3rHxY8B3XgHRfiZqnhQ6iVju9V0VI/tQgJ+dYmkUhGYfLuxkZOKzbpym5Ws31HGFSnG0XfyPlnVvEXws/aW/4KH6n4L8Laxa6hpngLTUk8QyRSI0bX7HIiU5wWVVBYDpg5qfwJ8RfBvxK/4Kq3XhDwheWd1Z+BPhLNBKbN1ZY7i5vbdihK8EhY/19q94+E/7H37PXwR+EUnwX+G/gWO00a4SQ6lO8rPd6jNID5lzLOfnklbJ+YnjoMAAVxP7Mn/BO/8AZy/Y++JGv/E74MaZqkF74ksltdQXUdRa4UIJDJtJbkHdjqTwAK1xGKddxik+WKsvXuGBwX1aMqk5XnJ3dtl5I9zGIeBnn2/8eFZPxC8c6Z8O/BGqeNNZuDHBp1lJMzDqSBwV9ycAfWtC+1Kw0yym1LU72K3toI2knmmcKsaAZJcngADvXglxfah+2L46tTpqSw/DPw/fec9y6lP7fuoz8qYOCYVbnPfAPoK4KtRwSUdZM9zL8LDE1PaVnalDWT/Rd29rHSfsseC7/wAI/BnTm1i32X2qzS6neqww3mXDmUq3v81ejbRxnt/naanW1SNRGq4CjCqBgAf3TTJYwvI/n/46a3pQVOmoroebj8VLH42piJL4m3/l+BDLtUcjr7/+OmoiV6E/r/46aklI78/j/wCOmo8KTknn/PymtFqcLTGvwASefr/46aazBT06H1/8dNOcEnGOnv8A+Omk2Z7459f/AB01VkCdiZSDwP8AP+yaX/PX/wAdNOCrtyB+R/8AHTSYI+bH6f8AjwrNo0Qn+en/AI8KP89f/HTQTjk/z/8AHTQZN4CKoGO+f/HTU2G97B/nr/46acNwO0H/AD/dNN/z1/8AHTQWO75vz/8AZTTVgTOa+LXwY8AfHDwwPCvj7SGmSOYTWV3bymK5sZx0TzV+aNx6jr3BrzaTwr+2v8IyNP8AB/iHw98RdJjwtsviZ3stURB03zRgxzHoN5AJ7ivcY3Kj5SM/5+U0/c7defqf/HTWcqMZO+z8j08Lm+KwlP2VlOH8skpJenVfJnk+j/Ev9pmTC6/+zJBA54LW3i+3dc/3TlBWmfiD8fHjIg+AEasOnmeKbcf8BOBXobDC7iO/+VNIqkn5en1/8dNTKg2vif4f5HTHOad/93p/dL/5I8yuPFn7Tkr7rP4J6OmerTeLFB/3htjNL/bP7UFwoSb4VeGVHcN4qkI/3TiGvSsMxO0Hjv8A+ymnhJAcMP1/8dNc0sLLpI6o57Tt/Bh+P+Z5tZ6h+0paD938LvCy5OSR4ouP++TiCtmw8d/tLWFv9nPwo8MEZ6r4mlGP9k5gFdcwwMHPtz/46aQtwcE/Xd/46ahYWsvthLO6MlrQj+P+ZzZ+Jn7RBYq/wq0FB6p4jc/8BP7kUxvid8f0+R/hhop+niBv++T+6FdJtLc9s+v/AI6aaV56/k3/AI6av6tW/nMf7aw9/wDd4/e/8zmh8Uvj6G8s/CPSSPVfER/75P7uo3+K/wAeFkVn+DunBc/OF8SAZ/2TmL+ldO4O3G8/n/46aglY7SASB3wf/HTR9Wrr7ZSzvCv/AJh4/e/8zn5vi/8AG1VLR/Baz9s+Jl/75P7sVAfix8c+S3wZsCCOCfES9f7w/d10RRWBweP8/KaYQCNoc4H+1/46af1as/tjWdYX/oHX3v8AzOYHxW+PLoSfhBpKH38SE/8AATiGs5Piv+0xbnyx8KvD2C5yW12bOP7w/c12/lkLkZ/76/8AHTSCL0Oc+/8A46aX1Wt/z8f4As8wi/5hov5y/wAzh5fiz+0zMWK/Dzw3F6FtUmb/AICf3YqvB8Rf2mYp3nj8O+HlLH7u+Ygf7J6V6CbZHGSTjHHzf+OmhbFmUqzA+nzH/vk1EsJiWtKr/D/I6ocQ4CK1wUH68z/U4hPid+09tAPhzw7n6y/98nmpU+KP7UIOB4V8PH05l/75PzV3ENmAMMOfXPH+6aeLdc7jj24/8eFJYPE9a0vw/wAg/wBZMBf/AHCl/wCTf/JHCn4t/tRcqfA/h3j/AGpB/wABPzVUf4uftZHJHgXw1x0+aX/vk/NXobxBDgIPqP8A0E00qp/hH+f4TVPB13/y+l+H+Q48SZfH/mXUv/Jv/kjzWH4tftc28zyr8PvDkmRwrNKB/un5utVn+L37aiyM8Hww8KMGOQHuJRgf3T81epgAE/L9Of8Ax00uSO/6/wDjpo+p13vWl+H+Q3xNlr2y6l/5N/8AJHkcnxj/AG7ySlv8JPBYPYtd3GP908mqs3xB/wCCietsYYPD/wAPdHVuk/k3E5T2YFx/KvZSjE47n3/8dNG0dHfHHGG/8dNW8JNrWrL8P8jnlxFhb3hgqS+Un+crHg9x+y38RvjHexXv7Vvxt1DxRYwyiRPC2mwix0zI/vxpzKPZyRXt+haLpPhrS7fQ9A0u3s7K2iCW9tbRBEjUdNqjgVOEBGFXt1/9lNOiJPGM49//AB01vSoQp6rV93ueVmGb43Mko1WlFbRilGK/7dVlfz3LULKuA3PH+VNODbc89u5/8dNQAsOSMfj/AOOmnkswyCPw/wDQTWzVjzeZimQKcE9f87TTGPBIJ/76/wDHTSs27Bx09/8Ax003OGznk+//AI6aFoxN3Aknqf1/8dNKHYcg/wCf7wpP89f/AB00f56f+PCrETxvkBVbtnr/AOOmpUcA5L/5/umqakocg/r/AOOmp0JIyR+n/jwpNIC3C/XH+fY14Z4q8b/E/wAJ/tE+L3+HnwTn8WQTWWjx6jc22qRW72oWKUhNkn+sznPH0r25XzgMcfj/AOOmuP8ABchj+OXjeMHl7XTGPPUeSw2msqt24rbX9GexlFajQdadWkqi5PhbaXxR6xaf4nKwftX/AA/0l4bb4o6HrfgueeYRRjxJp7RRlz0UyruTn6ivUE23EKXVuQ8UihkdTkEEZDCrWp6fpur20mn6vp0F3byoUlt7qFZEdT1UqwII9jXBeO/2cfCHjHUbXXtG8T+JfDGoafCIrSfwxrb20IQY2hrY7oJAMcZTOO9W/ax8/wAAqzyTFzXs1Kh3154/kpL/AMmOzYZXpz/n5hSGPHI6/X/x01xfw78LfHDwRc3Vh8QPiJp3i7TMD+zriPRhZX8fP8e1jFL/ALw2Hj7vNLN8evBWm+Lm8G+JtO1zRJy5WG91nQ57eymP9z7SV8n6AuCegFHtY/a09TleAryquFBqpZXvHt6Oz/A7H/PX/wAdNIVzkN3/AM7TTbS90/UoRc6bew3ER6SQyBlP+0CKl3KOAOT/AJ3CqTT2OKUZQlyyVn5iLbrxuHHqB/46adJgLg5OD6/+OmkDY5c8dcA/+OmlVsnHHPTn/wAdNMRzvxO+FHgj4z+B774ffEPQo77TdQj2SRuMMjdVUsOVdTyGHINeLfDb4mfET9lDxlB8D/2j9Zk1Hwpdyrb+BviFcjHmD+F93RJ1HCyHAkA9a+lI4wq/Mcj6/wDjprG+I3w68FfFnwTqHgH4g6FDqGk6nCYrq3nHbsGI5VgcEMOQQDUVKTb5ofF+fkz2cuzSFCm8Li489CT1XWL/AJoPo19z2ZtW4jmiEkb7gx+U5z/wE1I0QjbJPOOx/wDHTXy/8K/HnxL/AGMPiLafAj426hea18P9SlEHgnxzcpva0b+B9/qF+VZDgHGD1ry/9sb/AILS/Dv4H/tO+Ffgj4FurPULKHXbeLxvqUU4dLK3kYI0YYcFlDbz6AY6muatjsNhqalWly9PmfSYDw/z3OMa6WXR9rT5JTjUXwuKTdvKWluX+b1Pu8hUwM4J9/8Ax00c4yB+n/jwpunTwajZQ6lbEPHLGHR1IIYEZw3tU5TnPT/gX/jprsPhHF3syEJIw6/r/wCOmhQQM7s/h/48KkUAZx/L/wAeFAQDr/P/AMdNK1xOLIzGxxtH6/8AjppQOw/n/wCOmn4I+6cfh/48KUAZyfbPP/jposg5RjxL6HP1/wDHTXgv7W8jD47fACMtgf8ACxrk4x1/4ld38wr35huBIOPx/wDHTXz3+17N5P7QH7Pi92+I11+H/EquvmFZYjSjfzX5nvcNRbzVL+7U/wDTcj3xdwTKjt6/+OmnoGZSp7c9f/HTQyZAK8A+3/jwqVYwpAY44/ywrqR8649Bgjxyqnp3P/jpoMbntn/P3TUh3btqjIHfP/jppwTPce5B/wDHTTuTyMhMbDr/AD/8dNKYtvU/kf8Ax01N5eenP+fumgx8HJ/X/wAdNIfKyExZHynn0z/46aS7vLLTLSTUdTvI4LeFd0s0zhVQDqGJ4Aqbyio4XHPQH/x018b/APBbT9qnR/2ff2Q9Q8FWGqhPEPjMjT9PgSTEiw5DTF8cgBRtz6tXDmGMjgcJOvL7K0830XzZ9Lwlw/X4o4iw2V07r2s0m0r8sb+9L0Suz6y8b/EDwl4A8C3PxE1zUY2061t/MEkDg+b/AHYx2YsSAMdzXlPwd+GWveNPGkn7S3xo05G8Q3tuYPD+kyDKaDYk5WIekrjBduvQcYr83/8AgkB+19qXxf1uw+A/7QvxQtl8P+DCNR0GDXNQCGb5gECvI3ziI5Kr2B9hX636Fruh+IbFNV8PavbX1tJ9y5tJ1ljb/ZLLkGuDLca82pqtNWS6X693+n3n0vGXD1Tw+xtXKac+ect6qTV6b+GKvtf7XyWxejQKdyLj2zn/AICaduKkcZP1/wDHTTBK23cDjnHX/wAdNKHTPXkDJJPT/ZNezsj83sluPZpM56e2f/HTQzxxrudgoA5YtjH+ya4j4hfHXwh4FvotARbvVdauR/omh6VD51zKewZR91f9piBjvXJXngf4u/F8C4+K/iWXw5pJYkeGfDt5+/kX/nqbpcdv4YwOuCxrlqYmKlywXM/Lp6vp+fke1h8mqOkq+KmqNPo5fFL/AAwWr9dF3Zt+N/2mPC+ka8/gXwFo954s8SLkPpejEFLb0kmmPyQL/vHJ7KeBXLp8EfiV8YCLz9pvx2bqwEheLwX4bd7bT1Xs0jg+Zdkd8lUJ/gr0Dwd4G8I+AdFi8N+C/DtppllFylvaRBBnvu7kn1OSa3YIyf4en+dpqfY1KrvWfyWi/wCD+XkdH9tYbLouGV0+V/8APydnUf8Ah6QX+HX+8VPDvhvQPCukQ6F4X0e10+yt12wWdnAsccY/2VUACtNRgDcP1/8AHTQqIoz3+n/jwpZGDAEj26/+OmuqKS2PAnVnVm5zbbe7erYMSTz29/8Ax01zfiwGTx54QHXbe3b9emLV/lP510m4Pxkcd8/+Omuf8Rxg/EPwkrN/HfNjP/Tv90/nWWJ/h/Nfmjry6VsTf+7L/wBJZ08cqt8h9P8AKmjft/i/X/x002RNjZUcH/O4VHJu6N+n/oJq0rnI7k2/d/F+v/jppHcrjA/X/wAdNQAkdD+v/jpqRSXX6e//AI6atKwiT/PX/wAdNPTB6cfj/wCOmmDng9fr/wCOmpQAVOcf5/hNUlci4BivQ/r/AOOmnlwwC/5/3TTMZbAP6/8AjppdpVSM/r/46asfMODHOAvQf5U0YJwT69j/AOOmkB4xnp15/wDHTSk9if1/Q1lVlGnFyk7JFRTm7I5L4j/BLwh8Tbq31u9+1abrdiD/AGb4i0ef7Pe2h/ueYAdy+qMGQ9xVbTdF/aX8ORJY2/xD8M6zEq4WfVtCkgmI7bjDJsZumSFXPoM10EHiu91rVZvD/hDw9capPbH/AEm4jKpBCfQyMQN3+yMn1AHNXJNC+M15MJbbw9osCgcfaNWcn6MFiI/U1+d4vOcvxblPCczV94p2bWnzPrMHUxuHoRp1pRcVsppOy8r6r0MFLn9pUJ+8t/A7sT/z0vFH+6eDT5rz9pgqMaH4EbByub69GD/dP7utubwd8cH+WO/8NwA9QfPcj/ZPAqM+CPjdImyXx14eix02aPK//ATmUVwPGYl7Kf8AXzO36zSe/s/kn/mZLav+1LIedL8AIfU3d8f+An5BTopv2opWGB4CXtwb0/8AATxWlJ8O/iyfnm+LNkntb+HB/wB8ndMaj/4QLx+p/ffGO8+kOj26f8BOQ1YzxuIW8pL5lKtQ/u/cyutp+026gPq/gmMj+7a3bf8AAT84pG039pKQt5/irwgikcbdLuW/4Cf3wq7F4E8UhR5/xY12Q99iWy5/2TiKp4vA2us22f4g6849Dcxj/gJ2xisvr2KvpOX5lPEUI9vuMpNB/aAYrJJ8Q/DiHuE0CY/8BObgU5PCXxuuU2z/ABG0Y8g/JoDjB/unNxW3b/D25f8A13iXW5PXOpyL/wACG3FXrT4ZRM37zVtYOegbWbn/AL5P7ylHMMd9mbM3jaEdVBfcjnF8K/GGKJbeXx3p746n+ycf8BP7w0r+FvilOGifxlYbcYx/ZIGf9k/vK66D4V6TEB52qasSfXWrnH+6fnq1/wAK10kIETVNUGO41WXn/ZOWrX+08xivi/r7jJY+g3/Dj9yOAfwh8WFjCJ45sgoPC/2U3H+ycTCoH8KfFl0aL/hM7Paw/wCgY4/4Cf39egXfw3g8wmHxDq6Dsq6lJj/dPNRN8PZ0OF8WasAPW9J/4Cciolm+YdJGizGmv+XMX8kecS+AfjNLJHJF45sEVOAv2GbB9mAm5ph8BfHcKxX4gaXye+kzH/gJ/wBIr0eTwDrQysXjXU+fu7jGcf7J+Son8BeL+kPjS8x23JH/AN8n5ay/tvMYv3qmnoDzSHSjH/wFHnK+B/2iAQE8d+HTgknzNHn6f3Tifmi78LftTr5f2Dx34NUc7hLoFz/3ycT131x8PPH5GF8cTjHPMSH/AICeKhf4cfEWRsHx3KAP+mK/98nims/rpa1X9zMpZtrpQh/4BFnCf8Iv+10sQQ/EDwSW9f7BuB/wE/vaafD/AO1/GSR468DHI43aLcf98n95XeL8NviKGAf4hSKM5/49UP8AwIcVYj+G3jJiDcfEC4Yf7NnGP+AnitFxFiU7RqSf3iWbSb1oUv8AwXH9DzZtO/bMif5fG3gFhngf2PcA/wC6f3tIYP2xVIWfxN4FkwcgDTJxn/ZPz16ePhlfM4luPHGqFhwSiw4P+yfkqOX4X3jBtnj/AFQZ6ApCcf7J+SmuIs55tNV6mkc1hbXD0n/3D/yZ5+ut/tixqYy/geQDhSsM6/8AAhyain179rycBZLHwZ8vTy3m59mzXoMnww15QEg+JF8uOpeyhP8AwE8Coj8NfGy8xfE4j/f0eNv+AnkV0R4lzm2v6Gf9oYZ/8wlL7pL/ANuPP/7a/a6dj52ieEDjpi8mGf8AZPy1BNfftoXJNvaaR4FtxIMJNNd3DmP2ZQozXoi/Dv4hp934oW7c/wAWgKf+AnEoqRPAHxAIO/4j2xPbGhAY/wBofva0jxLmresW1/26RLMMPbTCU/8Ayb/5I8tf9mjxn8R5o7v9pP4tzeIbSOQSR+FtFtTY6XuHQuoJkn+jNtzzivVdM0vT9G0+HSdIsorW1toxHBbwRhUjUDATA4ApyeB/HCAM3jy2f66Tj/gJxJTz4d8W2p8z+17K5wMlHtmjz/tA5Nejh+KZ05Jyw033acW//Srnl4yricZZS0itopJRXyVl89/McTgZP8//AB01Wmfc2M/r/wCOmkN03mm0uoGt7jGfKc53D+6SOooMbZwoOfr/AOOmvssBj8PmFLnpP1T0a9UeROEoOzIJORyf1/8AHTUeRnHf/PymppUz3/X/AMdNRlCOo/I/+Omu65k7Cbt2WHOPQ/8AjppFcEAIME98f+PCl27uP6/+OmkJG3Cnkdf/AIk1adxbllT0Bb9f/HTTvLGORn8f/HTUeSDtUfr/AOOmnpJIgwSDzxn/ANBNQ0NMc0KkfMv6/wDjppsqBQFAH+f4TSrNv5DEH6/+OmgsCMOc/wCfumlYZGygAn+v/jpppRiQCOD7/wDjpqT/AD1/8dNMlGCR/X/x00WAVcAHaP1/8dNKAcfMP0/8eFMjDM/zNj8f/HTTn4G4dvb/AMeFMT2EaQnt09v/AB4UokGdp449f/HTTAS3b6c/+Omh85Ckf5/umpTuJO7JBKikEt/n+6aU3CdP6/8AjpqFlJOWGPx/8dNKo2jBP6/+Omq5bsrYkkGeSf1/8dNQk54J4/z8pqVmCp1/z/dNRhcqWbv0/wDiTSsh3uJnHCnj/PymmOxAwDz9f/HTSvuHAH+f7pqOUNgbv8/7JpiEeRnGD/P/AMdNRvgKQ7dv8qaAQW5/Dn/x00yYgsMHp7/+Omk1cVxm7HGevt/48KZnBOO/v/46ac/3f/r/APjpprIwXg8+mf8Ax01OzKVgEmDy36/+OmnZQncD+v8A46aYyMeQB+J/8dNH+ev/AI6aQ7IlRgM5P6/+OmnCXvnnvj/0E1GFWQ4Ax+P/AI6akCKOg/T/AMeFAPTYkWQsck8/5+U1Irbu36/+Omq3+rGB/P8A8dNODtnlv0/8dNNakkzrk59B/lTURUE8Hn3/APQTTg2/ofrn/wBBNIwBOC3+f7pp20AMKepzj3/8dNJjcM55HTn/AMdNCL5f3j/n+6aUs46j9f8Ax01LARi5/D3/APHTSDBOWJ/P/wAdNG7dzn9f/HTQATwP5/8AjpoAcvAwBx7n/wAdNIBtH3evv/46aFjb+I/5/umnMQy4T8ef/HTQMFdR/wDXH/jwpdxxwfyP/jppqqQcn+f/AI6ad/nr/wCOmncQrthQysT689P9k0xVJOSf8/3TUi8A/N+v/jppjNtPT9f/AB00gVhTx1P6/wDjpo/z0/8AHhSMobqeP8/KaRlC8rx+P/jpq09CJbixgjiQ/r/46aesm09Py/8AQTUOSSPm/X/x009JFJ4Gfx/8dahjiyyr5IJPX/O01xXhzUba1/aL8Q6W8gWW88P2c8ak8sEJQqR3xnk9uPWuwRtwyP5/+OmuV0jS9Jn+P+qa4Wia9t/CVpEn7z50SS4mJUj0JT/x2s5v3o+v6Ho4N2p1v8D/ADidwxJPzfz/APHTSf56/wDjpoJOcZ5+v/jppMqOM/5/umt2zgWopAPB/n/46aZJFFdxNb3ESvG6kSJIoKsD/EAeDSlh0P6N/wCOmkDEDH+f901I1e90cFrX7Nnw6umuLzwlJqPhW/uG3vfeGL5rXLdQ/lcxPg84ZDWJd+Gv2q/h9bKvh7xFoHjq1TIW31iL+zr4jruEsQMTHt9xa9aUqxJY4x0+b/x01IkZJzGOPp/48KydGP2dH5HpwzXGKKhVtUj2mub7n8S+TR89f8Nq6V4Vvm0344/B/wAY+B3Emz7bqGkNdWJ9muLbegGeMttr1TwX8S/A/jzTl1rwJ4x0zWrYAbn02+SbZnswU5B9jXYyWdvdQvDc2yyK3BR0BH+6Qa4DxJ+yL+z/AOKNTOvD4d2mlas5ydY8PO+nXefRpbYo5/EmiMcRB7qX4P8Ar5FVa2TV1rSlSl/dfNH7pe8v/AmdzZsk6hweGHAY4/4CaTVr/StEsZNT1jUobW3iXdJLPIEVR6MWwK+Q/wBu79rzQP8AgnT4Sjs9B+NGveIPEuopjSvDGvPb32xB/FJI0YlCD1Z2ye1fk9+0j+3j+1D+1Rq7XnxX+KF7JZiUtb6NpzfZrSEH+Dy0wD9Wya+fzbirBZZJ0rc1RdFay9Wfr3h54DcSceUYY/2saODb0nJPml/hg7derdvU++f+CxX/AAUvs9N+Fd38Cf2cpNO1m+1wNbavq7RiRdPj/wCefHys57Nk7f0r8dpPCvjHUbqS6vreZ5JWLSSOCS5PXcT1r0K38Ya/sFtc3jTxZ6TNux/snNI+tys2doT2Ufoa/NMw4izLMK7nUivLyR/bHCXhNw9whlEcDhJzaTvJt/FLq7W09D9av+CUv/BVj4UQfsr2fw9/a2+I1h4c8Q+DTHplvd6pKQ2q2aoogfoSzhQY2H+wG/ir6Im/4Kp/sHsxaD9oLSZAO4D/APfJytfgaNRuJPk3deoP/oJpkru3QnP1/wDHTXpUuOc1pUowcIuytfXU+CzT6MvA2Z5lWxntqsPaPm5YuHKm97e7ex+9Mn/BWD9hiIkN8aLM+hRGOf8AZPFMb/grV+wmOf8Ahc1t/wB+HP8AwE8V+CshlU7Rkf8AAv8Ax01G7TIRmVvb5j/3ya1XHGZ30hH8f8znj9FrgPrXrffH/wCRP3sH/BW/9g4H5vjbag9/9Hf/AL5Py1LD/wAFZ/2DpSNvxws+fWF/++T8tfgU0rA7WJ/z/CaVZmB3cnn1/wDHTVLjbNv5Y/c/8wl9FrgJrSvW/wDAo/8AyJ++l1/wVl/YXtkLJ8ZbeT/rlC7E/wCyRivCP2nf+Chv7O3xK+Lfwj8YeBPGTXNh4O8ayanrjtaurLbtZT2+zDY3ndKpwDnANfkhpl8Fl2buR0w2P+AmussJ1ktwI2ye/H/jwrgxfHWdpcrjC3o/8zvy36NXAuWV1WhVrNpNayjb3k4v7PZn7V23/BXn9iQAed8RLlSvXOmyDH+yeKk/4fAfsLgZPxMlwOv/ABLpP++TxX4mXbGN9hkznoSf/HTVa7haJNx3c9CD3/umpj4g531jD7n/AJnE/oteH7d1Wr/+BR/+QP29/wCHv37CwlI/4Wi/t/oMnP8Asniprf8A4K6/sJzZE3xdWDv++spB/wACHFfhtasGb55MY9//AB01HqiK1wBDISMcgHv/AHTVLj/Oua3LD7n/AJky+i1wC1pXrf8AgUf/AJE/diH/AIKy/sFSEA/HayXd90tbyf8AfJ+WrEf/AAVY/YIfr+0Fpg+scn/fJ+WvwVMDMcjOe/8A8UKcLfPUnp69P9k1r/r/AJt/JD7n/mYP6K/A3TE1184f/IH73P8A8FSP2E/sM13a/tAaXMYoy3lxo5YkDOzBAzmvy8/an8M+MP8AgpJ+0Tf/ABV8efHnw14V8NJMbXw/pbXZmuLWyU8KR8q73+8fdsdBXysimEbd7Dvw3/jpq7FfSeWBuOQOMf8AoJrzMz4vzTMoRhNRSTvonr+J9Twp4C8OcH16uIwGJq+1muXmlytxi90vdW/Vn6mfsG/sWf8ABPf9n2OHU9EvtI8V+IZMbtX8S3lvdOr/APPIJjy4/wABu9Sa+59I1PSZrdE0qe38lR8i2+NoH9044r+c9fEmp2bb7W7kQ8EMjkEf7Jrq/C/7ZH7S/wAObR9P8GfGjXbGFxhokvmZcf3Tuzj8K9nKeOKmHgqdWgrLrF2fzPhuMPo01s/xEsTh80k6j/5+xbXomnp9x++fjb4u+CPh9GF8Qa0i3Mv/AB66fApluZ2PSMRLln/AVzUy/Gj4rKTMZvA2iuc7cJJq1yvqo5jtwf8Aa3Pj0r45/wCCQH7dvgj4qaxJ8KfH/h/TrPx28LSQa9I5ebVlHLKXfLBwMnaDjFfoW0RDbgOSM5zz/umv0PL8dSzjDe2hL3drLRryf/AP5S4y4Wxvh1nc8txNG9aKuqktYyT2lBWtbzd2npZM5rwZ8NvB3w+sXtfC2jrbtM++6uZJGluLl+paWV8s5ySeTgdgK2hCWwcfr/46asGMKAwPU/5YU4L8wyu3Hqf/AB016kIRgrRVj8/xFeviarqVZOTfV6kKREn7n6f+PCrES/LtPr6/+OmmEgMSX59v/QTRbyHoePx/8dNXYwJ9mWKheg9f/HTSELswzAk/52mgvlsg/r+hphkAbaf5/wDjppgIGKSEHofb/wAeFYXiYt/wsbwk3bdfg4P/AEw+6a2mceYSzZ4/yprN8RWbP4o8PatnEVncXHnuc/KGhZcNx64rlxclGlfzX5o9HLF/tD/wy/Jm/K2G2Y4PXn/x00ybBGG657f+gmqF34x8J2r+VceJLFH5+V7xM/7pGarN458LZ+XxFZn6XC/98ml9bwi/5eR+9Gbw9fblf3GqBk4/z/umpEZVXj+f/jprGPjXw4y8a3be2Jh/3yaevi/QCQV1e3P/AG8L/wB8nmn9cwn/AD8j96I+r1/5H9zNpFTjnn2/9BNPXzGJ3N+v/jprIi8WaDnA1W3HHB+0L/3yasR+J9Dxkatbcn/nuP8Avk1f17BpfxI/eifq1d/Yf3GiUAAPp7/+OmlLYPLHp6/+Omq661pjIWg1C3Ygc4nX/vk815D4l+MXiTwP4/vrO6kWa18wNHC5zhSPukivj+MvEDJeCcHSxWMTlTnNQvC0nG6vdq92vQ78Bk2LzGbjTVmu57MqnOzPXpz/AOOmqupWl7rl3a+EtPnaGbUXZZLhBzBEBlw3v0A9yK5vwP8AGzwb4tdYGZ7adx8sbrxn+8DXdfC4rrPjTWtSUhkslitIeOM43sp/76A/Cvncfx5kHFuVwpZPiVUVSajO11KKV5STWjWit8zpo5bisurSqYiNnFaeux1mn+G9L8H6Cml+H9K221tGxSC3HzuepYZxudjySTkk5PJr5w+Lv/BW/wDYh/Z81t/Dvx38c654Pv0kYC11/wAI31uZApwVJMW11yPvKSDX1OylV2lvf/7E14J/wUI+Mf7F3wL+AWqfEf8AbXbQn8N2sZ8m11eyS5lvJsZW2iiYEySEjgDp1OAK3oS9jywjG62UVp9xjKpKV3c8fn/4OAv+CS1tCZbj9qq1Udv+JLeZYn+D/Vcmuy8J/wDBW79gHxroEXinTPjc9tp07YivNT8P31rG3szSQgAe5OK/Ev8A4J4/FXwt8YP+Csfir4/fDT/gl7d+JfBvhvwzd63oXw402K3hurK1aaKKO7ljuisc78EhAcZc4yRmv3T/AGRf+Ci37F/7Z9jc+D/hVrcdpr2lx7Na8C+IdN+x6npjjhg1vIvO08ZTcucc8ivZrYSjSlyy5k7Ju7TtfpoY06tRxvoZPiD/AIKn/wDBPjQ4JWuf2tfBJlWEutv/AG7CHJxkKQTxk8Vyf7Jv/BQ/4K/FfwdFD8U/2gPh5b+IpNQmENtYeJrYJJbZzEGy/DYOCPUe9eFfCbwN/wAFCPAPxp+LOheGPh58EfjN8Ol+IOotpWleN5/7P1nSHdllMCXItJVdFV1ChwQAcA1keM/Hv7OPiP4on4JfHn/ghj4T13xBNGXkg8D+K/DuqSEA4ZSBJbyZHcEKw5rir4LA1W/ZzcmuzWnqtDpp4mvSjdpfO598+Ivih8NrTQz4it/inoC2liy3V1MmtwFTDH8zqcMc/KDwOa8J17/gtX+wRotyLPR/EPjHxBPLcNBaxeH/AIfalcC5kU4MQfyRG/4NXzf8Vv2Zv+CSPgj4f6n8R/F//BOT4l/DhrLTZ2gnXTLlYrW4MZEe4291JEo3kfe+X1rH/ZP+IXwb+FHjL9mfQvGXi7TzG1lewpd3E6tvurhEaIucnad5wM4wWrmp4TDxpSnFSl6JLbXzOmEq+IqJStFdz6vsf+Cx/wCzbp3inSNF+I3wY+MHguw1vUIbKx8R+L/h3NZ6as8rBIn84sfLDMQASOpr6j+L3xS8B/Af4U6n8X/iHqYtdH0izNxcOuC8n9yFQfvO7EKo7lhXzD/wXI1TwdY/8Ex/iEuuXcUE13BaLoZZv3k16LuFoVj7s+4DAXnr6V5L/wAFDfi6nxr+JXwV/ZO8T+KrDQ/DFnFpviD4h6xrWrRWVsf9WqpulZQzAl2wM/MV4pUqUKyjOEbavz2Semi79DlxdZ0KbqdP6R7v4w/ak+Ofh74RfDb9rfxRpsOjeEdc8Wxw+JtASAObLR7oNDa3Ekh+bekjRu7LhcN0wM19Q20sdxEk0UoZXUFWB4IPY15f8TvjJ+wh8RPgJqfwm8SftG/DUeGtQ0Q2EqN4xsVhSDZtCk+ZgYAGPTAr5O/4JRf8FS/DPxxufFH7EMUt7408bfCc3Vpa+KNEVZ9N1/S4J2htZJbokIsrR+UGBPzHJGeTWua5ZUp0I16cXZL3v+Cc9LEuMrTe/wDX4n6DmEEfMP0/8eFAtVI4X8R/I15L+zn8UP2uPH/jHxBp37Qn7LOneAtDswD4c1a28cw6pNqWXI+aGKNRB8uGyXbnjHevZRCSQo9fX/x014k8PKErS/Bp/imdaqpnF/Gf4ufDv4A/DXV/i38VfEdvpOhaHZSXWo3ty2FjjQZIb1PQADkkgDrXnv7AX7f37Nf/AAUd+Dp+Mf7N3i031na38llqun3cRhutPuFz8xjPK7lwynoVPBr5O/4KneJG/aq/4KZ/AD/gl7rbyf8ACEanbz+OPiBaJIUGqwWjOtrAuOsZlVnYZwcL1xWb8D/2ePDn/BP7/gv5/wAIf8FoIdF8B/tBfCi+1a78M2KeXa2uraZNCu0Rj5UBjkY4A6yk1jFYX27oSb9o4ucf5bJtNPrdpSaa7W6kzblBSTPuz9qn9qjwB+yR4HTx1478FeMtcgkkMaWngrwpc6tcZAJ+dIFPlrgfebA968F/Yh/4Lc/sMft9fFa8+CHwi1rxHpPjCzheX/hG/GWgmwup1T78YBZgWUclDg4yRnFfadwu22Zlh8zI4TOM+xr8Iv2jP2pP2XP2i/8AgsX4R+HF/wDs5eIv2fP2g/CHxBt7Tw94/by5tO8URCYqHlgjjVjHcQhvKnXecSAMfT16OUwrYapGV+ZK6as1Fea6+dnp2OV1pKSX5n7eeJNc0Hwf4dvfFfijUoLHTrC2ee8vLl9scMSKWYyE9AADXyH4y/4Kjrp3wMb9qrRfgrqE3wxj8aQ6LL4hu3EczWTSGF7meIBsW6yMvVslSTgV57/wXp+MXjDw94J8GfCX4leIdQ8B/CLxDqMUnxN8d6Zp816TbRurPaxJAC67gOS23cGA7Unh7/gth/wQb1b9mYfs0XHx0Eng5fDv9ky6JdeDtQUyW2zYVKiD7xHOfU561z5Rk7xjdSpe3TS1vX16eRpKs+a1rn3rpeq6frmkW+s6ZdJNb3cKzW88bArIjAFQxHUEEH6VIyZ57/X/AMdNfm7/AMEiv20fiBrekah8HPhB8LvFnxP+A+geJW0j4bfFmJEiuLewJBUSW9y6TOIBIF85VxsTpkc/pJkquHIyOpB/8dNcNajUw1V057r0/TqdkdUmMeIH7zfkP/HTTWQjhTkfT/x4U539+P8APymmu5Bx29M/+OmpjKXQdrDSu3qefTH/AI8KRlyfmHP1/wDHTSlgRyOfr/46aT/PX/x01rFyIeg0Kw6H9f8Ax0010OPb1/8AZTTyGIwX/wA/3TTV68c/5+6a6I3BGVr+jRapZ7WysiHdbyjrG3o39RWBpt3cXCtFdoEniJSVfcdm9u9dfdBfKIOc9sf+gmuQvrc23jEjzQRPbhmUnnI42mvTy3EyweY0akftNRl5p7fczKtFVaTXYlkUrx3z6/8AjpqI7j1H+f7pqzcIV5wfz/8AHTUbplQT29//AB01+otK54lyuUY87ufr/wCOmkZFUcKTn3/8dNSOCGwf5/8AjpqNnGCC+Dn1/wDHTQrIa1JUGeQ35H/x007/AD1/8dNNU5OPb1/8dNSRx78jdjA9f/HTUu5JEueo7e3/AI8KBIchSPqc/wDjppzgDIz+P/sppm7byf8AP+yaka3CR3U4J/X/AMdNNDM/yl/1/wDHTQwJAbH6f+PClQIG4f8Az/dNBY8oQoVDj8f/AB0018Dqc/5+6aUkjAJ9+v8A46aZIe39f/HTSvqNqwjEEDH8/wDx00JjPP8AP/x000uB7/j/AOOmk8wYz/X/AMdNMRIxcMFB49M/+Omlx6ng/wCdpqIyPnP9P/HhTo2+U7j+v/jpqkwJP89f/HTTZD2/r/46ab5h3bc4H1/8dNMdxtIP+fY0PYVxzsR07+3/AI8KibIHzP8Al/6CaDJ6+n97/wAdNMeVs7f6/wDjpqRiMo6jt/naai3ZbLfy/wDHhT2cFsZ/X/x01HNIqEKByfb/AMeFLmRSi2KFBP3h+f8A46aGGwbt3+f7pphbHzZ9jz/46aRWBBBb9f8Ax01DdylAegAkCkcY6Z/8dNDIjqcL09P/AEE01QQwLf5/2TSyyc4U449f/HTQXy6CxABsZ5I6Z/8AHTUn+ev/AI6arhzxkjI9P/QTUizgttI/I/8AjpoItYk/z1/8dNKrLzg/5/ummeavOT+v/jppqzBGzgkduf8Ax01SViXcl35bYOPx/wDHTQpwf/r/APjpqBpQSS3+fY0plONv+f8AdNN7CsyUNkED+f8A46alKKQCx/X/AMdNV4pAG+bOMev/AI6alNzGFwc/l/48KmwWFaJQ2P6/+Omk2huVOP8AP3TUTTksSCfy/wDHhU1thwM+3Gf/AB00luFmOx8uc9Pf/wAdNJ/nr/46alMKbMtxn3/8dNM2EZJHbuP/AB4U2hWY3/PX/wAdNABPA/n/AOOmnEkrz6+v/jpoRe5/n/46aQ0riPnPP8//AB00n+ev/jpp23JIJ/X/AMdNN/z1/wDHTQFrCFfl2j+f/jpoZAc5/n/46aGIIPP6/wDjppufkIPb/O000RJdRoXDHj9f/HTT9wIwDj/P3TTf89f/AB00I4YfQ+v/AI6aabGu44llXaO/Xn/x014J4w8O/FXVv2stbufhF49t9EvrbwXpj3D31iLmG5Rrm5Hl7D0AK5yOeTXvP+ev/jprzTwqzH9rDxlKuQE8J6Kg57+beMVP5iuXELm5PX9Ge/kld4b280k/3b0autXHoybT/E/7YWhWirr3gjwP4h2jEkmmarcWEjf7QWVJF/DIrftfjJe2Nus3jn4W+JNHcnBeGzW/iHsz2pcgf7yiutQ7hnHX3/8AHTTgoLY2kj6/+OmuqEJW3OOtjsPUl79CK/w3j+rX4HAWn7Xf7Md1qbaG/wAc/DltfI+xrLUNQFrMG/ulJtrZ9sV3Gl+JdC1y0F9oms2t5C3Ky21yrqf9kkHFU/Enw88C+O7Y2fjbwVpOsQkYMeqadFcAj+6Q6muZ0v8AZW+Bfh1Hg8F+B08OCRi0i+GruWwRm/2khZVJ+opfvk9k19xXNktSP24P/t2a/wDbWd8kqvg4/T/x4VOjvj5ZMc/j/umvLPEv7OfxJnsBb/Df9qbxToLo25TfafZ6gp/2T5kasR/wKufi8N/8FEvh/Eg0vxb8OPiDApPmLqNncaNdMv8AdJjE0ZP4ChSmlrEX1PC1P4eIjfzUo/i1b8T3lJWVcPyfr/46axPir8SfD/wf+Gut/E3xVdLDY6Lps11O7Nj7ik7Oe5PFeY6X+0z8XtAZ4PjN+x3430hIThtR8PPb6xbt/skW7mXH1TPtXzV/wW5/am8I6l+w8PC/gXV7tbnxDrttbXlje2E9rOkK5lYMkqKeqAHNcWY476pgKlZbxTt69D6Pg7hKrxFxVg8tqfBVqRTlFqXu7y2b6Jn5YftP/tCeNP2nfjPrfxj8a3Uklxql0zW0LPuFtADiOJfZVwK4BUGOf8+xqBZNx/D1/Q1btowVwfXjn9DX4XWqSnNzm7tu7+Z/q1l2Fw2BwdPDYePLTpxUYpbJJWR6h+x98JPhV8bfjzo3wz+M3xPPg7Q9SMiS6/5asIJApKA7uACeMnpX6H6R/wAG9/7M/jCEXngf9vvTL2NwChiNrIDn+E7XzXi//BPL/gnR8MP2mP2HPih+0Jqs96/izwpqIi0K3hkxCVEMbkMn8Rbcw/8A1V9Ofsr/APBIvxTD+0Hqfwn/AGloo30Cbw5Fqmi6n4eiESvkhTHvKnLg9VI6DOfX6TJ8tnVpxdXDqanqnzNWu2rO3mmfzx4leIMMJmWJjl+dTwk8KnGdL2VOfNJKMrw51d6TSevTY52L/g2Ptb5S+h/tbadPkHa39lBh9Rtevjz4L/8ABM/4wfFn9qv4g/s4eCdPGuyfDi8ePVriKQRLOivtVTuPVgOB+tfrN8SP2Pf2e/2afG2ieJ/BPw617UPDcLpp/jC3sPEt4JLNZ8LFMyxSA/KcFlPBVjjkYr5Z/wCCe/i+++AP/BVv4z+Afhj8OPEfi3R55g+61v4zfWMRwweUSkfaIgXx1LYYHHGK9PH5HlFPE06LhyOUrStKT0t0uu/b0PguGPFnj+vkuYY2GLeJ5KSnT9pSp01F+0jF3cZb8ruk9HdNHzXoP/BKTx5dfFTw74M1Syvl0vxbM4t7gWrJLYSC3kcpnBAdZY9hB6hlxnNa/wANf+CZVnoP7NXxS+N3xm8OagJ/CGkTx2tnPDJbvHfor7lKkAugIQqe4PI5Ffr98Z/GMdx4GhefxpbxQ6s0imC58MvDdJKRgRCXcBA5Y4WRsAHknBrzL49/FzTfhF8GtJ0TVvh94wun1rU7O0vrTxbZQ3cmrwzSpC4a5hZkLJ8vGSSoHA5w6nDWX0E3zapaX9LHLQ8ceNc5dKioqLnKCtFtaQlzSs2lbnj7rtdaX2Z/O1ZzJeagluJVzI4VRn1PQ19y/Hb/AIJr+HfBX7D1l8d9A03Uo/EFrp8V3eRujt56HmRSuONo57V9ofHd/gP4V/a/8E/BTQ/2d/CUFpqmvWN/dTSaLEJ42kjmJTgdNyKfxNe/aXrf7TfxB/ai1H4d+EPCmn6Z8MtEsEgu76809XE8rKGMCE9MA4PH8VebHh6g1ze0v0Vl1+/yPt8/8bs1dPC18NhvYxS9tPnqJKcL8vJonrJ7H44/sWfs1aD8fv2Mvjb4q03wJdav438NvpreGbexs5ZrplLEywpGgJJI4PB4xivLtF+E/wAS/CfjXSfD3xc+HviLw3aX1/DFc3er6LPbiKN3AbcXUA4BJ/DtX6aft1/t4/tAfB39rFf2Xv2SbWw8Pro9lHc+I9STSkkM0j54ZcAY27Dk856daq/tt/tS/FTUv+Ccj6r8WbDTb/VtTmtrS8voLbywd7jIIyfLbjIwcdulceMyzBt+yvql238979bHqZFxzxnC2YVMNGVDG1E4Rda9SnFwSvGLhy2tHmt3djw34/f8ETfj3rnxF0Zf2MdX0rxz4V1i3jdtTfWoFfTWIBLyjIJXByCoJxxgV6D+0z/wb+/G3wT8E/B2pfAVl8W+MmIi8Zact6kNvGxXOxWfaXjU5U5wT1GOldz8eP8AglD8ZPC1l8P/ANoD9gLxr4nsbrWLe2GuwjWlilhhliV/mKmPPzE5XnPFfYn7Rf7H/jH4kfsuWng7WPir8Qb/AMS2VnBNDqFjr0lnM10iDmTySm8bs5BODXr0uHstlhZKVGTlFJp8zVvTTW/zPy3MvGbijC4jL5YPN4TpqUoyU6Npyauv3yU7WXeLjfc/FX48f8EwP26v2Z/DC+Mfin8C7uHTGcKbvS7uO9Ck9mEJZl/EV7H/AME1f+CXXhb9qD4OeNPj/wDtCXnijRND8NpLFY2dhYNHNcSRxGRwwZGZ8ZUYA6k1c/ac+BH7SMniGPwF4/8A2iJtEbT1SdNO8ZeKdUc9M7hlZI2/76PvX6X/AAR+KXww/Y3/AGCvDVp4g8UR6vcxaRGs974asLjUVnuZl3bpBEjNg55YjArzMLw9g8ZirOTjG12uvkr2Wv4n1nG3itxdheFaWGw1WE8VWqqKqUIyiuRO7s25JN2te5+a37AX/BHjW/2lpNe8R/GnRPHfhjw7bMjeHbhvDclvJqUbbuCJkB4AH8POa8N/bu/Yn1z9kX4p3/h7StN8VXfhqFlW113WvDc9qrE/wFygRvw9a/f7wt4j8b+Lfg9Z6p4X+JunNq2p6as1lcalpDLH8y5UFN8bcZ9Qa+dP22P2ePFPif4bw6j448RaTDcSzQJqbavdXepaBOxbDKbO5uR9nZgSUkUuFIwRzmvYxXCOWfVk6fMpb3f5f0rnxHDfj9xnHi5yx8o1KUvc9jqkmrLmT5L3/B36H5mfBn9gvQfi/wD8E2/Ef7SFr4a1M+JtM1CaSyuYpCY5bWMplTGAd45ccDORTP2fv+CTHx5+KGjafq194duop38U2tpqNpOfLEOmy27S+ZKrLvHQDgZBIyK/aj4T+EPhd4A+BWh+G/A+j6YujXccSfZNKiVbd3kGWTaOMFix/GvN/Cn/AAUK+Dsnxr1D4GyeFr611az199KkmjSPyy0aIRv+bIGGx0rlwvCuV8qVapv5nZPx049xksdHKqDkvaSmubV06aVuW3ZPXy+8/F//AIKjfs2eE/2Sf2q7j4SeCNNuLXS10SyuYvPaRg8jhg6ln68j8K+adRZ1PzD68/8Ajpr9lv8AgrH/AMFe/hR8DPikvwKh/ZN8OfEDWbXT47h9T8WFDb2fmglE2eUzSdMkB1HSvxx8R64/iHXb7XpbC3tDe3ktwbW1j2xQ73LeUq/wqM4A7ACvns2y/D4DGuFGakvLp5H9F+EXE/EfE3C1Grm2FdNxhFe0c1J1Xs5WSvHvrvck8A/EHxT8LvHelfETwZqT2mpaPfR3VlOh+7IhyAfY8g+xNf0OfsnfHrQf2nf2evDPxo0AqBq2nIbuBGz5E6jbKmfVXDD8vWv5xpB29/8AINfqR/wb3/En4na/4E+IHwO8MappaR6PeW2qWbasJGEQuA0cibU+8N0Sk8jBbv0r3eFMwnhMf7OzcZq1l3tdM+A+knwpQzjg+OaRsquGknzPT3JNRkm+ybTXzP0yKKPlJ5H+dppj8KWmbgeh/wDHTXMad8P/AIz31zKvi/4o2kEZY7E0LSlQ49GMm41LL8CNCvN3/CQeKvEGpK5+ZLjVXVD/ALJVMCv0mOJxdRfu6LX+Jpfq2fwXPBYGlL95iE/8Kk/xaS/E0dS8U+FNGjzq3iSxts/897xE/wCAnJrAvPj38K7SVre28TrfSqP9Xp0Ek5P+ySqkfrWtpnwI+EeinfZeA9PZx0e4j81v90l8muhsdB0bTUEWnabbwD0hhVf+AnAqlHNJ7uMfvf8AkTz5NS2jOfzUV/7cef8A/C3PE2rqP+ER+D2v3gY/LLcqlsv0bcc/pViw174za1G4Hw3stLbOFa+1MSfgwQV6GsagYJz+P/jppGhXG4Dp7/8AjpojgsS9Z15P0UV+l/xFLMMIlanhoL1cpP8ANL8DiW0H4p3ShbvxTp1oews7Dcf90lzXO+JtA+IaeItG8P2vxKv5TqtzKk6+UiLFEkZkYNgZzwB3+9XqUq5BLduR/wDEmuU1h2X4w+E4iePseqMBnqfKiG0/mfzrjx+V4adFKTk7uK1lLq0u525ZmmJWIdlFJRk7KMekW10v0H6b8HvAFtGI/wDhF7N3JJeSWEMzk9dxPJJrRi+GPgZMbfC9iPpaL/30OK2iqh+D39P/AB4VKFJGDyPXP/jprthk+WwSSpR+48ueY4yb5nUd/Uyofhz4IGB/wi1iR/17L/3yatRfD/wLH97wpp59P9FT/vk8VeTKsMnj6/8AjpqXeqDcgzn2/wDHhV/2Xly/5cx+5E/W8V/z8f3sop4E8BrwfB2mfjZp+R4pW8H+COg8KacMelon/fJ4q4H3jdnGPf8A8dNOzu5z/n+6aHluXWt7GP8A4Cv8g+t4r/n5L72Zs3gvwW6Mr+FbHDDBxbj/AL5NeJ/Fb4W6h4n+I0+leEdIMcEUcYbA2oh2/dNe9ueoYn8//HTUTLGW3KoyR8x7/wC6a+N4u8O8j4uwlPDVYqmozUrwSTdk9L+Z6eAzvF5fNy5nJtW1bPM/ht8B7TwnKmo6vdGe5XBAA+VP9oV6B8INXHhf4kar4V1JtsetMLvT5DwCyqqPH9eAcVa8vJJA79P/AGU1U8S+FE8QWCLDcNb3dvKJbK7j+9DIOin27EV5svDvKcgy2EcloqM6b5vOfe76touOb1cbVlHFS0krX7dmewSRCRNqfnn/AMdNfMOuf8Er/gt8Wv2j5/2mf2ofEGqfE7VrW4J8KaJ4kEf9k+Hocgi3itI1CM2QSZJNzMTkmvafhl8Tm8QyN4W8XIlnrdrH88ROFuFHGD6g9x1Fd0jL0K8/X/x01hQrRxNP2lKTXRrZp9U+qOStSqYepyT/AOHXdeR8r+DfhB4a8G/8Ff8AVfHGh6Hb2p1L9nK3s18iFUUJDrX3MDjADL+Qr0y3/Y4/Zk8A/tCaz+2Honws0vTfGupaK1prGvQIUNxEpDFpFHyl8KAXxkhRk1auPB2sv+2tafEBNIlOnR/CqbT5b7b+7E7alDIoQ/3tqM2PQV0vxq0e38Y+A7zwBczywx+I0bS5ZYG2vHFMrJICexEe8g9jirnOcXFptbJ77X/Eypxlsn1Pxp/Zv/4OIP2Q/C/7SnxX+GXx88Ka14S0jxP49vrvw94osgLy1aIhII5ZkADoGWJX3LvHzEcYyYv2MP8Agl38Wfhv+1m//BQH9m/9rLwb8V/C2o61e3cbaXdss91aXO4mMP8AN5TqGUEEA/KK/Wf4mfsM/sa/GPwHF8LviZ+zH4K1nQbW0W2sbG60CH/Ro1UKIlkUB4sADlWB4618Ta5/wbjeC/hL8SH+Kn/BPX9tT4jfBC8kk3yaTahNUsGOc7CjtGWX/Zl8z6817EcTgYqosO3Sc1Z3XNF/dqvU6YpOymua3yKv/BVbxJ+1T44/Yl8XeG/Bnwln0OMWgm1rUB4ttpR9hjYNMnklDI5Kg9CMcntXjP8AwS++F37L/wAX4/Anwn+MHw3h8YaL45+FyS2NpfxbpbDUobiRHVn++gZUYFlORtU9Bkfor4H/AGL/AIj3Hh7Q7P8AaG+O2neNtR05gNZv7fwPBYrq8eckNH5kixgjAOwDPPrXQ+E/2QPAXhj9qO1/aF8P6RZaRbaL4Hbw9ouh6ZbiONWkvJLmWSbAAUgP5agDoz88gV5eFxkqOEnhrcu7uuullbr+RtXjTlUjOF9rNM+efiN+zX+z3+y7ZaT8X/iR+yF4u8RaH4Vu0eO8vPF1xrlrocQb5ZZrOaZ8KvGWVCUAJr1/9v3xT+yFD+w9rHxt+K/gvwp4r8MalpNvHo93f6XBexXTXrpDbLlh8wLyoQQfevo28jtru2ktLuBJYZkKSwyKCrKRgqR3FfM/gn9gvwbefA/x1+yP8ZraLXvhne+NpNT8EaWlw8b6bYtNHeRwIy4KiC68wJg/cCg+lY054WKXtW7q3XpdXt2fock6VZztBJp9+/mfHv7eH/BHH/gnF+x7+w/4v+JWnfASw1TULTR8abqGoyktDdyYES8bQg3noBjHHNfWP/BJz9kP4D/ss/sg+FNQ+D/w10zSNT8VeGtP1LxJe2VuFkvrmSBXO9uu0FyAvT2rpv23/wBhr4dft7+B9E+GPxf8deKNP0HR75Ll9M8OagtvHqBUbVMmVYsAOmMYya9k8B+GdD8AeENM8D+HbbyNO0fT4bGwgJz5cESCONSTycKoGe9TiMwlWwap+0lJuTbvfbp+oUcNOnXb5Ul+p47+yf8Atu+LPj7+0j8Wv2fPFvwH1fwx/wAK21SG3sdcuizW+rxSbgGBKKAeNwALZU5r6QTlhg/r/wCOmsy1NvDIXyAz4ye54+6avRynYDkfn/46a5Pb0/sqy7XubShZn5i/8FlvDHjb9k79u74H/wDBXbQPBWp6/wCEfBNndeF/ijb6NaGe5stMuQximlRckxo8r7sf7PYmuW/Zh/a80n/grN/wXH8KfH/9mjSNTuPhL8Cvhxqmn3PjK7s2gg1DU9RMYMCb/vfIoIHUeWzYAwT+r2qabp+s2EmnapZxzwTIySxTRhkdSMFSDwQQelc94S+Efw4+Hvh8+Fvh34O0vw9pxnaYWWhafFaRCVuu5I1Vdx7nGaHLDKqsT7NutGDgnf3bNvVq2rSk0tepHvNct9PQ8N/aO/4K0/s5fscfGDVfhT+09pHivwxaWOixalY+NF8LXd3o16jhv3QuII3EUwZSpRgMnHPIr8yfGH7dXw8/4LV/8FefgJq37In7Il7f+H/hT4pGp+Jfirq+lvbTT2cZ3hSQPkhV0UqrkuXbgDJr9vZtM05rFdPvLSKWMKV2zRqykHBIYEYOSM1W0Pw/4Y8OW8lt4f0LT7CFzl47K2SFW4xghAK6KGZOjh+WUW52aTctFdNXsop9dr2IdKMnozjv2yfi/wDsx/B39nPxF4//AGttU0KDwPaWZfVI9ejSSG4/upHGwPmOxwFUAkmvj39kj4e/sSfDX/gk3f8A7TWg/Czw/baXr/hnU9Ve61DS0WRI5pJvJiG/ONoZVA9RX0d8aP2Bv2df2jfj5oPx/wDjfpeoeKLjwvbhNB8N6vfmXRrWcMT5ktoRtebkAM2QMA4zzXPftCf8Exv2eP2kfEf2/wAc6z4nt9Fk2m58H6Rrr2ukzsD/AKz7OmFz16dznrzXm1FKuotTak/ittZdEur89O1jWmmvQ8t/4N6/AkPgf/glr4IePTlt/wC173UdQRBx8kl1JsU/8BC/lX2tsY5Pr7/+OmsH4U/DDwV8E/h5pXwr+HmjxWGi6JaLb6dZwrhYox3Wt/JCglgP8/dNd1eKqVpVLfE7/ia07RikMYEDBb/P9003/PX/AMdNKDyMk/n/AOOmlCKQM/5/2TWChpohuVw2hjnP+f7pp3+en/jwoDY6H9f/AB00f56/+OmtoxsIQoCc5/T/AMeFNKrtwp69Of8Ax004kAnJ6+3/AI8KhlbAJI5BwNv/AKCa1hFt2AinCkc9R7/+OmuQmigvfF819FIcW8QQc8E5+6a3fEOtpYr9ltx5lxKpCRjqD6N6VkWNiLG28t9rSN80rjuT/Ca6cpw88zzulCCvTovnm+nMvhj5vq10MMRU9lRfdk0rbvlds4PHzdP9k1E2OSBx9P8Ax4U4kgY/XP8A46ajY7QQzfTn/wAdNfrHQ8YiI3A7jz/n5TTG2gZxnHv/AOOmnf56/wDjpoAJ4H8//HTSHqhSQGyv+f8AZNSKQOSD7c/+Omo/L5zu/DH/AI8Kf/nr/wCOmpegJagcZ6fr/wCOmo2RhnLdff8A8dNSf56/+OmkPXp+Of8Ax01JVhjZXjr9D/46aVQQuGA59/8Ax004Nxzx+P8A46acqlh8w4z1/wDZTRsUtyJ8H5WOfTn/AMdNct40+LHgjwHNHa+INaVJ5VLRWsSeZK4/vBFyxHvjFYPxD+IvizxP4v8A+FN/B5YhrHlLLrOs3C77fRrdvutIo/1kj4ISIEZKliQoNdL8PPg/4Y+HNuz2Qmv9SuSGv9d1N/NvLl/RpCPlXnhFwo7CuZ1Jzdqf3nu0svw+FhGpjbtvaCdn6ydnZfic23xtvL2EXOgfCzxReox+WT7AIgfZt5HH50w/Fzx4T+6+BWv4A53TQjP+0Oa9N/s9SAIx+H/spp66K7tkIc/7n/jy0uStbWf4IPb5etsNH5yk/wBUeWSfF34iqcH4Da3get3D/wB8nmnWfxj8cyTGK7+CWsxqO4uYTn/aHzV6r/YkhYIvLegIz/ummS6elnEbi62xxqMmSQ4A/wBkms37eLt7T8F/kWsRl73wsf8AwKX/AMkebP8AFfxfg+V8GtdJ7Ylg5/2T89QyfFXxw3C/BjXBj+80P/fJ+eur8X/FLwl4Kgjn1e9iSOTP73I2qoBJLnoq4HU4FafhHWrTxjpaavZQfuZP9U4wQ46hSe4NRJ4hbzLjWy2/+7L75f5nnbfE/wCIcrMsfwe1cf3Q08XP+yfmNOuviT8Q7eFWX4Rao8hPzDfGMf7Jw5zXpviO603wvoV54l1eVYbWwtZLi4mI+6iKWYN+ApNLe11fSrbWLRQ0d3bpNGxXqrqGAb8CKhOu/tF+2y9PTDx+9/5nlz/FXx6iKB8G9WZj1+dP++hio5Pih8RJJC6/BPWAq9vPTJ/2TXrQs0BwyD2/+JNVtZ1/w34aEK69qltatcNst1mkCtI3H3AeT1GcdMjNVGNZu3N+QnWwK19hH73/AJnlw+JnxVlQJF8A9Xc+v2yNf+AnIqZfHvxhZgqfs96n77tVgH/AhXqWn6xpmo6leaPp2oW8txYFRdxRyKzRFlDqGweMqyn8fUGoNF1KHxNpUGvaTLvt7gExvjBIDFSpHrkEVoqNZ7zf3Iz+t4Ff8w8fvl/meZf8J78azu2/s56icdP+J9bc/wCyagb4j/G1Bk/s06sfXZr1r/3ycmvXplW2MaXEioJJVjBPALMQFU+5JAHuakeG0S/n0sTRtcW5AniEgLxkjI3AcrntnrS+r1v+fr+5f5FfXcCv+YWP3z/+SPHB8U/i0Rmf9mjxIPXZqlm3/AT+8p4+K3xLKky/s3eKlP8A19Wf/fJ/e17MllGcZUDH+dpqRbKM8BP1/wDHTR9Wrr/l6/uj/kT9by56/VY/+BT/APkjxf8A4Wx8RCAn/DOfirP/AF2tv++hh6F+K/j3cRJ+z34pX23wH/gJ+evaDaKDwmP+A/8AjwprWcR4C/hn/wAdNT9WxF/4z+5f5FfW8t/6BI/+BT/+SPGZPiz43Vtj/AHxWOM5CQn/AICf3lSxfFTxnJ/zQrxSPXMcX/fJ+evXvsnPC9O+f/HTUsdqxwcfr/46aPq2J/5/P7l/kJ4rLf8AoFj/AOBS/wAzyKL4j+O3GU+A/ihj/uw/98n56ik+I/xEiJY/s+eKyAeyw/8AfJ+evaoYATtI59P6NT7uBIYTNIQFAyTnp/smmqGIWntX9yJ9vl+/1aP3y/zPDD8XPG8J3S/ALxYv1gQ/8BOKoz/tN32hlpNY+A3jiKNP9ZKmkM6j2bFe63i+RGJWcYY4B3jB/wBk1RmYxMQGP5f+PCh08Qvt/gi41sse+GX/AIFI82+Hf7UHwa+JV+NF0/xG1jqBbaun6tD5Ehb+5zwW/wBnOfau/libOGHPfj/x01yXxN+B3w1+K1o6eKvDkRumH7rUbZfLuIz2UuOT9DkVxXgvxn40+A3iuz+Ffxa1l9U8PalKIPDfimYYeGX+FWPqeit3xVRq1KbtU27jq5XhMZSc8DdTSu4N3uv7r6+j1PXghHAH+f7po/z1/wDHTUzwPGcbTk5zz0/2TTGQLgMf1/8AHTXUfOMZ/nr/AOOmkKZOc/5/umnlOflPHrn/AMdNIAM5yT7g/wDjpoE22RvHgcH6/wDxJpmwgEH+f/jpqRt4znv6H/x000gjg/z/APHTVJEO/UYYyeCP1/8AHTTSnG0cf5+6akI2jDHp/naaa2SMlf0/8eFSEXZiEjhMfT/4k15z4dj2ftLeLpGb7+gaSMA+jXPyn869HOCfl/z/ALJrz7R4nX9ovxTK6j5tB0rvz964+U1lV1cfX9GepgZe7V/wP80ejQOpCqRx9f8Ax01MAq9Of8/dNQWqnaCRxjj/AOJNWVYsu9F+vH/jwrrjsebNXkOVcYJJ59//AB01IrAc4z+P/jppmCAM/ln/AMdNKDj5ff1/8dNUZlmFcDaf5/8Ajpq1AmMYYfgf/HTVKGTDYYZz7/8Ajpq3HOYo2cKCQpYKeN2B900m+VXKjBykl1ZdjDhQcn25/wDHTXzl/wAFaP2f4v2hP2F/Guh2mjLeato9l/a2kEL86S258xlOOpKBxjvmsfRv+CyX7FsPim78GfEPxFqfhPUbC8ktbqHWNPJWOVGKshaPcMgjvjtXrHhr9tT9jb4taZPpfg/9o/wfqIvLd4mgOrxRsQykFSrkHoeleRiMdlWPw86PtYu6atf/ADP0HLeG+OOD84w2ZzwNaHspxmpckmmk090rWav12P5obbd0x6cf0NaFsR5LZ/l+ortP2qPhbB8Gv2ifGXw8snVrbTtenWxcEENAzl4wSOD8jLz7VxVsdqY9R3P/AI6a/D8RHlm49nb7j/U/LMRHFYOFaO0oqS9Gro/XL/ghDe6ncfsA/tA6bpkfm3VvcRXFnCVzvk+xkqpHuyAV9+fs0+PP2i/iX8R4PiL8RPhOPC/hKfwTaJa/2hOBdtfkkyBo+uwDlScHDNmvyh/4JE/ti/sy/AD9nX4s/Cb9oz4m6h4aXxjLaR2NzpNg8tw0YhdJF3BWVCMgcj+LIORXZ337VH/BK8RJpet/tUftCa3HCoWJ5tZm2AAcJjjH5V99kuaYbC5dQTqLRarmUdpyet7vZn8VeJHAOd57xrm06eDqtTqJxqKhVqLldGmm4OLjHdW1b2P0Z8YW/i74OftWX3xCvNQ0zUvAnj6C203V7SW5QS2F6g2oWVm+YMBtwBnJz24/P/4feCdD0L/guV4w0PxRc+KrS3S3kutPvPCfmfa3UxRsAQgLNGASTgMAF7CuU8L/AB3/AOCN0PxE0bxcvxM+M32vTdSiuIJ9VuHki8xHBUvlvuggZODXe+OP2x/2BvE//BVS3/aAh/aVudJ0e08LRxr4j0WORFN0qbSm7y+cqTngg8jNVjMZhsbiKc1KNozT+JO199dNOvzOLKOFc74fwuKw/wBUruVXCTg5OhOF5QlB07K87yauumiWh9rfEH9pix8CeDfFXi7wv4su/FNvoEX+n6Hq2lG2uYSoyZnaVVz9SMHj2rwv/gn3+258Gf8Agpr8Q9c8P2ei6rbvpcsV3qeiXeoGfT/OjnIiBVvmjZsDK8DHbueI+K//AAWc/ZI+Inx2j+EGv3cHiL4cXFg9rrfix9P8m4uNysDH843GPBwSMZzxXiPxJ/4Khfst/sR+KtC+HH/BNj4D6Vo2iQ6tHqPijxPdoXu9VA3qIVJ+YLh2zknHGBmvTqZvgGpOdRNJ2t1fpvp53t2PEy/w44xr0Y4Wjlc416seeNV+7GEbfado2lpouW+qPTPi34ptfF//AAXc8OfDlB+700We+PP3SttcksPpuWvsHxJ8XP2i/Dnxt1/4U/CTR9FfTooFu5rvUY3LI8g+6ccH8fSvhrWPir+y7ff8FJ/AP/BTqx+NOnQeGPFPhxv+Eg0eWfdcabqiWskSR+Wq5AfK8nAG3PevcvDX/BZv9iA/GPxdcaz4uvorCdoI9N1T+zGZLoCIZjAUFvvccjuK4oTw9JyXtUru616WOvM8k4izKhhYLLZ1lRw6g4unKympu/a7Wr06Hw78Pv8AgpULP9uH4k2/7XunadHfaxqsunpqtrAFitXt28jyl43FTs3bj0yAa9z/AOCwq6Ron/BPTw+ullTbavrtm1qVIO5THI6qT+VfDHw9+Hf7N/7U3/BTafUf2ivFTeHvhprfinVtS1DVXlNufLMjSQpuwdhfKjJxjNfVP/Ber9qH9kvxv8Gfh/8Aszfsm/EKx1y28Pybrv8AsmRpYrWKKIRQKZSMM2Cx4J6DPWvFxNLDVL16dRLa6vq9VdJdras+9wGHzvA8RZfl1XCVOam3NtRl7OMI05OEW9lJP3Vb89/q/wAUftHeMdO/Zx+A/gr43+IdQ+GEWpaLpN1YeMrHWvIgmEVtGXVs/wARBU4bg8+le4fssePPjh8Yfih4l03Q/wBrrR/E/g/S7a1OlXFjpkMlw8jbt4aUH5gMDt39q+Sfi9/wVF/4JK/tYfDj4N/BT43Weo6n4e0GaCXxLaajo08MensmnSW4UunzSASMM7Oo57cdx4W+C3/BB77N/bPwI/a+i8CzvDtSfw18TLiykVezBJW5x6EV7kbRxDlSrpxSWnM4393o9nqz8nx2U145KqeNyutQqzc7NYb2sE3UvzXl76dum1tUjiv+CiHwi/4KE/HX/goxon7LHw7+P9zc+GNY8OxX+pBNDSOLT7XfIkm91U5YjkZIr6zuv+Cf/ibwV8JdF+Fvws+NHiOzg0y0EJs4nhgtZCFAG8NGzdQT8rDkmvgz4k/sz/Bbwd8S734u/DX/AILm5bY0dubzxVKdQ8g8+WJreYF1B6fL+FfLnxt/4KB/EP4WeOZPDPw9/aF8e+MrZYFFxqg+IGotDLLk/JlypA6du/tXm18fR53Sk27dnHX1fX10PqMh4Lz/ADfD0Y5di/YwpRi5e0w9SKdTVXScbdrW63Z+7nwc/ZT8B+GDp3ifxxcw3fiWxshbzSQarMYo2Iw6lWbGSepx/Svzo/4Ln+BP2fvgXpEusaD+074oHjDXNVW7i+H+q6xPeWE0DMQy7GBWPY2CADgcY6V1HhX/AIKtfsofsh/sX6P8R7fTU8T/ABP17R0aTT9R1V9QuWuiuS8skuWWNTxng9B7VzPw4/4KZ/smf8FfvhLq37Ov7cnw20bwV4uht5JPDOsWs+6AvjhBLIN0UikAlCdrDI9q76mb5c8uUY25rXve9ttL7Xf3eh4GWcLcc5TxJLMcdCvPDQqckmopNpP4o03eThd30s7bann3wn/a++JXgr/gmv4Y+Lmha3cXR+GnxEsv7RtBMQZLUP8AdPPTZJjn0FfWH/BP/wDbY/Y4/aZ8QeJvF2ifDdrHxPc67JfXsuo6fGXYyBQFLjPpivgz9mO4+Bfw9+HPx0/Yw/aE+L9lpmlazZSJoWvojSRPdRAiMHAPJ+RgOhxivcf+Ce8X/BJb9m/wHBqeqftcJeeJL23jOoyahFPbCKTaN0YUxj5c57mvEwOZQlUledmnePRW218z9Q40yDCTpYuNTCV1Ju8JUKc3dVIxn73KrOPNdNPVHWf8FOP+Cp/7Mvw2+MmofAbxp/wT+8NfESa1sITca3rOoRQECVNwjGIHcYBBzuHPSvyT8WTaPqfiS/1Xw5oQ0uwurySWy01JzKLSJmJSIOeWCghcnriv1y+N2hf8EJ/jf4lu/HPxA+N2mzaxdxqk15b6pdq7BV2qpwuOABX5sfteeCP2ffBPxu1bRP2YPHsviPwagjfTNQmD7uV+ZMuqlsHPOK8nPcRVrVPaSlFq/Rx/TXofofglHIctwzwOEwmKpVnBObrQqRg3HT3XKTind7JRbXoeL3EZRs8Y+v6Gv0R/4NwtRmg/aV8eadG58ubwOjspHBZLuLaG98Mfzr8+L+BUBYj8h+hr9HP+CBH7PvxpN14x/aG8G67aaPZXNvHotrLqekm4jvcOssifeUjaVjGQf4j6VXDjk81pSim7PofQ+OE8PDw0zCnWqRjzxUU5Oy5uaLXR9ux+tLNuYgJz3+Xp/tCm4IUHd06DPX/ZNcPHr/7QmgLImv8AgDQdejjyTPoOqNazMP7phuBtJ/7aiq6ftEeFrHy18ZeGPEfh13O0nVtEl8tCOzSxB0/8er9jjjaDdpXi/NNf8A/zUqZJmG9JKov7klL8E7/gd4w7/pn/AMdNJ/nr/wCOmsPRPih4A8SyeRoHjXTbx/8AnnbXas3+6QOc+3WtoSKy7weOxz/46a6I1Kc1eLuedVw+IoS5asHF+aaHf56/+Omj/PX/AMdNIhz94/gP/QTSkA8H+f8A46asxIpiDwo5H+dprjvEWI/jH4ObPDW+qKTn/pih2n8q7GUqPmHX2P8A46a43xWCvxc8FPjP/ISHX/p3HymuPGL3I/4o/wDpSPRyz+PL/BP/ANIZ2LDJAX065/8AHTUiq23Bb/P900zGSAOP8/eFSpGyjax/HP8A46a9GzPNuIzOhyRn6/8AoJoMhJCjI/H/AMdNOIKjnv7/APjppCoPXt0/+JNS0XHYkHHT9D/46aNwU8n/AD/dNNKt909P8/Kaa2W6HP0P/jpqC9xHeRjlQeB/lTSgE/w8/T/x4UEgdT+v/jppRg5TGT9f/HTWqsYtSJEjLNgKen5/7QqeOPDZPr0H/oLU2IEYDdxxz/46asRQ5IQ8nPY/+OmolG5cW7albUvDOl+IoFjv7Y7423Q3ETbZIW9Qw5FX9Fm+I+iMtvJ4stb22XhDf2Z80D0Z1YA/lXOeJfiWujamPDPhTTTqmqkZkRD+6th6uR/LIrY8F+EPFHi21a+8V69Kp348m1HlqOnynGeOa/Nc9qcP/X3OKk6v2nBtJ+UrNJ/M+joYbMY4RSrOMaelubV/Jb/kdDL4tniXdfX9rG3fZnP+6earTeNNGT5rrUlmbOQwTlf9kkmrSfCzw3EmyVblyB1ac8/7JpJfhx4WgXA0tmb1aZjn/ZPNfPyx+CjVT5Jb6ar/ADCEKKatO78o6fmVX+KPhmKM5a5O3jKRA5/2TzUEvxh8Gxj95Lcr/vQjP+6ea0B4H8KRqA3h2BiP73P/AAE0L4P8LD7nh2zH1gB/4CeKuliKVRXSkvVr9Bql2f4f8EyZPjf4Ai5l1SVcf3oG/wC+TimL8fPhgPlk8S4z620g/wCAn5a0dYtvAHhyx+3a7FpNlb71T7RdrHGhdj8qbmwCx7DOTU9hpPha9DTaXa2chUkMYYlO09dpwOOOfxrvp0K9Rcy2HGMY/E/wMOf9oH4XIvHiRTj0hk/75Py1l3f7R/wmj+/4jkyf7llOf+AnCV1mnnQ9e09NW0SW2ubaRmEdxBhlYqxVlJHoQR9RUVzFDbHy5pEj7DIwP905rlq4PENfHY6IqgkcPL+1N8G4I2lGv3jBTg+Xot25/wB04iqBP2tPhZP+7tU8QTY7xeFL8/8AATmIV2rhnyATj2P/AI6aaVyMFj+f/jpqFlc7L339w1Kh/Kcgn7VXguRh9m8K+LpCOh/4Ra6AP+ycoKuwftUeG5F3f8IV4uXHZvDU4H+6eK32iZcsRx7H/wAdNOsvJvraK8sryOWKVA0UsUgZXU8hSRwQfUVpDJ3J39oxuWFejh+Jnw/tLeHp1DJ4S8R4bpu0CYY/2gMU5f2kPDspwfC/iMY/6gU3/fQ4rZh0+ZztAPJ44/8AHhVuDQWlk2xqd2M4A7ejVsskm0/3r/AhvArV0/xORu/2kfDSnnwr4kP00CY/8BPFU5v2hfDNyNx8L+J1z66BOP8AgJ4rsXgsRfT6dHeRma32+fCsgLR7uRuHUZHTPWpFtQW2CQn2H/oJq5cL16tv9oa+4ar4CO1L/wAm/wCAcH/wvjQpG2R6f4kjx/f0KfH+6fkqSH45aXIpdYNXwvXfokw/4CflFd01iinD9ef/ANk1G9hE/wArKMf5+U04cIYlO6xcvuRX13A/8+fxOJHx8to1YwaHqEhH9/Rrof8AAThaD8fblz5aeF7pj2/4lV3/AN8n5K7FtNif5QvT3/8AHTUb6VFjhPrz/wCOmumPCuJW+Lm/lH/IzeMwXSj+LOUX48XRBz4Rujjv9guh/wABP7ug/Hu8VcjwXdt9LC6/75P7qunOnQ9h+v8A46ajbTIuroD+P/jprT/Vmv0xMvuX+RKxOC/59fizm2+O+q7gF8C3PPUtbXIx/sn91SD4561KpC+Eo4/+u00y/wDASDFXRPpqDkR8f5+U0xbRAcBP1/8AHTU/6rYhr/epfch/W8Cv+XP/AJMzCT4u69dFQYNNgyeSy3T4/wBk4iFMl+JOmXCFvEXxDtrNA3zRW1hLEPoWkFdA1rhSuAO+cf8AjpqGXTYmA8xAd/Yjr/smh8IuatPESkuz0X4WFLF4N6eza9Gv1TKOkeIvBN4Nvh/xJY3DP96RLxXdvZiTmrzqAceo6/0NYPij4SeAPF8Dxa94WtZGYYFxFH5coH90uuCK8w8SWPxi/ZnMnifwtfXvjHwdEQ2oaNfSeZfWUfdPM6uB/dPYdjg19VgZrKqMaPsoxgusNLebW/ruYLK6OYt+wq2n0jLr5KS0v5Ox7Q7Egeg75/8AHTTGI5Bb9f8Ax01k+BfHvhX4l+FLPxp4L1NLvT76LfDKh5B/iBHUMpyCD0IrW/z0/wDHhX0UZRnFSi7pngzp1KM3CatJbp7oaU9G4+v/AI6aQAFfmb8M/wDjppWJI69D6/8AjppD1wo6e/8A46adyLD/APPT/wAeFKoBOCf1/wDHTSf56/8AjppylR3/AM/3TSkK1hGUADD/AIZ/8dNJ/np/48KVhg4/r/46aT/PX/x01I1sH+ev/jprE+KPjOy+HPw61vxvqDnydM02a5kweSEQts+pxj6mtojGTn/P9015d+2fpmo6v+y742tdO5dNDlkYAn/VqVZ1P/AQ1c9aTVJtHpZXCFTG01Pa6Nr9mj4f3Pgz4Y2epa5mXXPEAGr6/cSffa5nUSFP92JWESjoFQe9ehqig8DH4/8AjposEhe1jltyDEUBjKngrjhT+FWPLDcMPyH/AI6adOKhBI6MTVnXxEpy3bZEbdZI2Eudp6soyQP7p96/JH9l74HftvftR/CMfG3SfiD4m8Qade+I9WtFu5/2kNe02U/Zr2WEK1pDC8cXCD5Q3pnFfqt8TPif4E+CngXUfij8SdWex0LR4fP1G7js5bgxxg8ho4lZ2/4Cpr8R/CH7QX/BJ34M/EzxQf2Y/wDgqH+2Douna74kvNUPhLwDpLQ2cU08rSOsUU0aHqx5K545rohRlVVlf7n+h5WLrKi4u6Xq0vzPefjl8If2nf2XvhLq/wAYvF3gv4gXdvocX2iSfT/2mtau2iVSCS9s20yKBkkHsK+uv2+/23/gt4E/4J82XxQ0j4jWw07xjodt/wAI7qmJGS6ZwnDOikp8u47j6V+Tn7WP/BVmy0HRh4A+AX7T37ZXiTUNUzbtaeOfEmmWFrOrDGGiNhNIQcgY3DOa+iPhr+yd+0r8MP2Kxqf7Z9z8Q57W50prvw54e/4XnpdjawQSKH8hFuIERrrkZQlWXqBwKMRg1SjGU3Z+d1f7zTA4p1qjSSa8rP8AFfkY+r/8FJl/aXj0vwbr/wABvihd2XhP4c39z8TofCQWf7AqPataKblmAeNo48F2yQJGbgZr3Twl/wAF3vhb4d/Zw8PeL/DP7PGqw6rd6qNPTwfFKB9ij3MIw0hGDldvy9eRXwT8Kvgxp/7YHxE1D4S/DbxFBp3iDxlq1pFoYl+JtvP4gKqRHLeXBtJCmqwIqyIYisU0bFW+dMZ+3/iL+yPoehf8FVPh3+zN4/1LQrLwh4P8HaTrmuakwFtBI0LyBWkLYVdzqoy345rnrwhGyS8/I9ClK9+eS2PsD/gpV448ZaF/wTl8Ya54J0Jz4r8W+FxpXhnRzcpHJLqN+FghhV2IUMWlxkkVkfB74tft6+HPhvoWi/E7/gm14osLuw0i2tro6V460W8BaOJUIIaeI87c468+1dN/wUW+AH7EH/BS74Aw/s5eNv2wdL8OWFvq9tqUN14R8a6dHcebBnyyDIXBXJzgAHKjmvlzwT/wb8+PvCoWf9nX/gtf8WdLgUYhS01/z1AHRSYLyNT2/hqKXIqdpvX0f6Hn1MRNVbxV1buv1PqRv2jvjTb4Gp/sJ/F+Mn+KDSrCZB7MyXh/OvA/j34n8d+NrS3+JPxA0G98OXviW7m0nStB1eR7Q6FpEiyJJc3Tn5ImfYkjkNnlFGcZHPD4V/t/f8E5v2u/gZ4a+JX/AAVP8X/F/QfiL4tvtOu/A3iDTYlJs7bS7q6eWWV5JJdqSLEnykAl1yegryb4Kf8ABQD43/tufGv4267rVxoEfhnRPileaP4I0vUPDyXwWK2QRyFwXVn3KjsADndJjoacHL29opWte+vexaqudK89G20l8rl34C/8FAfAHwC+K9jrHxI8am+87V/I8d+KFvFhsw4tJGESl/lz9pDquC3BVTyBX01/wSV/bL8AftM/C7xLpejX1xHeaF4uvy9vqBSNxb3E7zRBlzwuGIyepFfn74l+C37PnxT+JmnfDnxr+zX4RnuvEGvS2x1jwV43nhuIbgo8gmuLZd5AU7hs3H5o3GBsOPUf2C/2JtM+Iuh/FKz/AGd/iPq/hfwW/iZ/D0mpXKQaheaxNZwoku+d/uwh3dcdWwM4xz2VnSUG2tdDLDqtKoldNan1ze/tIT/tk/t+eF/2Xv2fNU+2eDvhhqcfif4p+KNPl3W8t3CCLGwtpF4c+cfNkwSP3QH8Jx037XWq6z+yN+2v4d/ai1bVZE+G3xJ0208JeNDLIRBo+rRyu2mz3GeEjlE0ls7cBSYia+YviT4P/bD/AGQvGvgT4S/sd/tX6Boc/iu9ktbbw3P8MtM+zMtvbtI0kzQKkp4BG5ixy3XmrX7VXi//AIKu67p3hj9lf4/+Ivgl458J/FXVF8Na7H/whl5a3McE6ZYuBdlQyKGYMoyrKpGMVg6kO+h0ulPc/SBQioJSeDyDjj/eHrRZXllfq7Wl1HIEco5Rw21h1U46EenWvKvCH7LmgeEvg3pnwfk+I/ji6tdN0pLBNRk8XXUd4yKmwb5o2VgwHcYx0rU/Zg/Zp+F37KPw2b4X/CS11NNOn1a51S6n1nWZr+6ubq4IMjzTTMzsx2r34AFSpJlNNM9GJ29T+v8A46a+QvjB8SP2tf2t/jt4t/Z+/Ym+KGm+BtP+G8UUfi7xvfaWL37Rq0sfmR2FrGSBhIyrzOehkRR619eyyDyj9Ocj/wAeFfG3/BF3UJNN+In7V/w58VTlPEWj/tGateX0Uh/eG0u7e3lsy467DDgKemFp3tqRLsdz/wAEyf2tvHX7UPw/8U+Afjno1rpnxP8AhZ4kfw74/s7EFYJ51UNE0inlY5oyDjsytzVn/gqf+2D4p/Yo/ZcPjD4W+HU1rx/4s1+z8L/DvRpFyt1q945SIuO8cah5G9dgHrXi37A2qLp3/BbL9qzwtpxY2t9o2gXVyqNlPtKxAMpx/FiQZH+171rf8Fm9V0vTv2nP2MNN12VU0+f4+mSbefkMo06dYQ3qd7jFaSjZ3MoTkoW63t+JyP7DPjf/AIKM/sm/td6V+zh/wUf+Ntn4/sfitYy3fgrxJYWyRR6ZqkKCSa0hCqvytGzFOP8AlkfWvpv/AIKUftW2/wCyl+z+Y/DFn/aXj3xxeL4d+G3h6EbpdS1a4/dxoQOdke7zHbsqGvl//guz411PVPjT+zl8F/hT4sk0Px1qHxLtNV0LWrIK09jHb8zb1bhhsZgVb5SCQaufH7/gmF+0N8Sv2g9C/bf+Ff7cXiK6+KPgm0lm8J2njnR7W90WCQofMCW0ax+T5gJG9fmBwc1lRkqqUpOxtXU6V4wVz27xd+xt+0xpv7DHhHwZ4a+PGqXfxW8C29nq9pql7dFrXVNTtxvZSMfPA5Lxc8gEN1Fa/wCxh+2h8PP2zfh5ea3ododF8W+Grs6b4/8ABF5IPtmgaih2upXqYyQTHJ0ZSO9fOvw0/aH/AOC33xB/ZXi/aS17xn8C9MtrrS5ru3tD4Wv5JGEbMpDf6QAM7SQeeoqx/wAE0P2Nx8UfEejf8FU/iD8RL7Tfin4wtrmPxVp3hSFLXQ9Wtt7RLutm3MxGxXD7twYAjirm48ru9TOkq6kmlp5n28YtvLdc9j/46a4/4y+BdN+I/wAN9X8KaggH2i0cwSY+aOVRuQN7hgDXa3Fv5bEknHbP/oJqlcoJY5FbupHIz2+8K5pq6aZ7OGqOjWjUjumn+J57+yH8UdR+LHwH03VtelL6pps0mmalITlmlgOz5/cjBP416SyIDsb88/8Ajpr5G/ZS8R/tMeHD4+8NfBz4MaJ4i0e28fXqjU9R8WLYgSnaWjEZhc4GQc5xz04r02Txv/wUBDMq/sw+CgB6/EbP/AT/AKOKwoYq1CN4yf8A26/8j1s54anUzas6VajCLd0pVYRauk9m7o9qJ8w8EfTP/jppCBn/AD/3ya8Uj8b/APBQGXIk/Zr8Cx5/vfEFz/wE4t6mi8W/t54/0n4A+AVz2Xx5N/3yf9FrZYqN/gl/4DL/ACPMfDFaO+Jof+DoP8mewO26Tah7c8/+OmkkCxrllP1/9lNeTp4t/bnCYX4CfD5T6t49uD/wE/6H/jUc/iD9vK4+QfBT4cIPfxvdH/gJ/wBFFV9ZX8sv/AX/AJGa4eaeuIpf+DInrJYuCVGPr/I0188ZPP1/8dNeV23iD9u+BNlx8E/huw9U8aXQ/wCAnNrVuz8S/tkoSdT+Bngoj+7aeNZST/sndAKf1hW2f3P/ACJlkMk9K1L/AMGR/wAz0gKxPQ9e3/oJrzzwIYvEPxw8aeIrK7862totP0xmUfKJ4UkkkTPcjz1Bx0IIqr4gh/a48cwto0fhzQfCFrKNs+oW+pG+uVU9Yx8qxqfc/nXa/Cn4YaX8LvCEHhLR45DHG7SzXE8m6SeVjl2lbuzE5J96UZSqzWlku5NWhh8sws+apGVSaslF3SV7ttrTpojejVlCrnHHc/8AjpqXzWjBAAxn1/8AHTVLxLrnh/wjpn9reKvFNjpdtu2i4v7tIUyeilnIBJ9BWG3xItbpFfwn4P13XN3Mc8dn9mtyOzCS4Kbl91DZroc4xR5NLB4rEe9CDt3ei+96HVtKJQFJ2nsM4/4Cahv9Z0/SLY3esalb2sA/5bXEqxoPZmYgVxs7/HrxFI628Og+GIG6Nve/uB/snhIx+tc5d/skeHPGepx638Y/HWu+LZomzDa6hciK0X1UxRgDHsc9KxnXrXtThf1PTo5dltLXG4hJdqa5pffpH8TptW/ae+CGkXx0i38cRaxeJ1sfD0Ml/KT/AHSIVYD8TWfbfHj4veLdRjtvAv7Ot/a2jy4Op+Lr+O1Xb/e8mIySEfXBrsvDPgfwf4Ns00/wv4ZsdOgQYVLOBUH+6cCtR4NzrLEeQ3p/48Kdq8o+/L7v+CQ8XlFJtUcPzdnOTfztGy/Fn4wf8FjP2bPjLJ+2bb6n4d8F6dqM/jHTopLXT/CVo/my3C5R98Zydx4O7pj0r0T9hP8A4IMeLNY1bTviZ+2Xq50+ygkWa18G6dLummwc7pZR9weqLz1ya/U7/hCPCEniUeMbzw7ZT6wsHkRanNArTxxZz5QfGQuecDAret404KoCfXr/AMBNfN0OGMLHGyr1feTd0v8AM/YMf478SVeFcPkuCXsuSChOom+ZpdI/yq2nVnwZ/wAFN/8AgkR4b/aG8NRfEj9nTSLbSPF2kWIi/swYjg1KBBwh/uyDs351+P3jbwH40+GPii68F/EHwxeaRqlixS5sdQgaORCOxB6j3HBr+lD4mfG34V/B2w+3/EHxXbWJxlIRIDI3+yVHNfM/j7w9+xf/AMFKvEjeEda+C9xqUlnEXfxOg+zTWq9ApkQ7jnsDke1eDneVZRiceqOHrxjWl9je7+V7fcfdeFnjVxPwvlfss5w1TEYGG1X7cF2vKymuyvddGfhpHcSglY3YA8Af0NJI8pbazEnsAf8Ax01+zFx/wQN/Yqlcva6t4vh9hq6N/wABOUqncf8ABv7+yBMp8nxx4xiz6XsJ/wCAnMdee+CM4i9HH73/AJH7BD6T/ho3r7Zf9w//ALY/HF5Cow3OR/lTUTsFPXB9P6iv2Ik/4N6/2UGPyfE/xkB2zPB+R/d0xf8Ag3m/ZRUE/wDCzvGJJ9biH/vk/JWb4MzmPRfebx+kz4YT056q9abPx1eeSKUNHnI6YP6GpL+7M4h3KcxDGd3Xn7pr9hV/4N6P2VB8o+JHi4n1NxF/3yfkqVv+DfP9k6NRnxv4sfj+K8j/AO+T8lH+qOcppqK+8zqfSO8Mpxa9tUs/+ncj8dLfVLuNQgX5Qcjn/wAdNWx4k1OBALfAIbcCByD6NX6//wDDgb9kiI4bxN4pb6Xi/wDfJ+Wk/wCHB/7Iac/2/wCKz7fb1/76HyVpHhLN278sfvMH9JHw4jtWq/Kmfjvf61qd2oVuGHoO/wDtVUjtZrgkzBj757+hr9lI/wDggr+x8GAfWPFfJxkamn/fJylcR48/4It/s06b8bfBHwk8Ma94itrTxIl22pX094kssXlRF02AoBztYHIpV+Gs0wlNSkkrtLR9Xouhtg/pCeHOZ4hwVSrpFyd6bStFXZ+URspRlApPp/gacbKWMfdb8/8Ax01+xk3/AAbpfAFbgyn49+KNnZP7Og/75NIP+Ddz9nNP9d8dPFxHotvbj/gJ+Wh8L570pr70RL6Qfha0n9Zn/wCC5/5H47iKVF24PTuc/wDATTRG4YNnG05AB/8AHTX7EN/wbvfs2c/8Xv8AGJHvFbEf7p+Soz/wbxfs5x8x/G7xYfrBb/8AfJ+Wplwxnq09n+K/zD/iYXwvlZPETsu9Kf8A8ifkBqf23V8eeS2Bgbj0H901Y8O6E9lOJlJVhypDY/4C1frlN/wb4/AGP/VfHDxUMnkNawH/AICflq5Z/wDBAn9nu1z5nxl8VvkdooBj/ZPy81z/AOrPEDi4Klp6r/M3l9ILwplUVWWKm5L/AKdVP/kUflAIru4Jlckknkk9T/eFH2CVGChD/n+E1+tun/8ABB79m61bF58UfF9wOv34F/4CcR1v2P8AwRM/ZBsgWubrxLcnp+81JR/wE4SlHg3P5L4Yr5nBiPpH+GaneNSrL0pv9Wj8eo7GQjhGJHt/46aJbGRoiRERjqScY/2TX2d+138GP2d/2Ifjzb+AfH/wJ1bVvCurW4m0bXLLxIUuMcCQMjJsLKT6jINe4/ssfswf8Esf2kRHD4M8WXkequyk6Drd4ILjd/zzGcb89DtPevEp5HiquPlhJVIRmnbVtfdofWYnxfybL8lhm0cJiKmHnHmU4w5lZ97S07O6Vj4f/Yj/AGB/il+2r8Tbfw1olnNZaBbSB9d1ySMhIIs8xjP3pCOgr92vgz8IPBP7P/wt0b4RfDzS0tdL0azSCABQGkwOWk9WJ5J96s/DL4QeAvgt4Ut/A3wy8L2mmafbL8sFpHgsf9snkn3JJrdZ1PzLGRnrlf8Ax4V+uZBw9RyaldtSqPd/ovI/inxU8W828Scek06WFpv3Kfn/ADS7y/ISVmXiMkD/AD8wqvIozgMV+hx/wE1K7bhg9Pr/AOOmo2A7H/P9019KfkCbTujnPEXwm+HHiq8Gp694Rsbi5XGy58gLKP8AZLrhh1Pes9fhLNpRkk8LePtcsSw+WOW7FzEv+yVlDEfgRXZf56/+OmmyDI6/r/46axeFoS15Vfy0/I7aeZ4+nHlVRtdnqvud0cpPH8ZNFslTTNS0fWnHU3cT2jn/AGSV3r+OKs6P4x8YiVk8V+AZLKJI8veW99HNH7hgMNj8K6ELtXkcen/swqO+srTULdrS9i3xsPmQnA/3Tip9hKLvGT/MHjI1FadOOvVKz/Cy/AytG+I/w88Rzm00fxtpk0ynBhF6ocHupBwazvGEKn4peDHLAqDqLAg9f3AG01bvfh14GubdreTwtpzx4wElsUI/3TgA14/f/CD/AIUN8Vv+F4J8UNTuPD9nZ3Hm+FLgPMIDIADGPmAAGB8m0cZ54rjxlWrThFzStdXd9kmnc9HLaOBq1J8kmpcslFNXu3Fq11tv1PoFSD8ufx/9lNP3kHczZ/H/AMeFeX6F+1H4C8SaWNZ0bSddurZs4lt9EldcgcqdoNST/tReA7ZMz6H4kXJ+Xd4duBn/AGTlRXSs1wUldTRy/wBg5opW9kz03DschunYN/46aeuAAGxz7/8AjpryyH9rD4c3C5j0rxEpJ6NoUwP+6cgUN+1f8OySP7K1/wCXv/Ycg/4EM4qf7TwLXxopZFm3/PlnqhJByTx9P/HhUJG58IcenP8A46a8nb9r34dLw+j+IMkn/mCyf98mqV3+2j8N7J/Ml0PXyM4z/ZZH/ATk1nLNMAt6iNo8PZw9qL/D/M9lcYGMnI6nd/46ao6V4w8MX+rzaHa63bPeWxxPbCYF4yRnDDqOtePTft6fBCFGF3HrsJx1OjORn+6dua/Jb9sP9qH4k+G/21/FPxZ+BfxB1jT4rq9iltHAkgLqEVfmibGRkHgivHzjiSlltKFSjad3rr0sfonh/wCE+P43x1fCVpOg4U+aMmrpu60dtbeZ+88QZyD3PI/+KFcr8a/iBf8AgbQLXS/DsIl1vXboWekRN/fYcl/YCvhb/gnb/wAFn1+LGs6f8I/2hfDF1ba3cMsNtrWlWbS2879AZFXLRk+oyvuK+vNVv4/Gv7ZHh3RpFZrXRPCtzqEQZflaR5FjAYHuAwrDG8R0cwydywkmpyajbqruz/DZnjZz4f51wRn7w2cUtIxc01rGaS0s/Wx6V8PPAdl4J0eLS1zcTyEPeXkgy80p+9vPfnNee/F/9vH4efBP9pjwT+zaddsI/wC0NVtj43vJ5FI0uK9tr5NNj+8Nkk93boBnPyn3r2cZWLJQE57j/wAdNfhH8b9Y1z4kfD/48/HT4x6Cw1rxT+1r4XtNOsdVRitvp1k0iRJ/C2xVeQDBABicjHWuLK8ow+IqOlPRWt53fX16nyOZY2coe0kr/wDAX9WP098R/tvftM+I/EF3L8PfDFrbafa67qNtawweExqn2y1jKfZXkkF/D5Zb59ysEHC4PWu4/YR/af8A2hfjf4j8c+EP2jfA9lpU+im0m0G4sbAWpngmMytvjFxcAMDGDnf36V+G/in4jfsO2SXNjrf7ASRyLM6ibRPHd6iIqFk2lJXO1gEXIz/EO/A+wv8Aggt+1h+wX8NPjn428O+Cfh/4l8Fza34WSW7Oras+o28kdvI7mJQC8m8BgQABu3HAOMV9RiuGcooYS1OjtazcddNW2+Z+fQ+My3E5rVzRKrUTg29Fo9tFt+pL8Cf+Cnn/AAVu/aQ13xZPYftIfsn/AA40zw74y1LRUtfiNZ6lFfyG2nMe0xxBlIwAdzMM54rvNU/4KBft5/APV9G+Jvxx/wCCgX7J/irwZZeILOLxhoPhS0vbbUpbCWZIpYlkkVlDorl/mIHy4zXLaV+0R+zhaeKtfg+CP/BxHbeHfDGo69e6hp2j3PhLw/cLZC4meYwpJqFkjOiFyoLSOcLzWV8YP2l/hBeeFZ9A1/8A4OB4fHUc6gP4X0b4ReG9Wk1Ag5AjisomY5IAwCPzrpqUcPKPKqEVGy05H/8AI7n00U09Zu/r/wAE+rP+CifxxtfGHwF1Gfw/raTeBdQNlqGl+NLa4DjT5srNbyTWw/fS27lIyk8YAUXBJI2AniLL/gqF8PfBUGnfGbStc06Gz8S3lrear5V/JNbazp5jngaC3JBLXyzWvmm2H7xIDmTO5c/Mv7VH7Tfxl/ab/ZM1Qa7+xp4st7ApH4f0HxTBokujQeJljikWANphtpROX2h0jLIE2AowZOfl/wDYY/Ys/ZI8cWnhiPxL4mg8VW+hXZtPiL4dl8T3Fre+GdSuEZYZJtPPlv8AZd48uSSBp2EkcLKo5WuXC5dRjh+Wp0d1/Xy8jseJ/e+5rdH7CfsN/wDBRP8AZc8P/s0eGPCvx2+OOh+EvEw1a900aX4jv44bmafz5JFTgBTIUYHaAGAxlQeK5v8A4Lm/tKeD/A3/AATh8ReNfAnjqWPVZtc0yHw3f6Y7xyC8FwsqpvGCMxxS8g+oPXFfNn7Ingjw5N/wWa1b9lLwvrR8Q6B4JvbPxbHqutQW73L3cOkCANJIg2yvtlQGTAdig8zLA4+gf+C5f7IX7Un7aPhr4e/C79mbRvAF3pGh+IG17xG/jHxallA08SFLePy0zJIhDyFsFeMc15GJoUqeYxttdP8Ar8jOtUk8PJx+JrbzOt+GP7f37V3jDwBo/iDU/wDgmD8Q7drrS7eU3j+LNH2XW6JT84aZXAf72GUEZr1j4JfHz4tfFHxANH8Y/si+MPB9t5Zb+1dU1Cxmh3dkxDMzkn1244r5bT4lf8F6jdDdpv7ImmwRRqixR+JbvYiqAAmPtYI6dxWv8D/jL/wVV+P3xV8S/soeO/jd8D/CF5J4BuNTg8efCe0/ty60K5aZYIA0M11LEruTK48wfdiJAyK5YYV1naMUvNN6EUqlWLV5N/cevf8ABRH40/E/QPh7efsvfsqaONc+Nvj/AMP3aeE9Dim2nTLUxskt/fvjFrAmdscj43zMirnDEcD/AMEjv2vPCHjD4OeG/wBi34uabe+AvjR8NtCg0XxH8P8AxRL5d5ci2QRKu5uLyCRVVt0RbaScgAgnxP4Tf8Etv+ClX/BP74heKfjF8Pf+CnPgvxV4m+IphTxNqnxM8B3Vzcah5BZ4gkyXgkiUbm+RMrxnFaHxT+BP7Xf7VviXw9oH7YXwM/Z58apBqltDb+PPhv44v/D3ijR90gUR/vVeR2XOSinkZ6DmvYhg8NTo8id+t/MyderKpzPR9j7Q/al+LnhzwTr/AIb+GOteL4NMl1lJdQt7a5m+zrrP2Z4/9EhmyBG77iQScZRc/KTXyt8R/wBt5vBnjNNTn8carpus6DquuR21vcs7pPaRWct3ZKwRtksbtOWRlbIMcQ5ADVwv/BRv44fFH9h7wnYfsa6r8K7X4/W+q+H3uYPHvxZ1Rm1TR45JDEEM8MWZPJbY4lGx8H5g3Jr510j4J+Kfif8ABfwV4v8AEvxS0nU9PTxTaWV/Lo/h2aa6triWOS4hDSSyoJljUOoLKI9iYYhQQIhg/dUuh1qqm2mtT7l/Yu/bj0DXf2gdP8F69YX13rHxR8K6dq51G5mGIXgtZfk2liwBQLnPQjAJAzXX/wDBWH9sjW/2fvgzpXwk+EGsGP4l/FfV4vD3gmO2OZrczSLHNJMOo8pWIVv+ejLjoa/O348+HNe/Z/8A2hfgsngv40avN448S3FlZ6fdnwdY+Xptr5vkWyGK2lKzNs+UxsQGBDE5JNe1/t1/shftDfsQNZ/8FQb/AOL+nfFrxr4Y1Gws9LtvHvhKSKDTo5pwqwpFb3G2NlZl/E561dHDqFdNvTt8/wAh1Kn7vzPtz9v/AMR/tA/srfsXaF8dfgat74hvPhNcadqPjLQgfMuPEegwxGDUIw2CTOI3+0K39+EH1r174H/Gb4cftE/CDw58cvhJ4mh1bw34p0qLUNHv4eksMgyAw/hdTlWU8qysD0r4tv8A9t7/AILB+F/gbefFH4l/scfCvUNGi0lri/sZ9cu7RpLcr86lW8wYKkgqT0rf/wCCOn7Gul+Cf2PLbxp4d+Kvjnw1ovxIvbrxPb/DvS9biOm+F/trtIbG2d4TKiAEHIYfNlgASc9yUFTtK1/I5mqnPzJOx9tReXNH5iHIJIyrZBx/Caa8SsMY/X/x01wn7Pv7K/w3/Zn03UtM8B+I/F+ptq9813f3Pi3xne6vI8p6pm5kYRD/AGUCj8hXoUqAocfz/wDHTUNJaIpX6ny1+3L+1v8AFz4d+OvDH7KP7IHgnSvE/wAYvG9tcXulWOuTvHp+kabbqTNfXxT5vK3DykUYLSMBnGa0/wDgmz+134m/bC+Cuo3/AMUfCttoPj7wZ4jvPDfj/Q7FiYbXUrZ9rR/Nz5bqUdc/3sdq+dPg/wCIpz/wdBeO9D8TTkmH9nKzh0BJDkJE1xFNIntl9+auf8E+vGg8A/8ABa79q34ANMYrfXBpXia2tSflaRokVww9SJFPHoadk6nIu1yYtv3vOx9Q/txftBeJ/wBnz4Y6TZfDDSrTUPHnjvxTZeFPANhfqTbtqd2xAuZQOTBBEk07gclYsDrmvDv2O/20/wBo7QP2rNf/AOCeH/BQGDw8fiNY2R1bwf4u8MWLWmneKdNzho/JYny5UzyoJ6NnpzN/wUi8d22h/wDBTP8AYu8D6oWWwvvF3ie6LM2Ea6j0kRwqfVsTSY+p/Hnv+CxPwt1vWf26v2PviJ8LrxLDxT/wsq40034h3b7M2rXEwYDBKFIHHtn3rVRilyvqS5SvdHvX7c37VFv+y/8ADuw0rwppw1r4h+Nr0aP8OfCsWWk1C/kIUNKo+YW8O7zJH7KuOpqX9rbQv2l/h18IfDPx5+GWt3Gq6t4GhjuvGXg2zVfJ8R2flAXcK5BKzqN0kTZ6jHOa8X+LnwB/aj+BHxw1n9svQ9K+HnxN8XujQ6dqfjtr2zj8N6YuWNlbxQF44xxkuRvbqTWH41/4Kif8FCPB/wCzzqv7Rcv7PXwd1jw1pFibjU2sfEupSbYgQGDAwgOBkcA9KqEI8qtZv+tCJOo22z63+Cvxh+Hf7Qnws0b4w/CnxDHqmha5aLPZ3EQwy9nUr1SRGyrIeVYEV0lxZhlMRT5W46Z6/wAJHcV8m/sFfsm/Gv4PeP8AVvj7pPxT8O6X4O+J+3X9Z+E2jaZcTadp9/coJWhW4lkDwliTvUoVYnpwDX16sW5dzH9f/HTUShG51U5TUU2rM+b/AA/ZD9m39rOD4faenleEfibDPPp1tnCWesRLveMegljDceqg17u8KD7mfXk/+PCvF/26ojba98GtRsYgb+P4t6clswODtZJA6n/gNe3MN2FUY/H/AMdNPAp0+eHRPT5o7s/tXpYfFv4pxal5uLtf7rfcVwmSeP1/8dNDcD72P8/dNPeNkGTz9P8A0E0x1Jxj+f8A46a7r6nzg7afQ/5/hNCgE7WH6/8AjpowACSenv8A+OmnorFcgfp/48Kt6iYwkAFT+f8A7KaXyjjcCPfj/wAeFOfEbFGX8v8A0E0zJ6An8/8Ax01Ak9Rsmz1/X/x01W1PR9M8QaRd6DrFuJrS+tpILqJhkPG6lWU/gTVmSMkZI/z/AHTTQhVuSR/wL/x01EoKSsdNGpKnJSjujkP2cfFt9/wjtz8IfGU5/wCEi8FyLp16JOGurVRi0kl9VkhCkn++HHFelKokHA49M8/7pry74tfCjxB4j1Sz+Jnwx1qDTPF+jxGK1nulLW2oWxOWUgc+WSMq4yUbnBGRTfBX7VngyLUE8IfGXT5vA3iIfKbLxARFb3J/ux3LYjnX/dOeeQK5FWVD3J/Jn0P1P68vbYb3r6uK3T66dj1yK1SQGN4xtZcMD3B6qa+Y/wBpX/glP+yT8W/iDZftD6R8N7bQfHeiTi7ttW0VEgS+ZOd0sePLmVsYJYZ5NfTel6vpupwC407UIbiNhlXhkDAj+6SKsXEaXMBic9R2H/jpqo13GSlF/j/kcNXB0pxcK0L+qPzb+F/w/wDgN/wU1/bb034a+Of+CfviLwVa/CEz3XiPxHdaoE03VrnciR20ccSoCGOX3DacDkV7j/wW2+FGjah+zPZ+BvB+iXoEs6rBp2nfDfT/ABBHLt+ZQwvGXyOQMSKc5HPavrHwppun+GJJJ7SGOIztmQxpgsfRql1fTbHxVfBNThWaFBhYpowwBz905q3iueon287nFQwLwiah18v0P5//ANhj47eNP2Gv2p9K/ae/al+C/i7VNDsxKblrX4I2NjfWJWEwwKbu3eRW+8qkFlyoHPFfUP8Awin/AAVG/aW/b1b/AIK9fsnyW/hfwlqujxaPZfD3xxbLJJq+hIu1pCkTMuJHDSLzuQsCO4r9UfFfwt8AeLPD9xoGv+FbG6t54SjpPbKy8/wnitLwz4d0bwn4at/D2j2EdvbW0IjihjTCqAOqiqliIyfNbVm8KFviPA9Q/Ye/ZK/aU8MWni74x/sVfCHUb6+t1e98vwqLO5jlI+dTLFhmIORuzz6CvM/GH/BDP/gmnO76r4e/ZY1fw5cKC3m+CviJf2bL/skF8CvrnR54bGW509MYWYtgds87TU19f7V2B8Ejj5uv+yazVapBaS/EiWFjKWsT8yv+Cbv/AAT6s4f27vGf7VMulePbfwJ4IsLzwl8L7f4i61Le313PL5YvpZmkxshzGYoyFG7cxyQopfE/7AOn/swarr/we+D1pcXsnj3xpqHiKyMj4ktxdYkmUsq7gkbErkdmT1zX6QeZDAvlKwA7Dgf8BNVXSxe/GpSpGZI4jGkpUFlBwSmewOBkewrGOJnGs5vqbSwq9goKO3l3PyV8Sf8ABP39qPTPAOoyfBrwFqEXiPxv4kax0HSo08i30KITMh1G7YkiJlt5JXwWy5OcElgeq/YT0P8AaQ/4JI/DzXvgR+0J8PfFHjTw1reqXet+EPFfhHSX1BUvmjTz4xGuZI3dwPLkIKMxcZG3n9QZbqNEdifmUMevt901SvJ4EslNyAFWVRluByeFP51s8XKrHlklYxhhXRd1e58C/skfBX9tP48/tWXX7ef7RPgp/AmkWmlz6X4G+G+phG1CC3k2h7ycglYpGCn5DhjuHQZrX+F/xJ+PX7Wf/BTnRE8QfsyeKPB/gD4SW2qSDX/EsIjXVdTdFt4QgxtZDHJIw2k8ANn0+55jGIhuAO4Y5P8A46aLQLEfmB5OTx1/2TRKopPVLaxS50rX82WvF+m6jrPhLU9H0HXZNKv7vTp4bHVIow72czxsqF1PDFGIbB4OMVn/AA00LxF4T+Hmh+F/F/imTXNW0/SbeDVNbkgETX9wsYEjyovCF2DNtHA3YrRkvtkJdhxjv/6CabDfRsuWfn2P/jpoi7Iq3UvIwPyOM59T/wCOmvjz9rP/AIJsfHXxh+0m37Yf7BH7XcvwY+IOr6PHo/jVpvDyappniOyjDCGSa3dgBPFuISXBOPl4Ar67Fwvc9en/AMSanSUjrn8v/HTVKTM5xUlqfNPwT/4Jy3fwB+EWi6V8Nvjzqdv8TT4zt/EXjf4o6hp6Xd34pm3j7YXjcgeRNFmJY1IEQCFeUFRf8FhP+CaV3/wU8+FPg7QPA3x2uPhv4s8B+LItf8O+I49La8RZ0RlwUWSNkOSrq6kkFOhBNfTa3X73Yc/l/wCOmpHuii7ihx6/+ymqVR9zP2StsfFn7MP/AASR8e+DvjfB+1f+2/8Atb6p8cfiVp2inStA1G40SHS7LSLZiC8SwRlh5jEcyHGQSMem9+018S/23PEHiu9/ZW/Y4/Zt1HSbu7tvJ1X4z+OJ4l0PRIJRh4liiYyX1wFJ2oNoD43HANfV0l8ApZnGPUn/AMdNZc19cmaSWecFGP7pVHIH90/rSTiktEWqVRqyufIn7U/7QNt+xz+yHp/7KOufCfxrrV/a+EItG0XxB4c8OPd2N/KkXlAyNFkwuxUEow79T1r2H/gnd4Q13wB+xV8PvDPibSprHUI9Bjlu7K5j2SQySEyEMp5BG7kV6XMzX8m6WLKo2drDv/eFXorhliLkbVH8THAA/umkpROmEZpk9y/G1j9MH/x01w/xw+KekfCTwHd+KdR3PMU8rT7WMZkurh+I4lHcliKwPi1+158Jvhpdf8Izp95N4m8SSNstvDfhsfarp3zwGCZEYz3bH41gfCT4XfFD4k+OYfjj+0hbR2VzZOT4X8Hwvvi0sH/lpMf45sHr0WuaVX2k/Z0tX36I9/DYD6pR+u45ctNapPSU30UVvbu7WS6nZ/sw/DC/+E3wktNH111bV9SuZdT1t173dw3mOp/3chf+A16EWJHBz+P/AI6ahV+cZ698/wDjpoWY7ivX8f8Ax013U4ezgorofKY7GVcbip4ifxSbYsgVXDdfx/8AHTTXUHll/wDHv/HTSSOScDPvz/46aC4IIX25J/8AHTVNHJzMQDP3h+v/AI6acqkjjt7/APjppsbn7p5/H/x01IQT0OPw/wDHhUhzMULxhlHHv/46aUfMcFRj6/8AjppP89f/AB00E+p/X/x00CuxwWPPIx/u8f8AATXH+LfDXxP8X+KHsbfx6+geHYYVx/YiL9vu5DneGllRlhQYwDGN5yfmGBXXAkdD+v8A46aGJPO38v8A0E0WubUMQ6EnJJN26q9vM5HS/gh8L9Hvk1c+FYr7UYjmPVNYka+ugf7pmnLuv0UgV0whRF8sJ3z/APYmp2XcORz9f/HTSEMeoH5/+OmrUUKpiq1X+JJv5kICp9z+X/jwpTtHyg/gD/46aUITkA9D0z/46aNpUdOf8/Kaehje4gJx8pyPTH/jwpzuQoBPPp/7KabyD7/X/wAdNNMi5wW/X/x00CY83O07CMEDrn/x01znxZ1DxfF8OtWuvAWspZaxHas1jJNGGDSAZ2YPc9M1e8R+JtL8N2JvtRuQoJxGg+/I3aMDqTWdo1jq3iOeLX/EFubWNebbTc52ehk9W/lXiZvOWJw88Fh2/azTSa+zf7TfTy6s9XLISw9aGMqJckGnaSupWfw2e9+vRH5S69q3xO+LfxUmsvFE15ea3dX/ANna3upCWWUtjYR2A9Pav02/Zh+BOi/AP4Y2vhmxhja+nAm1S6UcyykclfYdBVG//ZI+Gk3x6t/j3aWCQXwRvt1osY2Ty4whk9GA6+teoou0bQoAHTB/8dNfCeHvBWNyTG4jF5kr1U+WEr3vHdyXa776n6V4keIeF4mwOFweWr2dJR5qkUrLm6RstLLf5khOGDMeO/P/AI6alKg9f5/+OmoQ4K4Y9Pf/AMdNOQscAPx/n5TX6yz8gWpJ/nr/AOOmlABGS36/+OmmI53bD19j/wCOmjeSM7v8/wB01LKTsPBUDkc/X/x00hxnj+X/AI8KadxPyg/n/wCOmlzgfMf1/wDHTSGmxrxKx3gfht/8eFRvEr53cfX/ANBNTbhnaf8AP+yaR2XHTP8An7ppJWHe6KxgG7IPTnn/ANBNeY+PLMP+1n8MpwCDFDqHIH/TtJ8p/OvVXCYB29T6/wDjprznxrCo/aV+HtxjGEvwMD/pg3zCvNzW/s6f+OP5o9rIZWrVrf8APuf/AKSeuTsQfb6/+Omq7jJODjj1/wDHTUspLcjn8f8Ax01XlILDGcj3/wDHTXpo8N7jP89f/HTUcoKdB+Z/8dNPkUlSF4+n/oJqJ2f7rH9f/HTRa5OvQjdG3bs546Z/8dNRhS3DD6ZP/jpqb/PX/wAdNLGA3Uc/5+U0WQXZH5TFcNwR1+b/AMdNI0JIwD168/8AjpqWSRQvP8//AB00RNuyR+X/ALMKq3mM+e/+CjP7G+nftdfAK70TTbOMeJ9GJvfD1wyjLShcNGD2V14+uD2r8c/AHhH4iaR8Ql8A2uh3q63DffZksljIljmDY2EHuD61/QiAT8xyD24/8eFchoXwA+Cvhv4p6h8adJ+Gelp4m1GHy7rVGt1LkYwQ2eFY9yME9818NxFwd/bGNjXozUL/AB+ndW6n7n4deMdTgzIq+XYuk60Um6S7Sf2Zf3evrp1MH9m39l3xp4H+Aul+Gvi78WfEd74jmtknvJtN8QSomnuyg/Z42z+8C9MvuBOcDFdrBpfxI8IWy2ttrEHiK1iTbHHfIttd47MJEGyQ/VV9zUd1q3iH4eztc21pNqPh6UlpLeKLdcaY3dTjmSD/AGfvJyRkcDd07XtO16wTVdJvY7iCZcxyRtuBH94fy/CvoqGGpYWmqMG1yqy1u/x3PyrMMbicwrzxlZRl7RtuySSb6JLaxkWHj3Rbp0s9XSfSryRtq2Oop5buf7meVf8A4CTWuzj+IH8T/wCOmq+s6Vp+uWTafqtlFPC33o5VyP8AdPpWI2j+IPD1ukHhbU0kt0PFlqJLAL/c8wZYfjuFdKrYim/eV13W/wBx57pYWr/DfK/PVffujomkCjkcdsn/AMdNJ5oB27f1/wDHTXLt8UvDOnajFo/ivzdEu7hglumogCOZj0jEo+Rj7ZB9q6EuVcjHQZJJ/wDHTW1LEUa/wP8Az+456uHrULc8bJ7Po/Rk+QxJL8fX/wAdNNbC5IOfx/8AHTUYk2rjHf1/8dNDOoADHr2z/wCOmtjKwMSCM9Pr/wCOmuJ1e5kl/aA8OaUW/dS6Peu6kZDEKMKR0rsZHJJX05H/AMSa4vVE/wCMg/C85b/mE364Hf5B8przsy1pw/xw/wDSketk6SrVL/8APuf/AKSz0eDbZx+Tafu1B+6hwP8AdIp7XMx/5bN+J/8AHTUBlx1I/P8A8dNCzZP+f++TXeopHkuUr6lkXcveRvfn/wAdNHnvt+Vzn/e/8dNVTLt4Bz+P/jpojlZmw34c/wDjpp2RN2ix9okJ+dv8/wB00jMrnDRgn1wP++TUe5fX/P8AdNJ5ob5T9Ov/AI6aOVFczXUWS0tmGGgjPPB8sf8AfJr4D/bA/wCCYvxJ/a2/an1P4irHZaRoLwwW63srDzZVRcEqg984zivvxmXgnn05/wDHTSO43YwPz/8AHTXlZnlGFzWiqVdaJ300Pr+EONs74JzCeNy1pVJRcLyV0k/La+nU8Q/ZT/YV+Cf7Kehx2/g3w5BLqZQfaNVnjDSse6liOPoKv/HHW5Pgx8U/C/7QQt2fToS+keJGjQkx2s5BEmB12sit+BHevXZGCDk9ewP/AI6azvFPhnRvGvh278L+I7JZ7G/iMU0TDqp7N6EdQfWoq5Tho4H6vh4qKW3qjGtxNmOa5w8dmtWVVzupNu+j0du1t0vI7O21C11Kzhv9Nu0mgmiWSCaJgyurDIDHuCCDX5hf8FtPhjZWN54K+G/guzkm1P4k/Giw1aeGNfm8uy09bbcABwNwLdDlnc9STX1h8MPF/i/9kfVF+GPxPae+8BPMR4d8U7Cw00McgMRnanPDHgHPUHA9A8UfAn4N/FP45eHf2jvEUEGt3Wg+GpNO0CGWdJbSEy3AndpFHHmnaih8/dBHeuLL6n1eteS1W6OHNsurU4ckGpQl8M1s1/n0aeqPw70D9l74nfEHWfiBdf8ACMzTR6Ne6rFqVs8WH8+KSfepBPIIHGCevbOG+mv+CKf7IX/CUeO7zxVcaA9neabbrHLJLwU3+bhT0PrkcZx3r9TtD+Gnwx0zV9S1m08MWqXOpMWupFXG5mHzhsEEkkknJ71L8LvhJ4D+GPijW9e8GaWLFdYggSS0tX/cK0byMQy/wswkAYjg7BXrVsxrVsNKnHT7/I+dwuUvD4yNS+i9T4m/aQ/4I+fs5eBH1j9ozxz8OvhnLoumrLqXiO51XwvKfKhTLylxbuN/yhj90kmvAv8Agnl+2X4J8dftvaP8D/2Vf+Cd3w51bwOs6J4k+IfhHQJwdLtyGcNI0wwGwgwpwefWv2Ku2tr3T5tLvoY5oLiJo54ZkDJIjAggg8EEdjXJ/Cz4QfBr4GaTeaL8Ifh3oXhezu7p7q8tdEsI7ZJpm+80ioAGY+prlhXtCSqJyb21f9M91qSmnCy+SPhX/gt98Gfhn448A6f4Ol1rw1da2yrJp+naz4T1bVNSLl8RpssLtRAoIJWeaNkUrjoSD80f8Eovj7b/ALCvxp8T+Kv27fBWlwWNnpJtPB3jOf4czW99fFVK/Z40tY9nzo22SWVfMYquWbJI/ajR5rLVA+pRRqd5I398D+E1R8aeHvDGsCzutc0i1uPs97G6NcQK+1s8Kcjj61dPEctB0+W6fmKdONSacm7n5E/sT+HdO/bm/wCCsXxS/aa+LP7KHiLRfhB448Ny6b4GHijS5bBbySN4Uy5jKENIsUhwCRggZOM19q+Jf+CKH/BMHxTM0+s/sceHp3flpG1HUNxz/CcXFfWWreGtD1Kw+xvZxoBgxuigFGHRTTNKmke2MF3tM0PyucfeA6BqUqjqSTWnzG6VPlV9T89f2j/+CYf/AAQd/Y4+F+ofGz4+/sueFNK0exUj/TNRvZZLqTGVtoo2nJlkY8BQO/OBzXLf8EKNI+DH7PXwH+NX/BRrX/hxo3wW+Gfj7xHBJ4T0Z1KLY6DZK8UMkxO5iZZZZWz3KjGRX3z8eP2ev2e/2h4NLsvjz8E/DHjKLRLhrjSofEekx3SW0zDBDBwRnAx6c1unSPDUHhhvBUHhnTF0ZrZYP7IFhF9lEKqFWIQ7dgQAABcYAAwKt1eWm4vVvzMYYas6vNGyR8Qftkftk/8ABFj9sXTtK0j44/teW99b6HcyXGmLoralCyO67WDGO3wwI9z3rxH4efEz/ggX8EPH+k/ETwV+0Z4wfUNC1CK9sBbnVpUEsbBl3R+RhxkdDX6QyfAL4B79y/ArwYCeNy+FbQH/AHTiOp4Phb8LbNPLsPhn4egA6CLRYFx/snCVhCrGEeVXt6r/AORNv7PnOXNLlv3s/wDM+IP29vi58G/2zLr4W/tOfBW5XxX4Rm1RtIa5ntHhHnpdRNgxyhWznPBHb3r5/wDDXwX+NHjD42+H/hp4V0uPTtWig1vUdUs/szTFNON5NbR71BAYPGSu3PRnU9K/WHVPh54L1iztrS88M2Lx2GoRX1pGtqgEc8ciuoIxwdyjkela+o6VoptpzbaVaxzXAKPPFbqHILZKlgM9cn6kmphiHSjyxXffzOh4HmfvSufkL4X8DeOLr9uT4X/tC/CL9mi8uvhf4U1FL3Wh8NtAAsZCJZRJsjJxKQVSQKhJ+ZVxkGv0B/a4+Mvgz9s7QvCvwF+FXg3xLq1rF8QdHvfiDc6l4cudOi0KwtZ0upN/2pIy87BY8RIGYq2ehFe/WYgsLdLW0tooYY/9XDBEEROeqqAAB9Kg0HSrbSZ9WvRKzyatqbXc3mPnDeTFFsPtiJTj1JpvEc1tAWBa6nyN/wAFk/8AgpN+zR4L/Zi1/wDZ2+G/xI0/WfH3iURaJY+HNJYyXFu07BPNZQPkwDwDyc9K+rf2afCU/wALf2cvB/w9kt/Kl0bwxZ2jwg42vHAqlT+INZurfBf4V+JPF0HjjxB8PdEvdYtSDbald6ZFJPEQQQpkK7gRgc5zxXZx3ixR+WxGB/naamDjZIqdOSVmcT+y34N+P3gzS/Ed18fPimPEl5qniq+vNGihtkSLTNOeZvs1vGQAW2xBclv4iQOK9WM4ZcH+f/jprGh1OD7hdR+P/jpqxHfow+8Mdvm6/wCya7bqWxxWcT4r/wCCiv8AwT2/aX8a/tX+BP8Agoz/AME/PHHhzRvi34K0yTRtU0XxfvXTPEujyFiV8xFZo3Uu+DjBypyCgp//AAT7/wCCcn7QXg/9r3xj/wAFI/24/HXh64+KHjDSo9Ks/CvgWOVdH0WyQIoUySkvczERqueFUbsZ3cfaq3CnjP6/+OmnPqMdrHuI3H+EDv8A7Jq1L0va3yMVDU+af+Cmf/BO3/hu/SPDmueEPipfeB/iF8O9SXXfht4ttIVmSw1JcgmSI/6yCQBAygg/ux1rzr9mH9mX/gpx8Tf2t/D/AO0N/wAFLvE3wzl074a6Fd2XgTR/hwZ2ivb+6VI5by984Ao/lowVB93zGHTmvtFr18FpHBdjkndwP9k1RvtWWKQWssgV36Evj/gJo57K2hfs7u58P/8ABTL9tbxN44+IcP8AwT2/ZR0C88SeNtXeIeNtR0qFpYvC+mOw8ySZ0ICSGPOFznDDHJFZf/BQr9qf9iD4G/8ABPrxf+yjqPxZ07QPEp8FSWOheGNRt547y6nKhY02MgJDOBgnjnNfbehfDzwP4VvtR1nw34Q03TrrWLo3WrXVlZJFJfTEAF5mUAyNgAZbJ4rI8dfBf4V/Eq+s9Q8f/D7RdZm0+QSWUmp6bFO0DhtwUl1O05AORUpw91dtd92WoVOV+fkS/s72d3YfBDwhp99EUmt/C9hFMpPIZbdAVP413SH5Bk/r/wCOmsVL+10u3EUkiRpGPXAVf7prw340ftmXmo60/wAF/wBl7Rh4s8aT5jkmgO6y0sHgzTyj5QB2UHJNKrXp01d79Etz1MDluKzGfLTWi3k9IxXVt7Id8UNVj+M37cXgj4Y6W/m6f8ObKfxL4iZTlI7mRDb2if7x8x5Mei5r3SVDGflb2B/9lNeZ/sx/s/Q/AXwjeSa1r7634q8QXhv/ABV4glHzXlyRjZ/sxoPlRewFels7vjP8/wDx011YanKELy3epy59isLXxEKOGd6dKPKn3d25S+bbt5WIzMw4UD8//HTQcsPT8f8Ax00pQj74/wA/3TQQCv3v8/3TW54VmIx+X/6//jppysV5H+f9oU/yOPvc/wCflNIYs52/z/8AHTWpnqRuVZ/XP+dwoHQbT9ef/HTT1Ug5P8//AB00x/u//X/8dNFrhcbJuLcjGeoz/wCOmkUg/Kx47c/+OmnMPm5PX3/8dNMIAOHGB/n5TSauWmO3gYCN06HP/jprP8WeFPCnjnSH8P8AjHw9ZarZSf6y01G1SaJv9oK4Iq/ui4w3+f7poGwcA5/H/wAdNTOEZKzVzanUnTlzQdn5HlsX7GP7O+nTSXPh3wRPozyfeGha1d2a/VVilUD8AK0If2cPC9qNln468cQgDACeOL44H907pDXoXH+R/wCPCkYnke3p/wCPCuZ4bDraC+49WlnOarT20n6u/wCZ58v7P2nxNuT4q+Pwe2PGFwf+AnJpw+C5tWDW/wAWvHAK9C3iaQ/8BNd1K4I5B69f6GoHOOhz6/8AxJqPq1DpE2ebZm1Z1X+H+RyMXw11KDKyfFnxjIp/56a9If8AgJrTs9B1Oyj8r/hNNclz3m1R2P8AumtaRcdR9ef/AB01GWU8nt7/APjppujSXQzeY417z/Bf5GJP4Ht7u5e6utd1Z3kHzn+0pFz/ALJwaq6p8KfD2rMPtV3qZ2joNWmH/AT81dMpJHP8/wDx00u8r05z7/8AjpqXRpN7FxzTMIaxqNHG/wDCi/BbKu7+0DjpnVZj/wABOWpsXwE8AKHSS3vz5mc51af/AL5Pz124GRnHTtn/AMdNOKhjkjGPb/x4UKhRt8KL/tnNf+f0vvOFPwD+H2HBh1H5uGP9tXIJH90kSZqCb9nT4dSY8pNYjIIbMXiK9TkHgNiUc16AQrLkt+v/AI6aaQxJA/P/ANlNH1ag1rFCWc5qtq0vvOD/AOGf/BqD5de8VoAf4PGeoj/gJ/f0yb9njwhOST4s8ZID/c8cakP+An9/XeuuBtfv/naaHPG3tj0/8dNP6rhrfAilnmcw1VeX4f5Hmtx+zD4FmBWbxp45Zf7p8e6lj/dP7+qq/sjfDIt83iXxxyO3xA1Qf8BP+kV6myfKSB+v/jppFXYRuXPH+VNL6nhX9hFPibPFtXf4f5HmS/skfDLgHxJ43JHTPxA1T/vk/wCkVLH+yv8ADiNNqa940Prnx7qn/fJzcV6WGR+Qv5H/AMdNPWTHGz8Sf/HTVfU8Nf4UR/rNnVtaz/D/ACPOLP8AZm+HmnzfaItR8Tu3TdP4w1GT/gJ3TGn6h+zj4B1GLy72612VT2bxNe/98n97Xou3B5Bxjpj/AMdNOVR1A6+3/jwprCYZP4UQ+JM6f/L5/h/keXp+yh8JEX5tP1VvUnxJen/gJ/fVKn7Lfwqi5Wz1VfQr4hveP9k/veK9MAAGB/P/AMdNH+ev/jpqlhsOtOVES4izqW9eX3nmw/Zq8Axjy4tQ8RIPRfFd/j/dP76qmqfsj/CfxFC1v4mm8R38MvDwXfi3UHjYf3SpmwR7V6nIoYYPTPr/AOOmgxggIw4+v/jpqvq1B/YX3Gb4gzlf8v5fecx8NPgv8LPhFpY0r4b+BdN0eIfe+x2qqz/7e7G5j7k11aEscAc9uf8Ax000MAPu/p/48KerAAEHH4/+Omto04U1aKsjza+JxGJm51puUn1buyT/AD1/8dNNBO4kNj8f/HTRyOB3/wBr/wAdNNYENjt9f/HTQ1ZHPdik5Ocfp/48KT/PX/x00f56/wDjpo/z1/8AHTSBtAG2ng9fb/x4U4yfLtU/jn/x000Ak4/r/wCOml2nGc/r/wCOmkwWw8DI5GT65/8AHTSmVR8uP1/8dNR72A25/X/x00n+ev8A46aSQyRWCjg8fX/x01iadrl9P8Qr7w+8gNvDp0cqL6MWIIatgfMfmP6/+Omua0d1Pxe1VWGf+JXD/P7prnrNxqU0nu/0Z2YWMZUqt1tH9UdZ/nr/AOOmkIJ6Ej8P/HhS/wAQ+vr/AOOmmq2cjGMf52mu2yPNT11EU7QRxnPY/wDjppsjEEjp/n7pocIhDRk/n/46ar3N0qqSZRkH1/8AHTSaRS3HSTKg27gMd/8A2U1y3jv4jxeFvI07TtNl1HVLxtllp9v95j6uf4UHUse3qeKreJ/HN9PqQ8KeD7QXWqSrlmbiK1U/xzHsPQDkmtDwH4AtvCUUt1eXUl9qdyf9M1G4A3uf7n+yg7KP5815FTFVcbN0cJstJT6LyXd/gj26WFo4Kmq2MV2/hh1fnLtH8X0KXg34cagb8eMPiBfLe6uWzDFGT5FmD/yyCnv6t1NdgwPQrg9uf/HTSSHYcLg8ev8A46aaA5++Pxz/AOOmu/C4OjhIcsFq929W/Vnn4vF18ZV5qj22S0SXZIcWJG0/5/2TTRkHAHH+fmFAYE4H8v8Ax4UpIHU/r/46a6tDmVw/z1/8dNAbHQ/r/wCOmmlieF/n/wCOmgN2b8//AGU1OhQ8OQRnt7/+OmpFRWO/v9f/AB01GOein8//AB006Msp2kf5/umkmkwJf89f/HTTGO4//X/8dNOXGPl/l/48KZ/nr/46aG0AYOcY/T/x4UjKd2Vb9f8Ax00+PaCdw7f5U08xgnKpx9P/AB4UgItmUyzZ+n/oJrzvxxGf+GhfAEoOSHvRknp+4PymvSGjwpyP1/8AHTXnXj1Ei+OngCRuf9KvB/5BPymvMzZ/u6f+OP5o9vI3arV/wT/9JZ6g7vuwTj6H/wAdNRSIVOGOc/52mnf56/8AjppjvuBGMfj/AOOmvSR4rsMcAjdn9f8Ax01E5DcY/X/x00+QMwCk9Pf/AMdNMynAXg/X/wAdNMizEAwMf1/8dNCnb0H6f+PCg8df5/8AjppGYDjv9f8Ax00alJCOCfmB/X/x00RkKRuP4A/+Omk3N6/5/umk/wA9f/HTTux8tiZH38H/AD/sml3L+P8An5TUUfXH9P8Ax4U7/PX/AMdNUiGyZDjBzz7H/wAdauV1nwlf6JqMninwI6R3ErbrzTJDiC69VI/5Zyf7Q4Pcd66UnBB9vX/x00n+ev8A46axrUo1NzbD4idCV47PddGZHh3xrpviRZLVYntb6AD7Xp1wAJoT/dI7j0YZBrQcoV5HbgE/+Omsfxb4G0/xTsu47meyv4ObXUbRgssLf3Txhh/snIPpWBpfjfxD4Xv30H4nacsUUZxb+IYBttZh235OYXPv8pOcHsOeM5wlyz+89B4anioc+Gd31j1+XdfidTqum6drNq1jqdnDPE3DRTxh1P8AskHg1kHw1q+i2RtfBeqC0VWBW3vEM0OBxswTuXjj5Tj2roIWgnUSRuCGGVYN2/umpkCE5UDjv/7MKqdGlU1a179TkpVq1LRPTs9vuZyU3xMXQJYrbx5o02m7/l+3qPMtD/vSAfJn0YD6mugsdUsdWtlv9NvI7iFhlJYZAysP7pI61ZvLWxuoDBdQpIrDBRxkH/ZINclcfBPS9NuLjVvAWr3egXc53OLRg1u5/v8AktlT/wAB2n3rJLF0WrPmj56P79n8/vOm+Drxs1yS77x+7dfidO8hxlf5/wDjprl9XXHxh8KXCgZ+z3yk/WIfKazvEfjrx/8ADLTxeeN/Bk+tWUfE2p+GYDK6L/ektyd4H+6X71F4c8f+DviX4v8ADHiXwbrkF/bL9tjdoXyYnEPJUdVYdCDyMVzYzEU6kFB6Pmjo/wDEj08twVWFSc1rHknqtV8D+75np4cMTub6/wDxJpP89f8Ax01AhIkznA/z8wqf/PX/AMdNeufMt2D/AD1/8dNLwB7/AF/8dNJnHOf1/wDHTS438e3r/wCOmk3YG7Dt6DB2nj3/APHTQSCSD07f/Emo9pT7xHPv/wCOmnbvl2/1/wDHTQncSdwORgFv8/3TSZyMZ4/z8poOc8/z/wDHTR/nr/46aY+orgHqc/j/AOOmhVY8qOnv/wCOmgbQcNz9D/46aXJH3Twff/x00nqCY6e0tb61ayvbaOaGVSssMqblcf3SDwR7GuTi+BngfTJnl8Ly6hoiu+4waXevHDn+6Y87R+GK69Rs+Yc/j/46aGfIOQc565/8dNYVcNQq6zjc7cNjsZhE1Rm0nuun3PT8Dm9P+H+raczSw/EXVmyQSXIJP+0M5pbjwz4yS8M9p8TL9Vbko0KY/wB08V0Ekm58Hgf5+U0xmZhljn8f/HTXM8BhmrW/F/5noQzXGtqUuV/9uR/yOfHhrxyrEt8Tr/DdliUf8BNVJ/A3iWYt9p+Juqvu++AQM/7JxXUtuC7sZHcZ/wDHTULMxGCvf1/8dNRLL8Na1n97N1m+Ljso/wDgMf8AI5ez8AajZE+T4/1oZPRbxgP90jNTT+EdWddkvjjV3UHK77xic/3TzW+wIf5hx9f/AB00hKMuSe/Hzf8AjppLBUF0/Fieb42T1t/4Cv8AIxDofixE2x/EbWB7faM/8BOaiXSPH8MrT23xP1NWYbSSVPH905Fb5cFuTjA4Oev+yaYk0eSoz15/+JNNYSn6fMP7VxXVL/wFf5GBe6F8Qb2UTSfE/VGI6kSKOn8J4qP/AIRbxjIpWX4mayfT/S8f8BPFdIJQrbQOPr/46acZSeAD/n+E0PCQb1/MazbER0Sj9yOVbwN4okwJfiLrnTtqJX/gJph+GN6zbbnx74gbnkjV5R/wE4Ndb5/AUr+OP/HTSGbkjGfqf/HTSWX4a12vxH/bON6WX/bq/wAjk/8AhVluRmTxf4gbI763Pz/snD0rfCvTiNh8Sa8fUnXrn/vk/vK6oOAMY/X/AMdNBkAO3b19/wDx01ay/CtfD+YlnGYdJ/gjlP8AhWNgowPEWu8/9Ry5/wC+T89MPwvtFcn/AISjxAMeniG6/wC+T+8rrGPcD8M/+OmmSOx6cfj/AOOmhZfhV9kP7YzH+f8ABHKN8L7NhtXxR4g9/wDioLr/AL5P7yoZvhBY3XLeLPEOPbxBc/8AfJ+euw3BuQMfj/46acg2tjHH1/8AHTWiwWFW0EZvO8x/n/BHATfs96NdSmY+NvFase6eKbpf+AnD0jfs8WBwIviL4xXb6eK7vn/ZPz16GpxwRxnuf/HTUm5QcJj8/wDx01awtB9CP7bzFfb/AAX+R55H+z/YhSknxD8YMD6+K7v/AL5P7ynj9nvSxgv8QfGBI6E+K7s/8BP7yvQ0AJAPp6/+OmnhVA4Ax/n5TVrC0F0B59mfSf4R/wAjzyP9n7SoyZD4+8YE9s+LLz/vk/vKIf2fdDin+1r408Xbwchj4rvOD/dP7yvQyMjaT+v/AI6aUo2MEfkf/HTTeGovoH+sObL/AJefhH/I4ST4PSf8s/iR4tHpnxJct+DbnJpo+Dt5gofiT4nIP97WXP8AwE5rvXQ556fX/wAdNCRKeCf1/wDHTS+q0exk89zNv41/4DH/ACPNPEn7L/hbx3YrpvjLxl4ourTdmS3TXZYxKPRip5Fdt8NPhR8OfhH4fTwz8N/CFlpNkp3NFax4aRvWRj8zt7sSa2kADcD/AD/dNSIzDlf8/wCyaqGHowd4x1M8Rm+ZYyn7KrVbj22X3KyJ+AcgY/H/AMdNOB2sB29P/ZTUayKRyee//wASaNuPmU9D6/8AjprY81k7Kv8AEc/5+6aQgEgoP1/8dNJDmThmH+f4TT/LYDH6Z/8AHTR0C5IVBPHA9z/46aYx6hf1P/jprj9T/aX/AGedOGbv4zeGgG6H+1Y2H+6SDiorb9pT9nnUSI7T41eF3J7DWogf90gmksTh72cl956H9h5xa/1ef/gL/wAjsNw3AKcn1B/8dNIdoyf5n/x4Vz1t8XPhRfJ59p8StBkU9GTVYiD/ALJ+apf+FieAZQWj8caQw9RqMZ/4CeapVaXRmDyzMk7OjL/wF/5G04UYLkf5/hNRuy85Oc9Of/HTWRJ478GP08XaYfcXqf8AfJ5pv/CZ+E5DsTxRpp+l5H/30OaPa0u5P1DMF/y6l/4C/wDI1tw+7n9f/HTSZUc7v/Hv/HTWY3ifw833fEFifpdIf+Anmnx67psp/dalAxP92YH/AICaPa0+444HHf8APuX3M0hLGFzu/X/x00yWXP8AFx/n5TVQX1gePtsWRyRvH/fJpDqNiTzfxAHp++H/AHyahzg9jWOFxS3g/uZNJ8x+Ru2eD/46aaD8mSM+v/xQqH+0dPAO7UrccY5nX/vk80+2v9Llbyk1O2LYyQtwpP8Aunms+ZGvsa6WsX9zEIBJxz+P/jpqMHHzZI59f/HTUsk1ismBfwZP/Tdf++TzULXVixyb2D/v6P8Avk81MpJMao1X9l/cxygFcr/6F/46acqk9O3v/wCOmmC4ss4+3wDjn9+v/fJ5oF7ZAbhfwcnr56/98nmkqkR+xrfyv7mTkhFG7r9f/HTSh1Ay3X6/+Omqsmo2Cna2o24+s6/98nmk/tPTm+U6lb/8BnX/AL5PNP2iD2Ff+R/cyySucjp9f/HTTd+SzD+X/jwqtJq2n9tRg9v3y/8AfJ5pjatpoG06jbjP/TZf++TzR7SPcPq+Jt8D+5lmQkYBIPH+VNJuC5DEn0wf/HTVY6vpeR/xNbb8Z1/75PNNbV9LA51O35OP9av/AH0Oarnh3D6rimrezf3Mthht25GD+n+yaMYPLA/8C/8AHTVNtZ0leTqtv0/57r/3yeafHrGlfdGrWxz/ANNgf+AnmmqtNdTN4LFW/hv7mXBGeB6/52mlCMeMd+uf/HTVNdb0sH5tUt/p5w/75PNOGvaWq5Op24z6yj/voUniKS3kifqOK/59v7n/AJF1Y3UgO3B9/wDx00Hcr7CeP93/AMeFVF8QaScgapbnA/57r/3yeaadd0zfsOpQknp+9H/fJpKvSe0kDwWKX/Lt/czQBB5H8v8Ax4U0sOVJ+n/xJqqNWstvy3UZ+kn/AI6aR9TtlH+vT8W/8dNae0hbcj6pX/lf3FoNhch+vv8A+Oml3IoIZufr/wCOmqqahAeVlX1/+yFSLeWpHNwvA/vf+Ommq8UtyHg67+y/uJ8k8gjH1/8AHTTlZd2F5/H/AMdNVf7StFO2S8jGOxf/AMdNKNUszki6jAHU7+n+yaf1im9mL6liP5X9zLqN8vJwf8/KaV1BGcfp/wCPCq0Go2cwJjuEbHo3/jpqzGQ42jnj/LCj2kZ7EVKM6XxJr1G/56/+Omj/AD1/8dNSNGowR/P/AMdNBhJbLfz/APHTT1MGkR/56/8AjpoIxwf5/wDjpqXYu0rn9f8Ax000o4PAP5/+Ommk2K9hmGP3f5/+OmmN5gBG8Z+v/jpqQ5B68/5+U01gSMqf0/8AHhQ4pBzMRWAQE9/f/wAdNcvopYfGHVvQ6bDxn/x010+Rjbjn/PymuX0rcPjBqmQOdNhx/wDEmuHFO1Wn/i/RnpYJXpVv8P6o62UsPnjGfw/8eFRGZhxuAJ9//HTTpHyuVIGOv/xJrM8SeJ9H8LaTLreuX6Q29um53Y/+OmuudenSg5zdkjhhh6laooU1eT2RY1PVodMspL++lEcUSFpGJ4AH8JrhT4v1H4n2sY+H0sotZJCs+rSwYjiH9zBA3tx06DqT0FJaaD4l+MF4mseJEksfDJAe10xyVmu/RpB/CuOQOtegWljZafarYWtpHFDGuEjjXCqMfdIrx39ZzjRNwo/+TS/yX4s9zlwuSK0kqlf74w/zl+XmZPhPwhpfhHTxp1hCzMzl5riRsySuepdupNbEbYXYP5/+OmmybgoCcgcYz/46aemNmHHOP8qa9mjRp0KSp01ZLoeHWq1a9R1KjvJ7sP8APX/x00jHaP8A6/8A46aX/PX/AMdNRtktn+v/AI6a0exKtYVQSeD+v/jppXOSAD+v/jppv+ev/jppR8uD/X/x01K7DE/z1/8AHTSpguFJ/X/x00gGeB/P/wAdNOG3dx/P/wAdNIS1JVXaMZ/z/dNNYuj7j0/z8poDEcf1/wDHTTgdwyf5/wDjpqVq7FDw+5Nyn/P900uUHHH5/wDjppkQIbay/mf/AB007y/9r/P900aITWoqqAct+h/8dNSBgeP6/wDjpppUgZP8/wDx004KB/8Ar/8AHTTigF/4Dn2z/wCOmvPPiVHs+MPw/lxz/aFyOvrA3ymvRFGTg/z/APHTXn3xVVo/ip8P5S2P+JtOMY/6Yt8wrzc40pQf96P/AKUj2ckf+0zX9yf/AKSzvhK27cBn6H/x000knqf1/wDHTSK24Z/r/wCOmkMgH/6//HTXo3uzyGwZiDgf5/2TTGY7st39/wDx005znHH6/wDjppjj+IH9f/HTVEg5/h/r/wCOmlZN3bn6f+PCjao7fr/46aGOB/8AX/8AHTQAbF9P1/8AHTSBsE7kHHQ4/wDHTSq27t+v/jppSoPX+f8A46an3iW2H+ev/jppQ2FxsH1/9lNNzuHyn9P/AB4U3e3c/wCf7ppq4km9h/8Anr/46aP89f8Ax00xJDzu/l/46aec7N4P6/8AjppiaaD/AD1/8dNV7y0tb2CazvbSKaGZDHNbyoGWRT1BB4YHpg1OTtGcfp/48Ka2Hxkfr/46aTimrMqM5QlzJ6nl8Pgvxz8EbybUfA1xd6/4VZjI/h2Y77vTgeTCrnmSMf8APJuVAO09q7XwV438P+O9IXV/DmopNGeJFB+aNu4K9VIORg88VsnKkbBgjuD/AOOmuA8ffCKVNQm+IPwz1X+x/EZHzFsm1vv9+McHJAw/Uda5ZwqUPehqu3+X+R7tLE4bM7QxLUKnSfR/40v/AEpfM9BitlJEpTB7A/8AoQqYqSNobntz/wCOmvO/h5+0FpesaoPAnxE0xvDfiaOIH+zb07UuF6bN5ADr7DnjpXobP8o2jr3z/wCOmnRr0q8bwZz4zL8TgKnJXja+z6Nd09mvNDDheA5yOg/9lNeUat4V0Pw9+1joOpaLpcFrJq+g3smoNBGF+0SJgKZAOrYOM4zgV6sdxkyW5HP3v/HTXnXixQf2nPB+Bn/in9R/9l+U1zY+KdON/wCaP/pSO7I3KNerZ/8ALup/6Qz0AD5tpH45/wDHTUmD3PTtn/x00vlnOM/r/wCOmjcCc88f52mvTPA5UKGB7/5/umlU4AO7n/PymkDKenH4/wDjpp+AVyBj6n/x00mSBKdD+ef/AB00ZRQQBknvnp/smg4ByM8+g/8AHhSFSOGH+f7poSDcT/PX/wAdNH+ev/jpoJwMn+f/AI6aACeg/T/x4Uxa3HKf4WGeef8A4k0/MezaBx9P/HhSKQoAPcev/jpqQRK6Y/L/AOJNTfQrlbQAbl3+/r/46abIDjp0H+VNTJGCgwf0/wDHhTHKqCyt36/+ympcktzelHQgKjGW/Q/+OmmMpPQ8f5+U1JNIi8lh+J/8dNQvPGTguOnY/wDjpqeePc3Sl0QjrlSq56ev/jpphVgACT+f/jpoeVQMLJj8f/HTUTzKOXkwOzF+P901LnDe5XLJ7IXYN5bP6f8AjwprKhzh8+nP/jpqP7RExOZgcdfn/wDHTSNJHwN/X0/9BNR7SLe4/Z1b7P7iQmMnlT78/wDjppEjVW9N3v8A+OmmBlUbC3Xv/wCyml8xN20yDI9//HTScoDVOq/sv7mPITnr+X/jwpv+ev8A46acLiEDdvXPTrj/AICaR5Ymb55Fz14b/wAdNNTi9mJ06qXwv7hu7LbFUnHv/wCOmmFmDkMv+f7pqUTRLyHUE8DLf+Ommm5iBJ3rnvlv/HTVe0p33RSpTfRiLvxgr9cD/wAdNAdjyB/n+6aat9CfvzL1/vf+OmgXsWCBIuD0+b9DTVWm+oeymuhIp4yx746/+Omk2vgYUfl/46aredHkkSA4P9//AMdNTGSNYwfM7dc/+OmiNSLIlSaWzHEMDgqP8/wmhdxJy4OOwP8A46aYrBhy+RnjB/8AHTQSDkqxGPb/AMeFaXTMuQeHG7DPn1/+JNPDbRy3U/5U1WicGQqf8/7Jp+5VGC3fg7v/AB00cy2IcLFgMBwD1/ztNPR8dT+n/jwqFGC8k9uef/HTU8IHJYZP+flNNSM5R0HgPgZPH1/8dNPyx+U/5/2TTRn7zkY+v/jpp4Cjhn/I/wDjpqronkFUbc55/H/x00oK/h9f/HTQNu372ef73/jpp2FDZHp6/wDjpouibO4oKr8uf1/8dNPT7g2j9P8Ax4U0KMcsOemT/wCOmnqAAfnHHQE/+Omm5JjUWOVNzYx+P/spp4jbfsbn6H/x01HAyzAsxHXt/wCgmpV3jndz0OT0/wBk1UWnsJqw9IyuCG/DP/jpp79Q248e/wD46aYjMGILg475/wDHTTjIWHysM/X/AMdNFrhZlLT/ANnn4TbFgHww8PrHjhf7LjP/AAEgrWg37KnwKuE3XHwm8POe+dJi/wC+T8tfJ/7YP/Bbr9mf9lVx4e8PeLdO+IHik/KugeE9SEqwH+/LKiybc9AqoWPYHmvVP+CV/wC2X+1j+29oPiL4h/Hj9kC4+F3haOWEeDbjU7qX7XqikEyF4ZUVkjA24YhcluBjp5cYc8buOh9DiMyzGDu60r+r/wAz1Kf9k79n0qUX4OeHMeg0eHH+8Plqjcfsj/s/jO34R+H1B/u6VGP+Anipv2jPhj+3b4j1sT/swfGn4d+HrAw4eDxb4Qu7+Yv6GSG5iGPYr+NeM3PwD/4LfLKWk/bE+CKRn/nn8Nr84/2Tm7NP6onryoxjnWPjp7af/gT/AMz1C6/ZK+BaZSP4U6EB6DTo/wDvk8Vnz/snfBJX/d/CjQgfUaZH/wB8niu4+Cvw6/aW0r4QHQ/jv8VPDGseOPPlb+3tC8OvbWJQ/cQ2zyFuOh+cZ68VxXjfQf8AgopobO/gPXPgzrKD7ker6VqdmW/2S0c8gH5GqWEhbVIv+28b/wA/Zfe/8ysf2XPhHGNsXw40dPpp6D/gJ4qWD9nj4a2IZ4/A2lrgclbNen908V8m/Fn/AIKhf8FJPgR+1p4I/ZQ8a/se/BvxFrHjS8ha3Xwp8Q7ua4jsfPEU8k0HlGSNY13MSy4+U9q9j/4KvftO6V8FNE8H+ELHxBrXhi61jUzdW3iXRr62too5rZRJhDcOhlSVWYiOMlpPL2DDYBpYOnezitRLPMZL/l5L73/meqH4IeAElmf/AIRLTlCKd58rbj/aBpjfBD4dOg3+DbQr2Pzf98mvjTRv+C13wfXwT48f4peCvEOkeH9W0i9fwvrNrFO11NIYJLdIlaQt9keWeGSaLzWLql3ET0GPpr9in9uX9n39pj9laD4taf4/06G68LaFCvjyxu7oCXSJ44TvaQkDcpEbMHUEHnuKJYOEd4mkM3xk3aNWX/gT/wAzrbL4DfCOS58iTwnYbupQTNn/AHgM1dk/Z++C1tKoHgq1EkhIUmWTkgcqTmvjfSP+C3vwU8V/tSRaJ4R+BPje9+GNtNPp+r/FVNFu/sFrdJzmSNYTiAAH96WyQQdlR/ED/gqkPE37b2jah8E/gl8RvHPwx+H0N5p3jLX/AAVpMtzb3d5fRw+Shi2jzVgVN2SQT5r7c1awUb2S6GVTNsZy3dWW/dn2a37PvweLru8IQZzgKJpO/wDCRmnwfs4fBa4Q7fBFo6k84nk5/wBk/NXjfhz/AIKy/sg+PfFmo/DrwjJ4yv8AWNLWRNVsovBl1/oNwhI2byu2GbIxhyF5Hzc180aB/wAFZfi98Df2ZtB8ZeAPgpqfxNvPiL8S7qz8EtrmuNZJp1ndXUhtWlk8pypxwq5ztGeAMEWFVrcpM8zxKjze1l97Pv8AT9l34Hl3aT4fWw3ek8g/4CfmqZf2Sf2f5UBPgCD2Aupf++T81eQ+GfHn/BTbUNPsNa8UaD8BtGWeSN7zTm8SalPLHHnLxiTykUuBuA+XGfzr5Z/4KJf8FNP22fBf/BQ3wn+yF+yT418NaJazfDWfxBr7ah4eTVGmu0W5kMQLYZU8uJcAYyWBJNSsPTm9LClmmMhBN1Jfez9A/wDhj74AScDwMqZ/u3ko/wCAn5qif9iv9n6cFf8AhEXBH93UJh/wE/NX536n+1D/AMFQbttcvNV/bq8LeG4NGlsmZJPAdjh4rqxt7tH3P0Yec0ZAzzGScZrov2Ev2sP24PiH/wAFFfh98EfiV+2JYeOPC+q6bqt7q2n6X4es7dJBb2rOgaSJNwwxVsA87cUSwUFG+hEc4xqlb2kvvf8Amfb97+wt+z1KpafwncnA4C6vcD/gJw9Zp/YW/ZvU5/4Q64PsdYuT/wABP7yvGv8AgtJ+1345/ZC+PH7L58H6T4l1ex1f4lX58Q+HPCVi91e6tZppcyGJYE+acq06y7B3jz2rr7D/AIKb+Hr6BZI/2G/2mtzrlVb4I36k/wC0M1k8GraK50rOca3Z15f+BM7iL9h/9nK2O+LwGST/AHtTuD/wE5epG/ZJ+BsRVrbwPCuP4muZD/wE5auGj/bs+KXjdbrR/h7/AME/Pj3Z3Emj3slhqfibwQmn2yXaQMbcN5swbDybF4BwMk14Drf/AAU0/aS/Yl/4JeaJ8W/25/g1NH8bYbu40u48L6l/oa6rOLhvs8pKZG1oNrsF5GMcE1Dwasrrd2E84xd/4srerPrbwv8As2fB+S1uifAlsjLcugBZuQOinn3qxF+yz8EiXe48C2ucksxnkGB/dPNfN3/BKD4//wDBRf8Aap+C8fxu+KWtfAr/AIRvxHfS3mk6fp+qXsmsafGzH5WWPMSFcEDdlsAZ5zXp3/BSD/goP8Nv+CdvwctfGPxn0G91C58RzNp2j2nh26Qf6SyHDSyyDEUY67iD2HvWX1amqnJZNiebYvl5vaSS9X/md9F+yB+z9qllHex+BoWSVAyNFczYYH+E4fmqyfsefs63MYmh+HtqyMOGWeXn/ZJ3V8wD/guh+yL4e/Zwg0H4b+LH1bxVpvhyCF9J1l51bKp5cxe5tYpFbYQxLAAkDI610X/BLL9p6bxrokXwX8GeA/F3iXw5p0bzp8QbXzrvRIg7M5jF9fTLPcNl1G1YsJtIODmtKeGot6019yM3m2YP4a8v/An/AJnv8X7GP7Pakqnw+iGev+lzc/7J+enp+xV+zsJBOfh3HvHQ/bJ/++h89eoQ6zoB1BdJGr232pxuS3M6iRh6Muc1pfZdxwF/I/8AjprpWEwq+wvuRl/auZt29vP/AMCl/meYW/7KHwJhAVfAMP43Uxz/ALJ+enP+yp8Cy2T4Dhz2/wBLm/75Pz0n7YH7VXwl/Yl+AutftA/GnVmttI0eIbYYgGmu5mOI7eNT96R24A+pPANfNH/BN/8A4K++I/21/jXrnwH+L/7MGq/C3XotETXvCtpq16ZX1fSmdV3SK0aFHG+MkDIIbrxXRDCUGtIL7kc88zxyetWX/gTPpi2/Ze+C2nAm38HAZPIN9OR/unL09P2d/hTFkJ4Ri5P8U8h/4CctXSfFH4keCPg38PdY+KXxK8RW2kaBoFhJe6vqd2+2O2gjXLGQ+gHbqTgDJIr5L+Gf/BXq08SeNPBes/Ez9ljxX4N+FPxR1JdP+HHxV1XUIGt726kYi1eW0AEtiLk4ELOTksqnBIFS8LSauoouOZYtOzqy+9n0ef2d/hA8xuW8BWJfGNxUk/7p5qA/sz/Bg2kttL4DtQkuQwSSRTg/wcMK7jxz4s8JfDbwVqXxB8d65baXpGkWT3epajdyBI4IkGW3k9sV4XdfF347/tC/sTj9pb9mywXTtcuZZNY8K6JqMAb+1NMSU+WwBPyPPCucr9wuvXBqaOX0a20Fa/UutnOLoL+LLva7/wAzqI/2PfgjbRFNF8P3+mvnKzadrt3Eyn+6SJOKwfFOmfFj9nWOTxbput33jDwpbgHUtN1EB9RsI+6mUAecq9SjDdgcGuy/ZS/aV+Hv7WfwY034v+AJWjW43QavpNwMXGlX0fyzR7equjZHPUYPevQrm0SeMrLECrgqVbBBH94eornq4OnQk+Rcsl20PQwueYitFe2l7Wm91LW68m9U/NHJ+E/FPh/xx4atPFvhfVI7ywvoBLbTxNkMp/hPoQeCOxBFaGCMHP8An+6a8R8BM37O37UV38CTGE8MeNraTVvC6MfltLxWHnwID0B++B9fevc2hAbceO55/wDHTXThMR9Ypu+klo/U4c5y1ZdiV7Nt05rmg/7r6PzTumRf56/+OmmlSWAP57f/AB4VNgYx/X/x00xhg4H8/wDx011nj2ZGVVhwenf/ANlNNMXzbQf1/wDHTUwjDj5v5/8AjpoeM5+UYz3/APZTUFRiyv5R3dAM9ef/AB01ytoCnxd1B2HB06MYx/46a68xkdDn8f8Ax015vq/jC60L40S+H10l57u/0sNpSoMJKUPzbmP3QOpPp74rxs0rqj7OT/m/zPfyfB1MQq0Yb8j/ADR0Xjjx1pvguziaW2nu7y6k8rT9Os49891L18sL3wOSSQFAJJArm9A+FOveK9ai8d/GOdXuYJRJpfh62mL21gecGQ4Hmy47/dXkDPWup8NeDLbRbuTxBqUovdZuUxc37LjamciBB/BGD26nq2TWxkltwH6f+PCppYarj5+0xHwLaPf17hWxlPLKbpYb43vPqvKPb13EI7KMc9AP/HTTWLKcEfXj/wAeFBkO7Ib9f/HTTSSeSf1/8dNe7FJKyPnpSctXuKGIGP8AP+6aa5AOA/8An+6aGZRwx/z/AHTTXIZ85+nP/jpqmJXJVYk4J/z/AHTTZlJwFH6/+Omm7mRuv6/+OmpA4xz1/wA/Kallx0ECIR1Pv83/AI6adsX0/X/x00zfu4z/AJ/umnrkjJP6/wDjposg8gC4BXPX/O00LHg4z/n+6aX/AD1/8dNIN2OMfgf/AB00nZIYv+ev/jppybj8q4/P/wAdNKiAZDjPHb/0E1IoAHAx+P8A46ay1voVomIQVxu69+f/AB008D5T+Hf/AMdNRtktj+v/AI6aeHOMEf5/umqSTFcP89f/AB01IDkf/X/8dNRjJGQD/n+E09fuj/H/AMdNUtxEijAwf5/+OmuA+MAX/hZfw9fGT/bM3X/rg3zCu9XLMBn9f/HTXB/F4b/iX4BIHTVpT1/6Yt8prx87fLh4v+/D/wBKR7GSP/apW/kn/wCks7LcQNy/z/8AHTQHyMMOv+dppsa+/T3/APHTTwcHP9f/AB016qTPIfYP89f/AB00qMu3ay8+uf8Ax00m1mGVP6/+OmmncrbmHT3/APHTVLULaiurbM5x7/8AsppCwA25z+P/AI6aCx/u/wCf7ppDk8Yxn3/8dNK2oWdhV+98vT6f+PCnAEnH9f8Ax001cYye3v8A+OmnA45B/X/x00yWGzYMf1/8dNNcfxD8f/ihTyDjd6+3/jwpP89f/HTUatjRH/nr/wCOmnbvkxn9f/HTSt6HP4f+gmmsuDgn/P8AdNWJ2YhJPU/r/wCOmlO0Lu3fp/48KayMTgJ+OP8Ax4UGLacN/n/ZNBHQX/PX/wAdNMfaT8wBAORn/wBBNOfAXH9f/HTTP89f/HTSk0WtNjmvin8KPBvxe8PP4e8WWL4GTa3ls5Se1f8AuFxyD7dDXmejePPif+y7eQ+F/jFNceI/BnEVj4wt4CZrBeAJJlGTgDjeBzivb5E80eWTgZ7N/wCOmm3FjBdwNa3cCTxSLiWKVQyuPQgjBHsa86vg1Kp7ak+Wffv5PufQZfnUqOH+qYmPtKL+y915wf2X+D6odpWs6X4i0+DWdCv4bq0uYw8FxA4dHU/wkjg1w3iQb/2nvCUSgZXw7qLf+g/Kaw9X+EXjz4XatJ4z/Z5vgIGJe/8ABF/L/od0ephVjj7NKT3yUOOQKj8L/EbRviL+0t4ZltLS4sr228IX41bR79Alzp9wJUBIUexyGGVZdrKSGrlr15zjGnUjaXNH0+Jbf5bnsYHAU4utiMLPnpezqf4o+69JLp5PZ9D2crgbSP1/8dNNWMAkEfr/AOOmpXAIwx/X/wAdNNAGdrfz/wDHTXuHxrV2QtHxyMY/ztNOQKf/ANf/AI6afszkN68c/wDjpoIAIKD9f/HTUtoXK7jiojGxx175/wDHTTGCklP8/wC6aefmJJOcdOf/AB00xuANp/z/AHTUlqnJoRACM4/z/eFO2BuNv6/+OmmyypBbvO2cIu4gHn12ms/wX448HfEDSxq/hDX7W+h3FHaCUNscHBBx0IPBHqKl1IKSi3qzVYOvKk6qi3FaN20V9rmooyCD/P8A8dNc94r8c6paa1F4L8BeGpNc16WLzDZrII4bVDwJZ5TkRoT04LMRhQam+JnjGLwJ4Su9fkjLyRpiGLvJI3CJ+LECt/4U+FF+HPhA3Opz/aNTvdt5rVynLSztklD/ALK52qOwFYzlOpV9lB26t9l/mzso0aGGwv1uvHmTdoR6NrdvyWmi3ZxI/Z9+NOrTPrnxK/ab1DTfNHyaX4S02G2trfsE8ydZHc+5x34FMX9nDQpb0Bv2gfHlyQfmX+3kAJPRTtjGOtef+Lf27dDhF94s1e9soLCy8VSaXawvJlFC2s0itJ1CbnjJLHonvmvKbL/gpf4esdM+EPws1HS7qbxF8UNPj1K7tLCdXmhUwh4gzHpDvRgXOW2rxyc1f9nQb0u/m/8AMz/1izDpJRXaMYpduiPpqP8AZt0fyREPix4yk3ScF9c5/wB04UVOn7OGhpcCRfiL4tYMoGG1gk9ejfLXQfEn4sfDn4P/AA31f4oeO/EFtpGg+H7WSa91G+mCRxwxj5i5PXofr0714D4H+NP7WPjb9ifxR+3v4d8ATXUl3qJ1rwX8O3tytzdeFoeApHUXk8YknXORzGuOc1xLCU3sjq/trMkv4rPX1/Zz0xtTe8T4keKxEUwsJ1KMqCOzHy85/GpH/Z8sUUsvxD8S5JyXN5GT/un93Sfsq/tQ/Bv9r/4J6R8dfgl4uh1PRNWi6j5ZbWYAeYpQ4McqE4ZDgivD/wBsL/gtx/wTb/ZFuNZ+Hvj79pvS5vGFkJbR9D0Ozm1CSyu9pCvKbdGEO1iCyk7sA8ZFTDBU5TsosJZ9majf2zsezeFPg7Z6p4bt9VPjPXW+3K0hMlwq5UsdoYAYGV2nvWmnwP0d0Rj4o1otjgi76/7JwK8F8I/8Frv+CR8XhrS7DSv24/C80dvp8Mas9reJ91ACGDwDB4/Q1h/Gj/guB+ydoOm6NffsseOvCHxWu5ri4XWtCt/Fi6deiMRMYoEE0RWRzIEUq20AOTn5a3jgYv7Bzyz3MXr7Zn04Pgfouf3mv6yQfXUCP+AnipYvgd4dX7+sax9Tqj/98mvgzVP25f8Agt18UYV1n4e/sr/B/wCHejXFhHf2l14n8QXOsT/ZpBuQuLfy0zjr2Br0z9lb9qP9vuz+IFroX7W3i74Z67omq6HcXlvP4J0C6tLizlhkjU7i8rLIh8wDAAPTmsq2Gw1CDlK2nzKo5nmmJqKmpSu9vM+mdR+FWjWus2OmQ63rSCfzCzR6mx4UfeGQfWopvhTpz6wdNsvFWsu8MCyyp9vB2hmIAbK5GcN+VeP6b/wUT+DniK4HxGXxFBbeHtK17UNEvbiVgW86GAysX5AMOI2AIGeR3O2vHbD/AILk/BHSPiv4uv7bwL4w8TeGRc21to+s+G/DEsoWOFXE7Ssz7QPNZtu3OV2kkZwJWDc78kP6Zcs1q0rKVX8bn2S3wZgY7pvEGqbDnJN/nb/skbayvDnws8PeIfDtnqzalrqG6hWVg2sP352nFee2/wDwVQ/Zc174A/8ADQ/hlPFOqaE9y9pF/Z3hmeVxdqQNmQPLR8sucycAgnqM/Jfwu/4Lc/E3wd4Wsfh549/Z10+31S0gEcF/qWoX1rFcMWbapU2zlmx12nqOgGBWay6pU+GOxss5cEnKpoz7hXwB4Qh8darot3rfiVBBZWroY9ak2bnaXcp75wF/StaH4O+GL3AtvE/iMY5CjWpP++TxXw78A/8AgqfZa/8AHvXZfiZ4b1a5g8Q3dq8dr4P0a/1FNJSKPy3BSWKOQAn5idvXgdq+yNI/4KIfsM6VYm41n4sXmkeSm6ddb8JalbMgHUNvt8H8M1Ty6UX70Q/tqUl7kvwOht/gX4eu76awtvH+t/aIIkeeGPWSXiV923eMEgHBxnrg065/ZwsvICL8TPFkW07y0eqA/wDATlK+R/Cf/Bez/gnR4b/a/wDirZeI/i1djw9exaDaeFNestCuri31JoIJhcKVRCyASzbRlRuxmvavEf8AwVr/AGKvHnwv8Wn4JftBaPceJrPwVq2paLZX0b2kk0tvayOExcIFdg6j5Opx0reWXpWvB9DnhneIn8M7fcemx/s7bh+6+LfjELgYDagmR/snMdEf7Pt1C28/GTxb06NdRMP90/uq/P8A8I/8Fvf2rIfBPgzSW+Hng7WdS1vQrd59d1C1ubZpLtonYqYY22gkoDkYHzAAd6veHv8AgrZ/wUYvfFtrpk/wN+GWo2srI9xFZPeROse7DJuM7bT6FhjketaLKHa6X4krPMS5JKbb9Efdth+z1qlxcbF+NviYgEnmWDP0bMdM1z9mvVtPjUH49+L0eQEoI5Lfj/aGYTXZ23xC8LeB/hrc/Fj4n65Z+H9KsNNF5qt5qM/lQ2aY3NuZsdOnTk9ASRn4G1b/AILi+NP+F4y/G/WP2WvGEX7J6wnQ4PiwNHcvb6iJQWu7yDBkWzIIjAA3Kp8w8/LWFPAU53cY3t5s6J51jqbS9ol8l/kfVNz+zz4okKrF+0f42TnJIe0P/AT+4pk3wD+IqRN9j/al8ZIWGF3Wtg+P9k7revS/A/i/wV8UvBmm/ET4ceKdP13QtZtludK1jSbtZ7a7ibopdTg+/cHIODWsljk7XGD25/8AHTVLCUIy2f3v/MX9r5hJayX/AIDH/I8csP2dviayeZqf7VPjWU9h9l09R/unFvTbj9n74gIS/wDw1F44/wC/Wn/98n/Rq9wWzXywuO3r/wCOmvM/2mPjt4Y/Z38EReKNe0u+1O61DUI9P0PQ9KiD3eqXsgYpbRKcAsVV2OSAFRiTwauOFw0non97/wAyJZtmCV+Zf+Ax/wAjj7j4C/EyV0+zftVeN0CnoYNPP4N/o1XbP9nj4hzRhLj9qHxo3qwjsgT/ALJxBir/AOyt+0j8Of2qPA0vjHwLNcQ3Gn38thrui6jD5V5pN7GcSBozyjrwfQgggkGpP20P2pvh/wDsP/s4eIP2iviLC9xZ6LCotdOhcLLqF1IwSG3iJ/idyBnsMntW31DDXtZ/e/8AMxjnuY2upL/wGH/yJEv7LHjS8cSD9qTx2noo+xY/3h+4p0f7IvxAjQ5/ay8dtnu32L/vk/uK8q/4Jdf8FW9O/bw1TVvhf8Tfglqnww+Imj2y358Ka2zZv9Nc/JuZ1VnUZUMMcFh2Ne0ft7/tbaV+x78HE17TdHbWvGXiS9XSfAPhaBS02r6nIPkj2jkxoPnduyjtkVMssw0ZfC7v+9L/ADN6XEWa8t+dW/wQ/wDkTJ0z9lH4uWUE11YftjeL/MLkR/a9K0+ZVx/CR5Iz+dVNUl/a4+DqPqWrw6N8SNJhx50elWn9naqid1MTM0U577QyE9hmua+Fn7QHxj+BPj/4Z/Ab9rJVS+8d6JcSQa6U2xHWAyyGKBunzK7BF4PyY5r6Uv0Mi43YP1/8dNYzwSpfA5Rfq3+baOiOdV6/8eMKi7OEV+MUmvvOD+Ffxh8C/GTw/wD8JF4I1YzLE5ivrOeIxXFnMPvP5TANG47qw/SuoP3cAY5/L/ZNeKfHv4far8K/Ekv7UHwo09hqNhED4w0i3X5dY09OXDKODPEuXRupwUPUY9a8N+JdI8W6BZeKdAvEuLHULSO4tbhGyJEdQyhvqDWmFxNScnSqfEvxXcxzHBYeFKOJw1/Zy0s9XGXa/VdU+x+O3/BLr/gnd8f/ANiX4iz/ABY+LfhD4bat4o023VrW51fw9reuSaOsvCxiCyj2tduSuA7KUxjPzGvuf9mL9pr/AIKhftOftF+OPgpJ4g0z4daD4Etbd49a134XXEFzqTz8pGLW5uA0S7QTyxwAMjmvFtQ+OH7A37U2jx/swf8ABPv4I/E/4930kckNp4k1Hxfq9n4Z8POybPtN1eTyqHkQHd+7R5CelfYX/BNf9hnTP+CePwHf4bN8Q9Q8Uaxql7/aXiPWb+V28y6ZVUwr5jFhEiqFXcdxAycFsDpqTkru1mzzYRUlZ6pEXx307/gof8J/hlrPxIk/4KEeF7K20fT5bmU3PwbglD7FyEx9sXqePxr4j/ad/a2/4OBP2bPhL4d+OHjb9qD4WPpXiTXbDT7PSofhwkd2guj8pdWkdchckru/Gvoz4o/tE3H/AAUJ/aisf2UfgtDc3HgHwfqouviZ4hMDLBPLbzcWkLEYbLKAeucN6V5Z/wAHMPxJ0z4a/s+fC+C5u4rKzPxHtZ5JZDtRUhic7Seg60qNWUqqjJbmdelTjSc10Pcv2/Na/a1+AH/BM3xv8dZf2wdZHjbQtKtLm31PQ9CsrK3DtcwpInl+W7BSrNj58jPU184f8Fmv24vBnwY0TwP8E/B3x28YaB4t8fWWkx6hq2g+JbuOTSxczwfvJlD+WVZGkUqV45IxXN/t9f8ABUPwb+2P/wAEePjfqHwztRJp9vqnh/w9pt7NIFiubie5t5JU3HgqoRgSOmOcV8J+H/2OvBn7UfxBvPjp+3D/AMFIPhxHeX9vYquneGdSm1K6tYYIlWKFWWPykKhRkDdg5rqhGyTn0MXNN2h1se//APBNH9oOf4BQx/t8fGr4Axx+ItC8VWHw08X+LdVv5JRe3Ml1IZWdpS0i3XktEsiBhHgH5FPNfRX7d3x6+Fvja4+JN9+1jfXfiD4Y2VnZTeHo73T1ivPDXiu4mePyUAG/HlxmSBm3J36Pg+X/ABxt/wDgmn4g/YSu/wBk/wCH/wC2FqFpd6XIur6Tquv2N/dLe6nAWeN5VitiGZidhYDOMf3RXiPgr9mbxZ/wVZ/aKs9T8K/Eu3tfE2p+FdG134uT3cjk/wBoWV0y3CtE4Ty1eIR+SrBcKoGO9HLGcueV0l/wPmbKThDkik29Cb4L/sBS/Hf9l/w9q/wA8K61Drvjvwpf/wDCRWuuzB0lvLRonEs8bsBaJlpIk24dwOCVJC/U37PX7InjrxR8Rvhh8JtNutI1Hw3491238Qald6F4d+w+V4W09EJQyLjzf32yLJ+/ul4Pe5+y9+3v8JvhNr/xdvvAfxW8X+NbPRvDupWfgb4c3nhbdfaNb2KTqUikt4Y4ktTII8K+Su85Jwc8H/wQF+Ofx9/ZH/ZM/aG/aH+MP7OXjLxFYafEupeEF061MtxeSETPcWsMTspVDIYmZlHbocU5SqSb5n1VgXJCSUI6tb+h6p8Xv2lviZcfDXxXo/wx8Sf2Xpni39oDxM9rHbQKVjsLGW3tY1jUYAUtE+R0xxX0z/wS41/xD4717xh4i8TIrTzXFtdXc6QrGstzIHZmCqAF6DgAAZwOK+Iv2S/BHxS8W/su+AvCPx9+CXjfwz4o07xBq15qMcuhu0FxFfXhuvnnGQMGYDawB4PpX6Hfs12XwG/Y6+Hlxq/j34v6ToM2rxm8ul8V6zBaPHHGNgKq7AkDBPGev4VpUdOFB07Xlf8AUytVeJ5m7QSW+mp8lfFjxj8NPgHe/txfFKDXo7S7XWoJpVdykjzHSo02fKPmJeQnAB5Oa+W/2X9P074t/B/XPgHe6cNc0211S11vwx4pinkK6UDoaOiERkfMLlsH+7l+MivabD4K/D//AIKC2Px/+OGnabqGpeH/ABN8Q7qz0aaCcrBqcMJhSPf3K/KxBPrXpX/BJL4IfCX9g7QvEOp+OPFiG0to7ew1S61W4UQ2lx5X74rkBcgFlIA3EcAEnFc82qcJ/wA11+h1QjKfs39mz+e55F+zT/wUu8baGvgz9kzwJ8QYfiz8aPEVwdHTQtR0V7uSzuNx3XF1dt8gtUj3Mx35UKfl7VJ/wUJ+Hr/s/wD/AAXh+BvifxLZWl1B4m+EM+lTG2g2QzXUcN5HJGF4IBMkeMnODXyP8HvBX7V/7CP/AAVeuf8Agqr4I/Zm8V3PwTvfGeqXZvYbERySeHbueSCUtA2GTCsWjyBvwmCQ1fo3/wAFe/AF5/wUBX4A/tlf8E9tY0zx3rPgTxPFexQ2M67bqwuPLaRDnmORSibo3AZN/IFXy04O60Tv+Jy05V5rllry2e3meF6P8bPEUviLR/Gtn4Y03RtP8Q/DqHfe3/hYap/xNtKv72xkt44mkj+co0DY3YOwDNdD/wAEtPiH8Rvid/wWg07TPF+iaw48PfDnUppbrWPCaaO9v5kUKgNAryBQxc7fnbg+2KxNe8BfHb4qeHvEXgz9kGb+y/iV4H8UX3ibw5p2q2sJWSw1G4m+228azZjSeK4jyAyncfKYHDZre/4JS/ssfBT9pKfxNon/AAUT8LfEjTv2iLLV5brVdP8AEXizUdK+16acLBBGtvJGjwLuZGRdwBIJ6jGXPBRb0N5wlKaSufXX/BVz/gnP+2t+2B8efg9+0D+xp+0v4R+Hmt/CWbUbqwm8TaJLeebc3SRxcqFZMCNXXDKc7/auAj/Zg/4OcLJi0/8AwU7+AsqKeRP8PGH4HFsP517Hd/8ABKD9ha5Ux3/hDxcUxhv+Lm69/wB8nF5xXl37SX7En/BHD9lr4e3/AMSfjeniSxt7aGRoNOPxb8QNc3rohbyEhF6Wdjj+EcZzwBkRGtGTsvyInQnH3pHL+Df2lv8Agq38B/gn+1tD+2t8dvAfibW/hL8PU1HwT4g8C6SltFb3sljNcbpAVXJXEPyOnHXowryrw14k8G/tjf8ABKn4SfEv/gqB8SvFQ8bS2C6zpPibS/h1LqV7IfOkkgXyo4JYpWMQQMDEw28kenkvwwsfEMf/AAbuftRfGP4YfDjXoLT4s+MdSfwnpMhnv799FLWthCXdi8kv7uOTLZPCk19peBf21v8AgldB+yD4F/Z/+JX7YfgDTdK03wXpltLomveLv7KntpYbaMMpVjFLHIjg8r8ynvVVLxV0tb9P6ZMIxb30t1Piz9ib9v8APhn9qx/BOif8FM1tPCk2rgw+E/Gn7Pl1aNezODlN8NvF5LsQMvgAZAxTP+Cg/iLwl/wUp/4KmaJ8H9I8S+F00r4U2KyeIZNX1pX0P7WxWZN8UYWXDqVRuTgoQWB4r6K+Gel/8Eedf+Lrap8A/wDgprBN4v1e3NjBaWvxpN48yE58oLdtIHORwOSTj2r0CX9n34EeB/iLeeLPhj+0rNpnijUI0tvED6Z4n8Li5vyuNpdbuNT2Bx2rkqTipXSs/u/Q2jCpKCjdNHhfxh+HX7KvwM8Na7rdj+zj+z34pvtZjSOa30LxYtuBEyhXkKSxNNGBnqMk+2ax/wBijxp/wT1+CGoaNa/stfD7T9c8YSXyWmpaJ4N+N0rCzllcpLH9kmaMThNxZl2Zwe/Wvc/2zdJ8K/B74Kan8VPir+3V4r8D2Wk2hFnrSeG/DF3dG4wQtvGbaN2mdyVQIM5JHqa+Gv8AgmJ8X/2x/wBgL4mRfHb9uf4a6lffCz49eMf7K8Iazrdna2uqQ6q7yG0uLmDZutVliUjaSg+bPas6NGdSHM235Xev/DGlScISSt87I/Wj4g/8E7vg58Zfir4W+Onie91q28S+G5YpYLuw1SSEyhHMiqdpwygkj3GR3r6Lt7BIlCHnAxyf/HTXjXjPUP2uH8QeENQ+FA8G2umDVlHjDSfESTNciyyA8KTQnYZAMkZXHTnqa9rWeFgGU/r/AOOmuqnOUopN6GUoRUm0rH5q/wDBeOztfGX7RX7H/wAEvFUCy+GvEPxmkudYtJRmK5a1tlaFSDww3SMcHNdB+3WNH+Ef/BSH9kn4wWiLbNrHiLVvB99PGMeZDd2LPEmfTzYkwOxr1j/grv8AsD+Lv27vgfoTfBjxna+HPiX8PPE9v4l+Hus3qk2630J5DYBIjkX5SR0IGQRXy/o/7K3/AAVh/b3/AGjvg/qf7dfw08D/AAr8F/BjxVB4jnu/Cmuf2ld+JdRt+IolAJFvC3zbg3zAEjB4wRhVeY0a6a5Ipp/MUqlNYGrRd+aTTXyO2/4OYvE2s6Z/wSS8S6Z4fu5Il17xfoOm3rxkgvbyXqlkOOoJVciu6/bA/Z30P4i/8Eer79nZ4ore9i+GtjB4flyENvqdvDE9kpP8L/aI4gp/vMPrXf8A7bn7GOpf8FDP2HfH/wCyj4r8RDw3rNxrxk8Na8tv5scctpcR3VhLMn8SEqiOo54kFfEHw7/ZX/4OAvjD+0d8OfhF+294j8K2/wAGPAus2Woazqfg67t0j8RR2LrLbqQmJ2ZpI0JVlQDb83au+ajNJRklZ3OOnNUpNyV7qxof8FSfgL/wV6/bA/Zq8HfBfw3ofhqfRLfRLGTxtp1prv2a71e+hjXJcyADyywLFFbBbrnANReCP+C037XX7IPgfR/gn8dP+CVmuWc3h3R4LSH/AIRzW2lgkhiQIrDELDkLk4Y19vftk/tQeCP2S/hLf/EbxgJJ5Ih5WnaZbjfPfXB4jt41AJZ2PYdsntXlX7Jvx0bxF+yRN8ff2nLC18I+IdXn1C61DStcUWstlAJH8iPy5SG/1QTnuWJq3ipUcOoyiuVvTvfqKlRo4is9XdL7l5ny5/wTp1H9r/8Aat+Pnjn9vz9h6Hw58LvBfiTW/J8QfD/xndTXVtq94ka+bvSCMCN8n74KkN1BGQf1d0GfW5tDtZPE0dtHfmBTepYuzQpLj5ogzAMVz0JANfOP/BIzwlouh/sJ+Ete0aCPb4kmvtaZ4+jfabuWQBv+AlR+FfSoJQbOOff/AMdNeXjcVUr1mn00PWwmDoUaScNnqfL3/BTHxZa/DNfhT8WpJhC+kfEa0R7nH3IJFIlDYGSNo/SvRtc/bR/ZO0mJri5+OuiiMMRkCY5/2TiPmuI/bQtrL4i/H74G/CHyTP8A8Vm2vahBt3KLWziYkuP7pcgfU177qGgeFtSUpfeGNNmBbOJLGNhn+8AVrz8NTxftakqUkr23V+nqfWY+rk8crwVPHQm5KM37sktHPTeL7Hka/t3fsjT4ZfjlpWCOCYpx/wABP7ulH7c37JbELH8cdHJPTEdx/wB8n91Xp/8AwifguJQIvCOlLjpt06IY/wBk/LUVz4a8LbAIvDmnjH92yjH/AAE/LXSqeadZx/8AAX/meQ63CS2o1f8AwZH/AOQPPIP21f2Wp7jyYPjHpjH0WC4P/AT+7on/AG3v2VYHMVx8ZtNDD+HyLjP+6f3dd82iaPHzFpdsp9RAo/4CeKhn0DRpX3yaZbs+OpgXp/dPFX7HMrfHH/wF/wCZmsVwqv8AlzV/8Dj/APIHEt+2P+z5ex+T4a8bPrV3ID9msNI025nmnftGAI8ZPvwO9XvhX4Q8T3GvX/xZ+JNkLTWdTiFvYaWJA/8AZdirFlTcOGlY/O7DjovO3J6i3063tM/ZoY4+c/JGB/wE4q7GzkfMfpnr/umnHB1Kk1Ku07dErL82cuIzTC06UqeBg4c2jcpXduyslYcyoGJRup/ypprn+H+v/jpp3+ev/jppkhAPJ/X/AMdNd6ilseHfmldkb5zz/P8A8dNITjk/z/8AHTSkljwP0/8AHhTZVIG1h+v/AI6abdgtcQ/OeP5/+Omm/wCev/jpoII6j9f/AB00oQkZ/r/46aTd9BpNDvn5B/n/AOOmh1JGR/P/AMdNBV16MD/wL/x00GX5do/z/smlZDSEIwdwTp/naaernGP8/wC6ajLEjaf8/wCyacn3cf1/8dNK4x4Bfgn/AD/dNSIQAF/r/wCOmoYn2nLMPz/8dNTIAQGH+f8AaFADv89f/HTR/nr/AOOmj/PX/wAdNH+ev/jpoAk/z1/8dNAJH/6//HTTAW6A/r/46advXGc/r/46ai2o76DxJ2Yfkf8Ax00ode/8/wDx00z/AD1/8dNAGWB/p/48KuIMerYOc9+P/iTXCfFQsfiV4GYYwuqy/wAX/TMjaa7raqj5j056/wDjprifiWFk+IvgwEZK6lIevT5D8prxc/0wkf8AHD/0pHqZK7YqX+Gf/pLOwjUlQzE8ds/+OmghXYgJ+I/9BNKmGHXgf52mmuVU5R/1/wDHTXsaHm3sOIEYGD+f/oQpEO0/Mcg47/8AjppCoPX+f/jppADkK38//HTVR2aJY7/PX/x002Tt/j/46acTjk/z/wDHTTXIPAP6/wDjpoBbjf8APX/x005SQmT/AD/8dNN/z1/8dNKST1P+f7ppWuwkODA9/wDP900pOOSf1/8AHTTBuxx/P/x004OMZJ/X/wAdNPYz1EcYG3t/n5TQCWG1hwP87TSsASFb+f8A46aX/PX/AMdNA0ribhjC/wCf9k0wgg//AF//AB01ICDyP5f+PCmvt6Hr7f8AoJoLT1G/56/+OmoyCD/9f/x01KEJPI/z/dNI6Kxwefx/8dNQ9xDVXPJ/n/46adtHXH+f7ppQhwP8f/HTSiP1P5H/AMdNLdjTsIFZvk34BPJx/wCOmvIvi7qMfwy/aE8IfEXS/A+t+J9TvtI1LTm07RPJM4hCwy4ZZpI0ZV2c/Nu+YAccV7DtIjIxzj1/8dNeYfERpH/ad+HUYb5E0rWpCAe/lwKFP51yY2N4K291+aPouHqnJiKvNrF053V7X916EVz+1F41Enl237GPxbkOOv8AZ+mAf7pJvqiH7TPxNcb1/Yp+KOO2f7JU/wC6c31eohFbGCR+H/jwoa3ccDpn1/8AHTV+yxD/AOXn4Ij+0cpj/wAwif8A2/P9GeWP+0t8VAML+xN8Sx7NcaOP+An/AE+n2v7RvxauSxP7GHxDiAHHmX+kDP8AsnF7XprxyH5efr/7KafErryW+hH/AKEKX1fE31qv7l/kCzXKP+gJf+DKn+Z5DN+078b4ywj/AGF/iLIB0K6lpHP+0P8AS6qz/tTfH6NsRfsA/Eo4/wColpP/AH0P9Kr29d2Pf/Pymnq6Hknke/8A46aiWExLX8aX3R/yL/tjKU9MDH/wZU/+SPnzVv2pv2hZrC5V/wBgH4lW6eU3797/AEogcdGAus4+gr8LpP2+/wBpv4BftCeK/GfwU+Imq6HFeeIrqaTSml325zMxw0RypI6EjBz3r+lS9t3u9Oms4WKNNC6CQDO3IxuGa+Tvgh/wQ6/YQ+GOszeKvF/gB/G+sXNy88174qYTR+YzFiywLiMcnuprx8xynG4itBxne199LbdtT9J4I464XyTAYuGLw/K5uFoxXPzJXvfndlujwj/gmz/wUy+LH7f9j/whvxt8KadZ3Hh7WdNlOqaeHSK+zMMKVbOGBUEgE8EetfoF+158V/AHwT/Zu8SfEL4lfEPUfC+kW9p5Nxrmj2QuLq3eY+UkYjOQzlmAHYZyelcP+058HvCHw3/Zvv7j4ReCdL0QeG7m11O3t9G0+OABIJ0d0IQD+EHP0rsvix8NfAP7XX7NV34I8VrJcaH4o0eGbfbSBXxhZUUsQcEMFOa9LL6E8HeFWfNJ638u2vY+N4wzLLc9hSxmXYf2FNc0eTS3NdNy0tbmvstND8Vvir4N034jeBfFXxT+DXxJ+LMnhvTRYzX9pr2m2FkdfNxLLbqGijYncwZxnCjBPOaZ8X/2fvF3wEtfhf8AtPeEPi5qsmpzyJp2lRa14UJSxniDhdPtPskpJGQ0exgDx1y2K998QeD/ABl490b4h/8ACtNNMOg+GfDmh7Y8iQxx2jS3BjyBgvtAXAHUdzXNeN/Dvxa8LfBmx+PviX4K6zqek2HxKTxDpd+7yKV0+VvPYG3Y7VUbgwkwD8+CTwB9Hh6kHUim+u19z87nTkqcml0/r7j1D4xfsA/8FVP2zbXwnr/7TXi7wdqngfQJbPULv4QaZPcaPaa0YisiNJcRpK3OAGzuA54HWvXPh9/wX8+Lmu+ItU+Cfg//AIJbatdeIvC0rWF/omgfEK2ltLZoj5YjEhtFUINoA4HGK+lfEX7fv7O0X7I//C8fDHj2x1W2vNOxpOm6dcia9v7wplLOCAfvJJ2b5fLUE59ga+Zv+CfPgeX9in9mD4sftRftSaRFoHi3xFqkviC+0/UMCeCOWEywxKCc7gSwIHQg+lYzq0I02qsLO9kluzSnTqTmuWWltX2OU/4JGfA79oO6/bx+L/7T+n/BUfBn4Y+MIfN1X4Yr4iXU7eXxCZEZwxjSNYPlMpdQpGZQB6j0j/gqt+z38L4fip8Fk+CvwZ+HOm/FD4ifFaHT5/F2r+BbO+drOO0uLm6kmjZR55CxKcs2ckc19F/sj+K/CHhf9mzwtf6jr9jDc6hoserao8t2gPnXA8+QuSexfHP92vlT4WfG9v8Ago9/wVyh+KPw7le7+Ef7Omh32m6fraofs+seJ79USaME/wCsWG3UjI/56A/xDHn+1lKrKqlZL/hl+J1ypJQVO922bX7UvhP9vr9ij9n3Xv2i18UfA3xrpPhOyW51DRP+FZXGjXNxFvRDErQ3cqb/AJuAVH+HI/8ABSb9qL4LfAT9mrUdA+NFvp2j+MvG3hSYeErXRdDhklhuWix88kqOY1RyBvHPQjNegf8ABQv9qPwz+0Z+0T4D/wCCXPwo1JdQ1fUvFFjrnxUNv8yaTodg63jKT2eZ0gXb/dkB/iFYP/BW3/gmfqP7ZuqfD3x74LW3Nx4YuvsusW82fn09zudSBwWDAdex9qrAzhUxVNYl2Tvr+X4mOOpVaeCqSwq5pKyt+fzPnX/gn/8AHTUvGP7Dnh3QviF8RfjPqF9YabNYXmq6HpgltVt0kdIoVuVjcnCqwJbBzxXrHw2h+G/gjULXUbVfjXq2ozaTdWthc3wlvWt0lkhaRSrkKP8AVKcnpjitz9m/9n7wF8MPhJF4Ct52g+zed9l8m78vZEZCcMAcdQfzrvPEHxC+EHgHRY5fFfjrStOjEYWSe71KNSATtKkkk8+g9a9LHUMJOU404Np+n+R5GAxWLh7OdWaTXe/+Z+eX/BP/AOEH7LvxJ1y6+FP7Snw5tta8Z3/xS1XTrZb83Uc9pDNarPLv8ogLIrRMOTwz9K+7v2DPEd54P+Gfgz9mHUG8jVPAfxKl8MajZlVSaazH2ia2kmTqyyQx43ZIJHPJr4f/AGYPiBY+Hf24/HHxt8M6LqGveEdP+K3laXe6fah0cz7Ipy+SGyFAAGOA3PUV+tPxU0L9jX9lzwjrn/BRb4i6Hp1nfeHfDzTXXiF52WS4VEJgSKPdtkmYny0GC2ZCM4zicxiqUoRafvRVl59jpy2p7f2klb3ZNN+Ts9D4l/ZQsfEXgr9hf4rfDj4XvBa38P7Quv6ZZvLG3lWqNewK+/aRhQXzj7v5mq37fnxQ1/4deL/hX/bHjey0TXk1G/vTqy2M9zHqAYxRLEsUagyjcj7VwfmzziuO+BU3wkvP+Ca9p47/AGwtL1zRL/4o+PtW8aWOnab42ttDkMN/cExqZbllVsJGH24IYEYNeA/EOy/Yv1XxDpXiqb4heLvK09XNtar8YdGvZ4iJQ20q1soXgnozZP0rKjhXUruUk9G+l+ljWrivZ0FBNbLrbzPrT/gn3+2b4l039sDw9a+PfjDp2pyeJguky6Ja+E7+2lYzKGBdZncRfPFH82ACAfWvv39s39qC2+BvhaHwX4EtLC++IPidJYPCul3rjyrchf3l5eY5itYcgtIcAttQcmvx/wDh5D+yjaePLPxToP7QPi/T9S8+3WzvtR+LWliGG8aZEtzIltbl5AHIOE24xywGa+7U/wCCX/7Snh3V9e+K2i/t23954x8WCKHX/EFz4XguvOtItoit45JJGaOIBQcKQrYBxmuXG0qNGvzNuPqra/JHThKtSvSsrSt26H5y/EP4KeGv2Ev20vC/7XXgvwjd/EfQ/C+oT/8AC3xeaTFcRXUd1HG0jyhV2KFe4YrgfKVUZOTX3H/wVz8Z/s2+P/8AgkL4q+OXwN07w1e2ep6XaS+GfEWm2MQaLzriOLZvQbo32u6NyCpyD0IrlPg5+wj8RNc/bt1rTPjp8TJvEfh/TPDx/tc24SMajPdK8RMkX3SGSIkMvQBQDXQfFn/ghr4V1T4Y+Jvgx8D/ANoDX/BPgHxRfx32ueDpka9sY5YphN5YDtuiY4K87hgL1xTniaMZwU56q2vRo6KOHrSpycIaO/qfnT8APira3HwY8F2MGl3t+39jrLPK0RHkXMJli2bsfM23HC9h0r1LXv2gvGXwZ+IXh5tQ+Fl19s1e4httJvJJCtvqTmVFAZyu1VIKlskYwc4HNfSX7PHwC+Guh6R4T+GPg34YWb3HiKxN/Y2Lssq6fd6FfWtvevM24eUJjE8bbPvNLJ615D/wUQm/aa/aD0GH4UfsxeARfeC/Cyaf401C5sYTLLa/bn3i0hPCSMokBWP7yhOTwa9F4/D16igo2XW/3fmcssHXpQclLXyP0K8ff8Ew/wBoH9rjw9pXjf8Aaj/aG0afUrUQ3umeDLHwxHc+HtNnRTsUwyyFbpuQTJLuGeVAwK8k/ae8JftY/s4eHovC/iT49BrdraWOLQPHGgxXPhnV7VWAe3jvrSJDZKQVHlzBQuR8xArivh7+37/wUv0r4USa34U+H0/iTw38P9S/srxNrNrpqXs+pW6TtnLLzI6WvlnGCpdmBXavHonif/gob/wTG+KXi+11z44/tO2D6PquhW1ze6PHqrtBYauHKqpEWXgaeHzI7i2fETbSrq+0MeajVnT9xxTir6K39IuVPmd+az87mn/wST/4Jk6v8CbB/wBoT4ZfHXxN4O8IeOYpb+b4JRNBqGi6fcSSbtgllXzEAAwvl7dwOWZq98/aK/Zl/bM8beKdM1X4K/txxeB9JtbmN9R0tfh5a3r3cYbLR+dLJlNy5GQOOteP/CH/AIKC/tP/AB7/AGuvCXw4/Y9/ZmtIP2cNK0wprnjbX9GmsTPGEKxWlup2qBkIEAVgyfMQozXt/i34x/tS6N+2LoXwptfhLY6j8L9X8NXF3eeM4ZWSbTr6Nvl2KSVIcFcYxnJ9DXNNScrvc2g3seoi2aCIJI24gAFj39mr47/4KHeJP7D/AGz/ANkfT7qTFnefFbVt6kfK0o8O6iqMPxc4r7JlfzTz/P8A8dNfIf8AwV0/Zm+N3xy+FXgr4rfswWdtefEb4QeP7Lxf4a0e7uRDHrHkJJHcW8ch4QywyMATxkAHrmsafx2Nql+W55D4J8Sv+zj/AMF4L34a2Tm30H41fD8ajNbqMRtqdkGUFx/eMUTKT7iqf/BefWbfxD8XP2VfgDreH0jxT8YVu9TtX+5OLWNNgYdxumJx7VQ8GeAv2kv24/8Agp58Jv2xdQ/Zb8ZfCvwT8MfDd7HrLePo4La81C/uImT7NawxyOzxxs5JlOFIBwTmur/4LK/sH/tQ/ty6T4D+N37Hl1pj+OPgd43fUdO0PWLv7OmqoY4ZHiWQ/KHDIgAbAOWGRXdTklGN97HE4Su7bNnS/wDBX3R1+DfxK/Zc/aG+EOmpF4+t/jLpfh6yFooD6lp16Giuohj70ZQbiDwNgPauP/ay1v8Aaz/ZV/4KZS/8FAf2n/2X7v4m/CrQ9GbSvAcHgnUElm8IrJs86e4tpQPMlcK2WB4GADxXTfsn/D/9vP8Abs/bH8BftG/t6fsyN8IvCHwQ0i5fwf4RvNahvp9b8RXCCI3VyYTtWKCLzBHkfekzzX0l/wAFGf24f2YP2bvg7f6B8WvHelNq+q7LLT9AMokuJ5ZThQ0a/Mq8H5jgUU21JJ6in7ycr2ufGX7fn/BbP/gk9+1z+yzqPgTx/qXxM8L6s3+keFdVk+Hl2l1pGrx5+zgyx5VGEm3o/INe0f8ABK74z/t+fFP4CaXeftofCjRYlNijaB4zsNdQXes2+B5c1xY7MwOyYYnd3+6K8+/4KLeCfhn4j+AHwr/Zy8KeHtNN/wDED4iaLAojjQu8UTJLLvxyflDZNfctho1joumwaZYWyxQW8KxxxqOFCjAU0YjkUErbmuBjKc277EWpQRTwtFIgYOCGBXgg9VNeI/ss6lH4YvvH3wQSUvB4L8WPHpQzxFY3USXcMQ9k810Hsor2PxX4g0vwpoV34j1y9jt7Syt3muJpGwqIoydxP0rxD9kXRtU1jR/FHx21+B4bj4h+IX1OzgkXDxWCRpBahh6tHGH/AOB15LssTHl3X5H0tCDjlVeVT4Xypf4r9Plf7z3vwh4R8I/DvQbfwp4F8NWOj6ZaRiO1sNOtEghiUDATagAH5Vpy3j+Wf3uD7n/x014+Pgv8aWwLv9prUHI+8y6Ii5/2hiQYqeL4L/ECNCbr4+6vKfayUf8AAT89bzjiJP4PxRycmWx/5iF/4DL/ACPSPB3hTwr4KsZ7XwvoOn6al1dPc3KWFqkQmmcks0m0DcxJ5J5qbxPoPhfxhp39k+LPD+n6pabg32XUrOO4jJ9GVwRn8K8o1H4NfEHcGsvj7rqkdc2yY/3TzVcfCD4rqMH4/wCsEY72af8AfJ5rBwr3+D8V/mWoZbJf7wv/AAGX+R6Vc/Dz4ay+H/8AhE7jwJobaVuDNpb6XD9mJHTdGV2fpUWn+DfAGjRLb6X4O0a3jUYWO306JQAO6gLXnX/CpPicv3/jpqbezWa/98n5qfH8JviGikP8ZtQJ/wCvNP8Avk80rYj+R/eilTy//n/H7pf5HpUkWgpGYU0mzVcYKLCoH+6RisrSvDHg7TfEc3iPQ/DOl2t9cxCO6u7WyjSaZR0YOoBYDtk8Vylv8MPG8QBk+LeoE/8AXpH/AN8mremeCPGOnFmHxRvsuMFjYR/99Cl7Ov8AyP8AAqKy9f8AL5fdL/I6ix0PQ9Oe4Gm6VZw/anZrjyLZE8wkktuwOcnk5q1eWtu+i3OloipHPEyyIqgBgRyGriD4A8fLMZY/jNqignO0Wcf/AHyaSTwL8RhlR8Z9Q59bKP8A75PFNU8Q38D/AAHfL0v46+6X+R6BptnaR28a7AVCAYKjH+8K5j4w/sx/s5ftE29nB8ePgj4X8Xrp5P2E+ItHiumtwSCYwzglQSBkA4OKwz4G+Je3anxt1JQDwBZx/wDfJ4oPgv4m7iW+NeqEHri2jH/ATxWsYV+iIksvqOzrRfyf+R6D4F+Gnw3+Gfhm08H+AfBelaNpOnRBLDStMs0ht4FBJ2eWo2qMnPA75rk/B37IPwE8NapqetyeGDqsmqeJ38QSRa3cm6igv2OQpjf5YyOMHBII4I4rIm8D/EWWJkb426wpxj5IYx/wE/LVQfDD4lDlP2gvEaAnjYsX/fJ+Wq5Ky+YnDL2kvbx08pf5HsPjnwh4X+IOgy+G/FFlFeW0/wDr4ZlDLIPQqeGU9wRiqXgD4ZeBPhfph0fwj4a07TLNpjKbbTrKOCPf6MqADPA59q8lk+FfxWLMI/2kvE6ZHB8mA4/2Tlail+GXxlZk8v8Aad8R4U9HsLZgf9k/JVWq8tkgjHB3v7aP3P8AyPSfC37P3wo8JfGPxB8edD8KQQeJvE1pDb6vqqud1xHFnaGGcZ5GTjJ2L6V0eteGvDOp6lBrGoaPay3lq5e0u2hUyQsRgqXIypI4OOorw9fhf8dDcg/8NUa8FU5VP7FtCP8AeHy1Nc/CT4x3xLXH7U3iQe0el2i/8BPyVi6dVu/KaqGCt/Gj9z/yPe7e8SeIQnkYwxIyT/tCvLv2g/2Lv2aP2qLrTLr46/DCz15tJeT7Kbh3QeXIMSKQjDKsOGHccZrldL+EPxc0uMrH+1F4il9Gn0y1b/gJwgrUHgf4wLGYz+0Xq3I6/wBiWmR/tD5aIqtHVRd/kTOjgpae3j90v8j07wl4S8G/DTwpZ/DzwL4dstK0PTbcQafpVjbrHb20QziJUAwqjPQcVi/ED4V/BT4o6e2j/FT4ReF/ElqwINvr2hW10pz/AAkSIa4hvAPxbbaP+GhNTJTnLaPbc/7JwKefBPxQYfvfjbeP6FtIhH/ATij/AGhvSD+9f5gsPl/WvH7pf/ImL4Y/YU/4J+fC3xKvjbwF+xF8LtK1aKTdDqOm+C7KOaNv7pYJ8p9xiu/T4V/AXWrwa1qfwK8IyXanIur7w5ayygjoGdkJ/WucbwN4/lG2f4v3De39lRf98nmpY/A3jiOMofitcnP/AFDYh/wE81LjiXvF/f8A8EpUctitK0fuf+RHqn7En7IHin4uaT8c/E3wW0PUvEWhKP7DmvLVWt7BwcgG3/1QkB6SFSw4wRivQviZ8MvhV8ZtAtvC3xM8G6XrthZ6pb6jb2eo2yypDd27iSHeGztdHAINcFL4J8b5Vm+KF0SP4TYR4/3TzU8Phjx0rFo/iVOM9T/Z6E/7p5qksQmrwenmTKjlzX8dfc/8j0+4uYLdg6kAA9P/AGYVbtdbV0GJB/31/wCOmvJn8M+PJVCH4o3Ax1xp0f8A3yeaZ/winj6MlV+MWogei6fB/wB8nIq4+3W0PxRzzw2Bf/MQvul/kevyashQ5cf99f8AjpqNrwFSy4/P/wAdNeSyeEfHdzhT8atcXH/PK2tl/wCAn92atQ+FPGKRBT8XtdYj+J0gyf8AaH7utVLEfyfijP6rl9/95X/gM/8AI9Fh1uKC4IaXBJ7nr/smrUuswSxZLDOOx/8AHTXkjfD3xW85uH+LesZYd4Iv++h8tKPh54yGQPjJqwyP4rK3P/AT8tTfFt/B+K/zL+pZSv8AmLX/AIDP/wCRO4vPBXgvxDr9p4p13wzYX1/pr79Nu7u1SR7Vxn5CSPkbn7w5rlv2if2af2f/ANqHQbTwr8f/AITaH4usbS7W5trfWrISiKUAgBjwQcEjrWXN8Pfijt8u0+PF9EM99Dt2/wCAnioJfhd8W7qQG4/aK1FQnTyfDtoP+AnIIrH2WMc+Zxf3/wDBNuXKoQ5VXi/+3Zf5Hd+CfC3g74VeEbDwL4G0Ky0bQ9KtVt9N0yyjEcNtEowsQXooFc58YP2ifAPwm09f7Uvnu9SusLpui2C+beXkh+7EsY5OTxuOAPWud1T4E+Mddje31z9onxfLDMNssVqLW2BH90lIsj861/h18APhh8Mrl9U8P6I82pSDEusancPdXcns0shJA9lxT+rYictVYlYvK8OruTnbZJNL5tnOfAr4YeMLnxtqf7Q/xmiRPFOs2wtNM0tXDR6Hp4bcqRHoZGOGkYd+Ogr1nzW3bh/L/wAeFMCjIHT/AD900MTtyD+v/jpr0KVKFKHKjxsZja2OrurUfkl0SWyQpYqDz+v/AI6aY8gHA7/52mhmG3rn/P3TTGkZjkn9f/HTWpx8wSeh/n/46aZt+bdn9f8Ax00F19f8/wB00xySNo4GPX/x00CQPjPI/T/x00A4P/1//HTSYyuN345/8dNNAwSD6ev/AI6aB8rWpJ5jZxt/X/x00xz5pGTjHv8A+OmkDAAr+X/xJpwwBjP6/wDjpoBPUQDaD6f5+U0EgjJH6/8Ajpp3+ev/AI6aCMjB/n/46aTNER5GcZ/X/wAdNRgHPXv/AJU1IVUH5f5/+OmkwM7v6/8AjpqChf8APX/x00BQ3yHj8f8Ax00xiScMP1/8dNPVjjP9f/HTSYDCjA4I/wA/3TQeBnd9Rn/x01J91d2f8/3TSAY4H8//AB00kVzDApY8jH+fumpAflCo31x/6CaT/PX/AMdNGTgAn9f/AB01QXJEYoOp/Fv/AB01KgLjcRj05/8AHTUJbA3Dn/P3hUkciiLGef8APymnbuSPMY9f8/3TS7F/yf8Ax00iE9Cfp/8AEmlBySp/z/smovdlWVgUAD5f5f8AjwpwU4y35f8AsppgYghj/L/x4U4vJuwVx/n7pq47kPYVyG4B/HP/AI6a4nx2pm+IvhXe33L1iOf9k/Ka7Rmcn7v6/wDjprjvF6g/EDw6xH3bs559j8prxOIF/scX/fh/6Uj1codsU/8ADL/0lnWoOPm6f5+U0jKoGcc/X/x007ADdOh9f/HTTXYj7oz6/wDxJr2bXPLBX4wx/X/x00OpPb8c/wDjppQRgA8H0z/46aX/AD0/8eFPoAmJf7v+f7poSPcCpP6/+OmnKSDyeP8APymiNmCsQe+f/sTRFdB3shrRqvVv1/8AHTTXI/hH6/8AjppZGYsQT+v/AI6ab/nr/wCOmgQ4ICOT/n+6aCAx244Hv/46aUr8u3P6/wDjppQMcD+f/jpoFYFGDgD/AD/dNH+ev/jpowcZ/r/46aP89f8Ax01LeoxAoHQfr/46aQK27Lfz/wDHTSqwYZH8/wDx00Zb+7+v/jppsWtxFUg4J4+v/jppQAOg/T/x4UAkgEj6jP8A46acFJ6fz/8AHTQthif56/8Ajpo/z1/8dNPEJI5Yfh/6CaHjVBkt/n+6aEAseyQ5C9BnGf8Ax015n4+jB/aa8CEjpoWs85/69/lNempt2nH8/wDx015x46iz+0l4HkA/5gusDr7W/wAprlxSTgvWP5o9fJnarU/wT/8ASWd2Fy23+v8A46aerOR6D6/+OmhRtfcT/n+6aWPI6Dj6/wDjprrVkjxZEanB+7n8f/HTTiGxkN+H/sppwUK2CR/n+E0FlPCnn2/9BNU32FqSRFSM4/Mf+PCjChvl/T/0E0mBt2lf1/8AHTQMFjkY/D/x4VI0WLdRgEjBHqP/AB4VZWbaM/kc/wDjpqnHNggKfxz/AOOmpXc7RgjPf/4k1D3NL2DW9JsPEWg3nh7WIhJbX9tJBcxsMhkdSpU/gTXhn7Fnj+f4V3GofshfFrVBaaz4YunXwxc3r7V1bTGbMUe9uHZckFc5xjivc0m+bOT7kH/x01y/xK+EPw2+LdpFbePvDEN6YOba5BKTQ/7G9cMPpnFc9WlKbUo7nq4HGUIUp4fEJ8krO63i11t100ZqeEfgJ8IPhx/aP/CF+A9O0qLVbtrrUUt4NqzysSWLg8c5PtyaseL4fD/xA0+XwWtpZ3lksqHUTPCssJWMgmIdsnABHYHpXmkf7KngWO2bTIfH3jaK0bj7KPE8xjI/ulWypH1FPtf2YfCelWa6dpHxM8eW8C8iCLxMyxj/AGSu3aPyrldCvKV2juhHKoKyr3/7ca/U3Php8FfgT4D+Jd9q3g74UeH9Ku8LdQX1jp6R/OxYNswMKwwORg4Y+prQ+P8A+zh8DP2mdP0zSPjh4DtNft9H1SPUdOiuZXQR3EYIXfsZd64Zsq2VOeQa5O7/AGb9KldHi+LnjlGjzsk/t1SV/wBkkx9ac3wI1Hdui+Pfj9cf9RmM5/2T+7p/VsRKV2xSeWcnKqn/AJKzuPGHww+Hfiz4d6j8MNc8L2Umialp0llcWKxKqiF0KGMEDKcHAK4I7VjfAX4HfBv9mb4Yaf8ACD4I+DbHQPD+mIVt7GzHV2OXlZjy8jHlnYkn6AVhR/AnWAjRN+0B48ZH6h9UhP8AwE/uxVmy+Bk1pB5I+L3i1+c7pb9M5/unCCj6tXUbXJ58A5X51f0f+RL4P/Zj+APgf47eJ/2m/C/w506z8c+MoIYPEfiONT595FEqqinJIUYRM7QNxUE5wK9En1KCOylPmj5YWPPfj7prz1fgpJn5viV4lYdwb5f++T8tSJ8IJYv+ag+JDjsb5f8Avk/LUSw9eTuyoywUVZTX3P8AyJ9K/Z2+CCaTZrd/DbR5Zorfb589sGkbcdxUseT8xPWoNW/ZV/Zo15dut/BHwxe9Cv2vTEkCkHIU7s4weasw/Da+t8f8XF8Rn0H24ED/AGT8tWU8BXyBom+IXiEg/wDT0n/fJ+SpcMYl1+8lUsqfWP8A4C/8ip4B+Av7P3w7tpNM8AfCXw3o0Md40zJp2mQxDzuM78DrwPyql+0F+yl+zz+118PdK+E37RPw9TxH4f0fXINVsdLl1Ca3iFzCrrGXELr5igOw2NleenArU/4VzNu8xPiJ4iU9yLuL/vk/u6D4A1QOWj+LHilOOiXFv/3yf3NQo41Su038/wDglunlbjyqaS/wv/I3dR+EXwa1zw3a+D9c+Gfhy/0qwjSOy0y90iCWC3SNdiRhGUqoVRgAdBxXPS/sq/snGVd37NPgAsvAz4UszjP8Q/d00/DjxCylR8bPFoz6yWp/4Cf3Iph+F3iFmLn44+Lhnr+9tv8Avk4iql9dW0X9/wDwTN0MulvUi/8At1/5F+D9n/8AZyt1+zQfAXwMiIc+WfClkQDn7pBjPoK7a2vYIYVtYVjSNQAiRIFVVAwEwMAADjArzYfCrxMr7l+OXinB7H7P/wB8n93Th8L/ABfHkxfHXxL04DwwH/gJwoqZU8TJ+9F/n+pUYYGOkai+5/5HRp4V0a28fap4h0zTLeGfUdNtY5pVUbnMRlC7vwf+dXX0i9uMRy3W5QOULZB/2gK5S3+HXjq3bdF8ctYz3Z9Pt2/4Ccipx4Q+I+8N/wALpvzj10e2/wC+TxSdKq/ssuKw62qx/H/Iv+HfhF4D8G3sGqaD4Rsra6hjuI4Z47dVMSTyGWSMYHCtKzSEdCzE1f8AD3gTwZ4D8NTeFfBHhbTdKs7l2eS3sbZI0LtnIZVHX5j+dYD+E/iRg+d8Z775uhGj2wI/2TwapXfw78b3xPnfHLXV/wCuVnbp/wACGFo9lX6RYuTDX1qxX3/5HoXw98F+EfAvhW38I+E9BstOsLcEQWllCscaZ6qVXABPJ/GuO/4Yy/ZET4gt8WB+zV4G/wCEje5Nw+tf8IzbfaGm9ZH2ZL/7R5rIT4U+KY1wfjp4syT1SaIf8BPyUk3wr8RTAIfjd4tJHUm9jH/AThK1TxMVpTf3r/MzeGwTf8eP3S/yPYrZbTToPs9rCkaAcKgwP90imzXML/M2Bjpz/wCOmvFj8IfEL/6742+MD9NSX/vk/LSn4Ra0pO341+M/m9dSU4/2T8lVGeJ/59fiv8x/U8D/ANBK/wDAZf5Hsj3yFeJf1/8AHTVaadJAULA5Hc/+OmvJovhV4ljO1fjp4ywOMfbIiP8AdOY6ki+GfiVDn/hdni1wDxvuof8Avk4joc8U/wDl1+K/zBYXAP8A5iY/+Ay/+RPTPMmY/MBjsc5/4Cad4an/ALDubnL5W6k3EE98Y2n8BXnI+G/iEp/yWDxQc/8AT1H/AN9D5KR/hhqz/NN8VPErY/6fAP8AgJwoqvaYtLSi/vX+ZSwmWP4sVH/wGf8AkexQ+I1iUpF94Zxz/wCOmvAdE/4JzfsQaX8WtX+PGqfAnStX8W67qT3t9rPiGWS/kEzPv2YnZljAYAqFA244xWuPg/Mj7m+Jfids5/5ihH/ATgVk6l+zjpmpSs118SPFjA9VGuyAf7p5qXisxivdov71/mUsBkcrc+LX/gEn+h0B/Yp/ZcPxn079oKD4ZRL4q0gsdLvRfzmK1ZgQU8gv5aNgnlVBr0LxL4g0Twxpc2r+INWgtLW3UvLPPKEVB3DE4rx20/Zx0SzbMfj7xUOeR/b03/fJ5q8n7O3w2uLmO98T2+oa68TBo01rU5biMMOzRs20/iDR7bMamjpW83JfoCo5Bh3eOIcl1UYNN/NuxyfiW41X9sHWYtGtobiz+GtlcB9QuZcxv4hdTlbeMEAiDIyzn72ABx19cSKG1hSztYUiijUJHHGuFRRwEI7AVLHBBbQpaW0SxxooEcUYAVR2TA6UjCQjAH0/+JNdFDD+yvKTvJ7v/I5MfmX1xxjCPJTj8Mf1b6tm87Z4H8//AB000gdM5/z900v8WT0z6/8AjppGHYH/AD/dNekzwEkiIRlgTjv6/wDjppjpt+Vufx/8dNSlGDZDcHrz/wCOmmvG3Jxx7H/x01NtRkJgXsT+f/jppgjUcSD6c/8AjpqVjgZH8v8Ax4UxsMckf5/vClbWxSbI8LjPf/PymkGGGSP1/wDHTUm0Yxj8cf8AjwpsgUDP9f8Ax00cthu40xbxn+v/AI6aYyAcKD78/wDjppwc5z2+n/jwpXYBQCPy/wDQTS0C10QujL0Yfn/46aa67htP+f8AZNSsFA4PfkE/+OmlAWNsevTn/wAdNFkKysReRn59g/L/AMdNII8EjaPYAf8AjpqTJK8d/f8A8dNCKeu3p79f9k0WD3URlSSQ/wDP/wAdNM8ph9xvrz/46ankDE5K/wCf7ppuTjYf8/7JpWRQyOPBxIcj6/8AjpqTyxj5T+v/AI6ab/nr/wCOmlVyOCePr/46aLJjTFEa9x+Gf/HTQ0aNwR+v/jpoMnykKOe3P/jpp3UAt1xz/wDEmoasWmRqhz1GPUH/AMdNNeMjocg+n8jUxTYoDHH4/wDjppFAHQ/r/wCOmgCMId2fLx+P/jppwjydrDn/AD8ppSBn5m/z/dNK3Lgjp9f/AB00DSuI4ypDjHv/AOymkVQRgnn6/wDjpqRgh5Zen+z/AOPCgqMbh/P/AMdNUnZFbIjCE5Gf1/8AHTQIQO/+f7pp6x7hnefz/wDHTTth9v8AP8QppktNjVVV7Yz7f+Oml4H3Tke//oJpwTB6/wCf7ppR6Hp9P/HhVXE4NiohOCcY9P8A2U08Ddx/X/x00ihR0PX3/wDHTTlUk89Pr/46aaZm49wXJIGP0/8AHhTsBRwP1/8AHTSqB0zx9f8Ax007bknn/P8AdNO4uUYwyMf1/wDHTS/56/8AjpowcZ/r/wCOmkbdj5f5/wDjppiaAsAdp/z/ALJpkjDGR1+v/jppXLBcEf5/vCo/mc//AF//AB00yGkIQc5HT/PymkYEjA/n/wCOml/z0/8AHhSFl6Z/z/dNF2SopIYwK8EH/P8ACaaysCeP1/8AHTUhKZyW/X/x01ES3IHP4f8AjwpXY+VCf56/+OmjJU7kA6c7v/QhQMZ5/Q/+OmlABOG/n/46aT1KV0J/nr/46alSMFeefT/4k0woDyp/X/x006N9q7SOnv8A+OmhNsLeQEqDgHp/naaCM8H+f/jpoOCdwHX3/wDHTR/nr/46aZS2GeXg7VH6/wDjppqhgclv1/8AHTUv+ev/AI6aTAJ3f1/8dNTYe6GsCSGx9ef/AB00n+ev/jpqT/PX/wAdNNYDIH9f/HTQ0DuCplQN4+m7/wAdNHlE8A5/z900q7cYBx+P/jpp68jb098/+OmpJbZDscjhhkf52mnBcH5lz/n7wpSCHyOfx/8AHTSEswOMce//AI6adrBeQbTv2k5/H/x008H5sbfwz/46aagXqp5/z8ppeOhPPpn/AMdNV7rC7JV+8P8AH/x007OG24/X/wAdNRqSRk/z/wDHTThzhf6/+Omo0GpMeEAA6fl/48KVl2jOf0/8eFKFJOWH+f7wp6tt7fr/AOOmr0DUiYHbkD6c/wDjprkvF4nbxroThjhbs4wMdvvCuwOM4HX6/wDjprkfFy58WaQGUfLdDp/6Ca8HiSSjl6f9+H/paPSyhP60/wDDL8mdSUIfpnn/ACpo8vnlv8/3TTnyp+7+v/jpoyPUfn/46a92yPPGmMFs4H+f4TShADn+v/jppQQf/wBf/jppVGTgn9f/AB009BPRCAAcD+f/AI6aQqD1/Q/+OmpAgxz/AD/8dNKI+Tv/AAy3/jppk6kJiAJwf8/3TSLEwXDnn/PympxHtbj09P8Ax4U0oSev6/8AjppWQ0yLBzj+v/jppU2j5m/z/smpGTAyP5/+Omm4zx/X/wAdNKyKGyYOMfz/APHTQyYXOf1/8dNO/wA9f/HTSshA5/n/AOOmlogIgMDGf1/8dNH+ev8A46aVl29/8/3TRtG373Oen/sppAJ/nr/46aXY3p+v/jppP89f/HTTxjpu/wDHv/HTQLUlTbxnp9f/AB00kihiQoz/AJ+8KFUhdrHP+fuml/z1/wDHTQNKw0gogTHXj/7E15/4ziL/ALQvgiTjC6Xq4PP+zB8pr0L/AD1/8dNcN4wjH/C+PBDRHB+waqCR6eXF8prnxHwr1X5o9TKn+/n/AIJ/+ks7LYCSpH4/+ymkOeh7e/8A46aljUHJ/r/46aayg9/x/wDZTXToeS9WM/z1/wDHTSYCduvv/wCOmnyDv/X/AMdNDYYZHb3/APHTRYaSG/56/wDjpoJzyT+v/jpo/wA9f/HTSA5Gcfr/AOOmkDWov+ev/jpqQSMQM/z/APHTUf8Anr/46aASP/1/+OmgZKGUgqx/X/x00md/A9P8qaj/AM9f/HTTt4x/TP8A46alxK5iKRXTIHP0P/jppjMx4IPvz/46aseYp+9+v/oQphKMSMDgev8A46aUUUpEG09Fzj6/+OmgAAAZ+v8A8SakO3G1h19//HTShmGBs4/z8pqrF8yEbKKN34DP/jpqSM5Xa34c/wDjpo/z1/8AHTS7GJHHB9//AB00mkMlH3cLg/j/AOOmlUbRg85HOf8A0E00EL8uOP8APymlLHGd34Z/8dNSNWbEkVepOD9f/HTSAZPA5+n/AI8KcTuGfT3/APHTSbWbnd0/2v8Ax00FaKehHI23A2/iB/48KcwJXIXr7f8AjwpzqGOD2Hr/AOOmmlwAOee//wASaVkivisMIwcH+f8A46acGJHC8fX/AMdNIOvAz/n7ppUIA5I59/8Ax00WSKcUxSuMs3T6/wDjppu442/1/wDHTUuFTJPf0/8AQTTDsc5Y4/H/AMdNF7kKCI2Yrxj8Qf8Ax00eY45Uc/5+U1I+xjhT0Hr/AOOtTdmOmPwP/jpqeaAnFX0I8u+S35Z/8dNOCjg45/z8ppf89f8Ax00f56/+Omqi7oaigJxyT+v/AI6aQgHoOvp/6CaUAngfz/8AHTShSflb+X/jppkPcjMYz04x0Df+OmkMeTyv6/8AjpqXYVH/ANf/AMdNNIyfvfhn/wAdNNK4nN2GeV/s/r/46aPLx/D+v/jpqYNnovT3/wDHTTVYhcN+v/oJp2SZm2N8ohNx9PX/AMdNJjJwv8//AB00+QYTIfr6H/x00xegbf8A5/umqJbdhdrHO4dB6/8AjpoRAx4X6nP/AI6afuzjc30/+JNISS/yEfn/AOOmqSFe4z7M6n19Mf8AoJoKNyDxj3/8dNO8w468n3/8dNIQDgk4z/naaOVAnYb5JbLenXn/AMdNRkBAFY8n3/8AHTUyKWBbd09f/QhSyKCcgdP87TWbSNNzS3HOT/n/AGTTdy+v+f7ppjvkZ9Pf/wAdNIZAeT/P/wAdNbHNYeZAO36/+Omo5JyQRnjPp/48KGdOhP6/+Omof89f/HTQNJisxbr/AD/8dNJ/nr/46aP89f8Ax000sqkA9fp/48KCtEKeBgn8z/46aYQp6HP+fumlcZJA5+h/8dNN2NgDPHuf/HTQLdjP89f/AB004OcbSM/j/wCOmmBSoOTn/P3TQv3R/j/46aloocyAHJUD2/8AZTTSQOf6f+PCgtyPf3/8dNIzA/LjP4/+OmmhDv8APX/x00f56/8AjppAQ3f8M/8AjppScDJ/n/46aQkNcsWwCfz/APHTSZPqfz/8dNB/ulce/wD7KaQnAyf5/wDjpqSg/wA9f/HTR/nr/wCOmgEH/wDX/wCOmj/PT/x4UBaw9FyMgfr/AOOml/z1/wDHTQBngfz/APHTUV/qFjpNjLqWqXUdvb26NJPPKwVUVRk7ieAAOcms21a7LhGUpKMVdslJAzu9P73T/ZNRojuu4B8E/KM/+OmvO7TWviZ8bFOoeEb1vDHhZ/8Ajz1N7cNqGor/AHTG42wxEfdZwWYchVGCXn9n+Bhi7+JHiq4bJLNLrcgzn+E4xXBPF1m/3VO67t2v6HtRy3D0lbE1uWXZLmt6vRX8rs9DCPjDI/Xg/wDsppdjk/Mje3y/+PCvP4v2fdCxhvF3iM46E69OP+AnDVMP2fvDrsN3ijxEfUHX7j/vk/NULF4u/wDDX/gX/ALWX5Y9sQ//AAD/AIJ3ohc4AVv8/wAJp8cTOMKpx/n5TXCR/s3+EJ3H2nXNff2Ov3H/AHyfmqeL9lH4bSLiTUdf3Px8niO5H/AT89H13FX/AIa/8C/4Bf8AZ+WJXeIl/wCAf/bHbC3IX7p+v/sppDHhucj8f/HTXJx/skfC9tqte+IcKOg8R3P/AHycPUw/ZL+F6KAl/wCI8g8H/hKLz/vk4kpLGYr/AJ9r/wAC/wCASsFli/5fy/8AAF/8mdPhef8AP/ATRtVuf6/+OmsKD9mL4d20JgjudaIPXf4huz/wE5kqU/s3+A0H7u41fIGADrtyf+AnL0/rmItrBff/AMAHg8s6VZf+Ar/5I2T8p2k8/wCflNPUxfdMqk+m7/x01zd5+zp4JWTe8mpk+v8AbNx/3yfnrI1D9nbwFI/mBdRDg8ONVnyMfwn5qHj68VpBff8A8ASy/Lm7e1l/4D/9sd+EwMjnjnH/AKCadsb0/X/x015Dqfwo8deGS158PfinrNq4ORa30/2mEj+6VcE/kau+APj7qdn4pj+HPxm02LTdVnbZpmowk/Zb9sfcyfuSY52nr2zSpZxRdVU6qcG++33r9R1shrexdXDzVRLVpXUku9n+h6g8YwM/p/6Cajfg4Ufr/wCOmpmVjzjt6/8AjpqNgSc7vzP/AI6a9hHzzsyEknqf1/8AHTTGDDlj+v8A46alKADr+v8A46aiYk9f8/7Jp8yIurDSAw/lx/48KYR2P8//AB01IwIXd/X/AMdNH+ev/jppc2pKaIsggkfy/wDHhTcnGePpn/x01K0YIwB+v/jppkkZB4H6/wDjpp8wxhxnp+v/AI6aP89f/HTQQRwf5/8Ajpo/z1/8dNJ6sB6LgZP4c/8AjppQMnH9f/HTSiNtm729f/HTT/8APX/x00a7AJsX0/X/AMdNKqJ3/n/46acEzyT+v/jppMLnGD+f/jpppMaumRlNo4/z/smhfmbk/r/46afIpRS3X2/9lNIhzh8YP1/8dNCTsPmB4lYHA/HP/jpqNkKAc8565/8AHTU4ORkYz/n5TQ68gOc5/wA7TSasURAbTjZ19v8Ax4UoRs4P6H/x008rgFy2AOpz2/umsTWPFSQsYdLUO3QykcD/AGT618Zxpx9wtwBlrxmc11BfZjvOb7Rju/yXVnbgcuxWY1fZ0Y3/ACNWSWJAXaVVx1DH/wAeFQPfWSDDXaD1+f8A8dNcjJdXt0S890zFjlsd/wDZNRSRMDyMn3P/AI6a/kzMvpj2xDjgMs9zo5z1+5Kx9bT4JvH36uvodgNV08HH21B77v8Ax00o1bTRx9vT/vsf98muFnibPEf0/wDihURBU42/r/46azo/S1zrE25cupq/99/5G3+pVFP+K/uPQo9Y0zOPt0f/AH1/46akj1jTD11BOemWH/fJrztJWHRcf5+6ad5ny5Lcgen/AI6a7X9KLP5WccFT+9lf6mYdf8vGelQ6jYOMm8Q46/OP++TUn2q0OcXKn/gf/jprzi3uSRsEvX3/APHTV23vHA2+YcL6/wDoJp1vpVZxSX+4U/8AwN/5C/1Lo/8AP1/cdw9xGAP3g5/zuFcx4m3P4k0x1QsBMDuHQf7Qqumo7hguTntn/wAdNSGUSHJHPqP5Gvm8++lJnGZ4L2CwEIvmi78zfwtPsdOD4Uo4Srz87ejX36HUNcxkkiUH6Nn/AICaBJHt/wBYPbB/8dNc7HcfMFPT3/8AQTVlJvk2g5z7/wDjpruw30suI6kvewFP/wACkcsuEMOvts2t8X/PX/x7/wAdNPjeMj/XD8//AB4Vi24MnLDv/e/8dNTCJFyA35/+gmvWh9KrO7XeAh/4EznlwnQTt7R/cbG6LH+sGfr/AOOmnRvCQC8oP/A//HTWI+4rtB/X/wAdNV5DcRjIJx9f/HTUT+lrmdOFv7Ojf/G/8g/1SoNaVH9x0fm2+47ph7AH/wAdNOLWx+VZ1H97L/8Ajprjbi7mQgJKcg8kH/x01Xa4lO4mZsn3/wDHTXmz+mXi4StHK0/+4jX/ALaD4RpL/l6/uO3kNuCVE68ejf8AjppuAp+U59wP/HhXBytM4MizN19f/HTVjTvEOqac+wzsyDqjc8f3TXt5D9MXLsVjI081y50qbdnKE+a3m00vwOWvwrOMG6dS780dqIGJ3Z9xz/46aNm44x09v/HhVfTNYtdVhD2xw+PmXP8A46asgELvB/T/AMeFf17kWf5RxLlsMfltZVKU9mvyfZ+R8tXoVsPNwqKzGvGjNkD9P/HhUTRlTtPP0/8AQTVh1JOR/P8A8dNMaMbuf5/+OmvYML6aEH+ev/jppwRgeBn8f/HTUjRIeAMfQ/8AjppFiI6t/n+6aA5hYmJXBP4Z/wDHTUgTIzn/AD/dNNwM5/r/AOOmlBboD+v/AI6aCkwZQOmf8/wmuH8YKf8Ahe3gn5+BZartGeuYo/lP5V3DElgSee3P/jprh/F27/he3go9vsep/wAX/TKP5TXPiNIr1X5o9XKf94n/AIJ/+ks7YYDED8//AGYU1hg4/r/46aewGcck+uP/AB4UhBJwTx9f/HTXS3c8hoYRjg/z/wDHTSOCRgfz/wDHTTyp6g5/z9003/PX/wAdNCGhhTOAR+v/AI6aa27t/P8A8dNSMWA+Xr9f/HTRtGckc/X/AMdNVyoZGASc+3r/AOOmnbGxkj9f/HTTgoH/AOv/AMdNL/nr/wCOmlYBhRvT9f8Ax00n+ev/AI6aNzZOccdOf/HTWP438c+GPh14en8U+LdVjtLSADcz5JZj0jwOWYngAAk1DaSNKVKpWqKnTi5SeyW5qkMz7SPpz/46aUqBjLY3dMnr/smvKbDXv2ifi7LBfeFNIt/BeiFiVudetmlvrhD0DW6soj45G9ifat63+Aviu+SODW/2h/EpnZ8sNOt7WHjupzGxxg9zWSnK9kj1qmV08MksRXipdVFOTXk3ovxO4KBejDkev/jppUAHVsj/AD8prFf4A74Utx8V/Fg2fx/b4st/sn93VTWPgMHuIINP+Lfi1ZC37xF1OMnZ3DDy/cUnOdtiI4XAt61n/wCAv/M6gqo+836/+OmlDJ0DD8//AB01y/8AwzhNcyGJvjF4s9R/xMYxx/dPyVXT9nWeK6eK5+I/iSXYcfNqrrkejbcCs/a1b2sX9Vy5f8vm/wDt3/gnaLsHBP6/+Omk3q3CsPfI/wDHhXKJ+zzppwj+L/EB+utzf98nmlk/Zx0OVww8U6+Mf9Ruf/vk/NWbrV19lfeVHDZbbWrL/wABX+Z1eF5VuPx/8dNIwYcD9P8A0E1yE/7NWju+7/hMvEq5P8GvTf8AfJ5qjc/s86et6sSfEnxcgK8quuP/AN8nNL29d7R/EtYTLP8An9L/AMB/+2O72PnqR+H/AI6aaynPGT+H/jwrih+zXA4Cj4ueM1B6/wDE5z/wE5WoR+zfDJueD41eNCNxHzaoDgg4Kn5BSVfEP7H4lfVctW2If/gD/wAzutr4zjH4/wDjppMgHBP6/wDjprhD+zfOOnxy8Zj/ALiI/wC+T8tMb9ne9RSU+N3i8t2LXyn/AICflpe3rX1h+I1hMvb/AN4/8kZ3/mZ4Y5x3z/46aTeMZ3cfX/x0153F8Dr1b57WH4+a600Ij+0W7XsRkjWQsqBlxkbipxnrg46VvWv7P97DEsUvxc8SPznJnjB/3ThavnrtfD+KB4PApf7x/wCSs6bI9R+f/jppCygZJ/X/AMdNYI+A9wFZH+KviQ7jwftKcf7J+Snf8KKZtvmfEvxH8vcXqjP+yflpc1X+X8iPquAv/H/8lZuCRM/eH4n/AMdNOQq3Oc/j/wCOmsE/AeLY6/8ACxfEh38f8hD/AMeHy1Ef2fYCvlr8RfEp9c6mf++TxR7WtH7H4oawmXP/AJiP/JWdKo7n/P8AsmnBOoA/X/x01y0vwAwV/wCLkeJQV6Y1M/8AfJ4qtN+z9gOH+J3ij5/TVm4/2TxQ6+IvpT/FAsDlj/5if/JH/mdioyOQc+v/ALKaaRtO5c478f8Ajprhh+z6GyT8V/FwB4XbrB/75ORSH9nYMmw/GHxmvPUayP8Avk/LTjXrv7H4kvBZZ/0Ef+SP/M7hmI+6PyH/AI8KbI7AcjPHr/46a4l/2e5ozvX40eNQCMY/tdf++T8lM/4UDeIMD43+N+Of+QtGf+An93VOvXtdQ/FC+p5Z/wA//wDyRncEkrvYHHsf/HTSBm25AP5/+OmuKl+DGqpCY1+NHjHBHOdQiP8AwE/uqqr8ItdtwUX41+LcDgZuYSf90/uqPb4i+lP8UH1LLGv94/8AJGd+Gz8uD+f/AI6aAxIzk/n/AOOmvOx8J/ESbsfHLxflun+kQcf7J/dVCfg/4uIAj/aF8Ypjv5lsc/7J/c0fWcStqf4of9n5Y/8AmJ/8lkellehGfz/8dNKoJGWY/h/6Ca80tPhB41S5L3H7Q3i2QEfcY23/AHyf3VbWl/DDxlpUDSWPxi1m4mb7p1G3glUf7JCqufzqVicTfWk/vQPLcv8As4hN/wCGS/zO1jXGAAR+P/jpp5RhkADrxz/46a4u58Z+M/AGZPiJo0d1pykBtZ0pGIj95IjllHuMj1xXY6Tfafr1nFqGl38dzbzKGjlibKsD/CTW1LE06r5Vv2e5y4jAVcNBTdnF7Nar+vUm/wA9f/HTSFgOD+h/8dNGTjOe3+VNMJzyT+v/AI6a7GzxxxO4ZHb3/wDHTTGYrjC5/H/x00v+ev8A46aP89f/AB00lcpXRE0j9Og/z8ppysG6rnr0P/jppWGRnGPx/wDHTTFBVs+3r/46aLtPUevUezfLkL+B/wDQTTWbrwRjpz/46abufdgMevr/AOOmlYMQc/y/8eFDasMjB3ZH9f8Ax000Eqf/AK//AI6acEYk/LjPv/46aGUFeBz9f/HTSbuA1ghH3jn/AD8poJOck8/5+U0o2ryW/X/x0004zx/P/wAdNK4C7hnOP1/8dNBZj1P6/wDjpoUgHn/P+yadtUj/AOv/AOOmn0AYST1P6/8Ajpp2wOm0/wCf9k0BPm56fX/x008IAgw2T35/8dNIa3GeUvb/AD/smnYCjkce4/8AHhR/nr/46aCATkj9f/HTSZTEDZIyevoP/HTXmXjyGT4yfFS2+DEsJPh/SbZNS8Whm4usnFvAg7q7Au/qsYU8NXpU2VjIB6DPX/x01wX7Pk76j4o+IGo3MCrM3i4w78clI7eJVDf+PV5+LblOFLpLf0SvY9vKYqjQr4v7UElHycna/wAlex6SLdFUIgCgDCgDAA/umue+InjSH4eeFrzxZdeH9U1OGxt2lez0SyNxdShRnyxGCC5xngHJrpSAeD/P/wAdNRyQIy7+w9//AB01vFpdDzru9z4g1/8A4Lu/sx+EZGi8S/s5/tAWXlKxma6+EV4gjC9dx7Dvn0q34N/4Lw/saeNvDkfjPw34F+KlzpM8kiQajD8PLp4ZShIdN6BlbaQQcHiqP/BXD9v/AMSfCf4f+IP2R/2OPDbeKfjV4h8M3dxqEGnKGTwfoohb7TqOovjbCBHuEasdzMcgHAztf8E6f2wf2If2Of2SvgP+xp8Z/iLa+CPEmofDjTdR0YeLLY2thrjXA3y7LsgwSlpnYkbw43DI5qpQjyqXKKE5OTVzU8N/8Frf2N9X1uLTrnSPiHpwuHKWsmp+AruETMBuKYK88YPHrXPfF/8A4LdeAfB/xL8J2Hws/Z5+JXijwybq4bxjrFv4FvI2tYgjCOBFkRfNbfgnOBt710f/AAUJ0b/goL8OP2i/BX7R37EP/CsvEehRaO/hvVfB3xHuvKs45J7hZY0EqEKGk2Bcgg/KMZzivMv2if8Agr3/AMFZf2KvA1h4x/aB/wCCdPwUtdN1HUE0+0n0n4qHZJcMpKp5ZhdxkKe+ODzV08LRrSXK3d9Lk1MXWorWOnc9Jt/+C/37CMWoR6X4i0H4laLO/wB5NV8EvFtP90/Pn9Kg+Kn/AAXO+Enh/wCKWifB74G/s8eP/iZrHiLQG1rRofDlhFF9qtVYh1KzsjkrtYn5cema5W4/aO/4K1ftHafFc6r+wl+zdpEBCtGmq+Jp9UYAjIDbEUA818//AA9+BP7R3w6/4KpfDb4wftAXfwn0GF/CusJeWPhC7NjBp1sFkBT/AEhx8zPLn6Ka0+rYT3u6vpcynXxLjFpOze59V6R/wVs/ab8ReF7fxr4e/wCCPvxyutKvIPOtL4zacqXEf90jzSWHB6V6T/wTG/4Kb+Gf+CjmpfEDw1F8DPEfw91/4canb2OuaF4lnR52aYSFQyqqmPHlkFWHUjkivnH/AIJLftD6xbfCDxh8GbPxYusT/Dzx/q6W+mPeI7HSzcSSRJnPzRgMRgZ6CuK+DP7Zmn/B7/go5+0r8bP2Sfgj4p+KC+NPBegxWtv4U0WS5tLfxHbfaY52lkjUhQqNEzbcsTwBk1jUwvvTpxhZrZ3/AKRrCq/ZU6vPdPdW8j9LfEnxMsNa/aA0b9mXwbcrPrVxZnVPEs0XzDSdNXIUv6SSvhEB7B2/h58t+Hfx+v8AQf2tvG37D3xln+z+JtNi/wCEh+H17KmxfEXh2Vj8uf45raTdFKBzgK2Bk18s/wDBPP8A4KJfs/8A7EGo+LvEf7d7/FiP4u/EjWf7R8RaxrHwo1CK2iiVQsVpAyhy0SfNjCgcjgVW/wCCwX/BSz/gmj+0T8BNP+K/wd/aX1jw58b/AIb3x1b4N63beBtUjuX1A4VraPfa7ZILlf3TxsdpyCelUsElBxa17kPGv2l47LofoXcafnJYc9uf/HTXE/GH4TaL8S/CN34e1OHYzoWtbqMYe3lXlQxHIIODkVR/Yw+J37S/xk/Zh8M/EX9qj9nUfD/xtewRf2ro9jqsFzazxum5DIofzbfcMFreQF4y+MkZx6ZfWQKFCBn6f+PCvBxmFUlKnLVH0GX4+dGrGrTdmjwr9j39pq6+ISat8FviTdqvi7wlctZ3ch4N5EpwkhHqRgn3r3KQAZAUj6jr/tCvy5/ac8feKPgL/wAFEPEvibwFfm1uhBaT4VRtbdEoLAd84r2D4Zf8FOvH1/4h07TfGml6ebW5uUiup41ZfLUnBDYJx6181lfG2Ewsngsa3zxfKn3XS5+ocTeDucY2lTzjJox9jWpxqOF7OLau0k+nVH3EWJOAcfX/ANBNRuqZyx6e/wD46a4xf2gvhGyL/wAXB0zJHINwM/7pp4+O/wALWGV8Y2RB6EOSP908V9qs1wElf2i+9H4p/ZWYf8+pfczrThhgj8M/+Oml/wA9f/HTXJxfF34a3t0k8fiy13IDj5yB/ukEc1Zm+JPg+Yqbfxtp0eHBfdMp3D+6aX9rYBb1F96H/ZOPTS9nL7mdH/nr/wCOmmNjJ3H6Y/8AQTWI/wAR/BA4/wCEt04en+lL/wB8mof+FjeCGyw8YaYcf9Pi/wDfJq/7Xytb14L/ALeRH9m5g/8AlzL/AMBZunEZ6jHfJ/8AHTQzKfr9f/HTWB/wsfwOTlvGGmcf9Pq/98nmpbbx54PuGKxeK9Ocn+7dqf8AgJqZZ5lMVrXh/wCBL/Mf9mZiv+XMv/AWbxdsD5v/AB7/AMdNPHzdP5/+OmsiPxd4bPA1+zPpi4H/AHyamTxR4dPDa9Z/9/x/3yaSzzJ5f8xEP/AkTLL8ct6cvuZpgALhP5/+OmlycAZH+f4TVIeJ/Dqj/kOWft+//wDHTTh4j0AcHW7T3Im/8dNbxzfK5bV4f+BIzeExS/5dy+5lwqwPzHj2/wDQTTDEeCM4/wB7/wAdNQpr+iP/AMxi268fvh/3yaWfWtJ8p9mq2udpwPtK/wDfJq5ZngI0nNVYuyv8SIWGrtpOLV+6Jhxx+eT/AOOmnRqScMOp65/8dNeHv8YfFPhvxLcQ3Goi4gSZh5b9Cufuk16R4T+L3g/xHGqtqAgmI5im+X/gJNflnC3jZwTxVWlh1W9jVi2uWo1G9nb3Xs/k7nvY3hbN8FTU3Dmi+q6epe8ZamUA0yFsDrLjv/smucWLcevP1/8AHTWnr063WpyzBsgtkbT+hqmqMckdvf8A8dNf5ueMXGOP4v49xuJrTbhGcoQV7qMIuyS6a2vpvc/QsmwtPB4CEIrXd+pGLcZwR+v/AI6aeIFcgEdf87TU+1nJLY/P/wAdNNC7SDjPPTH/AI8K/K+ZnpuTWx8A/wDBVD/gqZ8Y/wBgX9qH4bfCrwB8JtJ8Wab420WR5NPuZZYrqS8N0IYYllUlVU9wVPPpWEn/AAU+/wCClF8P3P8AwSc1mMsPleXxC2CPRgIc14l/wc6+CbMfHb4E/FHx7p2tReCLSKez8SazoCMZ7RRdpKVLD7r7SzKT3U4ya8V0r4x/8EY44FFn/wAFHP2oNPG0f6N/bmpkL/sYWDH6mv7s4C4B4Rzjw4ynMFlntq04TVSUKVar70askub2VWFpWto1e1j4jFZjj6OZVqfteWKel3BaW/vJn3V8Df8Agol+3346/aX8IfB74zfsHjwPofiVrh59an1GScxQQoWkU8AFh6Ef0r1n9vX9sjWP2WNB0/XfDfh2XWbaHUB/wk/2C7ia6sdPChnaSLliqZBZiu3bn5g20H8rfA37f/7Gf7Iv7Wfgf47/ALOXx9+M/wAXYtPjvLPV9C8eahOVaG4j2iJDOM+YGCkKRg4rpP8Agqr8HP2sv2vPiRovxj1rwJp3w70bVPBv2yxvNYvgpnTIYKZV+ZJSHH7sZRjk4Br2a/hhk64wwLxGGhhcHKlK/NGcOeacrr2dScql7Wd02uptRzbE/wBnVHSk6k0+6dl6pJW/E+jv2bv+CsX7TXxa/au0ZdX8ELefCVNUu9F1nxl4dsnfSkuPMLwPLIwDLtiIByyhj24yfo79k3/goh4D+PHxX+K9xqvxG0HSfCfhjxNb6J4ek1LUI7V76ZQ4lDeawMiuwGNoIGOpyK/F79mr9nE/EL4P+J/2b7b9p3xJ4P8AijqFyY9I8AzPcRabr6EI6RgKcFmXLbiuPmUdKf8At9fsB/Dv9lT9i34E/ERNQ1N/H/i66vbTxVZzXwkt45InIeJVAG0o2EPNfS534S+H2b47+yoTWHq1VGjT5aTbSjeq6nvNJ8yi4uUdNDipZ5mtHDOvy80VrK7W7aSSt231P6E/2oP2h/BP7J/7Pmv/ALR/j17ttG8PxQS3RsI1kdkkmjiCYZlVuZAetHwz/bO/ZV+MXhy08T/Dj4/eFNTtbyBZItuu26yqCM/PGX3Iw7gjtXzzD+zNffFb/ghZY/ALxqk5upPgxFLGzFjJFcRW4uYFbd8xwyRjmvzE/wCCf3wq/wCDdzXvgtptz+218SfH+nfEJ2Ya5p9wb2DT7eQHiJHtICSuBzvOc5GOMn8Y4X8I+FuJOHse6tXEOvhMTOnehRVVypte43BSWl4yd+brY7sbn+OwmJpc0Y8tSKertr11+a6H73wfFr4ayI0g+IWh7VUksNXhOMfwn5q+M/iZ/wAFkfjP4L8eat4b8NfsB65qOkWN9Pb6d4h1PxfbWMOorETlSrxnKkDdjcTgjNeSfAT9lf8A4NjfE3jTS9G+DHxnkvdeuLxE0jTr7x/qsDTzk4SMLI0e45xxj8K+Uv8Agq/8Tvj18Ov2uW+DXxU1Brr4Y6HrtveeHtNSGLdNp0DLGA0gAeRgqOmSeeSck17Ph34ScH1+LKmV4iFSs+Rzti6NTDSSi0n7KMKt6j1S1cUrHHmee41YRVYtLW3utS+9uOi9Ez9Mz/wV8+I3gx9A8OfEL9gjxtLrviTT5L7S7Pwr4g0y/imgTbuDSPLFjbvXIPPzdKg0z/gs54lu/wBpLwF+zn4w/Yc8a+DJ/H2rCy07WfE+u2RgA5yQtt5gcjH3d6/0r82tH/aR+BHws8R6F44+EfxLS8tPDXjaOTS7WadvPTR762/fRKG+8IHG1u+NlfU37fHxO8J6R8O/hr+1VpGpQzw/Dn4peHddF1bsGH2OS9ijuEJHbypWz9Oa9PPPDnhvLc9wuA/sv3MUpxjO9eLjV95QtFzcUruG7d9TfA4mpjcvrV1X9+m0+X3ZJx0vqkuz9Op+mnx++O3w3/Zq+EOs/Gn4p68lnouiWbTXEjuA8pH3YlH8Ts2FA9SK+IP2bf8Agon+3p+0T+xd8Yf21vC/w28NT6Z4euLiXwH4cl0+ZZ5bWBd8u+RW/fMqEHoMkMOa/N3/AILHf8FTdX/bj+NjfCjwnr9zpfwv8P6oI7UurKLwhgDLOvUjHKr2znryP0z/AGN/+CzP/BGD9nT9m7wt+z7o37TcWm2ukaMltcW974WvQZZGT96ZCsRVizFs8968vLvCLGcM8LYermGWyxWLxU4ycVTlKNGlBp8jcdp1OrvdLTo78883p4rEuMKnLGN9bpXeq/Dc9S/4Jmft3+Hf29v2Z9L+K9u8EOtW5Nr4n02Fv+PS7HJTB5CsMMPY47V9DYjdgc8/X/x01+EnxP8A2pvhZ+wH+3Bd/tB/8Eivitp3xI8AeO1Nz4o+HmnWt2q2Eu8l4wjxgov8cbjOzeUPHFftn+z/APEnUPjJ8GfDHxU1TwbeeHbnxBolvfzaJqJHn2TSoHKk+ozjt9B0r8Y8Z/C+fBeNhm+Cjy4HFybpwl7tSnJq8qc4P3lyu6UrWasetlGafW6fsZu847vo13udWI493T8M/wDjpp5iVxg4J+v/AI6acIlPP65/8dNPWEj5Sf1/8dNfhTkew4XJNMlOm3SzxNhSfmA/9CFdlGwlRZc5DAf/ALJriZFG0Fun1/8AHTW/pvjDwxpunLBrXiSws3HG27vEjP8AukMRX9efRM42xmA4orZDWqfuKsHOKbslKLV7X7r8j5biLATxFKM6cW5LsrmuU+Uggf8AfX/jpowGHUfTd/46ax5fif8AC+Jik3xK0Bcdc6vF/wB8nmqzfGb4NRt5cnxV8Ohs9Bq0Z/4Cea/0QWLwv/PyP3o+MWXZhb+FL/wF/wCRvlQT8n+f9oUKgIJZh/31/wCOmuem+M/wZgJ834q+H046nU0/75PNVf8AhffwH8wx/wDC4fDuR1/09f8AvoU/reF/nX3opZbmD/5dS/8AAX/kdW8bBQFwffP/AI6aaRg//W/8eFcsfj78CHOG+Mnhz2/4mij/AICaX/hevwRkOyP4veHDjpjVI/8Avk81SxeG/nX3jeXZgv8AlzL/AMBZ1Em0MDjofX/x01wnjGXb8e/BCFAd9lqgB3dP3KHaa05Pjd8GOh+LHh4kdhq0ef8AdPNcj43+L3wdtvih4H8S3PxU8PpZwtqkU12dViEcTNbqVDNu4yQcVz4jEUZRXLJbrqu6PSynBYyGJmpU5awqdH/Iz1UsAcE/5/umlyM4z+v/AI6a5Bv2hf2ewMt8dfCXTgHX4P8Avk/NQn7Rf7OIBE3x78Hqf9rxFAP+An5q6VXo/wAyPP8A7LzL/nzL/wABZ15BIOP5/wDjpppVcZ3fr/46a5Bv2k/2bx8o+PPhAknoNfg/75PzUp/aK/Z6OQvxu8Kn6a5D/wB9D5qPrFBv4kH9lZj/AM+Zf+As61l29/8AP900n+ev/jprj3/aT/Z3TJk+OPhQf72uwf8AfQ+aoJP2oP2bImCy/Hnwgp/2tfgH/AT81P61h1vNfeH9lZo9qE3/ANuv/I7hRlgp/n/46aarqw3IwYHoVbOf9k1xdp+1F+zRLP5cPx98GM2OF/4SS2yf9kjfk1+R/jP/AILCftJ/sv8A7W/xD0Dwn4msvFvg638aX40/SdUkMiLD57EQpOh4Trt4IxivOzDO8Hl6g5O/N2sz6/hLw34j4wqV6WEhyTpRUrTvFSvpZNq1/I/aIruyCevPX/x015L4L01fjD8TdX+I/iJTLY+GNYl0zwzYvzGksagTSzr3kLMUUn7qqcctmvM/2IP+CrvwF/bKmi8IQLceHfFhgLtoepMuJcDmNXHEgH4HHYV6/wDATT/7N8PanAEALeJL6TKnOd0xO4e+DSjmGFx0YyoSvHr/AMEirw1nnC1eth8yoSo1rJLmW8W3dxfW9rXRrfFT44/Db9n7wpN45+KviSPTNNWIuszqWZsMA+1B8zlVO8gAkKrHoCa+ePgp+3z4Z8T+F5vjJZ/FHS30e/1V9etbvW73ybe08PXV79hilOcbQi2Ux9S714j/AMFRPC3w08Zf8FEfh/4c+O3xTutJ8I2fwO8U6s1lcaoILVbuNXSMMG4LkO/OM/IB2xXx9bah+wX8PPgnf+EdY+MF5qXl/sk2VvbiG4aUNqP26ZynyDG/fKPlPTcT6168acOVJKTbs3aN9NT4TE4idPETjeKSdld217n76eAfiB4P+Ivg+18ceCdfi1LS72NntryBsq4VirKfQgggg+lc58CPjf4C+N/gjWPjZ4Zs7mHR4NTvtOs9Ru7Z1+1xWcrRyqRj5kMkblSOq7T3Ffj/AKx+1PqH7L//AARj+GH7N/7KPiLVtZ8cfGOJhYM9wBfWKSODdLsU5G4MIw3bLkcjNdj+xJ+zp/wUa0v9ky4+GP7Mf7Teq+F9Cmu9+o6dr/w+vof7LmcO01tE08W+63OwyY9wZdzccA8FSuoxdtPe5Vfrbd9X3OqjV9rPlWrUVJ281dJf8E+jv2IP+Cl2ifEn9oX4l3/jr4i6Y/h7W/EajwPBJr0KmCCOMKI/Ich03AbizBeT04zXdft9/wDBVrTv2SPCWj+O/hJ8Irn4pzahrbadqfh7w5q0bXFkFTIaRo1lHLEKFxz61+dv7D3/AATQ8HeEf2lfFWg/Fz4k6dYX/hrVo5dSi05Nb0LTXl8ved2oLCFimG87oQyEZ5FfTn7eH7S3w0/Zo/Z68XX3wE8B6VZ+Jg8VjDrMOuaVq9vqSOFWeT7RFJJctKsb5HmhSME5yMV70cLhKmLowjFuUklbaOq0euvmeQ8XjaeEqTqe5bVN6u3ojpvCP/BbL9q3xHbRXkn/AARp+NkcbjcrRrGNy/3T5saZr3b9i/8A4KdeHf2q/i9qHwA8Z/s4+PPhd4ysdKGpQ6P42tYk+3Wu8IybomYNtYqD9a+DrL/grd4/8U+NPgnJoWu3U2g+FI4YfifrcNpizkjv0SCGSZwoWNV8lpATjl/YmvpH44/HjwxZ/tf/AA2+LnwG8Ka38TNc8LaXq9jrlh8PdNbUmjtbq2GwNNH+6jPnJEwWR16ZFcWJwroSlTlC0lfZt2adtbnfgKyxDU5VtNN42vddD7D+Jnxp0/QfjP4I/Z68Nulz4j8YagXmhjOWstNiVnnkmHUdFRSeNze1cT4c+O1z4e/bB8S/sgfFu4S18RRWI13wPdvGIo/EWiM2GT0aW3kzHKq8gFWwAa+K/wBkP/gpT8Hv2VPj/wCMf2lP+Cnfhf4qeF/if41nNnoumX3wvv3sPD2jREeVaw3CqVldj88jRg5OBkiu4/4KHf8ABSv/AIJaftufBay8UfBr9tXRvCXxi8Azy678IfEGu6TfafJFqUafMkfn24Dw3KAwSIeCHB7DOSwjjFJp37m1TFwlO9N6I/QiztBIVDA4yP8A9k14b+yV+1D4L+Ovw61TXJvF2lR6hpXjrxHo97YnUIhLD9k1i7t4t6btyhoo42BPXdxSfs7ftPfHz4t/8E77L9qe4/Zh1xvHsnhKW6TwDprRGa9vliPlwqZXUeVI22Rd5B2tg89fzN/Z7+E/wF+Evwt0yy/bS/4N1vjH4n+IMjTXXjLxza6VFqL6vfTStLKz7bhGjUs5wgzgcZ4rOlGMrpsqrWVOUdN1c/YV/E/h1uV120I9RcJ/3yeapal488Cabf2mk6l450W0u7/P9n2t3q0Mcl0R1hVWYGQ+y5NflN4m/a5/4N5/hJPFbfH3/gk/8avhu80qxJNr3gW9t4yx6JvF9830Az7Vyv8AwVG/ZB/4J5fA79tr4H/Ef4b/AA68ReEfCNt4Tt/Eep2vhvTrvUZ5ZZr1WtWktzI7ISkUisB+INXDD+0q8ivfV7dvRmc8Y4U+eysml9/yPu7xZ8afg18K/wBpb4w+MviV8TtG0OXTj4AtDHfanDFLIv2qWciNXb5gySNyOAM54Feq+Jf22fCGoeGbnxP+zx4K1P4tfZro28lj4Bv7O4lWXGdhMkqKeOflJr8TNM8V/sAfGn9rL4r+MfjF8OPH/ii41D4xaBceFodK8OXL3UGlwb/tSmKE70UGNRswMA+1fXv/AATz8Q/AHVtX/aJ0/wDZr8M69omiJr4+w22qxzWl5Z77GRFTYW3xENk9cgqK1xNCeEpqck+j1Vlq0v1DBYqnj6/sotK/NqnrdJvax9Z3P/BQP9rWym8k/wDBIr46SEdWDaaM/wCyf3xz+FZkn/BTT9pu2nktrr/gkN8fUaIoJGFhaMqhjj5yjsAOvJx0r8wPDf7Tn7UPh39k/wAKfEjwd+1j8SU1q58YLYarLf8AjCeeN7YzPHsKykgEfL1POO1aP7T/AMU/j74b8PeCf2qfhx+1n4xk1pH0s6/pC+NriSKW8dUdmktxKUVBKApQqV57Zrq9jBzUeVatr7W6OH20/Z8ylLSzfw7P+tT9WfiF+2V+1f8ADLwZdfEnxD/wT68RS6HZWX26/nsfF9hLNaWoGXMkK5fco6qATn6ZrhPhl/wWUsfH3jOx8HRfsbfEmeXUdJTVLZ9HiguybF87XmUmP92cHHOc8c9/E/8Agpf+2Zr/AMPvgrd6nZ/tM3Gia/4j8Ny29j4MDqV1CRkEsxk2kyIjKPKR1IAZhzzxgfsH/Gv4Q+F/24vD1gvxGSOxutFk0PRobyY7YFl2XVtbxyNwxBaRQufmG3I7Vhhqbq4WdWUNk7Wv0Oqu1SxsKSqaN2e3+R9a+A/+CtXwc8d/tg+Hv2MNS+CXxH8LeJ9fhuJLefxfokVnCpjhaVUwJHZ1dVOGAAyMV6f+2J+0Fc/A7w3pHhLwNbQ6h458bavFo3g3S3XeGuJCN8s68HyYY90r/wC6B/FXgf8AwU38KfC/4ZfH74Dfty+KtesNJ/4Qf4jw2Wv3s9yqsdMu4pIpFIzufa7IwUAk54rzf4X/ALZX7OunftOaz+35+3x8SL3wVbRGbRPhH4d1jw3qBWwsHY75ZykDIk04UHk5CkCsKFL6wvaW0S1XmdWYqOCilCd+bZ9j6++L3xml/Z++Onw8+Hnjpz/wjfj2yk0mx1+Uf6rX4grwoW6D7TF5oT/ppCF/jFemqoI5Hb1/8dNfD/7Yv/BW7/gjR+1J8B9W+Dvjz9qCc2uow79N1XRvDGoyz6dexkNBuZLfKSxyBWBHpjoa6f8A4JwftVfta/tEfs123ifxL8M9I16LT7iWx0fx7da1JpZ8U20XyxzXFlJbtLAzjBYEYY529DSnRnFJtWOOjioSqcqd+1j68SBn56Ae/wD46abLbYOT/n/ZNcR+zPrP7RGseCL6T9pzwb4e0XxDHrlylpD4X1Z7y0msMgwGR3VWWQglWUjque+K9CuFGwkAZ+v/AI6ayUbM7o2aufPf7af/AAUN/ZL/AGCtE07WP2l/icmjf2vMY9Ns7e0e4uJ8EBg0cYJCLkZc4UE4zmvT/h/4v8H/ABb8BaR8UPh14ht9X0LXtOivtI1O0bMdzbyKGQN6ZB6HkHIr5d/4J/fC74Jf8FA/Ff7Rvxt+PPgHTPFcmpfEbVPAWm2+tW6XCadomlnyY7eMMMRM8rSzMy4LMVPYUv8AwQos7rwD8BPiX+yFqOoT3B+B/wAZdc8MaZ9pcs6aYZEurNST1AinwPoa0UdCVNc3kes/tmftffBD9hX4Tt8YfjxrNzb6a17HaWdrp9q091eXD5IgSNeXIVWc+iqTXSfAn44/Cr9pP4XaP8Zfgz4vttc8O67bCbT9QticMvQkA4KOp+VkOCCDXkWoaT4T/aH/AOCyb/D/AOIGlWuq6N8G/gymqaZpd7AssCavrF28DPNGwwZFtbZkVsZAmbBFfHf7Nvxe8af8E3f+CsXx4/Y++GvwS8V+N/hLqElt4nttD8HWX2mfwxdXUIkZPLJAEMj7wQCOQpAJyDCknVcOqVy3dUlU6XsfpxrXjfS9I8a6R4Aso5b3XtcEjadpVsAZGijGZZJskCOFMgNIxADMq8swFcn8Cv2n0+IPx/8AH/7M3j7wJN4U8XeCpIbu0065vVnXWdGmGInlcAZXfuR1wdjYGTmvj7/gnn/wVp/Zq0T48/HT4m/t7/EFfhf411DxTBp3grw/4wspoZrbwvbwjyoEwhwTOZZZMY3O4PIAxgf8FP8A/gqz/wAE6/HGpeFP2g/2Sv2nbp/jf4C1JT4Su9F8H3tza6vZysEuIRIYlVoJhjjJ2uAwHetlTls0zB4iKtJM/Ua705Lu3a3kjBVhgq3IP+yfWvIZbm4/Z6+LWlWKyMPCPiy/FqYWyV06/bO1P9lJPTpke9av7K37R3xB+OPgnR7z4xfsseOfhj4ivbYNcafrunLNYu2xW2faYGcRqwOQlwInBBXDYBNn9tbwst3+zJ4w1pP9fo2kyanaTL96OS3xKA3uNp/OvKxkGlz7Nan0WVV6Uq6oVNYT0a9dvnc7Fm+UDP15/wDHTTRIAc4/z/dNIxIxz+v/AI6ab/nr/wCOmvXuz5RLQXe2c5/X/wAdNOMpH3Rx7j/x4Uz/AD0/8eFABPA/n/46aV2MGkweW/X/AMdNI3TIXP8An7woYA8E/r/46ablm+UL0Pdv/HTQJ6ioO/8AX/x007/PX/x001SV+Vv5/wDjpp3+en/jwoBKwjKWxz+v/jpqNgx4H8//AB01L/nr/wCOmk2L6fr/AOOmgZGIyMkj/P8AeFG36f5/hNPCY/iJ+p/8dNAAGQf5/wDjpoHoRiP1P5H/AMdNO/z1/wDHTSttI3Dt/naaAduc9fr/AOOmi2g1sJ/nr/46acFU9D+v/jpoVfVvyP8A46ad/nr/AOOmgV7bDUXJ2jr9f/HTTSCOD/P/AMdNSgEDd/X/AMdNLlSeh49//HTS1uPmIJEbbtAxnv8A+ymuE+HDjwl8Z/FXhS9cqNZ8nVrIHgNlBFKnuQUUn/er0IpJggRZJ9//AB01yPxR+Hms+JvsPinwpcJa69o0pk0+R/uSqfv7f9lv0IBrzswjUjCNWCu4u9vLZnuZNVoylUw1WVo1Fa76NNOL+/T5nbBd7dePr/46a83/AGpPh/8AtG/Ez4VXHgv9mP4y6T4C8QX9xHFN4p1PRzfPp9qTiWMQ5CtcbfuF8opOSDgVr+BPi7pOvXJ8P+IYW0fW4Ri50q+Gx891JPEi+4rt7eQM2YmH1z/46adLE0q8OaDMsTgsRhKnJVi0/wCtj5i0/wDYX+B/7Cn7Afxd0H4U2t9qev674G1a68ZeNvEFx9p1fxHdm0kLz3M5GTk/dRcIgOAPXkP2OP2S/wBmj/goN/wSC+DHwl/ao+FVn4o0yy8FWcdjJLI0V1p0iReUBHPGQ8LbR1U4PQ5FfW/xg8AyfFT4P+KPhnFf/ZX8QeH7zTkuCuREZoWjww74LZ/CuT/Yj/Zvvv2UP2avCPwGvvEI1OXw1o0VpJfJCYxKVH3SvanUqzjG6etzClCLqWa0t+p8Wf8ABdfxV8XPgh+zT8Iv2Qf2I/AXiPXfE9vq9hqGnabolk9/eRaTo3lYaThiQ0nkoWbr83vXgf8AwUz+KWjf8FFPg98Htc+DXjDRYNbs/GUVp4z8Ma5fxWF7o14YcPvhnZWAVsjd0INfslpHw08ON8RdQ+LF5pyS6vdaRb6RDcvhvKs4pZJvLHHy7pZmLYPOyP8Au15T+0r/AMEvf2Ff2t9fHiv47/AHTNX1byvLk1OGWW1nlTOfneFlMgBPG7JHY1rg8xp4WrGbWsb6k4rASxVOUU9H022POfgv8Mdf0/wfHHrPieETMiqLjTL9NhIHRipI6+9fmn+0H/wSo8C2/wC3xY6z4r+Meq/EKHUtdh1DxHoeuYuFtIbjUIIoU8zf8qsZm4xyIyMYNfqn8Fv+CO37AfwA1D+1Phh8HbqzmAO0TeJtQnjHOdwSScr+lem3f7HnwYitZ5PDnhG0sLu71vTNRvbuOLL3DWVylxGGJ5K7kxjNT/ak6U5yp638kjeGWUKtOEK+nLbq3/kfBXwz/Ye8H/tp/HL45/AbxBoOl6J4K8E+FdP8P+A5vDelR2M+j35Nw7ymWDYzsFRFZSdrDgivrj/gl34pi+EnwmX9jT4sfDzS/B3jD4fxPbtLp1mltZ+JbJCwS6OF+Z3H+tXllfPZhn1z9mz9nPwv8AdF13+zbhrvUvFHiS81vXNRlXDTTzyFgmOyIu1FHYD3NbHxu+DHhb4xeEF0PVLi80+9glLabrWlTeTeWDsNrIJMHBK/KQQVYcEGsoYqUptSfuu3ysrN/MzxOHgmnDdX+697HyhpX7Vvwi/be/4Kmj4K+Gda07UvCvw08MXrXUscoMOqaq7xIwTs4iUt+Jb0riv+Cnngr4V/E79ub9l/9kvRvD2mmaT4gSeLNdsYoVB+wafbNIN4AztaTaOeuO9fWvgL9hv9l34S/CX/AIUz8OvhNp+l6M0sk88kEe25uJ3JZpnmHzs5J659hgACvNPhZ/wTL/Z0+Cv7Ss37WHh2HXb7xdJpb6fBd6zrct2ttE+3fGBISVLBQM56cDFbOvT5/dbslp5mMadV07SSvc9/lKxqFAwB6n/x01m30iohLdh6/wDjpqxd3QRSXYDA5z2/2TXzp8bP2lPFHxC1e4+BP7KsS6t4klJh1bxGo3af4fjPDPLIOHlxnbGpznBNeNisVToKz1k9kt2e5l+X1sdVtHSK+KT0UV3bPnC0+Bek/thft7/FTW3u5H0jw59j09p4jhTcqhDJnuRjmvcPC/8AwTh+Emj6hbahdyXEhtpBIqF8qSDnDDHNem/s1fs8+FP2bvh0ngbw3LLd3M1w13rOrXI/f6hdv/rJJj6k9B2HFeiBB279R/7Ka8jBcHZZUl9YxdO9STu9T7LO/E/P3NYTLq7jh6cYwiu6ikm/nuZNl4V0OyRY7XTLdNigLsgUcD+E8VZOm2kWVWIKPbj/AICatsFzuBHT1/8AHTTHcMACf1/8dNfZQoUYJKMUreSPy2derUlzOT+8qvp6kjHQf7R/75NC2UIyWiU+mQP++TUrnJ6/r/46aT/PX/x01Xsqd9l9xn7aqtOZ/eRNY2jDDW0fthB/3yeKZ/Zdh/z4Qf8Afpf++TxVnOT8x/X/AMdNKQm3/Wc+mf8Ax01SpU30X3CdWq/tP7yodI00jBsIP+/S/wDfJ4p0Wk6c52raRDHH+qA/4CeKtCPBDD+f/jppJcKu7OMn/Kmq9lT7Ih1Knd/eRHRLJ+PIj/74H/fJobRrXdgQJx6KP++TTmljtG33NwqJ2Lygf8BNRDxOJn8nTNOubt88mOMhB/sljXHWrZZRdqnLftZN/ci4U8VUV43JU0S3PCoB+A/75PFSLpkCj55yo93IH+6abDbeJr4s7/Z7JT058x/909BSTeE4J1Danf3F0w5YM+1f90gVy1ZQqR/c4bm85JRX46/gUouEvfq29HciuLvw5bvslv8AzXX/AJZwR+Y3+6cCoL25N1AwtPCkKRbTma+xux/dKKD+pq/aW1rZIYrW3jiH+wgH/ATUklk13E0RbBIwDj/x015mOyrE4vBTglCEmtFGK39X/wAA6aFejCtFttq/V/ofNninQ9a8ReK7iDRtGmnLTEKEjIA/2T7V6N8LvgLYaayat4xmE9ynzJaRMSiH/ar0HTvC0ttKftcsQXPAhTBPs1asNvY6dHtiiCj+9nr/ALJr8Q4K8AsnyLFLMM2l7erdtRaShF3ve3V+unkfa5pxnicVQWHwq5Y6K/XTzOOv4Y4L+SCOMoqMcL6f7JqHaSSzZ+mf/HTWx4qt0uXbUbKQOFOJNvb/AGTWIs2W5OM/52mv4R8VuFcbwtxtjMPVjaEpylB9JRk7q3pex7uWYqOJwcJJ3dtfUsbsg7B06/8AxJpwUMoIzuz6/wDjpqGOUScZAOfX/wAdNTwkMobGSPT/ANBNfmkfdldo7pSV9T86v+Ck/wC0B/wWP/Zq/tjxX4W+Dvwa8d/CyC5kaBrnwZc3lxbW/VZZ088lTtHMgUpn06Dwb4Tfsyftsftz/s06b+1h4I/YT/YYuNK8SpM2nfafBV7Fes0cjIwZVKorZU9W9PWv2aS2gvbeSzvIg8UyFJo2XIdT1U+tfOX7V3wb/aS+E3wfv5f+CcuheHLO9lmMlx4Sv4VS2JZi8iBThElZuSp4OeK/qzgDxiy+lgKOW0sDh8NieZJVUnCnKNv+XlpK0r/avbyR8ji8tqvEuak5QfS93fyun9x+Ev7Fv7NX7V3xl/4KZW+n/D/9nHwRZeIPh74lW48QaDoukrBpFiYpQnzhmbCbhwckmvbP+Ct3gD9qPWvFOvyfF34U6k7rqMcZ02x1aYafpC4HBLny3ZyB935cHnmv0y/4Iq/sYfG39nzQ/H/xy/aw0lLD4i/EfxIbvULaORHMdsoyA3lkr8zljgdMe9Yv7Xv7If7aH/BQz4+eLvhV8V9c0PwL8IdJvY10XUdKsI7u+1yPYv3i5/d4yQRkYI4Bxmv1nF+L2CxfiG6s3h1h8HCMHV527/C5ulZty99tRS1stXa5x4fA1I5c6FpXm7+na/6n5yf8G8X7MPiD4tft2xat4ve5W38FQtfmLW4DPOJQAkabt2No6EEEYPTpXoFpo/w6/aX/AOC33iz9lP48TxeJ/Dnwz8W63rfw/wDBttrFvYW2q6m8sNw9rHLMyRrmRWAUnkqR3r0D48f8Ebf2wv2UPiJ4fv8A/gnT+0F4nsR4muYtB13U9KhFrLYWTbVM07hvmUAnJA6D1r0z4pf8G1/wJt/hPaeOPhd8SvEz/GXS7j+0b7xhfao8n9uXe4vJvUn93vOdrKQRxnNezmHiRwLicwqZvXzJL63S9jRjGEuai07Oc9pRTbaundxk7dznhgcwp4f2EKekXd3+15L/AIPVHo3jz9vT/gr74Sv5dA8E/wDBDOddNt90NsJvirp0ytEOFXESlemOAeK+b/GcHxj+JeuTa58cf+DXuW9vbhy89/oOvRrLIx67jHCMn8a/Uj9mG68XS/BHQLXx/cSyaxb2EcOomYfOZEUAhumT6mvQJJ4zGYXxtYYyef8AgJr+faPi3kXDmLqUcPk1KLi+Vzp18VBys2r3VXW+6PXllmJxFJSdVvS9pRi/zjpY/CC00f8AZt+Jf7avwo/Zg+C//BMfxL8HfihH480/VNWj1bxLFM9jptvIJ7hpYsExqUHViD1wO1ea/wDBVi1+Mfxo/wCCl+reE/HPg2fS7XS/Ei6boEd8dourSWSNQDx86s5Y5HTPtX6v/sY/8Eq9A/Zb/bI+L/7avjD4h/8ACVeKPiL4gu59EkazMf8AZGnzy+a0YJY73LbV3AAbI1Hc1W/4K0fs36b8WdD8D/E3wx4UFz4r0TxZaW9teRQZcQSTKzPx8xRWjVuAe/4/q+XeNvDFLxJwWGwMHUorDukq06lSbhVqJTnZ1W5OEWuTW3VnmPJsVLK5uaUXzczSSV0lbWySvufCf7O37Bn7Nv7MPxS1X4q/tGfDqw8ReHr69vLCy8O3oMohnSGOdY8fxMyb+OenGc17F8T/AIif8Ez/ANmP9r3wFoOpfsy32l+GNXji/tlmvZ30O5hmb/RZJ7R2aGXypVO4FQyEZ7V3viz9jb45/Gz9s/wloeu2EkHgHwrLZeJtT1GdNqXd9EGh8hB7x7QQeymvp79rP9hr4DftZfBzUPhD428K29u0tuo0jV7eICfTZVGFBPpzkr0NeNxF4qZNhuIMDWzfFVa3tqf732NZqNKMvdg+ROzkl7zSae3U7aGBrPC1YYako8u14r3tLvoT/tpeH/2DdE/Zs174hfHr4U+B7/wnaaO90GuNJtiLlfLJiSJ1G4l/lC7Tkkivy7/4IR/sI/sG/tleGfiT4z+IHwU07XLvSfFXkaZp94Z9tjZSLviU8gFuoHU4XnrXqHwn/wCCXv7Y37VV34d/Z8/a7+JuqWXwm+Eet3di8CSKJfEiIVe2jzkkxbWI3McqCwAz0+8viV8CPHHwP/Zi1T4Y/wDBNPw/4P8AA3iV1iTT/wC0LDFoRwsjykAs0u3kOwbkc8Gts94z4V4RyuXDmAzeVTF4ucG60Kko0aEE7x55b80ou87fCtzlp0cZiq3t6lFKEFazSbk7a+lntc+A/wDgk/8AAb4a/CD/AIK9ftL/AA0+GXh23tPDWhRJa2Gmp+8jtIzKhMSls8Bsj14r9WIYysXlABQPlAA4A/umvkj/AIJWf8E3fHf7E1p40+JXx8+JaeK/iR8RdXN/4n1W3BMYYksU3Ny2WYkkgduwr67245zx3H/spr+d/GbiXBcScaSqYTE/WKdKlRpe11tUlTpxjKavq+aV3frv1PbyLDTw2C9+PK5Nu39fkSAgDA/l/wCOmlIIOD/P/wAdNMT26fX/AMdNO+VQXc8fX/x01+SHtt3WglxIpG1fyz/46avw+DdB1u0U6xodtc8cGaIN/wABOaq6daNqN8LZV6DJ57f3TXX20EdvCsAxhR69/wC6a/sn6JXAdfH5ziOIMTTvQpx5I8y3m2m7X7Javuz5PiTMZ4WnGnSk1J9nY5MfB74ZBt7fDzSST3Onp/30OKVfhR8LoPmHw50YHP8A0Do/++TxXWuq9fX3/wDHTULsvUgfl/46a/0Djg8HHanH7kfFvH49vWrL/wACZgx/Dn4byLz4B0c+7abEf+AnipG+HPw7zkeBNGH006L/AL5Py1r4GMf1/wDHTQST1P6/+Omn9Ww38i+5DWNxv/PyX3sw5Phh8NJOX+H+in/uGxf98n5aU/Cr4aSDJ+H2ifU6bF/3yflrbJI69vf/AMdNCzFvkI4Hv/46af1bDr7C+5FfX8av+XkvvZz0vwg+FZPPwz0Mnuf7Ki/75Py0o+EnwnW0awf4aaC0LMGaN9KhKs3+0CuCecZrog+RuI49v/QTSZicYYcZ/wAqaccPRW0V9wv7Sxi/5eS+9nHSfs/fAW5y8nwS8IOehL+HLU/8BP7umv8As5fs/EAR/AnwZx1/4pi1/wC+T+7rs1aNDtB6/wCdwpTJhsf1/wDHTVewpLdIazXHdKsvvZxS/s5/ADd/yQrwZgdMeGLX/vofu6lT9n74Bod4+CPhAH38N2v/AH0P3ddfHKoJUfn/AOymmMBuK7uM+v8A46an2FJfZL/tXMP+fsv/AAJnKL+z/wDAflV+DHhNB/s+HrUZ/wBk/u6s23wT+DdowktvhV4bjI6FNEtx/wABPyV0kZBxuP6/+OmpcrnkdOmD/wCOmoeFoP7K+4pZrmD3qy/8Cf8Amc7J8KvhmI2jHw80La67WB0eHBH90/LyK/GH4k/8Elf2sv2jv2u/HmqeDPh5B4W8K3XjG+ay1vVlEEBgM7YjWBPnYY6ABVI6HFft4+1sxNzzx83/AI6ab5UHXygTjqRn/gJry8bkeHxtSLnoo9rK59rwn4k59weq7wjU5VYqN5tvls73SvvqfI37D/8AwSO+BH7IKWfjGdZ/E3jCKAmTXtUJHksesKRj5Yx2zy2O9eyfs36yNT0XVrKZ3M1lr1zBOHHIYP8AdP4V6ymAdijA6H/4k15Le6cvwK+MN94tv1dfCXiydZLy6x8mmX5P3pP7sUg/j6Bhg4yDSeBpYFR9jG0epkuIs14nxFWeZV5VKrV48zvs9Ul0Vtkj8+f+Crvhr4dfEj/gsP8ACfwN8W57Q+Gl+EFz/akF9OI4pPNm1IAEnjBKp+VeX654C/4J2aT8S9Rt7+78Jw6RH8PptDhi+3o0MZN88uVGfvABAPav1r+Iv/BOf9iv9o34oj49/HH4JaZ4x15tAt9JtbrVriaSCG0ikllSMRK4QEtO5LYJIIGeKrxf8EnP+CZ8K+Wn7Evw/I7iTRt//ATuY179PM8LGEU3PRW0svmfnGMyXMK+Mq1FyWlK/vJ3WlrH5qf8E1PhD+yL+13+2prUN741SCy+DPhbStF8A6dpepCD+0iUkFxvTqxBRc7eec1+jniq7/ZE8A+Fb74MaNoGs+M9QtrcyXPg/wAKanc3uoscj7wSUC3GSPmZowPWtTwf/wAEwv2Avhp8RtJ+LXwx/Zg8PeG/EGiXhutO1DQPOs2WTaV+cRSKJBgkbWBXvjNeweHfBXg/whbzQeFvC+n6eLqZ5r17OzSNrmRmLM0pAy7EnOWJNefja+HxGIVWKeyST6fPzep6+BwmJw9DlnyqXVq+vRL7j+ez9uf4x/tOfs9fta6ZJ4D0H4mfBrTr9Gvh4Pu/HjatqV3buzojyiSWQKrqoURu5A29emPpf9rP4hftE/tVfsJfD/w/rvh2GXxb8QvENvoWieBI7SzXVLey89iNQ1ARPIwDBM7vlVcdckCv0W/bK/4J1/sy/tzaKtr8afC0y6tbQtFpviLTJRHeWisQSm4gqQcdGB6nHWu4+EX7NXws+EHhLw34X8P+HIJv+EP8Mro2iX93ErXIhBBO6TGcnHOMD25r3KmdYSWDpOnStVhs/lprfueFS4exrxVWniKnNQntq773en5H5G/sO3fjP9lT9pPxR+xRo3ws0vxR4Q8YW+i+F/GlteWhmUamlqwutz5yFXzzx+XQ4/RH9mf472/7Btpa/s0/tA+E4tI8LJfPF4L8cWNikdlPGfuK+0HypQOFY8OMDgium/Za/Yt0L4L21z4t8Z2lleeLNX8Y6n4k1TUIAWX7Rcu4jjBYA4jiIHTqfavV/id4D8HePvh7q/g3xp4bs9X02/0yeK6sr+BZI3yhwGDdwcEHqCAR0rxXiqk8TKtP7SXN6rdn01TC4SOEjQpqzhdRf93omfI//BTj9qf9nb4kfGj4afCHS/FFhfXl3q6y3LIQQkbkx4Y/h+oruf2u/hJ+zz4S+ANj8KPh/wCBNFOvfELWLLRdLeONDKxkmjacuQCT5cSySHH93sK3/wBn7/gmr+x58EfDumalonwL0i610adELrXNZiN5dl8BmTzJixUBugGMcV2Nn+yR8F9O+LFj8a10i/l1vSYZU0hbrVZpbawMgKyRiFmKxuynaSO3Fd0szi6SpwTSV/nc82jlsoVJVZNNu2nkcD8a/gV+3n4k1KDT/gN+3hY/D3w7a2McFpotr8NLW7eEINu0zSS/MAAMfL2rgNJ/Y6/4Kbx3YfXP+CvesCLq3k/DHS1z/sklhj9a+vJ4+MYHH+dwqhrmiWWvaXcaNqMPmW95bPBcR5I3RupVipGCOCeRg15CnZKLSt/hTf5HpvB0ZSc7yv8A4nb8z88/+Cgv7Mln8W9H+Ev7NXxr/bx1T4reK/Evxn0NtP8ADE8OmROLO2eS5vWkjtoxIsawxvkknqK5z/goJ8bPgd4c/wCClXinwR45+IPh/S4/C3w98N6fDbapfxxkOGvLhk2sc5Czxn8RX1L+yl/wSC/Yg/ZB+OEn7Rvwp8C6tJ4u8ieG11TW/EE98bRJuJIlWQ4UsONxy2CRnFdP8Rv+Can7C3xj+Mev/Hr4s/s1+HPEnizxJLE2p6rrUDTlxFCkMaFWbamEjA4A6muuhi4UKib1VmtFbfc4a2W4rE0ORNRlzJ63e3fa5+Wn7LXxc/Zn8EftRePvGmofE7wraWuo6rLJY3X9pQqJWkNtwxyOmxvzNei/8E5PGvgjxR+03+03Z+GPEFneWsusWlzBcWt0rLPmKXKnB+YDByRxX34P+CVv/BOOJmZP2LPh8WJ+82gocf7J5rV+HH/BPb9i/wCCmp6r4n+EX7NfhTw/qWrWbQahd6dp/ltNHg/KcHpyemOtXjcwo4mjOMU7tJa9LNP9CsrybEYHEwqOcWouT235k1+p+EuhaLF4y/Yam8O6dqyC/svFl1La2q3oQ/JcHG8fRs/hXo/jWPwZ4K+C3i+08Gy6Vfz6iZb2Bb2aH7RHNnzFWPd84X2XjjOK/Xr4bf8ABLH/AIJ7fDnw9baboP7KHhEsIwZbi60/zpZWPJLs5JY59a6a5/YF/YeuYDBP+yX4AkUrg+Z4Yt24/ukla6J51Sm9Iu179NzOOQ14rWSvbl6n5kWH7Bei/wDBRD4s6d+1Z4g1NofDmn6Np1paWNsdxu5rch5d7/dVMsQVABOMV7X/AME4/h98K/jB+2T8Zvh54g+Heia54T1Hw/BDLp97p0UsFu8cnkpGAyny2KqxBUqQVHYV97fB79nX4TfCD4Rt8Hfhx4Rh0TQvNu/KtLHI8vzpHYqScnjdx6ACsL9jb9iT4Q/sW+GNV0X4e3F/f3etao97qWr6vKslzKxyFTcqgBFBOBjqzHvXN/acp0pwe1korsr9TpllajVhKyvduT7s+c/h74O/ZA/Zc/bLsPhx+01+yL4S0DWpLkx/Cb4qKLi6ttVh4KRBrqST7HeIcgxjAbG5DyAOs/4KX/tReCfEvxX+Fn7Clnpa6iPG/jGy1HxNEISwttKs5jI5kA6ozxrGSeNsh9q+kf2h/gD8Iv2m/hjf/Cv4xeEoNW0m+jwVclJIJBygMi4aKRTyrqQQR1rlPg1+yb8J/g6lpr8UF3r/AIottBj0aXxn4km+1ancWSNuCmUgfLnBIUAEgE5IzURxMJLmd7276A8I1NW2v/SPlr/gqt8Qv2cfhH8Cpfg38LfAvhaHxV4v1O30nQbDT7GFZUuZ5FQMFVcjG7rX1N8N/DGm/Ar9nnTrSTS53h8O+GUae30+2Mkshhg3PGI15ZiQcKOpOO9YOofsH/sm6j8dY/2lNT+C2k3XjWHaYdbuEZ3jZfuhlYlVYdmAz7164JFSPyxwAOmf/HTTjU9xRvfqxVqcXNySt2PGP2E/2rr79r74Vah8VZfgv4p8EWkXiC4sNNtPF1mbe51CCIKQ8sbAMsbFmUZHVG5OK9rlkZwUBH5/+Omq7zIG4598/wDjpppuAOp/z/dNatxuZJNLXVn5u/Br44N/wRV/a7+M3w+/ad0LXbb4LfFzxXc+M/h78QdP0ie+srHU51/0uBPIR2glZ8eXlcOcc5Jx6b/wTFk8ZfCD4a/tAf8ABQ/9o3w7e+CvDnxe+IbeKtD0LVoCl7Z6PFbRW8FxdRYzDJMF3+WfmC7ScE4r7Quo7W8jMV3AkiHkpIoIP+0Aag8RaPonjLw3c+E/EWkW97p95EY7uxuYQ8cqHqwU9RVe010Rn7F9GfnB+098W/2lv2Jv+CnOq/tz/D/9lzxh8Ufhf8Vvhnpek39x4A09r280u8s5JWiaSJQSFZZCRnaGDcHIxX0B/wAEvvhz8Qta0vxz+2J8cvAeoeG/Gvxe11b2bQ9XtDDe6XpUEYhs02nlXADyFT082vqvQLDTNG02HSbC0SGC2iWKGKMYWNFGAmPQAYrF+L+l+K9e+HmsaN8P/G58Oa5c2Ukema79lWf7HKQdu+N/lfB7HilP2blz212uXH2sFyqWm9j59/bN+B3wc/aW+P8A8Mvgfrvhbw3qt9p+r/8ACUeKo9QsYZ7v+yLdGREwVLKk1w8K/NgMscmM7a86/wCCjXwg+FXxS+NXwA/ZE8E+CtFs5bzx/F4g1Kw0rTooWh0uwXfKZNgBVGO1PQn1xXoXwc/4J9+G/hZ4H1+a2+L/AIvuPiF4qBk8Q/FM6jt1e6mxhSpwUWFDysO0ovYVp/sZ/sE6V+zd461j44fEz4yeIPiZ8RdatxaXHjHxTt862sw2fs0SLkRqSAWPU4A4AqJVUtpbFRpzktVvb+vU+sYrgFQoYjAxwf8Ax0181/8ABWP40RfDf9kPWfA2l3K/2546eLQNHgL4ZzcSIsob2EZYfVhXsfj34seCfhR4QvfH3xA8R22maTp0Jkuru6l2quB9z1Zj0CjkngV8beA/AXj/AP4KB/tBWn7W/wAUvD1zpfw/8Muy/Dfw/qCESX7c4nuFOMJn5hkfMxH8K15k1UxNRYelu9/JeZ9JlVHD4VvMsX/CpapdZz+zFfPV9kfZAcjkc56ZP/jppMFsn068/wDjpoKkdf5/+OmlQM2dvX6f+PCvePixoJB/z/3yadIDwW9PX/x00hXa2G/n/wCOmk3bvl39O2f/AB00roBki4Ib0H+VNIjkjGOPc/8AjpqVtuAB/P8A8dNREEcH+f8A46aYABvG0H9f/HTUn+ev/jpqMAngfz/8dNOVc8t/P/x00CeqHf56/wDjppMr1/z/ALppR/nj/wAeFBQDkEfn/wCOmiwJNCMM/wAWPx/8dNKcZ4/n/wCOmj/PX/x00qkqc/1/8dNAxP8APX/x00EA8H+f/jppyjB2MOvTn/x00Fcvt/r/AOOmnbS4krDf89f/AB01IqFRgD/P900KmRk/qf8Ax004DafmP5fyNK4wCluSf8/3TTggY9P1/wDHTQATwP5/+OmpkUHG0c/X/wAdNACJC2MAfr/46akWLy/vfXr/AOOmnKMDB/n/AOOmnKMnB/n/AOOmobuWk7GV4p+H3g7x1aC08U+Hre7VTlGkT50P90sOV/A1zJ+A+o6SCPBPxe8R6Wn8EMk8d1Gv+yRKrHH416DDGCMsc/j/AOOmnCOInlsfj/46a86thMJOXM4691o/wPYw+YY6jT9nGXu9nZr7nc84k+HH7QMPyWn7RCkdjP4cgJ/3TgiqN18Nf2nJxhf2kYEIPO3w5Fj/AHTzXqrHALbun+1/46aiW4UnKg/n/wCOmueWGpd397OqOZYndxj/AOAR/wAjyyD4eftO2abG/aJjkGeM6DEP+AmrEfh39py2Yovxo06QD/npoi5/3Tg16K8+GKEH65/8dNMkkBOP/Zv/AB01H1en5/exvMK73UfuR56V/astfufEXQZMd5dJI/4CcGlfU/2sU+74s8NN6Z0hv++h81d1NKS20/z/APHTTSZD26f52mmsNHo394nj5r7MfuOMi179rtQFHirwqPY6NJ/3yf3lTrrP7XsrAnxh4TA9P7AlP/AW/fCuwjlbGdv6/wDjpqwkxHOP1/8AHTVrDR7v7yJZg/5I/cjiX1z9rdEIm8V+FGPc/wBgzL/wE/vzVW41H9qS7zFN4y8MRbujx6HISP8AZIMuK9BkdmQKTx/n5TVeRGclgMfT/wBBNJ4KD3k/vYlmVSO0I/8AgKPI9e/Z98cfFDMPxk+N+uahp7H97o2hAabbyj0YxEyMvtvruvAvw18F/DTw9D4V8B+G7PStPgGY7aziCjP+13YnuTk10Ai4zxx7/wDjppAp5I/n/wCOmujDYPD0J80Y699397MMXmWMxMOScvd7KyX3KyIgpJy3b0P/AI6aX/PX/wAdNOZGHOP8/wB00mBsznn0z/46a77JHmS2IpIx0J5/z8pqKUAnI/n/AOOmppQQBtH+f7pqN/vf/X/8dNMxe5F/nr/46aP89f8Ax00oBwf8/wDATThFk4z/AJ/umhOxOo0qR1H6/wDjppP89f8Ax008Jhupz9f/AB00kmQdp/z/ALJq0xiJnOQ3T3/8dNZ2kz3PiLxNqejXFw8EFhBCVMJwzmTdlSewAX9a0kHf+v8A46azvBSeX488RK3Rre0PB9n+U15eYc0q1CF/dcrPzXK2deGaVOpLqlp5ao04/Dmj2jiUWSyyL0luHMjf7p3Zx+FWlZwuAMDsAMD/AHhU0uATu9eP/iTUf+ev/jprupYehRXuRSPLq1qs5e82x8TZAEg6def/AB00spLpjGOPX/x001eh+YD6n/x01Rn1vzrg2OmQG4kxzJn5E9mNKvXpUI+9v0S3fyLo06lTYsOYIl824lVFHO5mx/wE1T/tm6uGKaRp5lAPMzttX/dOaWPSYUcXWqS/aZgchD9xT/dIrRtYZbzdiMoNpzg4Cj+6a8nErH16bnzezSV0lZt+reiOuFXDUXypcz79DzH4ifHlfB8raVDAlxdjORGQVQ+jVB8Ntd8V/E+b+0NZ1ForePrBCcKc9mqh8VfgvaTTjU/CQkuXnuWEssi/Ly3Rv/rV6P4F8HWngvw5DpMMSb9oaVw3Ukcqa/n3g1+InFfHlWOcSnDC0btxWkJJ/Alb4u7dz6zGV8qwWVR+rq9SXXt39C/bWUFpD9ligAXpjrn/AGTWRrng6WaQ3eksAxzmEn/x010BCkbgACOnP/jppiud2Sf1/wDHTX67xz4YcJeIGWLB5nR1ivcnHScPR9vJ3R4GBzbGZfW56cr33T1TOEKXlk4S6gdCD3U/98mrdpdKPvtkeuP/AB012BkjlGySMEA9G5/4CajktrN+Gs4/y/8AHTX8nZx9DfMJYhvL8zi4dFODUvm43R9PHjClKKU6Tv6/8Awbe7XaBj6HP/jpqT7ZhgrjOP8AO01tCwsG4W0T8v8Ax00f2dYnk2y/l/48K+ej9D3jWEv9+otf9v8A/wAiS+KcG94MxG1Fg4KISPX/ANmFQyTuPuMfmJP4/wB010I0qwPSD/x7/wAdNI+l2AwRa9Pf/wAdNejT+iXxjSjriqTfrL/5EFxPgr6xZz6XBL4kyT/n5TVhL75cMT9B2/2TWqdOsjyYB/31/wCOmnDTrXBHlDn1H/jprOr9FPjdRtGvSf8A29L/AORNVxTgP5WZCPBGx8tOpy2D1P8AdNV57wZ3E9OwP/jprfOm2yksIh9Mf+Ommtptj1Nupz7f+OmuL/iU3jqdS7xFJf8Ab0n/AO2lrizAL7LOea/XkYI/D/x01UuJYJyDLbh9pyocZwfRveupfS7Ff+XVf8/wmk/s6xI2i2X8/wDx011R+iDxdL3pY6kn/wBvf5CfGGD6U2ct9tSNNoQgk5IC9T/dNRSX5bB2HPQ8f+OmuuGk6cW/480x7H/x00JomlEEfYEOevP/AI6a5an0PuM1L3MXRfzl/wDIkLi/C2+BnM2NzGg8hScMctx/46asi4HUN9Bn/wAdNdA2i6WOY7VePf8A8dNJ/ZVgvC2y/n/46ay/4k645nK7xlBL/t9/+2k/624P+RnPmVSPmP45/wDHTTGdACoP6/8AjpromsbMcG3X8R/48KQ2ViAVS1U+v/xJrvpfQy4qfx5nRXpGb/yE+L8N0ps5xJ4tuEJIHGFOf+AmpbfTtT1GYwCFkA7vx/wE1vf2faKcpCo+n/oJqeKMg7gox9f/AB019Tw/9DehRxUZ5xmPPBNXjTjy3Xa8m7X9DCtxbKULUqdn3YaJpcOm2+wHLsPnc9Sf7pq7vYArn9P/AB4VGjh0CFcf5+6aUsAcH/P+ya/sjIcgynhnKqWW5bSVKjTVlFfm+7fVvVnylevVxNV1Kju2JLJKMENx3Gf/AB000HzASR+v/jpolcFdv9f/AB01GrOBgn9f/HTXsPVGJJ0+XP4Z/wDHTSFgOp/z/dNAcsc9Me//AI6aQuD1X9f/AB01JURQwPGf8/3TTQQDlhz9f/HTSHdjAbH4/wDjpprBskAfr/46aA5h5mAOD/P/AMdNJ/nr/wCOmmH5m4/n/wCOmlYnA5/X/wAdNF7E2THZGcZ/X/x00nmn3/P/AMdNAhJAP9f/AB00wjBwf5/+OmndjVhSxzn/AD/uml344PPof/ZTSFCBk/z/APHTSf56/wDjppDsmhwclvmP6/8AjppwkLDhv1/8dNMBI5/z/umlQfNtYdff/wAdNBI9XPU9/f8A8dNPB7g/r/46aiDZOwfhz/46aeGOB+XX/wAdNBSZIg6MT+Gf/HTTb2xsNXtJtM1Kyjnt5kKTQzIGR1PBBB6g+lAPof8AP900+PkZYH8//HTSaTVmaRlKLunqedR/C34v/DVm/wCGffifDbaczll8M+KLVruzh/6YpIpEsS/7BLKOwFLF4n/bjzsn0b4dYB/1iXN3z/tAGvSYwRhO3v8A+gmpgmc5H45/8dNcssJScj2qeb4nltOMZPu1r955umqftqXHzNN8PouO1tdP/wABPzigy/tnbBnWPAXP/UPuf++T89enKuByfoMf+PCmvk546e3/AI8KHhKb/wCHNP7VrfyR+48xNx+2QWw+v+BV9MaZOf8AgJ/eUxr39s0D/kafA3Hb+yZv++T+8r0ljztGff8A+JNRMCpKn+f/AI6aPqsV3+8pZlVe8I/+AnmU91+2kxOPFPgrHYDS5v8Avk5c1FI37ar5j/4SjwSyEYZTp0vI/umvUf8APT/x4UiMSM/5/wB00vq6vux/2hPrTj9x5e2tftw2sQSIeA5lHCg20y/8CHzCmHxH+3HISo0jwSoHcLL/AN8n94a9SDlicZ6ev/jpp6uAdp/n/wCOmhUI9xLHK38KP4nkbal+3ZIdyxeB0A9RKf8AgJ5pYrz9uclhO/ggf9u8p/4Cfmr14Pg4Df5/umkMmSAufz/8dNT9XK/tBLajH8f8zymHVP22fuznwTtxzi2mH/AT89QSap+2hHKZTH4QOOimCYKf9k4evW5iFPGf8/xCmBs8v275/wDHTSeGi+v4lrNIx/5cx/H/ADPNbfX/ANspoiv9g+BySOGkmuR/wIYzUR1n9tm5BU6X8OYge7S3jf8AATyK9OJIXYrcf5+U0bH2EKxyent/smpeFQv7Wiv+XUfxPMDP+3CyhYr74ZIB0D218f8AgQ+ak8v9uRuRr/wwUf8AXhfn/gJ/eCvUFSReS5P4/wDjpp+DjP8AX/x01cMJEh51P/n3H7jy5Jf26LaIpFrfwvkOcjNlfpj/AGT8xqGTV/290Pyn4WS+xfUE/wCAn5TXq5BHX/P+yajJ3dT+v/jprRYWAv7cmt6cfuPI77xN/wAFBgvlx6N8KGU9SNR1EH/dP7qmHxn+3ioCTeC/hkcd01u+AP8AsnMNetSwk5P82/8AHTUDw7jgDJ+n/jpqlh4LYl55DrRh9z/zPLD4z/biIIPgj4bg+2tXp/4Cf3QoHiv9tudDCfCnw4iYjG4X98+P9k8CvUkhXadw/I/+OmhYQTwOfX/2U1caMU7oylnVNr+BD7n/AJnmMGr/ALaATbPYfDsHvg3v/fJy1SDUf2x2623w+H0F2f8AgJ+avTCjen6/+OmnIuAM9/f/AMdNX7Ij+2of9A8Puf8AmeaLefthFtsjfD9PTFvdn/gJy9P+1ftjqhEM3w7PoWgvB/wE/PXpDxGRNq9jzn/0E09Yc/wnH1/8eFL2K7sr+2opf7vT+5/5nlovP24Yv+PaH4aMT2k+2j/gJwar3eoft5S/IfDnwxdf+md7eL/wE5r1+FTn5hz25/8AHTUu0gZZR9f/AGYU/qya+J/h/kL+3Yxd/q1P7pf/ACR4aZ/288lm8F/Dw91EepXI/wCAn5eKlQf8FA9TH2W10v4ZaQD928muby4KezIu0H869xWBGAzyPTP/AI6aljtzt5OfYn/x01Dy+lPeUvw/yG+JZW93DUk/8L/+SseD6T+xOPHfia28d/tYfEq7+IV9YSiXTdCNuLXRLJxztNqMmRs85kJGe1e6Wtpa2aJDCqoiABEjUBVHZMdsVM0bKN2fy/8AQTScKQQB+J/8dNddChRw8OWmrL+tzx8bmOMzCalXle2y2S9EtEUSgA3evv8A+OmiQspKr0+v/jppVYgYPp6f+PCk/wA9f/HTUdTPlI2bJyx/X/x000cbv8f/AB01JIoI5/n/AOOmo3AAwP5/+OmpaYra2Hf56/8AjppsiuRhf8/7JoTjOf5/+OmlZtvb9f8Ax01SFa+gzZsOS3P+flNLvbuf8/3TSEknn+f/AI6aci9z/P8A8dNMLWFQggg9v87TTmYEAE8/X/x00hIHU/r/AOOmgjIwf5/+OmnfSwkrMAG3EHv/AJ2mlKsTz/P/AMdNIgKL97J9/wD0E0uDn5h1P+VNIY5UwQXP+f7ppQvYD9f/AB005GzhSv6/+OmnIrEgRjOTjr/46aCklcFVDhFIznjI/wDHhSyER/PLIoHqTjj+6a534j/EnT/AMNvY2envqOtai/laZpNu48y4frtJ6Ko7ueB71U0j4M6n4whXVfjDr1zeSyfMNFsLt4bO3z/AdhDSH1LHB7AV4uIzblrOlQjzSW/ZerPcw2T81FVsRLki9urfojoV8SeHVcxPr9mGXqpul4/2TzTk8XeFY+X8SWA5xzdp/wB8nmqumfAH4PaXn+zfh9psf94+QCT7MTyat3/w6+Fnh/T5NUvfCul28MS5eVrdAFHTDEjpXK8zzFaOMfvZ1rLMq3Upv5IrzfErwRb3BtpPE9hkdf8AS1P/AAE81Xn+M3w1tNpufGenJuOATdJ/3yea1z8NPBZOU8L2I47Wy/8AfJ4pknwo8BS8y+ENOb0zaIf+Aniplisyk94/iUsNlMVtL70V0+Lnw3MYP/Cbab8w4zdp/wB8nmlHxV+GzLuHjrSx9b5B/wABPNXE+FvgVgFk8JadgdP9ETj/AGTxVmz+EPw7uJlibwdphBP/AD5Jz/snihVsc3ry/iTKllyWil96Mif4q/DVIiz+PtHGeOdRj/75PNVv+FrfDPGB4+0j8NQT/vk8121x8Jfhto8CkeEtIjLnaoayj5OCdhyPY/lVGfwT4MjO2Pwrpo+ljH/3yeK3tinu19xgngXspfejkJPi38MgTu8e6UPc3qf98nmoW+MnwrAOfiHpH/gan/fQ5rq5fB/hXOB4dsP/AAET/vk8VXm8IeGAcDw/Y/8AgEn/AH0OKP3/AHX3DthOz+9HLx/GT4WyOVHjzS29cXqH/gJ5pbr40fDCBVB8a6fhum25U/8AAhW+PCPhyM5GhWY+lsn/AHyeKUeG9CQ4/si1H0t1H/ATxRfEfzL7v+CUo4LrGT+ZiwfFn4dtGX/4S6xxj/n4H/fQpH+NXwugXM3jnT1Gcf64f98mugXw7ozc/wBlwfhCv/fJ4qeDwpoM7FW0e1OOuYV/75PFPmxNviX3C5MDf4ZfecrN8fPhBbnZL47sff8Aen/vk061+OnwnvX2W/jOzbHXn/x4V1zeDfDoGG0a1/8AAdf++TxVCXwj4Ivpriwt7Sxee32/aIEVC8W4EruUcrkAkZ64OKlzxiV+ZfcNQy9/Zl96K/h3xv4L8W7j4b8UWV4yfejguVLA/wB0jrWk0YJIxz7D/wAeFefeKv2ffAmos15ZaULC5DZS7sCYpFPozLg1R0jxd44+EdzHYePNTbV9BdhHFqzL+/tMnAMmPvr/ALXUd6mOPqUda8dO6/yLlllLEL/Zpa9nu/Q9NZFGAO3v/wCOmo3Cgkr79v8Ax4U9JIZ4kuYHDI6gqytkEHnaaaxGDuHXn/7E17NOamk09D56aadmQyAAbWPX3/8AHTUL4H8OT65/8dNSTc4+vp/48KjZcA/pz/46a1MXuNVRsyT39f8Ax00p56cfj/46aUKW6fz/APHTSqmc5HTHf/x00CGk45P8/wDx01GST1P6/wDjpqXaGHH6/wDoJpfKT0/z/dNVEBkf3fx9P/HhWf4VITx9rgzy9janr7uNprQKFct/n/dNZnh9zF8SNUQ99KgJ49JG+U15OaTjSnQm9udfkzswqc4VYrrH9UdFK+3gHnvz/wCOmqeoavaaZCXmOWA+VFPJP901DNqN3cuE0y28xSSDMWwo/wBk0lrpCW1w97cK0kzHlzzj/ZPpVU8XXx944SLt/O1p8u/5GLw1HDe9Xev8q3+fb8ylHb6v4iUS6qxtLcNxbRt8zD0Y1rQxRWcAtrSBUUDooxn/AGhQdm3JfH+fumhDJjkcev8A7Ka76OApYZc13KXWT1f/AADlq4qdfS1l0S2HKu4gKefY/wDjppIpbi/U6YG222798ycGT/YJ7D19ar3csklwNOs5MO4zK4P+rH90+5q/axR2sCxomAvHT/x4Vwzgswr+z19nF6/3n29O/wBxpGPsYXl8T2/zLMiQJGI/KUKowoz0/wBk1VY4bJHb/KmnzS7l4HT3/wDHTUL8nnj/AD9016yhGCtFWJe1xJGHc4z7/wDjpqNmYnO39f8Ax00MWRsH/P8AsmkJz8y/T/64pvsF2Hme36/+OmguEYLj/P8AdNN3BWww/X/x00uVZ/unPbn/AMdNSUKGZuAMfU/+OmpEK+Vhl/X/AMdNRg/xBP1/8dNO/wA9f/HTQtBWHucLgfz/APHTT42Urkfjz/46ai3fLtz/AJ/umkycYz+v/jpoFykkpjPXr/n5TTM5bLH9f/HTTJHCr9ff/wAdNMTcW3Mfz/8AQhQJonkJJztxx6/+OmoTP/d/n/46aGlUjH9f/HTUZYFiAD/n+E09BDxJ/CRx3/8AiTQjKrcDr7/+Omo1BBw3I+v/AI6aerg5wMenP/jpp2Q0rkmVUZH8/wDx00obPJ6fX/x01Dub1/z/AHTRub1/z/dNILExJ6Doff8A8dNBIUZA/T/x4VEjBVyTnnnj/wAeFOLlyVPT2P8A46aqwhGCkZPp6/8Ajppq/eH+P/jppCQDtJ5+v/jppwUZBDf5/umjQErsd/nr/wCOmnxPt+X+v/jpqMtztAz9D/46aUfex3H+dppNmhMWy+f6/wDjppdysCHGPx/8dNM/z1/8dNLIflBz9f8A4k0twFyFJUj/AD/dNN/z1/8AHTRndzn/AD/dNJncM/z/APQTSAX/AD1/8dNH+ev/AI6aVVLHA/n/AOOmlCr0JH/fX/jppMBjIG69u/8A7KaMbgQAePf/AMdNTMMHH9f/AB01E6sDweP8/KagdhhBU9f1/wDHTSEk9T+v/jpoJJ6n9f8Ax00f56/+OmgpJIer5AUn/P8AdNI4G/BPH+flNIpOMgf5/umlIzJz29//AB009WhWsIfuj/H/AMdNKEUgEj9f/HTTuP4en1/8dNAHYD9P/HhRZkjwg8s89vX/AMdNMzjn+n/jwpd7fdP5f+ymk/z1/wDHTTSAQDB6dOnP/jpoUndyeT05/wDHTTmDZ+b+f/jppQhIDEdO+f8Ax00mrAKAwOd36/8AjpqUSLgKW5Hv/wCOmo8jPB/X/wAdNIZRGu5hgd8n/wAdNI0LSMAeD+R/8dNTJKANvHtz/wCOmvKPHv7S3h3wv4jHgPwvpV34g18rkaZpUXmsg/vSEcRj3NQ2MH7YfjGEai+meH/DFt97y7gtczBevzhSAOOcZPpXPPE04O257uHyTH1KSq1LU4vZzdr+i1b+49gMmAMHr7/+OmmSvnJVu3PP/jprmLD4ffE1LO3n1j4vxDzEXmDR4wGYrkpljU1x4H8W2cJa8+KtyuZCFc2dsm4c/KQVOaSxMX0J+pRi9asfkpf5G0z9mP8An+6aiaQ8k9P97/x01Sj+HviR7iKD/hY2oMjqGSX7FBzkcKT5eOxqlc+BvGEt69tpHxG1CTywvmMbC2dUz0U/KMHvS+sX2iUsJTT/AIq+5/5GtvYclvwx/wCPCmb3HAP1w3/jprLPw5+JykD/AIWNIAv97SIDn/ZPFCfDr4m7h/xdBVP+1oUXH+yfmFZOrO/wv8P8ylhaLf8AHj90v/kTWO7Ax6ev/jppwY9+3v8A+OmstPh58V4kOz4nWbkjA8zw8nH+ycSVAPBXxttkMcPxF0iVs9X8N4P+8MS1Pt5L7H5f5lrBU2tK0f8Ayb/5E3/89f8Ax00Fhjacfn/46awk0D4zRLtbxToUv/cJdcf7J/eUo0b4vopL6horn1FnIP8AgJ+epWIj2Yllze1SP3v/ACNzr3/X/wAdNNJAGwYwf87TXPXafFuGTyy2kfKPmHkv/wB8n5qx7m9+PV3qV3aaDp+hTLaMgkM8jo2WXcGA5xxjr1q41+box/2bNq/tI/edsWwCN36f+PChZGUZB7/5U1wUtx+0+nzDwdoL/wC7eY/4EM4qE6r+05GuJ/h3pR/3L5f++Tlq0Va/Rmbyuq9qkP8AwJHobTFhz/P/AMdNCyqed3P+flNee/23+0QPkm+G1n7lb1P++T+8qWHXvjsOJfhpFx1Av4x/wE/PWka8UrWf3GcsprtaSh/4Ej0AzE8v/L9DTWkUncSB+P8A46a41Nb+L6x4k+GgPoF1OIf8BPzU9PEPxUZiX+GLgf8AYTh/75PNX7aPn9xi8pxd94/+BR/zOrkYEEl+/r/46ajZwePQev8A46a5f+3/AIp/9Etk69f7Wh/75PNNOu/FUZ/4tafb/icQ/wDfJpqtDs/uZH9j41v7P/gcf8zqB8yct0Pr/wCOmnI6nqe3P/xJrlG174sKdg+FYYf9hyEf8BNMbxF8XgRt+ES+hY69Dx/snin9Yh2f3P8AyJ/sbHd4f+DIf/JHWiQg4xkf5+U0hcngD9f/AB01yY1340NnHwjhHpu1+P8A75Py0T6p8blAeL4WWh45H9uJn/dPy1MsVTir2f8A4C/8hxyXFN6yh/4Mh/mdckmDtI/X/wAdNSKxIBz+v/jpriE1743chvhLAfQjWl/75Py0QeLPjNFn+0fgu5UdPsmswsT/ALJDYqPr1G+0v/AX/ka/2Hi7fFD/AMGQ/wAzvEOed2Px/wDHTUuCRjdx/n5TXBW/xl0myuPsvjLQtW8PuzBVbVLTbEW/ueYuV/Wuzs54rm1S5gu1likXcjI2Qw/ukiumhiKdX4WcGLwOKwlnWi0ns90/RrQuRMB8hH45/wDHTUquy9D+v/jpqCNsENv4+v8A46aeJc5YEf5/iFdV30POaRKZCF+Zv1/8dNMLDGRz+P8A46aY0qsuCP1/8dNIGMa8Hr7/APjpo3QiB+wHHqc/+OmmEkHhs/j/AOOmnkAk+/v/AOOmo5Vwdu7H4/8AjprCx0XEaQkY3fX/AOJNIqqchj9MH/x00bFPQ/5/vClUYGD/AD/8dNFugJyBV2jH9f8Ax00pAPB/n/46aP8APX/x00AEDlcfh/48KWgB/nr/AOOmkUEDB/l/48KX/PX/AMdNKcHoP1/8dNMBkkYY5LYx7/8AjppVXaMf0/8AHhS4Gc/1/wDHTR/nr/46aTaQCk85Ax9D/wCOmgBm4z+v/jpprEgZH8//AB009Q2OD+v/AI6anmYDoztbcxz+P/jpqS/1O10TSrnV707Y7eF5GOccKM7TUf8Anr/46a479o7UDY/BTX7gltsdi5fZ1x3U/hmuHMsRLD4Kc47pM9HLsPHE42nTezaMz9nLwhqnii/v/jx43Hmarrrn+zoH+7YWIJMSRDsSPmY9ST7V7JGFU9Mf5+6awfhctrP4B0i4sWVoX06BomTowKA4b866AIc/MP1/8dNY5fgaVDCQS1urt9292deYY6tXxkpPSzsl2S0SPC/28f2u/Ef7HHwjPxQ0DwAniRkuView850kfdwIwFVizE9sV8z6t/wUo/b2+NPgHUPDNl/wSd8bta61prwi6jvponRJEwA2636gHIr6g/b1/Yx8L/tz/Aa5+Cvif4meJfB8Qv4NQh17wrdrBeQSwEsqlmVhtyeRjsOa+CLjw3qfwC/4Jbn9uL9mL/gof+0ZrWpaLO9tqVl4n+I8d9byNDqBtJ08t4Cq8Asud2AAK66mGy6MYJ07zbtdt2v02djzpYzH88rTtFLol89z26x/4Kaf8FEPB2iwweNP+CSHjiSO2gSN7231F2L7VA+dfIPJ68d64f4j/wDBZX9tvxBosviD4CfsaaZp8fhfWLOy8fWPjq9uIp7E3UiJCpKooCktySCR1rrPhj4u8L/tF+AdP8V6R/wWT+KsCX1hBNPZPq+l20sEjRhmU7bJOQTj8K+TP2/P2t/gj/wTy8JfEr4TfDb9oLxD8afiD8ZLOzfVLvxBqsVy2lzQFvs7ytEi4BHIA5OBV0KFCc3D2S5v+3jKrWrKnzuo+X/t35bH6IeKfiX/AMFkvCugSapb/snfBvXJIofMNvpXxGug0gxnZ+9tlGfxra/4Jmft9eM/2zPAvirxb8Xvgynw91LwV4in0fW9PfU/PjSaJQzhmYLgDcOTxXzz4N/4LWeMvh3+zLoni/4y/sr/ABDvNe1K2tLTSodK8PM8epXcsaKrA5HlK8rYXPOD+Fcd/wAMHf8ABWn9pL4K+I9Dn0rwt8MPDvjrxbceKPFng2bVpI9T1cyrGFhW4iRvs8W2Nd+PmJJHArmjQjUhJTik07Jr8ep1+05Jrlm5aap+ex9p/A/4w6j/AMFAviF4s8afD7VJ7b4a+G7a40PwnrNu5j/trVDlbmWXGN0MWBFE38R81uhFc3+w/wDth+JPil4j8WfssftFQ2+mfF34ZXv2XX7ZUCLrFk3NtNKP4oZo2RjjIRyynHGflb9nz/grv+2v+zh4mvP2O9I/4I/TtH4BddMlsfAviR5ILVEGEUs9vtO5QGyWGdwPeuT+NPxy/ad/bL/4Kj/s/wDxT+FX7A/jv4NeOtBvZ7Lxl4h8VXFubLW/DTBXnTEBy/lguVJ5DOAOvG7wzgpKSt2d1/Wpj7d8yUdfKx+sUkgGCxx9T/46ahlGSWHP4/8Ajprzb9qn9n/47fG74fQeFPg5+1TqvwuvvtSvd61oWiW93PLEAQYh5+RHkkHcvPFdj8I/AXiH4cfDbRvA/i34ian4u1HTLFIL7xNrMcS3WoyDq8oiVUDH/ZUf1rhtFwTT+R6Kcuezjp3LuoTxWVrJe3MirHEhZ3dsBQP489h71+b99/wcefs+ad+1La/B27+CfigeAb7xCNEsviurD+z5roy+TuCFMNB5nG8Pnb82O1fYf/BSjWtb8H/sA/GfxT4YkkS/sPhprM1tJCcOrCzlwpI6Eda+bPir8LPgif8Ag32s7GXw3pw0eD4N6dcWcvkJ+5mFtE6bzjhxJhs9c10UKdOULz72RlXdS9oOzSufdmr38Gh6Fc69eJI8NratPItuu5mVV3bMdyR0rwb/AIJVftsah+3z+zjqHxz1DQBpjr471nTLexCgNFawXB+z7/8Ab8lk3e+a+j/DNkj+FdOOA6tpkP3uQ37sfKc18Jf8ED4rbQ/CPx/+ENkqwHw38dNaihjVf9SHYAKR6ZQ8e1YSSjTfe6OimnP3r6W/yPob9t79rqx/Zt8N6T4G8Dacuu/Ezx1fLpPw/wDCsR3PdXcjKgkmA5WCLdvdvRSBzXD/AB++Eviv9gbwh4E/bI0zVNR18+HrUab+0BcA75dc0y5cySXlyoJ3vZ3Mu9cfdt2kjHy4A+Xf2h/+Cdf/AAV/+HX7TPiL9t34Q/tjeELjV4RONO1LVPCUNxNpWmDdtgjSeKRYgqMwJj5OSSc1wf7S37ZH/Bwb+zJ+zZqnxs8c/HT4S+OvBqQRwazFdeEIZfNguMR4aPy4w6EMVYZ6HpXs4fBUfYpKSk3v/lr2PFrYmu61+VpL7j9Z7PVdF8S6PaeIfD2qwahp2oW0dzYX1pIHiuYZFDIGYcMrKQQR61j+I9EtNVsJtOvYFeGZCkiMuQVI+6a+af8AgmD8EP2m/gd+z/4fXxf8XfD+qeHtbs01S18DReHpLaLw6blRM1jbXHms0cCszfumVlB+7gZr6nlUTLiVCvc85/4CT3r5/EwpRm4xkmj6DCTrNKbi4vc8/wDg94oudF1vUPhF4gui0umASaZJIeZbZvuqfUr0/Cu+klZnBBwM4P8A8Sa8J/aG1fWPCPx/+H134W0wXN9qrzWpt/N8oSKu1tpbBAHzHntmvSrrxH8YfJU2fwrsmY9n8QoP+An93XlZRmNTDzq4apGTUHo0m9Gk7adrnucSZIqlPDY6lKK9vDmknJR96MnFuza3tf1udWy7jjPb1/8AHTTdoHykfr/46a4G68W/tCRXJEHwa014/X/hJEz/ALp4FLb+Mfj2/Fx8GLJT6DxFEf8AgJ6V7KzrDp2dOf8A4BL/ACPmXkeJ39pT/wDBkf8AM7/ZgBgcfU/+OmlWHPOf8/3TXCDxh8cnJWb4OWqjtjxHFz/smnL4z+OabR/wqK2I9/EEQP8Aumm86oL/AJdz/wDAJf5CWR4j/n5T/wDBkf8AM7ow8YK/r/46aUx+uPz/APHTXGQ+NfjITmT4UWaZ7nX0/wC+ThamHi34sODu8BaXH6CTWSf+AnEdL+2KNv4c/wDwCX+Qv7HrLepT/wDA4/5nVmMAbWH6/wDjprlrS5ttb8a6hBaOQsMaQXUqnlsc+X9ATUq3nxG1eEwTxaXpobhpreV55FH90hlUA/XNT6Bpvh3R3k0XQYGVrVV+0SO5LSO2WJcnuSSa4cZCed1aNFxcKakpS5lZyttFdbd9jSjCOXU6k1JSnays7ped/wAjegiSKEW8a4C8AAdP9k0ry7V2jnt1/wDHTVcyybARwD15/wDHTTgDwc8H1/8AQhX2cVGEUlsj5epzSldskIRiCP59P9k1V1O/EKrp9tg3MwIjGPuj/b+n86NU1O30mza7mbJBxGgHLHspqtpMDtu1G7UNcTAGQj+Ec42fSvJxeJeIrfVaT1a959l29X/wTqo0fZR9rL5Lu/8AItaZpqWFuIzK0j5/eSP1c/36uhvXj8f/AB01AhCEAdvf/wAdNODndvA+vt/smuqlShQpqEFZIUpSnK73Hscn/wCv/wCOmo3OTjP6/wDjppz/AHev6/8AjpphOOSf1/8AHTWj7D2QmW6bf1/8dNRvJtO3Gc+//jpp5c+n6/8AjppjLkg+nv8A+OmpBIUerd/U/wDjpo/z1/8AHTR/nr/46aCTnhsD6f8AjwqdWaWsH+ev/jpp6tu7fr/46aZ/nr/46aP89f8Ax00rsVk0O3n2/wA/wmnf56/+Omo/89f/AB009QQMN+h/8dNCbuSNmGR0/wA/3TSAkcj+X/jwp8zblwQB9B/46aiUENjP6f8AjwqroVrjJd2flPf1/wDHTTSWVhn8ef8Ax01I4wfr7/8Ajppr/d/+v/46aTYmhqMBnJ/X/wAdNP8A89f/AB01CoK8N39//HTUqqF6fy/8eFJbhbUcxzxjH+fumiMAsQTjj/Kmms2GC469f/iTS/56/wDjpqrooeyr99X/AM/3hSMRnKn9f/HTSD5m5P6/+OmkJxyT+v8A46aamJKwjKrHIz+f/jppQMDH9f8Ax00g2g8n/wAe/wDHTSgAcD+f/jpoCw5R/Ex/X/x01Im08gfjn/x01C6EoAoJ5/ypqWPeFAI/X/x01K3K6D/89f8Ax00oA/i6f5+U0n+en/jwpXz5fAxj3/8AHTVCEP8Ann/x005gNu4noPX/AMdNIgzz/X/x00/r8uevv/46aTeo7NiF1OBjB9c/+OmkVYycs36/+OmgxMBk/wA//HTS+S3f+f8A46aHsR1FHpnP4/8AjpoK8YYf5/umhYmHB/n/AOOmkD7vlb8P/iTU2NE1bUjZflwP5/8Ajpo2AH5U6jk5/wDHTU7QjPA5+v8A46aYAR1x+B/8dNN2SElcYEYjqAe//wASaeqqOoz+P/jppdp7nr7/APjpoC44z+v/AI6akvkuIY9pH+P/AI6akRAwxx+f/jppoBxz+jf+OmjlOBj8/wDx000JxsSBFP7tx9Of/HTTPJXOCcc/5U0qsS3y+nPH/jwp4G4HOP8AP8JqlqQRhXUYbnPv/wCOmgKeQOBjjJ/8dNWIoi3Bx9M/+Omvnv4x/wDBSf8AZz+AXxwl+BnxX1C60q9SGKVL94gbdhIMgM2cj05Fc2KxmFwUFKvJRTdrvuezk3D+ccQ15UMtoyqzjFycYq7st3byPeX4GfT3/wDHTXnX7RHxC1jwpoFr4X8HbW1/xDdCz0pSM+WT9+UjuFHP1I9a6vwP8S/AXxM0eHxB4C8WWOqWcyBo5rG5WQEf3Ttzz7da8vsI9Q8f/teXVxciNrHwpp0UNurDP72bEjBvfGAfTArmxeKgsNzUpJ32aOvKcsnDM3HFwcfZpycZKzutk0/M7r4eeBvAv7M/wsvfFV4ZHTTrCTUdf1Qp5tzdbFMkhf8AidiAcKO5wB0FfJX7fv8AwWr8D+DfA8fhT9kW5Ot+IdUtobhdbvbaS1t9OUSgsVjl2PJIyjHHyqGzya++/wCybS/046bqMCzW8sZSeJxkOpGCpHcEHGK/LL/goR8NdQ+BnxZvZPh18MvDuv8Ag6e5X+y4LPwBZagumzgYkhSVDDKdvJAO4gEAkkGuzh3CYLEYvkrK9tUr2v6uxyZ7icbKDqxlvu7Xt6K6/wCAWfiF/wAF2fiv4m8B6TJ4J+AFzot7b39hNqV/Nr9vPDcW0LK1zAiGJWVpAvyNg46HPWu71b/gtl8FPGugHXfhjaa1qGq6VFBdTeGvENkYHgBLLPvmRishjWPPlg7nWRgMHFeAfDfw78EvGWvw6x8fPhTothos+nyi4gsfAeuWTwSgfKpnR5IVx6HI/GvZL74Nf8E0P2Wv2Vrvxt4Z03TfGmoeLEWHTr/xDJJqqaZcMvmDYEiIhC7SxJTPykd69PM4ZPhHGkqFRTv01T9Xt8jkwEMzrwdTni1b0f3dDT/Y/wD+CtupfG7w/rXjW8thc38V/bC50e206drSwtFZ0nUltrHKqjCNlzv3AnBLV758MP8Agor8KvhPrGo6V+1T49t9C1jxHrStZQMu+GKRo8JaQ7dzSYAj+YEjfN1XIFfl9+wGvgXWLrRNA1Sz8MyaOviCW3s7jToLhmn3ByHlNvLA/wBrh4aOL5oyTja2aseF9HuPjb/wW2+HXwe8R+DLCDSdN1x7vVbOGzureE6lAjE77eeR/I3xwxFlU7CQcADgZ4jB0FWlGKslFv7uhoq1R0YuTvd2PvH9u7/g4b/ZN/Yj8X3Pw81X4bePfFGrWwG99E0QJZKSAdpupcIxAIzsD4OQcEVynjj/AIK4/wDBQvx9+z94e/ae/Y+/4Jn3virwpqzXSX8erayRqdi8CCV5DZQr5nleWVZZP4gc4XIz9Vf8FIvCnwtsf2ZdbtPFdlYhJEiljluLWNtsomjIU7l4zz+VfFPxK+IfiLQv2zfib4f0LUrtbK60DTYPs1pcOkSfaNGuolYBSAG/cRjOM47815+FqUq9G6hqt7v0/wAyKkKqfx6Pb+vke+f8E7f2pf8AgqD+3B4T034vePv2XPAvw58GXpbZealrVzNc3aAZCeTtBQHONzdD2NfLH/BS/wDap/a68e/tfw+B/wBlz43+IPCHh7wfqNj4e1XUNF1OSCwvNYuZgshdk/1rpnAU5A2Hua8m+GP7UX7Q/wCzr+zl8P8Awz+zx49n0jWPihp+jaZZWckpdAx+0RS71YkK+xVJYY5FfRX7aXgXS/gJ/wAE7JdI+H6D7d4Y1LS9YutUkTzZri9huBJLPcE8u7M8rEn+8a0rR9ji43S952S6dmyIU6lXDztN+6r/AK2Oph/bX/a8/ZFtbzxB8W/F1l8R/C3h6Qf8JLDrFmllriwHCldyALKgbJwyk7T2r0T40/8ABU34cX0tqfhf4ysrPQY9Ii1TVdW1K0uIlnieNX2RSqhWEgNhnYgZIwea+Jv2hP2jPBPxR/ZS1j4k6R4j1fxF4z+JQtNGim8S2cUJsYxt821hiUktj5gCMg8E17Z8bvCXwz+Dvw/8H/Cx/jN8S/Dmo2PgCHTU8L6z4UuNW8P6mMK5f7LDGXv4U/eSPAWAG4NghSK5HFqUfaQ1u9l2OyCc01TnpZP0eun4HtH7Kn/BRn9nL4ieE/8AhIdC8bXH9j6hdXZ0/UrySafyVQFnMhYZAxyCM8c5HFWf2Kf+Cn/wE+PvxL+M09r4his9F8La7pdnDqd4vlrc5s8OpBJJXzEkII/hwSBX5o6p+y9N8RfGWg/CFrDTvG+peJbO70fQfGPwq1BbYaRqbM7hpdNIUPp80UgWSOZVeFxtLlMGtT4uf8Ew9G/Z1+OP7NH/AAT68MX66p421rxxqEnxP1jS9VkQ/YCVlgMkAJEQFtnYc5ILY4NauFFSutJS28rEQnK1m7pfez91dC13QfFejW3iHw5qdtf2F5CstreWkokjlQjIUsOCMGrUkCtznoPX/wAdNZngrwR4X+GfhLTvAXgrR4dP0vSbVLaxsrcYSGJBhU/ICtVTkcn9f/HTVxdwmkthgh3fMygH2H/jwoEKIcBPrj/0E06RtoH19f8Ax003zsHBX9P/AB4VZkOaONQFJ6/52mmmIH+Ef5/hNAOec/5/umnNIrAcH8//AB00XCxG8KtyVx+H/jwpnkA/w/r/AOOmpiS3b8v/AEE0h9/5/wDjpoFddCF4gnyj8v8A2U01o+5H056f7JqcoMbc/r/46ajeEj7pz/n7po2BpMjx827P05/8dNBAP3v5/wDjpp/lOef6/wDjppCjDqP1/wDHTRclKCGBcH5eR7j/AMeFLjK/4H/x00v+ev8A46aUBR978v8A2U0FkF1ptlfW7Wt5bRzI4w8cqBgR/dINcLrHgHVvh00nib4bo8tru3X/AIed8o694hk/u377funpx1r0IKGPyr9f/iTSSBQPmPJPHP8A46axnRhN82z79TehiJ0fd3i94vZ/13Rzvh7X9P8AEukQa3pU5kgnTemByD3KjsQcgjsRV4Sgtt6fUf8AjwrjrIp4M+MN14Vtzssdes21C1QDAS5Vgsqf8CBVsex9a7FUVRgjOO//ALKa3w9Z1qfvbrR+pw4/Cxwte0dYyScfR/5bD/8APX/x00jMFGT/AC/8eFG72P8An+E00h8hQP1/8dNbnnpAwI+Un9f/AB001lDn5v5/+OmpGX5cD+f/AI6absbOMfp/48KjyNb3I0jG4Arx9f8Ax0090Rce/v8A+Omg/wCef/HTTSHbqOnv/wCOmkNKXUawGSp/n/46aCzEghv8/wB00u3scfTP/jppP89f/HTSSsMP89f/AB00A45B/X/x00Ek9T+v/jppGOOHOf8AP3TTAcNuMMPy/wDQTQRjII+nP/jpppbA3D+X/jwpSSep/X/x01Nrsdrbi7fm2k/r/wCOmngAcD+f/jppgYg5z+v/AI6aVeOoP+f4TSsLqO/z1/8AHTVLxL4fsfFPhy98OapEHtr23eGZG5BVgRtP51dAfdyvH1/8dNOGBkOf/Hv/AB01z16Ma1NxkrpnVh60qVSMovVM5T9mjxBHpfhd/hHqs23UfDB+ygScGW3H+q3eoK4/EGvTyuR/L/4oV458WPh34iutRg+I3w0vFtfEGnrhA/8Aq7uIclTjr7HtTPAP7X3hLUZ/+EV+JFtJ4e16EYnsdQGwOf7pY8MDXjYbMFl6+rYnS2kX0a6fM+mr5VPNV9bwa5r/ABRW8X107Pc0/wBsD4i+IvAHwS1Gz8A6c9/4o8QFdI8M6ZAN0lxeXH7tVIyPlQEyOegRGJr8Q9V139of/gmX+yf8Vv8Agl5+3/8ADLWrXSPF19NqfgL4keHYDfaZJJJcRSyKXUDAYoxIOGVmII5zX7x+GtB0Px149tPH9w1veJpkDjSSTkwyPw4b325XPozDvXZ+JfC3hjxXYNpviTQrLULZ+Xt761SWNj/eCuCK7Vj41Ol43TWvVbM8avl0oPk2laz077o+Ff2a/wDgqb/wSAt/hnonhf4dfE7To0sdJt7doLzwvPFKXSMK2/MPJyDzmvBP2z/2e/8Agnr/AMFCv2hvDHxC/Z1nuZPiH9rjF+9lo0qWtxbQo7hpdyBcg7Fz1xgV+nKfAT4I6eSbD4V+G4C2d3kaNAmf9k4WrejfD3wL4akNzoHhnT7KbccS2dqkbDPBUlQCOKxWKVGpz0+a/m1/kNYF1aSpz5beS/4J8Jfsvav8bf2xf2RbnwBDplppqLYf2bb6zsYPbXlodihiD1V0U/WvpD4Cftu+KNG0O6+Ef7XnhG/0j4h+HdLlnhk0/Tmmh8VW8EZOxNgJeUgjfDwVZumCM9/8EPgb4B/Z78GTeBfh5aNbWE2sXmossku4+dczNLIpPpuPA9K1Nf8ADunar4l0rxG6w/adIWcW8zxKXUSLhk3YyoOBnHXArJ5jGFSSjDRu6/rU6f7PnWow55+8tG99P+AfNX7BHxK8ReE2+M37SH7Svgu58EJ408dvq1jHrgVGi0uO2ihgL8nadsZJBwck8Vzn7JH7Scv7c/8AwUo8V/FH4eRST/Dz4Z+EX0Sx1dR+5vtTu5onkTcODtjg6DoHHrX1zrGjeHvEenzaPrFjbXlrcRtHcQXESukisCCGUjBBz+tS+APBPgX4Y6Evh3wL4Z03R9PEhkFpplokEe89QyoAMnA59qUMa8Q5Nxs356JGjwH1enGKndLfTVs4f9sSH9r3UPDej6J+yBq3hvTdVudbh/tnVfEkJljtbAZMimMD53JAXHvnNeo6dFeR6fDDqlys1wI1E8qLtDOAMqR2GajvdXtlbeZBx0y3/jpqJdct9wIkUk/7X/jprXm92xmoNSvczfiz8PtF+Knw08QfDLxHB5mn+IdHudOvYweTFNG0bqffaxr8gPjR+wb/AMFtPEP7Mmi/8EpfD1p4Pn+Eum6pHYyfEyDV/Kv73QY7hXhUxsdyNGigMFU79gGcE5/ZJ9VtWXJmX8//AB00wz2sg3Flwe+7/wAdNbUa7pafP5mVXDqq73t6EsninQvC3haIMl3MtlYqgit7ctI4RANpA7nFfn7/AMEY9C+OXwr/AG2v2i9H+LnwZ1zw7ovxJ8ZT+JPCOoahCPJlAuJi0YZSQHKTK2P9kjtX30BbyjIYf99f+Ompbezs43E8eFYdGBGf90+lX7en7KUZK7dte2tyvYTuuWVkvx0PDv8Agpl+0lrPgb4ef8M0/BPTn1j4mfEK3ew0rTrRS7aXZP8AJcXl4B/q440LbWP3pCoGcV8o/wDBXT4gfCTwl/wTwtP2V4fFcc3izVLjRdEtdKuSwuZmNxCjGQEZYY5z719/eHvgx8K/CPjPWviTonhG1i1/xDKH1jV3ZpJ7jHRS7klUHZBhe+M0vjXwN4F8aLbHxZ4V0zUTZXC3Fmb6zjl8mVSGAO4HawIByPSl/alLCOKjHRat31b/AMkTSymviIS5p6vy0S/zIfBujJ4f8IaXoKQ7FstOggC56bEC7T+VXpZkjUh2GBzn0/2TWd4h8b+GvDFm9zrWsQW6IOTJKBx/dIrxTxp8W/iL8dLqTwJ8CdOmgtC2y/8AEU6FY41PBTPc/TmvmMRmCUuWmuactktXqfY4PJ6laPPUfJTjvKWiS/XyS1ZYtdYtvjP+1xbXOkN52meBNNmSadTlGu5eCmfUKf0r3PcQMMPx/wDZTXF/BD4OaD8FvB48O6S7TXEsnnahfSD57mU/e3/0HpXYswUj29//AB019Dk2Aq4TDN1tZzd35dl8kfN8S5th8xxsYYb+FSioQvu0tW/m22KZMgjH/j3/AI6aaJ2HAP6/+OmmNID1P5f+gmk3j3/z/Ca9hxufN+0aJDMxGMf5/vCk3M/ylv1/8dNM3L6/5/umlD7fmB/X/wAdNPlY/aN9QYnBD/z/APHTUUsTOvHT/Pymnuc4IP8An+8KVH3Lt9Pb/wAeFHs0T7R3I7VPLUnHP+flNYOhS58dazbY/wCWFu449d43D8q6B84JU9+Of/HTXP8Ah+MP8QtVUJ8zWEHIP+0/ymuHFPkxVH/F+jO7Ce9h61/5f1R0anA2Y/E/X7ppJ7mK1t5LieUKkalmY8YA/hNDK0YH68/+OmsDU7r/AISm/wD7NQH7BbnN04/5asOkf4da3x+P+q01GGtSWkV59/Rbs4MPhvazblpFat/13DSkvNavf7a1FSsRz9iiz9xTx8/uf5GtuBAhGD+Gf/HTUMKoBsXsOO2B/eFTRPhcIucdT/7KanA4SOFo2bvJ6yfVv+tvIdaq6877JbLyJwwb5SP1/wDHTRv2jCn9f/HTTA46Hr6f+yml/wA9f/HTXa0YNWY4SN3Ofx/8dNG5W4Yfr/46ab/nr/46aP8APX/x01LdjSKutRwKhiSAR6f+zChWQdBj8P8Ax4U3/PX/AMdNGDjP9f8Ax00XuNJdRS2Wzj9f/HTSf56/+OmlVd3f/P8AdNG3b94/kf8Ax01N2itBP89f/HTTkUNnJ/X/AMdNNbggDn/P3TSxkg4J/X/x00iHIASOAf8AP900p8wDkH/P8Jp5AwGB/X/x00yRSWBLHr6/+OmgGIxbo3+f9k01gxHynHvn/wAdNSSA4x7+v/jpppUjt/n+8KA8iPd8u09e/P8A46aT/PX/AMdNPKliMfz/APHTQYx3BH4/+OmgLEZUHr/P/wAdNMGQSA3/AI9/46am8v8A2v8AP900zAzu/r/46aBDMZ4/r/46acqlFIY5/wA/dNKn3cH+f/jpp2xvT9f/AB00AC/eH+P/AI6akZAEBAHJyf8A4k0xcK3zj9f/AB008gk8A/if/HTQBEV7MP8AP900BR0I4/z8pqT/AD1/8dNI6FhjH+f7pp31uK+o1WKEjOf8/dNSiQEcj9f/AB00x0y+0enr/wCOmlWNlGCPyP8A46asYo3D5c4/H/x01LlZF2k9ff8A8dNMUoTluvt/6CaeEUNkH8M/+OmgtbjgMcD+f/jpo/z1/wDHTR/nr/46aVRk4P8AP/x00mrjAMw6H9P/AB4U/wDz1/8AHTQIwcnH6/8AjpowcZ/r/wCOmmQ2g/z1/wDHTQIgRnH6/wDjppRg8s3+f7pp+R6j8/8Ax00CEyqj5z9P/iTXK/Ff4laf8L9JtL19MuNRvdSvRaaXpdkoM13OVZxGMkAYVWJJIAC9a6oKsjqpPOeOf/HTXl3xJ0eDWP2t/BBluZQmleDNZvVt1b92ZXns4VfHdgrPg9txrCvzKFouzbS+89TKaWHqYvmrq8IxlJrvypu3zY1Lr9qvXIRdI3gnw+HGVt5orjUJU9mKmJc/TI9+Kq3mg/tfytmy+NngiH0DeBZ2x/sn/TRXpK/fwB+Of/HTS+Xtk2Z4/wA/KaFhIfabf/bz/SxvLO6id6dGnFdvZxf4yTf3s8nl8KftyMf3P7Qvw+GezfDm4/75P+n1XPhX9vknaP2g/hr7E/Da6/75P/Ewr2IqcBR+PP8A46acQDwf5/8Ajpo+qU11f/gUv8wWe4n/AJ9Uv/BUP8jyKLwv+3hGQW+Pvw2bjn/i3F1/3yf+JhVuXw7+3NOqiP4/fDyIg/OY/hrO2R/dOb+vUgAOB/P/AMdNOj3K316f/EmmsPCK0v8AeyVnVZu/sqf/AILh/ked2OlftlWzbr74tfD69AH3T4DuYf8AgJK3x/lX5E/8FqtL8eXP7YhuPFcNjLfS6BaIx0WKQRSlS42lHyynoMZNfuBGTjlu/r/46a851L9m34T6n8ULn4w674Isb/xBKiRxalfW6yPBGgwsQzkJ1PIwTnmvCz7K6uaYWNKMrWaevY/TvC7xCwXA+eVczxFBTvTlFRguVttrqtEtNdD8yP8Agkx+yn+3XpHxAsviZaalqXgzweF33sGsK6/2mvaIW7Y+u9gMds9K+/vhe/iz4cftR6lZ+On32nioifSb5UwC6AApkdWCjqeoAr2230yG3VYkjAVeijp/umsvx94DtPGugGzeUwXUDiawu0HzQTLyob8evtXJhcnpZbQ5INvrr39NhcU+IOM44zp4vFUoU7rlSgtbdLveT9fuPTbWEmNSg7cc/wDjpr84PhH/AMExb3xl+0X+0H8WP2gtB1bT9G/4TfULnws0Goy263cLK0plO1+VAkABGOQRX6C/BrxnD458I211PNGbyEeVdKjAgyLwQ3qCR+tdTr/hDS/FfhzUvC+qI5ttUs5ba68tyjFJFKMpI5Bwa9PC4uth4ydJ25rJvyun+h+e4vC0pVFGqr8vT/M/Gf8AZv8A+Cd/xB+Mmhab4q8WQ6beWF7cC4+zajf6g5Ee7O04uADleO/Wvr/9u/4JfDjwL+xI/gnR/hPoN2LKOEWemalfT2tiZUTncbcrMDjONrg5I5xmvrn4efst/Cr4daRb6H4W0mS3trWIRxIblmIAGNpJPtWf+0F+xB8Cf2pNE07w38aNH1DULDS7kXFtZW+rT28bOAQN4iZd45757eldmPzDFZhjqdWTfs4tNLqZYb6lg8I6cV77WrPwp/4Jx+NfgF/wTqudL/4KSftX2lva+CtQ1C6074f+HPCVoz3s2qbxuaSCSRg6RRiVfNaTO5M9a6/4gf8ABTbSP2yv+Cn3wq/4KOfs6fsneL/DfhTwKkOhePvEet2eYbhryaS3ikmEG5dsaT5LE5UDkqK/Yzwr/wAEzv2F/BmhQ+HNK/Zn8JS2dvnyYL/SEuQpySQwlDdySfrXb3Hwq+GPhrwjJ4J0Pwbo1lo5iMZ0m20+NLcpjBQxqAu0jqMYravmFKdaVZxbk00rvRJ6WtY46WHjK0Yysl5P17nkHxz/AOCYvw8/a/1W41n9qf4y+M/E2i3Rils/COia62k6TbhVGFP2TbNNnJP72VwM8AYryS//AGQfhLp3x18ReEP2WLG+028tPCS6d4h8eaxqM+rxx38SbbKOGO6dvPkhjeQyEv8AIHjXnJUfV+tXWpp4SHhzT9cNtAy+VFJD8rxpggR5HTjp0rC8CeFdG8HaYNF0i1WCNCWKr1JJyd575POe+a82OIko8qenY7YYZqXNJ3Py0/Z2+D3xG8NfHa3/AGFv+Cg/wc0qw17Tf33wc+MnhLTvsmm6gqlm8lAuY4Zm+aRUwCCroQRg17L+1j+zm/hrwZqulfEL48eI9RsLuLE3hjwnoyXeoap8u0Qqiqw2t3clVGOTX3V4n8PWmrw7bq3SVd27ZIoIP+yf0rLh8KxwsZLS0ijV0CMsSY4/vDGKuWIlKoprTv6912Cnh1Ck4N3v+XZ9z8W/hr/wTq/bw+KHjPT/ANp3w14TsfD2l/Cy+iv/AAT8MdZuGdtTSCQSNGGBKq7oignhd5xxX6efFv8AaF/Z3/aa/ZLbXdQ8Gx63cQyrFqfw9vdWj0/XNI1MA5hXcVkhnRgQkg3AnBU4Oa920zw2lopRwASMAKOo/umqunfAr4c3HiqTxnd+FdOk1SWIo96bRPNZT2ZsZPTFKviniZRcla21uwUcHDDq8Xe+9z8qP2KfEuk/s/ftbx/tb/s6/DTxz4n0ew168074jabq63k+sWVmbd8SzyygJdmFiUV0XMglPHyZryz45/Fj9v8A+H//AAWrk/4K3eCv2KPiBcfCn+2l01rSPSzLNdaTHa/ZZ90R3NFIyF5UyAMsApx0/drw14B8KeGreSPSdGtrbzpN8xhhVRI3bfgcn361sLbWzWX2aNEMXZRjH+6a6Vi5N6R021ZhPDU909Th/hb8VvBvxt+H+l/FHwDc3kulazarcWbahp0tncKp67oZlV0YHIII6g4yOa6F9qDYD29f/HTVy4tgDncCcYz/AOymsnVNb0PR7y10/VNUgt57+UxWcU0qq07hSxjAJyx2qTgdgaunVinY0dPm2JnJDFWHX0/9BNM6nk/r/wCOmntg/T3H/jppTCP7305/8dNdJySVmH+ev/jpoyMZz+v/AI6aFRgMY/X/AMdNGDjP9f8Ax00EgGzwG/X/AMdNI67htP8An/ZNKAScD+f/AI6ad5Z9R+f/AI6aAeqGhcDOe/r/AOOmj/PX/wAdNOCDv/P/AMdNJg5x/X/x00EppaCf56/+OmkdQRz+BH/oJpxUjqP1/wDHTSAHsPy/9BNA3EiKAnj/AD/smnIi9CvP+flNOdSvyhef8/KaCpPykcY9f/HTQDdlcYFGCN3P+9/46aaR5Y2kHI6c/wDjpoKFnO3t7f8AjwpwiYSYK/5/umgHJLc84+LUc1v8TPBGpROozqM8MgJ/heE5U+/FdijjAGP8/wB01zvxas4pvFnglpDgr4hIAx1PkSHafyrplVVGCuOOuev+yazwicalT1/RG2aSUsLhn/da/wDJmN/z1/8AHTSEcEE/r/46acUCcAcfX/x00Yyu4n9f/HTXYeMJ/nr/AOOmj/PX/wAdNISPuk9fT/0E0pIA5/n/AOOmoaswSuMkGB8vX6/+OmmEMGHPP+flNKWBJI/n/wCOmk3k9F/T/wAeFI01DHzEBR/n+E0jLt7/AOf7ppQ3Zj9D/wCymh+QD/X/AMdNF+gDcHGcfp/48KCAev8An/ZNKzDAx29//HTTSWBwR/n+6aWoDdjZ2kfr/wCOmnFhkDP6/wDjpoDAnH+f900EhV3D+f8A46aTV0ErsUAngfz/APHTT1BA5/n/AOOmmBsDPTPv/wCOmgSENt/r/wCOmrikTexKDjkjP4/+Omnkhlw3T/Pymo1Y4yD+v/jpoyc5z+v/AI6avlTEpNDkJGEx0P8AlTXNfEP4QfD74n6adP8AFvh6G6x9yV1w6f7JYciuiZgoyf5/+Omn5UNuz1Hr/wCOmuTEYalWhy1IprzPQweNxGFqKdKbi11R5Zov7LcXg+IweAPiz4p0dG58uG/3ov8AskMDTpPhL8bI5S1t+034gIHRZLSJv+BDivUmcYKf5/3TUbruGD/n/ZNecsnwKVlFpeTa/U9qXEuZN3lJSfnGL/NHnEfwz+MwUrN+0VrD+/2KL/vk1YX4YfEtsCb4+a2ePmK20Q/4CeK78KQMEA+vP/jppceo/H/2U1ayrBLo/vf+ZnLiLMZdY/8AgEP/AJE87m+EXjuSQSN+0D4nUDqI0hGf9k/LVGf4GeOJWZj+0Z4vAY5GWg4/2T+7r1CXAUjrx0/9lNROVbCNxnpz/wCOmm8twUdo/iyVn2Yz0cl/4DH/ACPJpvgJ8R4kCWX7SPidD/ekjjb/AICQMVCnwQ+N6PmP9qPX2B7SWUfH+yea9F8WeP8AwP4IhE3inxLaWeR8kcsw3t/sbRyfwFYll8Z9B1SRW0rwt4imgck/ahoUwjwP4gSBx9M14OMrZTh5OmppS7J6/ge5hP7WxEFUnT93u4pHLv8ABf40MQZ/2idVlI/vWiD/AICasW3wi+K8XyzfGrUJPfyEH/ATwa6u4+JukwPsGi605PQx6NMw/wB0nbUDfFWwViE8H+JWI7roMv8A3yeK8mpV55e7Ul97PZpSlBa0ofOKMmz+Evj8cXXxc1RweuGUf8BOFrT/AOFW+I/KAf4k6tuHcTD/AL5PFTxfFIO2YfA/iI8cFtIZf+BDJFKvxK1WVd0fw815uf8An0Rf+AnL0Qo1J7yl97G8Y47Rpr/t2P8AkQQ/C/xFtwfiZran2uB/3yeKcfhX4nILR/FrXk9vtCn/AICflq4vxB1splfhtrZ/4DCP+AnMlOHxG1hELy/DfW1A7n7P/wB8n97XTSw0o+9Jyt6synjas9FGP/gMf8jP/wCFUeNS2R8ZtdHsXQ/8BPy1HL8HfGtzGVn+MurkH1iTP+6cYq4/xfuLZS8nw71w+yrAT/un95Uf/C9rGN/Kuvh/4jj46rZI/wDwE7XNbqjgJP3/ANTOVfNYr92kvkv8ihb/ALMnhG7u1vvGWv6lrTg58u5mKxk+jAdfzrvNL0DRvD9kmmaJpsNpbxjCQW6BVH+yQK5nw/8AHn4d+IL7+zG1G4066Jwltq9nJatIf7n7wAP/AMBJrq2ukIVhJ+R/8dNe/lmHy6jFvDxSfXufLZ1is3rSSxkpW6J6L5LYkc9Sfw5/8dNRMV6Mf1/8dNMa7ySpGPw/8eFIrq/Ktn8f/HTXsRVz5t2uIyDqO3v/AOOmnf56f+PCj/PX/wAdNJkA7cfp/wCPCtLIQgUZPp9f/HTTf89f/HTT8ArtB/X/AMdNIVbgD+f/AI6aTQACNuW7e/8A46aRVJGScfj/AOOmg4IAUHj3/wDHTT1U7Mn+f/jpoAYwJTaD0Pr/AOOmsvwxCZvHmqHZ/wAw+HnH+23zCtaQkJlOvfP/AKEKxrPxBp/hXWPEPiLVJCIrTSYHwB95jIwCfUnArx8yqwoTpVJu0VK7+5nq5fTnVp1IRV24/qi34nvbmSQeHdKP+lTg73z/AKqPu/P5Cn2Gk2WmWKWFrBhIxxnue4b3NU/D0F3HanVdYtguoXgEt3827y88iMHuFzitJX5yx7cAn/x01OAhKvP63V3lsv5Y/wCb3ZjjHGkvq8Nlu+7/AMl0AQRr8yjHp/8AEmlACjr+v/jpppYNzvxz/e/8dNL8g4Ldff8A8dNeutjzXuKjbhuH+f8AaFPDxg5VT+I/8eFRkMHG0cd//iTTgCeB/P8A8dNMaY8sMZH8v/HhSg55H8v/AB4Uzbzg8fj/AOOmnKMD/wCv/wCOmoZd2xQMnH9f/HTUgGBj+v8A46aao+fCj9P/AB4U9dvVvyz/AOOmhWDUERCMj+f/AI6aXy1//Wf/AB00q4xgfz/8dNLnGMfp/wCgmkXYjIUDa35f+ymnRxKzfMv+f7ppzAZ479ef/HTT40UHnp2/+KFBny3kMwNuB/n/AGTTWV92Hxj2P/jpqQhgCDgeg/8AZTSBSOpx+P8A46aCrIYyFhjPb1/8dNIsWBhwD/n7pp/+en/jwoxk/wD1/wDx00D5RnlEZOf8/wB005VBTLAD2x/48KUHPIP6/wDjpoDAEHP6f+PCgaixjxgnIH6/+OmmFRgfKD/n7pqZm7sf1/8AHTTchcLj8z/46aA5GyNY1Bz/AOy/+PClAO3ax/I/+Omn5QcsMfU/+OmglAcgfr/46aCeUYsas3B6e/8A46afsz3/AM/3TSrjqO/t/wCPCnbf9ofn/wCOmi9ilTbInjJOB1Hv/wCOmmbHUc9fr/46anIxwf5/+OmkYAjkZ/H/AMdNBPIRIhB3kn8//HTTv89f/HTTtpJyB+Z/8dNKRxwo/wA/wmq5kKzG5GMY/X/x01IACm7+n/jwpAmG5br6H/x004L8m0cfj/46aoNUAQH+L8j/AOOmlVcOCDx/n5hS/wCev/jpo/z1/wDHTQF2LvGML/P/AMdNKEJXP+f9000ADoP0/wDHhTldgMEcfT/x4VOogCKxwD+v/jpo2AHlv1/8dNBYfeUj/P8ACaVW3dv1/wDHTQA5QQwJXv3P/jprzTxHa5/aj0e/Y8v4OvolGfS4t22mvSTI5HXke/X/AGTXnnihlH7RXhts/M/h/URj23252msa2qj6r8z2coWtf/r3P8jsgu053dB0z/46aUIXO5T+n/jwpy44UDJ+v/jpp7BhwoA/H/x011OVkeI7tjCpHX9D/wCOmgoQNxH6/wDjpp5GDlh0/wA7TSbl9f8AP901POF+4iqrDHf6/wDjpp+enHT3/wDHTTQAecfr/wCOml/z1/8AHTRzXC+o9WJ4P8//AB00roCNrfz/APHTTIuHz1z7/wDjpqTGGw38/wDx01LRpGTQ0Q5Py9M+n/jwriPi/r2o3D2Xws8MXph1XXlk8+4iPzWdkgAmaT0Y7ljT/af/AGTXdKQuW/8AZv8Ax015R8KNQPjD9pX4mapfod+gyaXotiWH3YBai7ZT9ZLls/7q+leXmEnGCt10PpsgpxqVJ1Z6qCv89l+Zc+I1jonwu+EU1xF4os/DdjZWwjTVr68kht7UbdoeWSIGQJ2yOQea+SP2kv8AgpN4h/ZV+FGp3GifHMy+MDCk/hazHjOfUrHU7diVUM13p5YhQ0ZZCyE4JDNX2V+0x8S/hL8Ffglr/wARvjdpsWo+FNPtM6rYvaC4adWIURLEQfMYkjj6njGa/Ez4raX8PvjT4D8a/tVfB3xPqWg+FdP8Rvqfgr4feIfiZA1xO2VLJ9guJXkt8KCFVQ6ccdK7MkowrzSqL3U100fkc/EWMqLWEk5NbXs/U/SP9jv/AILZXnxTFr4Z8W/FT4Ja5qNtpEU+pmPx4umXTXJUF4liKSRhlORgsvIrxD/gvF/wUK/aF8SfEX4J/s9fsgfHvUPBGqeKLxp9dfwbrwebc8yRRBpohgqoLsADg859K3P+CT3jr9iz/hWkOv8Ajr9tLTr3xDcTw39xoer2thaT6ZMwP7sTC3j8zb0yBg4FHxq/Z70z9pj/AIK8ab8c7C0l8W+CfCugJDp2vafho1vwrthFRB5mC4IkTcuCoz2pVp4WlmMlCm4xjfdaN200a2uc1GhVr4SOzm7bPpfXVabHPfGH9uf9s39n340fCj4W6D+1frGsSaJZGX4g6dfi3uZNatoPs5kkmcxBkLxSO3X7wyD0r7TT46fFe/8AC3i/41eNrbUovh//AGbZ3XhTVRbgy20DxI0skypuLorSOyk9UQ5HWvyF/wCCtnjvx3+wp8VY/j9caBINX8YaRrGi2NhrFuS1vHMIovnJ7rFGrLnvwR2P3J8E/hp8XP8AgoF/wR38E/FPwPMuneKNatjew6bBetHaXPlTSQGPGdqxlVztxgg4xg1x4uEp0aVRWUdE3131+46KVWnSnVi/iWy8v6Z47Z/8FivjZ4ZsvB/jL4kwTCO38SbNY1Syt430zxTprF18lZV3KGw6nIICsANvBr6G/YD/AOCgHiL4p6tbRfFPVJoBe6jLp1/aaosMDaLdediFN2/dMJCQobaB+8BzxXxHu8IfBO70b9n3xd8H7RLzUtcmXxL8N7rKWN1azbkm2E/u4p0wSkqEE7h07fVHxR/Zc0jw/wDDX9nX9huLTl0n4geOvH0V5fXst8s2q2mhaez3Vw4dcthUMaKx6nGCduR2VoYZNQULczdmuxzUqmJgnKUr2S021P0E8S/Ff4a+HvitpXwd1jxZbW/iDW9Ja/0rT5zg3MSvsaMMeC2cHZ1wc4rbmgj6HjHfP/jppvxZ+DXws8dw2qePvAmlawtncebZf2lYpKYHByqksDtIz1FKZEUeXHyBjHzHj/ZNeW0lbuehTcpK72ex5f8AtkftI6Z+yX+zp4k+OeoaU2oto9sq6fpyPtN3dSuscIjPYM7LkjoATXwn8Lf+CjX/AAUN/Zd+Nfgj4ift33mhaj8KfibqsemyJpemJA3hO5uGUWwaVQC0YLKGWQnKkndkV6t/wcB+J38L/sGRa9KZDY2fxE8Py6qsfe2F2C4bHbO386xv+CzOn/Dfx1/wRZ8YeONPvYDCugadqui3iEA+b5sLQFfc7gMf7WK68PTpuEVJX5nb8jLESlGT1+FXPvv47fF/wv8AAf4H+JfjZ4tuAul+G9CuNSvGRhl44oy+zPQlgMDtkivgL9iz9ub9rL4P6d4E+LP7emu2d58LPj/dR3fhXxPGioPA+p3pMlrDu2j/AEWVXCRTkYWQBGJDA03/AIKzfFDx6f8Ag3Tn8Z6mtyusav4F8LrrA58wLNNZiff35BYH6mpv+Cjfj34O6f8A8G3upX+ryWr6XffCXR7bw+ykYe8lS3Fqn+8JNjcdNpqqMEoWet3Yzqv3nborn0H/AMFQv28z+xZ8KtPs/AWh/wBvfEPxndjT/AXh6HLm6uXwPNYLk+WmQT6kgA85riPF/wCx1+3T8SP2C/B3xH1D4hrrXx98Iasni+1s5HENnfTMGZ7GBV2qqNBI0Cls7Wwc9TXK/C3/AIJ7an8e/wDgn/8ACHx38V/iR4otfjBpPwvsTaeOU1FzfafcyQrIFO7jKkoD0J2cmvlP9hzxN/wXl8TfDXxh46+En7eNnc6J4H1nUdNaHx9oEN99ua0L7wzsodP9Xj7x5PtXRQUYw809f0Iq+2dlDqj9Jf2Jv22Phh+2b8PH1/wnePZa/pEhs/FnhLUWVNR0K+jO2YNEOVZXBG77rDBB7V7aqOT8pP5/+Omvzf8A+CT37FEf7Ump6R/wWC+OfjPW9D+Lfi+4uH1iz8AXUek6NqSQSvbebPaorCcy+UWcs3JIPUZP6Ui3VF8s5/E/+Omt3boczbbuyFY3HB9eT/7KakVATjsfb/x4VI0WDg8fj/46aTyx3P8An+6aQhAI+6/5/ummiE5wf5/+OmpljHRl+n/xJp6gFsfnz/46aLhYheMjovGPX/x00gj3ckf5/ump2VW6N09//HTSbF9P1/8AHTQBD5ag4kGP8/dNNdAc4H+f7wqYIpJJHT2/8eFNkQbtq+nIz/46aARF8g69+o/9lNMMW08n9P8Ax4VK6dm/Q/8AjpoRGbAZeT/s/wDjwoW5EmmtyERlzlR+v/jppTFgZz+n/jwqwYsDIbp7/wDjpprKu3cevXr/AOOmrtoZvex518RnW8+LHgnRUXc0d1dXjj0VISoU/i4/OuvmhSSMDt25/wDHTXDeGJv+E3+N2t+KYvmstCshpVnKDlXnZt8yn6YQV3bSx7drPjHqf/HTWWG15pd3/wAA6czXKqVF7xjr6tt/qV9gQ+Wx+nP/AI6ajBP5e/8A46amZt53qenv/wCOmmOMN8vA+n/jwrqPJ2K/+ev/AI6aUFT8rf5/2TSYJyB29/8Ax00hbk7Tyff/AMdNQykNJAOAOh9f/HTSbgxzn9f/AB00EEH/AOv/AOOmkIGR/h/48KQ3cUkDnp+P/jppNxDcD/P94UMcMGH+f9oUNux8v8//AB00DFLAIRjHP5f7JpXYDh+fTB/8dNNI74wB+P8AwE03Gf4wf+Bf+OmgpIVirAYXH4/+OmmkEH/6/wD46aXPG3H1/wDiTTWYL1P6/wDjpqWxjhIv8Xp6/wDjpoVgXG4g/j/46ajYMcbV/X/x00KCRkH9f/HTTUrIlxdyw8m1OB0Hr/46aarFhy2fx/8AHTUYLY+Y5/D/AMeFOjljACg/5/umhSZDTuSFsjBA/wA/wmgMRyp/z/eFJkHv+v8A46aP89f/AB002xrYXcwOc/r/AOOmgux7/r/46aT/AD1/8dNH+en/AI8Kh7jHhlC4kz/n+E0jyKD9ff8A8dNR797bSR+J/wDHTSZAPPP4/wDjppFodK6khR37/wDsprivGXibxJqviFfh14AaOPUGjEmo6lIm5NOhbgbl/idsHavsSeOvUa/qcGiaLd61dZEVpbvNJg87VBJU/lWJ8DPD89r4OTxPq0Y/tPXZDqF+/fMnzKn0VSFHsK8LNa1WtWhg6btzJuTW6irbebenpc+iyehSo4apjqqUuVqMU9nJ63fklr6tFjwV8GvB3hCc6ulj9v1WTm51jUT51xI3cM5+6PZcAV1gQBdgP5H/AMdNSgAcD+f/AI6acsasuz06/wDxJqKOEo4eHLTikh1sXXxE+apJt/1t2IVt9v8AyyH/AHz/AOPCsHxJ498MeGfFOg+ENXvRFfeIbx7fTogufMdYmkKn04U181/ta/8ABQvxL8C/2nLf9nLw18UvgP4VnuPDsGqRSfGbxDf6a100kssZgR7dTGQvlgneVPz8ZrgviF8TP23P2gYNKuPDXir9j7VLvQdTTUdD1jQPiBqtxPZXShlUM0JbHDEEEYIPINKrRk9kl6mccTC9tT7vW0AXDoR/n7pqMwQ+YqHGT0Gev+ya+A9U+IP/AAXu09MaBqv7MetKMnEet3CSkDqp86SNc/Uivn74n/8ABRj9sf4XabdX/wC0v4317RPi3f6+uneCPBfhPU7VPDk9rJGpWSbyVmFxtdTne5OGxxToYWVTRSi/RiqYyMNXF289D9ghZIBtMfH+7/48KkXSobseX5Y9s/8AoJr85/gv8PP+Civx6+HemfEDUf8Agpv4r0x9Tt45m0/RvB+mpHbllBYI7IWba2Uyeu3PevVf+CYfxB/am8L/ALVHxm/Ze/ao/aBv/iBb+FNC0XXfDXiPW7SG2eKzuRciYHYqqFVoeSemPSs3GnySs07bm8ataPLOUbJ/8OfXF34es02JMUQySLHFu43ueFT3J7CuNsb7Sdfgk1LRrhJoVuZoN6YOHikaN0PuGRgfpXl37Jn7Q83/AAUN/bP1r4k/DK5nb4M/Boy6foOrKjLF4n8STRlLhpN2N9vbQO0cZ7vO7f3cRfFT4hRfsVftKS+GfizcpZfC/wCKettceEvFNy6rBoXiGYb540fkRJcv+9gkPHmNJGcEpkngZ+y5ktTanmcfbezlt3PSvEXhfRPEmnPpWt6VDdW0g+aOaMMPo3ofeuQbXfFvwEYXTT3OteEgQs8U7GS50xemGY8vGO4PIA616XPZupKSIQe/PX2NUb+wS5ie2mgV45F2ujjIYHjaR3rz3TnGXPTdpdz16WIg17OslOD3T1+7s/NGzpt9Z6xY2+q2NwssNxGJIpVOQykZCmphmMkK3frn/wAdNcB8Ns+Cbm/8ByXLG2tZPO0xTn93BJnCfRWB/Aiu0S/VhkMDnnr/AOOmvpMuzGOKoJy0ktGvM+RzTK3gcU4Rd4vWL7p7f5FwyMxHP6/+OmjzN3/7X/jpqsl0h4Iz7/8Aspp4mTHBHtj/ANBNemqiex5fsZFpGHT1/wA7hTgQf/1/+OmoFmX+Ij8//HTTxMgXqPz/APHTT5xqlMk/z1/8dNKynbyevv8A+OmkQiRdysMH/O4U8BgfmP6/+OmlzDVKdyN1O3A9cdP/AB4VxV1YrrXxRXRdbtvMs5LEzy25GVkMTL5Yb6M7N9QPSu5KY+Unv/lTXPWtubj4oahecFLbR4Idu7+J5HbafwUfnXz2dUZYirh4Lb2iv5pJv9D3MrqLDUq8+qg7Ps20v1Jr3Q9RgDHRtalhOeI7lfNi/wB05IYfgazLjxPr2guV8S+H5DCBzf6dmVB/vpjcv5Ee9dUUB4H6H/x001oFY5J/z/dNd1TCy5ualJxf3r7mebDEK3LVgpL7n96MnS/EGk65aC90fUoriI9HjkDc/wB0+9XY5QTjbn2P/oJrH1n4caPqN+dX015tOv8AOfttg2wt/vqflkH+8D+FZVxefEbwvqyrrenpqmnycfbtMiw8Q9ZIjk/iufwprGVqC/fx07rVfNbr8fUqOCpYpv2E0n/LLR+iez/A7JAzLlm/X/x01Im4D5T/AJ/umsvRvE+i6tlLPUFdlGTHnDD2YHkVpiVh1XAI6Ef+PCvRpVKdWPNBpo8+rSqUZcs4tPzJBFkfvDz2I/8AQTSrGe549Mf+PCkjkYj5l/X/AMdNS/KeEH6/+OmqepK0ALjBXHvz/wCOmodQv7HS7Vr/AFG6jghjGXllcAD1Uk0zXtd0zwzotz4g1q7WG1tIWkmkZugA+6a/Pf8Aaj/ay8VfGnxDPpOkXclp4ftpStvbxOczgceYfWviONeNcv4OwKqVFzVZfDDq/N9l5n3/AAJwFmfG+PdOk+SlD45vZeS7s+o/iF+3x8E/BEstnptxca1cRvtKWCjbn+6XPH8642D/AIKheCDxdfC3VlIPRbyI/wDATXxlBc7Y+vJOevX/AGTRLKSc4we5z/46a/nbF+MfGGIxDnTlGnHpFRT/ABZ/S+D8E+CMNQUKtOVSXWTk1+C0Psxv+CoHgsuXj+F+p47bryP/AL6FN/4ek+FlXaPhbf5Hrfr/AN8nivjPJXC7uP8APymkc56fnn/x01ivFvjR/wDL9f8AgMTsj4O8BLX6s/8AwOX+Z9j3H/BU7RTlrf4UzgH7u69H/fQ4qm3/AAVGMv8AqvhaMjs18f8Avk8V8gFwrfNz6AH/AMdNTQLNOQEhYnuB/wChCuil4ocZ4jRYj7ox/wAjeHhJwFSV3hNF3lL/ADPrP/h53qTMGX4Xwcdd12f++h8tOX/gp1qo/wCaaWxJ6f6Y3/fJ+Wvlmz8N+IdQR59P0O7nVfvtDAzAf7JwKuN4G8aRw/apfCOpiIc+a1lJtHsx28V0/wCvPG8o83t5W/wr/Izl4deHUHyvDQv/AIv+CfUEf/BTa5YbpfhlF+F8f++T8tSn/gpxbopD/DMj3F7/AOOnivlm18L69foZbHRrmdFOHeGNmAP90kCqGr6dfaXIbfUbOWB/7kqFT/unNc0/EDjWnDm+sSt3cV/kaQ8M/DurV9l9VjzdueV//Sj6yf8A4Ke6aP8AWfDaQf7t0P8Avk8U1v8AgqDpCY3/AA3nP0vB/wB8nivkBbTULr/j1spZuOfKjLYH904FZ8s4B2Hrnp6f7JrP/iInGkkn9Zf/AIDH/I7oeFHh5J2+prT+9L/5I+zD/wAFTtGQHf8ADK4J7f6aP++TxSj/AIKp+HAuX+F91z0xfD/vk18fweD/ABbqPha68bad4cvJ9KsXCXmoRQFooSf4gwHHUfnU3ijwB4n8G2+m3mvaW8MGr2CXmnT9UniYfdJ74PBHY12Q49475HP20uW178it+RK8L/C+dZUvq8eZtq3tJXuldr4t0uh9hL/wVR8I4Ab4aXgx1/03r/snApU/4Kn+DC5lPw9ugB/Cbg8/7JwP618ULs2jZgZ64P8A46aMDBAP4Y/8eFXHxI4wS1xCf/bsf8jR+Dfh9LbCtf8Ab0v8z7XuP+CqXgsqfL+Hl4D6mb/x01V/4eo+HwcH4d3B9vOPP+yeK+LnAf73GD2/9BNMPJORjHT5v/HTRLxM4tb/AIy/8BRK8GOAIr/dn/4Ez7j0j/gqZ8N55lTV/A+pwRswBkhCvt9mG6vbvhD+038Gvjha58E+KozcqPn0+5PlzD/ZKHkj3FflYF4Kkc9QQf8Ax01Y0bW9Y8M6nBrfh7VZrO7gcNFc27lXVh/CSK9TKvFviDCYhfW+WpDrpZ/JrqeFnXgJwlj8K1gXKjU6O/NG/mn+h+xgVsgsO3AP/oJo2t1x/n+8K+Z/2G/2zZfjCW+G/wARbhBrlrDm2uun2pR2b/ax19a+mmG04LDHbnr/ALJr+hsjzzA5/l8cXhXeL+9Ps/M/kzinhbNeE83nl+NXvR1TW0k9mvIZ/nr/AOOmgcnA/wA/7QpUJJO5fpg/+Omh8Z+Q8n3/APHTXrtnzvs2txA+FyVH5f8AjwpVc5GOgHb/ANBNQajqek6RaPeavqMFtBGCzSzyBQoH94npXnerftN+H9TkfS/hD4Q1jxpdq2wvotp/oin/AGrmQrEBkc4YmsJ16cHZs6sPgcRifgjp3ei+96HpY29+545/8dNYfjL4n/Dz4e2R1Dxr400zS4Qcbry9SMk/3ME5JrzKTwh+1t8Tr+Obxf4y0jwNpXDPp2gZvLyQdwZXConHoG71q+FP2Rvgh4U8SnxxdeGpNe1wk41fxLctezKScnZ5mVT8BwKiNTEVX7sLL+9/keh9QyrCq+Jr8z/lpq/3yen3XJNR+OHjDxvDFH8BvA39oq7fvNY8RLLZ2SJ/sYXfMfZQBjnNYmj6J4/s/wBoXwxq3jvxwNTubnQdV/0W2sVgtrUBrX90By7dTy7E8dq9ZS3jVdigKB/CMAAf3TXHa5Av/C/PCjF+mgaqcf8AA7X5TV1afJGMm7u69N0aYHHU3KrToUlCPs6mu8n7r3f+SR3S+/4YP/jpob0H4f8AxJpSRn5T+v8A46aD8x4H6/8AjprpZ827jWZweD19/wDx00hUEZX+f/jppQxDYPGPf/x001jlevP+flNKyBtjSXC4Lde3/spp8YAHB/X/AMdNN4J+YZ/H/wAdNPjHB9h3b/x007WGkOQlVyCPp/7MKcSGO1Sfz/8AHTTFLE8J+Z/8dNSkYOePwP8A46aCrNiEgcn+X/jwrzXwb9l8DftX+I9GvpTHF420O01Kw3KAslza7re4T3YRNbNj0z2HHpqqpO1fx/8AihXH/G74P3HxV0GyuvDOvvoviPQb0X3h3WY4twt7gAqdy/xxOpKuncH2Fedj6cpU/d3R9HkVaFGtKnUdozTV+3Z/eSftC/sh/An9q3wpF4J+OHhJ9W0+3vFurZItSmtmjlXowaF1J4PfI5r5I/4KB/8ABK/9iL4Vfsw+IPib4B+AOlDxDpUVsmmXjzu1zHmQReUp53SkOeWJz3zX098Ov2lvGFhO/hb46/CnUvD+p2o2S6hbp5un3TKOUEvGVI+bafmXOD0zWr4u/aC+BPijRv7Lv/E9ndW7zRvJDEon37XDBCoB7j9K5KOJr0GlGTXW1z1sTw9iq926PPf7SV7/ADPCf2ff+CPn7Kvw88B2sYi8V3U17DHd3MWuX8c8qTMisVO6MhCp4G3GMcYrsfGXwVX4FeEry1+Efg34h6jI42W8GkeK/I2k9Q2YZNvu3WvYIf2ivhxexh7Iai6v0KabKR/un5akf43+C2B22Oqvj/qGTf8AfJ4q6lWvXneo3L1ZhTyvE4ZcsaLj8j8df2nP2Lv2jv8Agqj+234T+APx1+HWveFPh74RtLme48Ypvu55w8a4YXMoEbSl/lCgE4jbK5OB7d+yp8Uf2kf+CS/w217/AIJ/6zbw3kWhXt5e/CfxZrFsYtO12Au8zWsMmNq3RBBRcgZJUA8V+jkXxu8K+ViLQNYJ35/5BEmM+jcVnav8RPBeuFLrUfA+qXOyZXWObw/IwDqeAwKkZHY+9VPEqpBQlH3V01+8wjk9Tnc9eZve36H5B/t6ft2ftG618N7G5+I/7DtppWq+IHmutNutR8PST3FherIFKxzIxMDg5ykq/MuCpOav/Cn4Rf8ABQz4ufFzwL/wVTtdVk0b4reDLx7S58EeMNGazsdX0wQCAxwyIWYebHuVt6nkhgeeP1h1f4meDtSjb7V8OdVuER8+VNobNuP90hhWD4y+N1kXt3h+Dfiu5CAhXi0E5Uf3Tk9OKuOLhGCjGCX3v5ai/sWvWqN1Jtp+i1Wx0/xo8GXH7Uvww0vStZ8X+LfBjyiC+nXw1rAtbuJymSnmBTuCljnAAJUdqvfD7wanw88JWfhIeJtX1j7HHs/tLXr37Rdze8kmBuP4CvP7f9p6+Fvsi+BfjbgAAnR8Z9FPzU0/tLa3M5WP4E+MuP72noB/unL1zOo2jrjl1aO0fxNL9rT9mv4e/tffADxL+z38UIZf7H8SWJt5ZrbAmt3BDRhiQQHR1VhkY4xXxL8Af+CM/wC0enhvw7+zV+13+1vbeNvgn4G1tb/Q/DGm6ZLbXuurFL5tq8srudttG4DGKPcW2qNygYr7KP7QHiu4BKfA7xMMjjzY4R/wE/PUE/xu+IJb/RvgnrKnPBkuYV/4CcMacMRUpx5U9BSyepXmpSj+P/BOt+OfwQ+GX7RfwG8Qfsy/FXQ/tHhbxLo76bqFrauInhjIHlx7sEJJEyo6HGAUGQRmvz3+Gv8Awb+ftH6jq3gz4BftD/tzr4z/AGdvh34hGq6D4Ii02aC91JUkMkYfLGOOMN94oXyCwVU4x9oSfF/4tSt50Xwgu8joG1GMf8BPNJD8aPj0if6F8F71iMnC6zACP9k5NKGJqQi4xNKmQuu1K6XzD9t/9rvxv8FNEP7P/wCy18CtZ+IPxR1XTQukaRp1m0OmaOj5SK7vL1wIIIlIyI9/mMF4UDmvANT8Wyf8E3P+CUcnwU+NRu2+KPi221CxtDolg9/Bq+vag00nliaJQEXc+AXA+736174PjH+0I8yvcfAzUX54P262bH+yf3gqzD8W/iVdSRyeIvgLqrrFKsqDybaTa46BsyHB96cMWo2Tj6mj4dxM9Y1I39VZfid1+xJ8Hpf2e/2Svh/8HLu0WG70HwvaW9+inpc+WDMpPf8AeFq9QJyfmP8An+6a8ej/AGnfEEEYE/wR8TAjj5bNT/wIbWNQ3f7VviSKM/Zvgb4ldh0DWJ/75ODXSsxw/n9zOZ8L5o3py/8Agcf8z2gAE4LZ/H/x005Yx/Dyfp/48K+e7r9sL4lxsRbfs4eJm2/xHTX/AO+Tg4/WqjftkfGtifs/7NOv49WsGH/AT8w/nU/2phr7P7mX/qlmvV01/wBxIf5n0iEB6t+R/wDHTS7F7/z/APHTXzSv7YX7QMsmU/Zp1YD/AGrcD/gJ/eVIn7WX7SFwQkH7M1/yerzRr/wE5ep/tXDdpf8AgLK/1SzL+en/AODIf5n0kEUHGfzP/jpo2Kep/L/0E1892/7SX7Udwu5f2Z5xnoG1KBf+AnL1L/w0d+0+vEn7Ncox0zrNuM/7J+ems2w21pf+Av8AyIfCWY3+On/4Mh/me/NEMBgfzP8A46aayr27d8/+OmvA4/2k/wBpuRT/AMYxSEj112Af8BPzVDN+1D+0xE5P/DLjnH/Udh/75PNN5thWtpf+Ay/yCPCOaXspU/8AwZD/AOSPoIIoJYfz/wDHTQoGQpP6/wDjpr5xf9rf9pCA7Zv2UrrP+xrMR/4CcVGv7Yv7QbzC1f8AZR1VCerfb42H+6c7aX9r4L+9/wCAy/yK/wBTc56On/4Mh/8AJH0kyog2k4HqT/46a4P4meO9Yv7n/hW3wwRLjXLpQLq8PMGkxHrJN6nH3Y+rH0AJryL/AIac+JfiCRrLx98OvGOh2gkwyaB4d+0SMv8AeEvmHAPTKqT3Bruvhn+0L+zpHbJ4W8PawdDmebDW2v20lnPNK3Xe0wBkY+uSela08fh8Q+VSt66P8TPEcO4/K6ftZUnUktuX3orzbV7+h23gjwTpHw68MW3hTSXeRIMtLcSnMk8rHLtIe7MSSfrWlK65+YD8v/HTRJPHIu+NgwPIIHb+8KryyKBgnr7/APjpr04RUVZHxdWdSpUcpvV7hJJhtpxg9Dn/AMdNROUHB5/H/wAdNI8oPOPwz/46aYXA6nn2/wDQTSuQMGAu4859/wDx000plyDx+P8A46aVWZlK44+v/jpo/wA9f/HTRdMojwd33s/j/wCOmj/PX/x00u1m5/r/AOOmk/z1/wDHTSGMkGDyf8/3TSkKwxnp/naaJQc7T/P/AMdNNByP/r/+Omiw9wLEDkn8/wDx00jAhR6fX/x00itn5W/PP/jpoc4GQ3/j3/jpo5UxClsDIP6/+Omm7m9f8/3TTiAwwB9Of/HTTGyvUfr/AOOmk4oerEeQj5s/5/umkO7HyHj/AD8ppTyvPp6/+OmmGRkHB/X/AMdNTYNbD0ct1P5/+hCl/wA9f/HTUf8Anp/48KUs3TP+f7poQW6kvmEHj/P+yakhlHR25+v/AI6arhuzH6H/ANlNOB9D+R/8dNU9rCLO4Yxt/X/x01EST1P6/wDjppyuCuSf1/8AHTRvU9R/n+6agAGGTAXGOp/9lNN/z1/8dNOZlK4zz6Z/8dNKiZ4B6+3/AI8KCle5zXxitJr34TeI7WBWLnSZ9oQ8/dJ2n8q6DwHc2mqeDNJ1CxIMM2nQGIgdvLHymppbdLq3ktp4wySIVcEcEEYLD8K4r4R6zJ8Ptbm+CviSUqsDPL4cuZeFuLZmztjP9+POMemDXz2Naw2bwrT+GceS/Zp3X33Z9Rgb4rJp0I/FCXPbvFqz+6yfo7npAUAY/wA/7pqSNDtyB+v/AI6akCcZPPvj/wAeFOVC3AH6/wDjpr0OVWPM5tT4U/4LI/sUfsWeLfCVv+3t+0npUb6l8LobWW3e81BI7S8hS6R1QxyKVmV2Yrs77sc8V4b/AMFhdJ/Zy8Oftj/s4/D7Qf2dfh7aeAdbhm1TxPbad8PNPJvbNjGApKQ7iFXnj+9XpH/BWT9k/wDac/4K9fEyX9g74F+KLfwf4D8A6NHr3jnxfq1rI9lqWtzFvsFjbhOZGjjRp5NufLE0RIyy14t4x1v/AILGfs6+P/gl4o1v/glDffEPW/g78O7jwhq2p6Rr8GpaZ4lixCiSO8KGWGTy7eElJIwQxPHNbUIK8Z3va+l7HJiKj5nFKz01seyfBZf+CGA0wXMPw6+G2nXSQGO9jv8AwstiYpAMMCrxpt5zXyb+3zqvwf8AjF/wUZ+Dn7PX7Dlz4SubaysLePwxNoyRpplvdSyPlT5eFZlVQTwSC4Br6/8ADf8AwVa+LviEx6f+0F/wQj+N/hy5nBU3mleDV1KBGP8AeLRxkAdc4/lXPaB/wSwsP2iP+ChelftqeHfh/d+CfAGiW1rImj3+mNpt/eaiqGR2kgwDGoEiZcj5nidfQkwtOlDETqVJOOjteSab9DLFVqs6MadOClqr2TWhqQ+Jf20/+CXHwUXQPj/8AR8TNO0u3mk03XPhjOTLbwhifNngdWZFHPzjjCnjitv4Pf8ABNX9or/go3BcftQftKftEf8ACDeE/iH4WgsbXwV8KNRjkkvdF8xpopJ9RIPmEs5ZkRdvJU55Fdd/wRB+A3xN0z4e/Er43fHTxZr2t3fjvx/qKaLF4gvZJ/L0i1uZ47ZSHJwr7n6dQq13Pi/4oT/8EmPFGpavF4VudS+Cfiy7luLSys5gr+Fdak+byEV/lFpcPkhcjZIWAGGArnpwo08VJRS5u66+lzunUxFTCRk2+X+X+tTwb4lfsNeOf2H/AI+fDL9mj9kD/gpD8WvClp4zjv3tvC9w+m6hZ2a28asd8MtuNoYkL9QPSqP7Ufw8/bm+JPxl8If8E5vj5+2hpnj3wV8T9Pvj4ktdW+FmnR3EMFtH5gQyxsNkhwdrgZU4Patf9h/wP+1f+3R+3tf/APBST9or4c3/AIL8J6Vaz6b8PPDWpZWdrc4CF0PIUgs5cgZY4HHT0v4saBrdx/wWX+HGs3OkXhsIPAeqS212bVvJ3lCjIXxt3DI4znmumVaPt+TmTaV36mX1eSwyqcr1kvudj2L9mT9mHR/2U/gxpXwS0X4leLvFVlpCbLPUPGer/bbuOPgCISbVxGo4VecDjNdZqMEcZPygY9v/AB0101+Byx/z/tCvPviz490T4e+GrvxJr98kFvbxM7u7Y6dFPueleLi61OjSlVqOyWp72BoVa9WNCkrt6JHzj+0J45+Jl5+0zpnhT4V+IhbywaPm4txGHDMX4Ujv7V6d4C8O/tU6xo4lvtT0i1ZPl3XtkVdsdmANYX7Gnwn8QeJfGOsftS/ESxMFzrsu3w9ZTL80VoCdpkB+6W4wPTPrX0gQBj5fYAdv9k4r5XJeHMyx+InmFWvOnCbuoJ207+Vz7PibibK8BRpZXh6FOrKlBKU3FP3t2l3tc8uh8EftIDIk8beHRnp/xL3OP9k809vBv7SKn5fHXhrjv/ZD/wDfQ+avTSxOM9v87TQWY9T+v/jpr7CORqP/AC/qf+Bs+AlnspP+DT/8AR5l/wAIt+0ovB8eeGR/3Bm/75Pz0HQP2kgfm+IXhpfTb4fY/wDAT+8r0mQEjcp/X/x01GyqV4b9f/HTVPJ2tq1T/wADYo51J/8ALqn/AOAI8/g0T9owYEnxQ0Bf9zw1k/7p/eVPHofx4Zv9J+LmnD1EXhlB/wABOXNdusals9MdP/ihSFMMXAyD7f8AjwoWWuP25/8Agcv8webTf2If+AR/yOQfw98V5v8Aj5+L/BGD9n0CFCP9kkk81q+GrdNM8QX2iS3s13cx6ZZzXN7cY3zMzTL82ABxswBjitsx4AXAH4/+Omuatr6PT/itrK384igk0PTzEXPDMJLncp+mR+YrOpQhhK9GcpP4ratv7L7lRr1cbRqwSWkb2SSv70eyOnxlcEDr1z/46aQIoJy3X0H/AI8Kq/2/ofLHVYMAZ/1nT/ZNQv4x8KRcPr9vkckb+R/smu+eOwkXrNfeedHAYyptTb+TNARgggH9f/HTTlQDGV5HfP8A46axpfiP4Ftojc3Hia3VF6ndn/gJqmPjZ8KhkHxtZ8dSSQB/sk4rP+0sBe3tF96K/srMmrqjL7ma2peGtE1KY3V5psTS44lX5XH+yWHNU20zXtLjC6PqIuUU8w6hknH90uOR+INZl98fPhLp/wAreNLaUnosCvIT/skAVHcfGPwxqEROiaPrV6WGUe20SZk/3gxUAVx1sbl0XzwnaX93f8N/mddHAZv8Mqbt/eWn47FO9/aB+HugeLW8D+L9TGk6omP3F267CD0UyA4OffBrt9P1bTNRhFzZXcckbDIkVgykeqkcV+en7U/jPVvE3xPvrubTZNPaPEf2OdArx4HRsdD/AI1V/Zz+Kn7RVl4ni0T4XLqF+C2DZMxkhP8AvZ4Ue/Ffj+E8YcyoZxUwmIoe1pqbjFxVp2Tsrx2b+4/dcX4HYHEcO0sxw+JVGo4KUozd4XavpLp+Pqe6/wDBSr413WjaRY/CTRb0xvfqJtQKN/AOin8q+MYcg88/5+8K9V/bNvPE998Xlm8a21rBqZ0+A3lrZzb0ibb90k9815OJNuFIz7/+ymvyTxDznE53xRWq1LpRfLFPokvz7n7R4a5Hhsi4Ow9GnZykuaTWzbe9+q7E8Zz85PI9/wDx00oZzyefx/8AHTULE9Sf8/3TQj91b9f/AB018Tax9xyak6qCfmbr7/8AjppzKiDK8+wb/wAdNRqx28Dp3/8AZTSqxLYP+f8AZNWnYTuBiVysbvtGeSO3+ya+8P2HPCfhLSPhFHe3Xi34UXUsjtum1bRZri5iPHDE7fyFfB0hKx5Y+uMH/wAdNfb/APwSynlf4UayZrfR5VGrEKdTGMfIPlJ7Cv0vwsqxhxHZxveL6vT7j8w8W6VSfCntIzaUZxuklre/Vn1z4Z1jwToHw8l8WWmveAnVAVN3pulm1td4OApw7t1rhvHfxH+KXi7wveWXgnS/AN088JiYg3UmVYY2kbRz+FdL4ni8NXXwFS3vLLw+gudQRJI4ZAIS/nZ2k9zxXG/F/TtE8IfCTUdR0mys7do7cMHspcc4+8CBX9D5zjq8cL7OLSjy3dvP1TP5fyXLsNXxacrynKryx5ldaW1dmuvY8D/ZB+Cv7fnw21fUNA0rxfZ2OjajqEk8/wDxIIJY1yR8mZAH/Ja3/wBovQdb0SDxf4w+N0Vh4nvvC2iw3dl5+kJbKR8xKEKvOSo/KvK/+CO+gftGfEvx74h+Mvi34p69aeE7LWbq2tdPmuJJI5SHHDb2IAA9BX098XvCnhr4i+OPiL8PfiT8ZNDSy1nwzBbafcNLGlxZgmQMZF6fLwcnGQa+SxuVfWcjUE23fROS5fhfTTr+J9tjcznl/F0+dQ91LnlCDUviimm1d3tuk9j5/wD2Ff2sPAP7QPiXUPh8nwX0zQbqysDPDLbBXWVc4KkFQRXzJa/Cfxb8YP2i9U+GfgDTTNPP4guk37cRwRiVtzSHsoHPv0r6h/Z3+DX7FH7EXiW/8e3X7VVt4l1p7OS3js9O2OoHHylEBJPHXOO9eefCr9tv4dfAfXtdg0j4HnUP7c1Waa/1san5d40TMT5Y+QqvXOPfHavg8bl7rRw9PF1IqMXK6TTfTT3br59j9KyPG4uhjcficgw86nNCCjz3iubW7XtGm7b6blX9vT4veEP2e/hRZfsTfB+7jmnEMT+LNRiYbt4O4qSP43b5m9BgCrv7HEGh/tjfsnap+z74juo18VeDHNz4ZvJPveQxyFPqu7KkehU16dqPw8/4Jc6/8H4/2qvHHww8RfYta1J7eV7i/nkmN3yWDCOQA9Ccjjitv9n3wH+xHP4W1v49fsxeE9d0e80C2mV5pr+VN2I9+0o7OrKRjr3r6KjhKEq6hUlF03G3IpP4LaW93oldeep8/VzL6pkjdPD4iNenVTdaUFy+3vZqTU3o78rXZ2PhHxX4U8QeB/EN14W8TadNZ31nKY7i3njIZSP4T/j3FZxYbQwPU88/+Omu4/aH/aX8YftF+I4PEHirR9JtZrdDGr6XZCMy89ZGJLMfqcelefCZgcvn8D/46a/JMfDCQxc44aTlBbNqz+4/pfKZ5jVy6nPH01TrNe9FPmV/J2X/AANiZpEGQvr6/wDjpqJ3Ddvfr/46aQuCOB17f+zCmvlfvDPv/wCymuBpHpJNjvPyQcdP9r/x00OQAT6+/wD46aiGc8Dt0J/8dNNeTaMk/Xn/AMdNZyXU0grm98N/GOq+AfHGleMNGuPLns7xJFIOMgHlT+FfrL4N8W2HiTwdYeKBcKsdzaJKSW6ZUEqa/HWW7EeAfwGf/HTX35+zL4K+CPjH4M+Hr34m/Fy41y8axHm6DqnigR2loc8Ri2RlDAY6Sbq/cPBrH4iOIxGE+y0pK767P7z+evpBZHhcVgMHjpNqUZOOkbtpq618rdT3m7+OPgCHUW0fRtQl1m9XIktNDt2u3Q/7XlghPqxAqjr+o/Grxjp/2TwjDY+ExL96/wBURby6jX+6YEbyt3u0hHqp6Vq+Hf8AhAtE0yLSPCt1pNtZwjENtYTRJGg/ulUOBWkNU0pB82p2/wBfPX/vk81+9xhKXxy+4/lSUqWHl+4o/OWr+7RfmcT4f/Zw8KLNDqvxO1rU/HGqRkt9s8T3AlhRic+X9lULBF/wFM+5r0O2htbKFbW0gjijUYWOJAqgf3MDpVN/EOgW6Ym12zUf7V2n/fJ5qvL418HwE+f4s01AOu6+jH/ATzWyVOC0scdRYuvK8038nb/gGuzrnH+f900x1/hJ/wA/3TWG3xK+HkfD+OdGH11SIf8AAT81Ml+KfwzjGX+Imgj66xD/AN8n5qpTj3MpYXEpfBL7n/kbbBeh7ev/AKCa5HWEVvjv4bG3lfDeqNknt5toNpq63xd+FCHEnxO8Og+h1uDP+6fnrn18c+Cta+Oem3eleLtKuIbTwhd75YNRidFaS6gwpIbAOIycVlXqQcYq63R0Zfh68J1pOLX7ufR9VZHojvg9P1/8dNNLsep/X/x01QfxT4UB58U6aPc6hF/3yfmpP+Er8K/9DRpn/gxi/wC+T81ac8X1OD6vWt8L+5l/J7nP4/8AjpprNkYH4/8AxJqg/ifwy3H/AAlGmn6X8f8A3yfmph8U+GlbYfEmnZPQC/j/AO+TzTU423JeHrfyv7maSy7Tknjv/wDEmlaU/T05/wDHTWf/AG/or/d1q0IPcXKn/gJ5ok1zR1GX1i14/wCnpf8Avk81XMu5HsqnZ/caSy4IHUjrz/46aljkGck5H0/8eFZDa7pkaFxqduRjP/Hwv/fJ5r4F/aV/4KyfED9kf9qbVPhzeaHZeKPDCtHNsjlC3FurjLRhx8pwegI6d687Mc1wuV04zrbN201Pr+EOCc740xdTC5bFOpCLlZu10t0m9L9u5+i0ZLtgjB+v/jpqzd6vo/hnQ7rxJ4h1CCzsbG3ee8u7mQJHDGilnMjHgKACST0ANeGfsj/t+/s6fte2MbfD3xYttqmwefoWplYrqM9yq5+b6jIrF/b/ANfv/ij40+H37Cnhy/aP/hYF7JqHjR4Gw0egWZVpowe3nyNHH7rvFZvH4bFYf2tCSkn2FU4czTLM1+oZjSlRmtWpJppLVv0t1R03wIstX/bEvpf2h/iLBcp4IlYxfDvwlcKUiuLUN/x/X8f/AC0ebAaJHGI48HG5zj17Xrr4a/CfSbbUNUs9O0q3utUtNOtCtuqB7m5mWGGIADlmdwAPrXS+HtJ0/wAPaPbaLpdpHBb2sKwwQxDCoqgAJj0AGK/OL/gub+11FovxZ+CP7LPw81C3utXg+Jmj+LPEqQ5maC2tLjMUQSLLeY2TIIyASoQjO6s6FGdR8sTHG42VOm2m1BbJP7j768cfEb4YeA/EsPg3xL8QNG0zVbmMSW2n3mpQwzSISQGCsQcZBGfY1D/bNlfJ51jrMEqH+OGZJF/3gVyK/Jj9p39o7UPi/wDtceJfiHq+maP/AKPcx2enSa74U1u2lgjSNCFJa0JHMjEFXGNxr66/4J4ftCWXjXSNQ8BS+LfBt29lAs5sdAutReWFWJzvS8iUj7o6f4VrXwrp0VOV7nBhcwlOvyW+Z9TzyzBVk+1uFkHyMUwG/wBk8c1TmS6ALG7lI+n/AI6eK/Je10228a+Ov2uvjL8ZbDxX4it/CF9dN4Ljk8d3tpHYuHnzCqQyr5KjYmFAKhRwK8z+FOp/B7x5+zx4l+L9qviKRtKEglsNJ/aTuhdJgDG6KSBSDz93J6HrTWCT3fVLbur9wefVUtKd9+r6O3Y/aeVpUkKyzSAgdG649GqF3bA8xyQT/lTX59/tDfFr4mfsi/8ABHjw34r+D3xB1m08QSaZoo0/XNTvPtl3A1zKjyMHlBDnDMvIxg9BXtv7Dn7TXjLx58PbqH9oz4i6DFqGjaPpF7ea5qEtvpkLpeW28SlnZYw/mRzDI2jAHHU1k8JLkclqkd0M0pyrRpSVm1c+lfC+uaJ4ghvTo+qRXX9n6lLZ3QjkDGGaPG5TjowBBx/tCs/4ofFz4a/BTw3H4r+J/ieDSdPmvI7SCaVWYzTucJCqqCzucHCqCeDXgX/BOb4peCvF/ir44aXp/jzQLnHxm1CfTWtNftpkureS1tWVSySEOpIbkf3ax/2wvH2j6z+3b8KPhHqt3btb6boGpeIIG3CaKW4BWJVIUkNIio5/2Q+e9S8O1U5WNZlGWH9pCzf/AAT6P0v48fBLU7ezvLb4kaN5N9JHFaSTXyxiaV/uxKHwTIeyfeJ7Vs/EPXdA8J+Gk1m/u4oklmEVvJIcCWQ8eWP7zew54r8z/wBr3TtI8e+Mvhn+zP4vitZtL1r4yWUd34msplt47TMUkrp9oG7y5MEDjPbpX1R+1F8FfDd98HL/AMKeJvh5fWmlaOouNM8ZaR43nWysmVMBSkKTXUmzhseUQx35dM1VOhSmk3Lf/P1JeZVacmpQ1Xm+up68nxD8NPocevx6hEbaQczIwZQeRhiOByCM+1dH8OdYsde1zVtGV0aTTkgyFdWGJAzANjtgfqD3r8hW/wCChsFn4L0G2+KWsWd54Js9VurDXvFWh311cQ3GovExsDJPHGRbtK8m5oWVnUKGcDdx9N/CH/goV4B/Zgh8I698VNJtdDtvHPia9tNekuNR8xNLiitrVIFOCxZN4A4HHm9q6p5fKmrrW+xNHOlWqcstD9CzYRk42/p/48KG05Oyfr/46a4L9oH9o2P4DeD7TxlZ/B7xx42W7ukiTT/A2gtfXCBlJ3SjKhU4xknqQK9B8Has3jHwpp3iltD1DTDqFnHcHTtVt/KubbeobDJk7HXOCueCCK5nRkt0en7WPNa5Xl05QOR07Y/8dNQGyjYgGM4PQnv/ALJriP23v2htP/ZG/Zb8Y/tDajpy3n/CN6UZbWzY4W5uXZY4I89g0roD7Zr4b8I69+1n+z98BdL/AOCnvj79oTxL4ginvbK9+Jngm/uQ+kNo93MsclvHAR/oz2wlWSN1OSIyGDA1VLCTrJyj0M62Np0HGMt2fo0bBCMFOOx2/wDjwqiW02PUotNluY1mnyYYiwDOB1Ug8kCrvjPxVoHgv4Y6r8UtTvM6TpWhzapcXC45t44TKQ3bO0HHavyE+F3wR/aG/wCCgf7LHjz/AILDQ/GvxNo3xL0jXb7UvhHotpfFNLsNMsT8oSH/AJaCQI6se/JOc0UMM6rfQjEYyNGy3bP2DXRUVQRGM+v/ALKa88+In7RHgL4eS+IbKCC41u/8J6I2reIdN0WNZZ7G1Cs6tLkhULqjlVJ3MEbAOK83+Bv/AAUp8KfGP/gmHo37c3hjwzNq2vato4s7fwTprB7q58R7vI+xW69TuucAHsjbjxzXo3/BPL9jfxV8BfgNqp/aU1S31L4jfEu9l1v4jXE86uoubhABbRHp5UMeI1HQYOOK0jRjG7l00PPrY9qSUOup1Pw2+IPhr4peBdK+IXhG/W60zWbCK8sJ16SRSIHRx9QRW0zE8H/P+ya/P79kj9q/wJ/wTm+NGuf8EuP2uvG0Xh0+H9VeX4PeK9ZmCadrugXLmS1hW5PyJPFuaLa5G4rgc4B++bDUbTU7ZL2znSWKVQ0UsThldSMhSRwRjvTnTUGdmHrwxEdHr1RJ5UacrGMnrx/46aRoY9uQnPf/AOJNSf56/wDjpo/z1/8AHTUxUep0SuiE2kJGdgI9P/ZTTWsYD0gT6kf+OmrAHYD9P/HhQEYcEjPv/wCgmtFyMm7XUrfYLcYHljHf/wCJNZnibwD4T8aaPNonizw/a6hZyghre6hDqcjlTkZBx3HNbYByf3f15/8AHTSsmcBh9Of/AB01EoxtZoiM6lOfNFtNdVozxu7ufEf7Joj1OyvbzVfh8Jkjv7a/nMtxoSscDfI2WkgBwChyyjkHHT2ux1C31Oyi1KymWSGeMPFIpyGUjIUnuMVleJNE03xJol74d1i1Sa0vbaSC6idcq8bqQyn8Ca8Z/YI8YaofDHi34B+JLr7RffDPxVPosUzN88lltV7Qye/lMBn27Yp4abpVlTv7r28n2NM3wsc0ymePsvbUmueytzQk7KTtpdSsm+t9T3/ep+8QPx/8dNIXyMDt/naaaMlun5f+gmjexzhPrg/+OmvSasfC2GqWxhjxj1/8dNKULEkj9f8Ax005FUrgH9f/AB004soGQf0/8eFQ20NJkQAILY/X/wAeFIWBIBHT36/7Jof73/1//HTSYY8Kefr/AOOmqWpQ13JO3PT0/wDQTTFYNyD+v/jpp7RuD8w/X/x00ipkc9Pr/wCOmnp1Ai/z1/8AHTTiSw+7+v8A46aGUA7gMY9T/wCOmgp6t/n+6aQArAKD/T/x4U0Z7/z/APHTQ6nGM/kf/HTSKCOp/T/x4U27gAZUGMdff/x00wxkLuz79f8Ax00cK+Tzn/O00o+c5DHj/O01LAT8f1/8dNKFJBPp7/8Ajpof09uMf+gmk/z1/wDHTUrcvoKuM8/y/wDHhTgCwyn48/8Ajppo+Y/Mf1/8dNKCcgZx9R/48KaYWJV6AD+f/jpp4kPTgfh/46aYuNv/ANf/AMdNKDg8Hn6/+OmpHZDiUPUf5/umnxxHdgnHp83/AI6ajVGbp/P/AMdNSRswPzHv6f8AjwoKSuybYF6j8z/46awvHvw/0P4g6Q2lamjo6tvtruFtktvIOilhyDW0X25Vuen8X/jppSwKjaSPx/8AHTXDjaFLE0nTqK6Z6GFq1MNVVSm7NHn3hnxP8cPhkBonjLSx4v05Di31TTgsV7GnYvGxCyHH8SkE+ldPcfH/AMBWdhJLdxatbyxpkwXOi3CHP90/Jgn6VuKibckg+gz/AOOmlFvG2FkjGD6/+gmvKhhsTQjyU6rt56/juepPE4evLnqUlfydk/lscD4G+NPw48PS3+q6bfxWkmsXhur8PC8TyS7VTMmVGTsRBn0UV1C/tF+AWjLt4qtAe4Mn/jwrYTT7EnabWPrzlR/3yal/srTnGx7OEj3RT/wE8VxwwWJpK3tLm9TFYWrPm9nYxT8fvh3IoL+N7Mbuwuf/AB00q/Hr4c+Swj8Z2W/BwTN0/wBk1troukD/AJcYc9sRD/vk8VNHo+lopIsIh/2zH/fJq/quIf2/wEq+FX2Wcz4c+L3wy8OaRFpWg63YpBACEit8Kq5JJUgDHUk/jSeL/iT8HPHegt4c8XXmn31hK6PPZ3sIkik2uGDBWGDggH6iuti0+xKAJaIB/uj/AL5NO+wWaHAt1/BR/wB8mtI4HEzfx/gH13Bwd5U39/8AwDBX9oP4S2luqR+JrZVQbUVFOAB/BwKxPEH7SPwajlEs2trJLFko0dqzsueqn5cjNdtJptix2vbRn/gI/wC+TTDp9nES8dtGPcKP++TxWiyrHNe7VS/7df8AmUs0ymO9CT/7fS/9tPINa/ahk8Ql7H4W/CvxHrs54ik/s5oIAf7/AJkm0Yrn9J/Z78bfFvxDb+Mv2jbqI2tpMJrDwlZS7rdHHKzu3/LUj06CvfJFBTA49gvX/aFV5YgzE7cen/xJrWjkEJVVUxVR1LbLaP3dfmZV+J50aTp4GiqV9HK/NO3lJ7fJIqwW8VvELeGJURBhAowAOykUrOqjJHT3/wDHTTm3fw/z/wDHTUUmOh69sf8AoJr6OysfJNtu7FMm5un6/wDjppsrgHbz/n+E0n+en/jwpGBIwP5/+OmpaAQyN90Hj/Pymm/56/8AjppdrZ2nv6H/AMdNGxidoHP1/wDHTUlxG7hnaf8AP+yaUHPIP6/+Omggdx/n+6aRX+XGOnYf+gmgabHAdGHr6f8AjwqreXGm2F7cXt68agxRjdIR2z8pJ7cmrUZfrt/X/wAdNcR4p+HXh/4geNp5PE7XU0NjbwCOxS4ZIJC28kyIuN57c15eZ8yjBQSbcuvoz1Ms5JVJuUrJR6eqOgsvGegandm00qaG4YcYtwJAp9GxxVtdKuriTz3v1iz1WOwizj+8Cymk0PRNJ0KyWw0fT4LaJB8scMYUf7pAq+pHAP44/wDQTWUKF179jWde0v3bdvMqjw/GV8qXV791PVRMsYP+ydirTD4R8OFcy6TFKV+6bnMxB/unzM4rQLeWfkbP4/8AjpqOeXavmvKEXGWLHAA/umtfY0Yq7SMPb15aKTGQ20FsBFBEkQA4WKMKP904FSpe2dhE17qV2kUakb5JZAoA9GJrnr7xvJeyGx8H6Z/aU2QrTqdsEX+8/f6DJqKy8APqdyureNLz+0rhGzFAwxbxf7Gzufc5zXN7epWlyYWHN57RXz6/I63hoUYc+LnyrstZP5dF5ux5v48/ZM+Gnxo+KVz49udau7yzuiMWlomwSsBzvkYYCfQH61638PfhB4N+Hmjpo/h3QbOwhQgG3sogobHd2PzOfcmt20ijXCqAvH3VGB/unFWC7bt57e//AI6a4sq4PybLMZUxipRdao23K3V72veyOzNuNM8zXCU8HOtL2NNKMY36JWV7aXPhn/gpl8Ebzw94rsfino9m5sLxBDdOqcRSDoG+or5SEhBA6/j/AOOmv15+I3gDw58WPBN94C8Y2/mWV/GVZgMmM/whvQg1+X37SP7PPjf9nPxtP4f8RWskunyMW0vU0T93cR9lJ7MB1WvwPxW4JxWW5nLNMPG9Gq7yt9mXX5Puf0x4MceYTNspjk+Jmo16KtG7+OPl3a2t8ziFlzk55Hv/AOOmlEpOAx/T/wAeFUBeA/dbt1z/AOOmpYZyVye3fd/46a/GXBn7q7MvxT8YP8//AB01IHBGc4P+flNU0kyMFv1/8dNTRtk8f5/2TU2RnJcpZRRMRAGwZDgEvjr/AAn0r7p/Ymiu/wBnb4cX3hPxNoWuGXUbk3Syz/Dt9RgAZFwnnQT5Ycf3R1r4ShvZLSRLqGUrLGwZG9CDkBq9v0r/AIKa/tNeH7SKzOt6NNHboEQy6FCpwBgKdm2v0Hw+zfKcjx88Ti2+a1o2V1Z731R+c+IuQ55xHltPB4GMXC95Xlyu6+G3uy037H6LaZbeAfGXwwt5dQghlggLXI09dEGmuzL820rcnKH64rz3xz47+Hfi7whe+E1+B3xEVLsNbI1pDbMAxUqASZSMdDkV8a3f/BVj9oy9tGt7qLw86suP3mkbsD+8AzkD8AKxH/4KV/tBcvYvoVoem+20WNTz/CT2r9cxfHnD+IpWgntb4P8AM/F8D4V8Y4Wo5TUV73MrVWrP5LX7j3b9lP8AaX0L4I/B/wAX/szXujXGm63pEt3NYpeoqvKruxUMR1fjn6iqPwe8E6dZ/Ef4n/H34pyRPpun+FksUhu3yJf3Ak+bdwW7D618feKPjL4r8ZeOz8RfE13HdajJMryusIQSYbO1tv5VsfGH9qbx98VtHm8HiGLTNIu74XV5bWxObhwoUBj3UAdK+Ir8Se10+zFWimradL/10P0RcD4inzqhaMq7Tqyvflaavy9dUe2f8EyNV/Z9m+I+t2vxTt7IXV9AF0Q6q6+WQ7NvjweCeV6imeJ/2H/G/jb9qnXfg98PtI22NreGeTUX4t7W1fDB9w6gA4AHUj6mvluyxAAkMpQ7CdycHH90mu6tf2lPi7bfDkfDa28XXMdsbxppbyO5kW5lBXblZA3KY/hrzqOeYSrQjSxFP4G3eNk2n0f+f4H0+N4azrDZtVx+U4izqwUOWavGDW04pPXS/u9b6n1V+2LpHwN0z4TeD/2F/g74ytrzXtM1Zbu9SJvNUuscnmF2TgSMzgheSPQCun/Z4+FXiH4J/sf+O9G8dacllfXljezCIEHCCAqHGOOtfB/w98Z6t8OvGNl460S4Vb2xkLwmQZBbHIb1zmuu+Kf7V3xi+Klm9hrvimaK2kXbJbWhMaOvowB5H1rSfE+F+szq+zd+Xlik/dStbfc4ZcAZ7PLaWWUsSpUnP2tWpP4pVOfmdkuj82eZ24EabW5645/8dNWI2BXqM9uf/HTVYMDIS3c+v/jpqRXA6HH+fumvieVo/a+ZNk3P3lH4Z/8AHTTCwYfN36//ABJppkLAnd+v/jpppf0H6/8AjppWD3RxPYHn6/8AjpqKYgcH6Z/9lNJJIQc7/wBf/HTULyu/7qNCzN0UHkn+6aag5OyVxqaS1LPh7SLzxJ4msfD+nQtJPeXKxxIp5JY42mv1P8Mfsl/AKx8J6XpGvfCPQL65ttPjinmudOjZ3cKN24kZzmvmf/gnr+xvraa9bfHP4maW1rBbIH0SxuEw8rdmlB+6B1HrxX3B5hZyHGMn1/8AHTX9I+FfDNfLMBUxmKhaVS1k1ryr8rn8eePHHlHNczpZXllduNG7m4t2cnpa63sjzu4/ZA/ZmlIdfgto0WOvkRtH/wABO0ioR+x5+zUh3D4VWeQeCbqb/vk/PXpbSZHXj6/+Omk/z0/8eFfrEaNH+Vfcfz9/amaf8/5/+BM86j/ZM/Z0tyRH8KNOyf77SN/wE5Y1Ov7NHwFt0YQfCrSF3f8ATDOP9k5rvj7n9f8Ax00z5c9OPr/46aPYUb/CvuD+1szf/L6f/gTOGH7OfwPXhPhnpAA/6c1/75PFKP2d/ggPvfDHR/xskP8AwE8V2xKrx/I/+OmmllHIBP8An7wprDUV0X3A80zHrWl/4E/8zjF/Z6+CUZ3p8L9Gz6mwQ/8AATxUj/AD4LSxG3n+GGiNH3U2EeD/ALJ4rrHkC49/f/x00qsGGR/P/wAdNL6vR/lX3FRzfMl/y+l97POr/wDZA/Zi1SYzX/wQ0B2xj/j0AGP7pxioD+xN+yYxw3wF0D6CAj/gJ5r04YJ+c/r/AOOmn7lPA/n/AOOmksNQX2UavOs1k7utL72eV/8ADEX7Ji/MPgRoeex2v/3yfmqvc/sN/so3DiT/AIULo24dGDyA/wC6fmr11iCAc9vX/wAdNCgN/wDr/wDHTVfVqD3ivuQlnWax2ry/8CZ5NbfsM/sogHf8ENKUnrtll/75OGqSX9h39lVFyvwesRnqBcTf98n569WVQcAnn2P/AI6akK7hgt+n/jpo+q4ZrWC+5D/trN07+3n/AOBP/M8pi/Yv/Zgs42e1+D2m7mxkyPI+f9k7mNfld/wUR/Zl1DUf2vb7wH8AfhddT+ZbxbdN0WyZlVznO7HC9uTiv2nEQKEPk/Q/+Oms3w58PfCmhX1zr2n6JAL69ffd3piHmyHspb0HQCvHzfIsPmlGNJWgk07pK/off+H/AImZhwPmFXHNOtKUHGMZSdrtrV+h+bn7BH/BEzxz4f8AF+l/GX9oPxbcaLJZyrcWuhaHeMk5YHILyrjaPUL+dfVHjvw5pvgL/gpj8PfGtxEyWut+BL7Q7OaVy2LiOWOZdhbuUVj74r6cjjRFBB98Y/8AHTXmH7WvwL1b4y/DyG78F6j9h8V+GtQj1bwrqOP9TeQnKhv9hxlGHoTUwyjB5bhfZ4ePZ6u7Ys28Qs841z1YrNqis04JJJRgpduv3s9vD7rfaAMlDtyeM4OFNfjX/wAFB/2MvFXw6/bF/Z50q2ay1bxbrs+veJ/Hvi64s5c6xqSSRzHeY2EnkQRMkUUYK7I48DJY1+pf7L37QOl/H74frq09k2m6/pcv2LxRoE5xPpl6gw6lTztJBZG6MpBFcZ+0R8PdC8a/tmfB3VtYtPOOnaD4mKI0YZcPHZoQw7fe4Pua6sLW5J3XY+UxmElJulLR3PyIm0nV7P4reI4IJbd5o9duzKLbUtQjCCNpQyEyTYHTp5gOBXtX7Ef7SGp/Cn472+heLvG2601+zMW9/Et/qcMGPmUNGN6xEklcnnOcmuj/AG+/2f7z4V/tVX0uiaSZIfFUS3Og2sVijNPPJiF4VJGWfeSxA5+Yete9/Bz/AIJwftHfA7RrbxH8O/itoFl4j1DTlGrXv2FFniDBWMcMrpJ8iMOm0DINerVlCeHs2ldaHz1ONWliW4xb5XrZHzD+2T/wzR8EPg58TPid8Btb0S28UeP9RtxrUcsZdJ5HnzI8ttFDEzLsMmfmfr2zXiHg/wCO/wAAZv2bfFGheIfEfwjm1+70y5MNpF4EurG8uGZG/d+YeGbI4yepHpX6HeN/2a/+CieoQtC/xP0nUU5+WVrGXP8AskSWoH6V5R4h/ZF/b8huTdXfgbwfrOw7lF94T0O5Un+6Q0A9Kzp4ZqHxxeqfxf5oyxGKjGtzOnUStb+G7fg2cF/wWDu7Twv/AMEtPBPhg3McDXer+HrW2hLgZUwlwn0AUV2H7N3wM+Dn7SXxM8e/sw/Gzw1Br3hfWfhb4SvLrT1uSmXjSXAZ0OVKmXGR619M/DT4e+IviD8E9E8PftSfBvw9c6xaQhdQ0vUPDlrLaJIhITbEVZFG3GNvAyRXVeAPgp8Hfh74tm8ceCPg74a0TWbmySzuNV0fRYbaeS3U5WMNGoygOCF6cViqjpwcHvr+n+R6CpqtXjWi9Glo1Z7f8E+J/wBkX/ghn+xG3xl+LFn440LxPrFh4Q+ICWXhOwuPFEscUOnPptncKGEIQuRJNIMk9FGa63/goz+yv8Pvhjd+EtU+C3waluU0rwhquiwWFhdGG20mykjVWvb53b51hMjORkyyEbVDkgV9afA/STpfxu+LkSJgXer6NfY/66aXFEQ3425/Kue/aq+EnwS+JnizQ1+IH23V9bWMx6L4Mi1Wcxam5LbXls0wkqoScyS/IoJJ6VnWrTScm+n6G2Hw+Hi7JJa7n46/tVQ/Ez9in9kL4MeJ/DnxWtNWutI+IR1iaSOKUi58xs4bzMHAiUq2AoBY96++/j38aPHrfD7wxf8Air4v+Nh4Q8TaN5mj/D/4LWcryazHOA620V9JE025LZ5Gdd6nacgHbisvXv8Agmf4u8YfE/wfrv7Qt7oD/D/Rtcu3vfDV5cq13rst1IwjTy1HkxwQKcJGhJCqpOCDXa+Mf2E/FjfD+f8AYc0L4XRePPhlp1jLrfwx1bUtYZP+ESv0bfHEAsiyPGrP/o86H5U3xvxg1lS0ppVNZXb2WzOmpTqOUnFXi0kvktz4T8R/se/sdfFj4y6p8CPhDp3jT4Y+INDt7G01b4b+MtEuby+8Q2zBpnmuAMxwSZ8kGdZF8pUbegG3Pp/7f37H/gvxN+2j+yz/AME+PhR8GdK01rbUJ9X8QXC6gbm4bSElWWTfIzbrhxHby/MRlsKRmvTPgD8Dv219C/aJn8Ry/EC48QePtF1mCPxB4STS0sNF8PaLcx/Lbx6g8LtdSRjbGY5JGMvkglB1rndd/wCDfD9tTxl+1on7btz/AMFN1074gQa8l9p2pReB5d1nEmBHEFS6CMqxgRFOFZc/3jXfGTdRe/svvPPnRq8iTp7v8nc/Vfx98QPA3wj8KT+M/iD4itdJ0eyKLcX15Jsji3OERSfUsyqB3JFdJCiNGJF6MMjn/wAdNcF488AeGvit4StfA/xR0i01eH7RaT30MkIEU00DrIAyHlR5iBgOcdMnGa7qG53LknGR/lTXHOOu59BFPkTfU+T/APguX4C13x9/wSy+Llj4btHuLrTdCi1UQRjLPHaXMNxIVHf93G5/Cvn79on47/DHxD/wbdeJfHUevWZtfEPwrh07S2W4XM17KyQpCo/icOOQORtJPSv0l8SaRpviTQ7vQNZs4rm0vbd4Lu2nQOk0bqVZSp6ggkEdwa+HIP8Ag3p/4J6Nfx2Op6X40u/DNvqr6jaeBZfGVwujW87kkp5CFSBgkY3cZrfD1404uL9TixdCdd3i+lj0LwbqPif9oT/gh/BqNlbzS6z4m/ZyYIqgl3uH0cr8vcndxXyl+xZ+0Z4S+Av/AAbEy/Eue6ht30/wNrFgFkYKWv5Z54Y4h6s0jjiv0y8G+FtI+G/h/Tfhz4F0m2sPD+lactlp2nwR4jtoUG1IlA4CKoCge3Oa+YfF3/BEX9gXxz4pm1jxB4G8Qro8/iH+3JfA1j4tvLfw+1/vDkyWEbiMZb5iv3cknHNSqkFfpqiq1OqppqzdrGN/wTF/4JrfBqb/AIJE/Dn4HfFvwWzXWtaHF4hv72OeS3vLTULom4XdLGQ6PGXUAgj7uDxXy98J/wDgnR8P/jR+2n46/Zy0C98Wajpvw11q2g13xzf+NL+5W6EsHm+SkfmhRKA4Dc5G0etfol+1D4k/ag0TwNpnwh/Y88KaLa6nqxFnL4t1mXFn4Vs1G0tLbhc3LqvEcQwu7buIUEHxLVfhR+1x+y/8KLf4A/sP/DzTtU1fV3luvFfxf8a60iyzX87kz3FzboC80rEsVXO1RtUYAxV+13b67fM5Y0qnPy8uiPK/2DP+CeH7N3gb9vj9pDRrTwNZeK/BekxaBpmm6X4viXVodP1HyHnuowbgPsb5oycc/ORmv0DsdMsNIsodK0qzhtra3jEdvb26BUiQDAj2jgADAAFeU/sU/szL+yv8HD4O1TxLNr3iLVtUn1fxb4huc+bqWozndK0mckKD8qjsqivXkbLbR0+v/jprmk256u56+Hp06UFZWYzywVwe/f8A9lNAUj5XX8f/AGU0/IxsP4f/ABJpcYJJ5/H/AMdNKzaNnZrVjGBIxn9f/HTS/wCev/jppTg/dU/l/wCPCg42gj+f/jpq1CzMxu39evP/AI6aUDPzZ+n/AMSacE/gYe/B/wDHTTwgfBPb3/8AHTQS0VZ1JXgHr6/+OmvnX9le2vP+G5/2gbm2iX7AB4dSRt3P2r7JIXU/8B8s17Z8ZPiX4a+DvgC/8c+KZWENomIoIl3SXEzELHCijJZ3YhFAHJIrlv2SPhF4g+G/gPVPGHxCs1i8XeONcl17xJCGz9leUKsMCEdfJhSOMkcFgxHBqaKcq8bdNX9zX6nbKtHBcPYqpP8A5fKNOHm+dSk7doqO/do9TChTg9e5z/46aay7cgdD7/8AjppzDjcOOvf/AMdNNJC8N1P+dpr0T4FEaD5guf1/8dNOyqt5eefr/wCOmmD5un8//HTSsMHBOfx/8dNU0RFkgUFsZ4/z8ppsoRRuQc+x/wDHTTAcH/6//jppVGTj+v8A46aku44EMoz39/8Ax00yQgHb0Ht/6CaUsx4J/wA/3TQy8lsfr/46ap6k3Iv89f8Ax00EYXJ6fX/x00rEk5P8v/HhTSwHU/5/umlbQEMbaeg/X/x00f56/wDjpoJJ6n9f/HTQRg4P8/8Ax00hiZGduP8AP900BQP/ANf/AI6aUAsQAf1/8dNO8orwWHtt/wDQTQA0oew5Hcf+gmmMcZ3ED/P3TUySHONv45/8dNVr64trW2e9uZxHGgLSOxwAO4apk4xV2XCMpSSirtgzSjgFSPQn/wAdNJ527hsgY44/8eFeeW3jv4jfFTUms/g5otummxyFJ/EOp5EBI4MYUcv+HSuh0P4KeK4Jxe+IvjBq13NnJjggjih+qjBOPqa4Y4x1taFNyXfRL5XPVll0MPpiasYS/l1b+dtjpUd8fKScerf+OmnqxLbjn/vr/wAdNVT8NdZZ98Pi+49gwH/fJqIfDfxAsuJfGsy7vuhRz/unmsJY+upW9i/vRpHAYNxv7Zfc/wDI1EYrgBuT7/8AjppysBJguCfY/wDjpqm/wwuDGPN8X6iuB0SQc/7JrLufhHLJKXf4g68c9At5jH+ycCtVicQ435PxJ+q4VP8AifgdGCz/ACg5/H/x00oDdPX3/wDHTXJv8FhONreNvEJz/wBRRh/wE8U1/gPYkAv4z8Qkj11eQf8AATWE6+I/k/E3hhsG/wDl4/uOxUJ03DHbDdP9k0/DA4P4c/8AjprhLb9nbRL+8jsH8ZeIg8xITOuzYOBkqefSm6T+z74TmllEus66xt7h4mM2qucleNpz1rilWxf8q+//AIB2ww2BSX7x/cv8zvi6g/60D/gf/jppysV+Yzcegb/x01yK/AvwBaxNNf6jqCooBd578gD2Ymrdz8Fvhvplm9/fT3EEEaF5ZpL9kVVAyd7EgAAdSelQ6mJdrxX3/wDANFQy/wDnl9y/zOnPRR9qIx3J4/3TUwmjYbRdL05PmD/vk1ytr8JfBc0SXWnS6mUdcpNDqD4I7KTnke4qPV/hdpdppd1c295rbMkLOqRavNuYgEhOvfpTU8RezivvF7HAtXVR/cdvBcoIwrSr7YI/75NOE2crj/vk/wDjrV5HbfDnSNY0y31ODxl4mSO6t0lQp4gnU7WUEKefes6/+B+l3LBv+FmeNIyvQReKrgD/AHTzWkcRXg/g/Ef9mYap/wAvrfI9tXdu5XI/z8pqKTHLA/5/vCvA5PgBdIxay+PHxFhJP8PiqRsf7JDKRSJ8FvjFak/8I3+1R40jcn5f7QWzu1/3Tvgzj8a3jmc46Spv5WB5Hh38OIj84y/yZ7vK4HB/n/46ahkk/iHT6/8AjprwO/8AGP7aXwgZtQ1vQNJ+IujRt+9OlW/2DU44+6eWSYpT3xlSelehfB749fD7446LJqfg3UnFxaP5Wp6Vdx+Vd2Mo6hojyjD8j2ruw2Oo15cuqfZnlZhkeMwlJ1o2nBbyi7peq3XzR2bndkn+f/jpqByC2V/n/wCOmns4IAzj8f8Ax01GyqGyD+v/AI6a7zwWmIMj7zfr/wCOmhjgZ/r/AOOmhmxx/X/x00jrwWH+f9k1L7DSYquD35+v/jppzoT0J/P/AMdNQgnO0/z/APHTUocMu0Dp7/8AjpqVqPUZscDkc/T/AMeFKIlyWz+n/jwqTymZsofwx/48KFhbbkt+v/jpquVBqxoXC7QOnv8A+OmsG0L/APCZ6sjN/wAsbYgD6P8AKa6IDsP5/wDjprmrR0HjjW3klVUhtbQySOcKmRJwxPA6V52OspU7v7X/ALaz08uulVX93/26JskbhuBx7Y/8eFPkuYLWFp7u4SONFyzs2Ao9GJrnr7xfcXjPp/gywW/l3bTeO5W2jPozgfvPov51JpHgBNSuBqfju4bVp1OYopwFtYjjB2wjg/8AAtx968+GMeJqezwkefvL7K+fX5HXLCLDw58TLkXbeT+XT1dhYfHE/iNWh8A6LJqfz7TeuDHaqfRnI+fH+yDVn/hA7zVCsvjnV2uyPu2UGY7ZT/dI6t+JPSukto7a0iFvbRqqBeEUYA/2TSTS+cNp6duf/HTXowy3nV8RLmfbaP3dfmccsxdPTDR5F33l9/T5FK20q206AWljaJDEB8qRLtUf7JAqVE2MNyD8D/46aezEY44/z8pppO48n8j/AOOmvRjTjCNorQ82c51Jczd2TxyhVwR+v/jpoMzZ4P8An+6arIzDKhuPr/46acH4wG/X/wAdNMl3JXlZlwT+X/oJrB+IXw98E/FXwrL4N+IOgQ6hZT5/dyrlkYj7pPUH3FbO4Kfm/n/46aFdTy/8/wDx01jXw9DE0pUqsVKL0aezN8NicRhK0a1CTjOLumnZp+R8b+P/APgk/ay6hLe/Dr4jSQQOxMdpqMO/y/8AZLryR9a4qf8A4JefGi2ytv4p0iX0O5x/wE8V9/7wdx9ff/x003Izj+n/AI8K/OcV4UcGYmo5Ki437SdvuufqeD8aOPMJRUHXU7dZQi383Y/Plv8Agmp8fIXIj1HSH+lyw/4CeKif/gnH+0UqnYNIIHT/AE0jP+yflr9C/wDPX/x00Z3YBP05/wDHTXmS8GOEZbc6/wC3j04+O3Gy39m/+3P+Cfnkf+Ccn7Rkic2ml4H93UOT/sn5ahk/4JpftEzZ32mnEn/qIf8Ajp4r9FcknB/Q/wDjpp/IO0Hj6/8Ajwp0/BzhalK6lU/8CX+RT8dOL38Uaf8A4C//AJI/OGX/AIJlftD7DnTrDHomoj/vk8VD/wAOzP2hVAX+y7Xr/wBBJf8Avk1+kTE52gn/AL7/APHTTG+bufz/APHTXRHwl4djtUqfev8A5Ej/AIjjxX1p0n/27L/5I/N9P+CY/wC0KW+fT7MAdP8AiYD/AL5NSD/gmR8fI9pNtZqc97wf98niv0ZMbdN5P/Av/HTS+XzyxPpn/wBCFD8J8gat7Wp98f8A5EF448VLVUqX/gL/APkj89rX/gmN8fZGO+50qMY4L3H/AI6eKux/8EuPjewH/E90YH3uT/3yflr7925GD39v/HhTtpxnH6/+OmtI+EvDK3lUf/by/wAiZeOvGd9FTX/bj/VnwKf+CWPxubr4l0QDt/pLf98n5ahm/wCCVXxzBzH4k0Rv+3lv++T8tfoBtBGV/LP/AI6aN3sP8/wmr/4hLwrf7f8A4F/wCl478dx2lT/8A/4J+fEv/BK79oEH5db0H/Z/0xv++TxTE/4JY/tEnOzV9AOBxm9Yf8BPy1+hOf4PT3/8dNRuq4wTx7H/AMdNL/iEvCq/n/8AAi1498epW5qf/gC/zPz6/wCHWn7RQG06p4e/DUD/AN8nilj/AOCWfx/f5ZPEXh5P+3pz/wACGFr9ACpU7fMP5/8AjpphUrkDv/naaqPhPwot4zf/AG8yZePXHz+3T/8AAEfBOlf8EsvitcXht9e8b6Zbxgjc1sjOfdTnFe+fAn9gD4OfCK6j1vVbdtd1SPBW61FAUjPXaU6A+9e8xxrjceueoP8A46aXawBAGP8AP3TXuZXwFwxlFZVaNBOS2cnzW+8+bz3xX44z/DuhiMU4we6glG/rbX8QVVjUKgAAxhR0H+yaUSdmH5H/AMdNRs2OM8/X/wAdNA3MOW/z/dNfYaLQ/OG29WSht3ydvr/46aPMOcZ/Hd/46aYA2eDn8P8Ax4U4KF5J/wA/3TQhA0jE9f8AP900g+Y/Mf0/8eFBIz8p/X/x00n+ev8A46aoA/z1/wDHTSMwUZP8/wDx00OSBx/n/ZNRsWOQB9ef/HTQS0IX9B+v/jppY2YfKf8AP+yaYrDkY/X/AMdNKXJ6fz/8dNOwaE6kHBJ/X/x007Cr1/PP/jpqJWK8j+X/AI8Kfu285/z/AHTR5Be2g4Mo45/P/wAdNOJB5J/HP/jppo2t/D+v/jppQi9APyP/AI6abT6DuPUAtgNj8f8Ax008Ph9jNx2/+JNNVCoye/v/AOOmpNq4+UfT/wCJNERj1IzgL+v/AI6anil2kcfp1/2hUCDJ3f0/8eFSxDadxHbsP/HhSdrjTsWFYPzgj05/8dNWo1Uoq7c+vP8A46aqxjcoA/n/AOOmrcDZAUHnof8A4k1jU2OmizzT4h/s/Xc3jhfjV8G9bTQPGEUIhvHdC1nrEA/5aGMfeA/hkHzIemRkVY0nxpHrWvWPif4j/D+bTNe0a2mtYWDCYRrKyGVPMwNyMY05wOBzWv8AEz49+A/hdqln4Su5LnVfEepo0mm+GdGhE17OgOCXTIEUQPBlkKp/tZrz/WfHn7TWs3Ms8H7P3hy1tz/qkv8AxUzzkZ+/+6j2KcdgW+teZUjGMrpH12AoY3EUV7WK5ejk1F/K+rPR9TuPhl4pv9O8Ra9otjeXuj3BuNJubuwWSWylxjZlgSjYxyvPAqC78URtK80PiyYBmJ2vZTMBn+EkKa8ru/HX7Qlvtgk+BulFgeWi8QuB/unMdULj4p/HOJts3wMt0x/c8Qyn/gQ/cYrmdeUfss9OGWNNystezR61J4lDJz4nsSR/z3WdP+AnKVCfEuoyPth1bw9Lnpvv3U/7p+SvK4vix8Z2Xn4NOP8Ac1sv/wABOIM1ZtviX8ZrhsD4Okj/AGr2X/vk/u1qfbzfQcsvitJNf+BJHpX2vWLgh5LPSJf+uGpk/wDATmOkaW+jG+XQlyORsvEP/ATkiuCXxR8X5gJH+DdkfXfMSf8AdJMgqSLxb8YtwiX4N2ceTw66hNGPo2xiKr21Z9DB5dg1vb/wJHWaL/Z+geJtV8Uw+FtSW81iC0ivXhhRlcW4lEakhjk4lIqfUPFOk3d8l3PoXiSORF2l4tLxkf3SQc4rmtN8b/Ga4tzPD8OUAWV4yY9WjYblYqVO+Nj1HrRN8Q/jdaIC3gbAHUJZrN/wEkTL/IVfta9tiFhcsjK7t/4F/wAA6JNU8GPcvqNz4P1m4mMbIklxpBZ4wwwUyclcjjjFP0vxtp3h+yNhoXw48QyAKFVf7PC7gOikswNcwPjD8XLfCzeElT/rpocmP90lZjT7T48fEKKTydT0PTI3GSQdPvE4/un5CP1qfa1V9ktYfL7NJq3/AF8/+1R0OheKr7R7ie/i+Gmuq13MZZYVhTG7sGw3+c1uL8QNTRy0XgHWtzjLKbVev90/NXD/APDQfj6NC8fhGwnJOEEb3C/8BOYz/Krdr8YfjPqk8iaT8KbaZIwC8zauYxk/wkPEDmq+s4tK6iN4XCVHf3V/2+WNe1zxhDqB1nSPAGvu0hwyLZLgD0Ybv0rU0r4m63HCkep+AfEEbD7x/st2A/2TjNc9ffFf9o6PaLL4N2DbiQfM8QgYHo2I6bD8S/2oZYCf+FPeH0b+EN4nb/vk4tqHicRLema+wwzgotxt/iO5s/iFbXG43Ok6pEB/z00yYf8AATxT7j4g6GzAKt+Mdv7Pm/75Py15/P8AEL9rSR/JtvhP4RXj70viec/8BOLcVDL4x/bNk+W2+H/gCIesmuXjn/dOIhTWJrt6wJ+qYST+NL/t9f5HoA+IOh5+SG/JHf8As6X/AL5Py1G3xH0Ycm21HPtp8v8A3yflrzyfxH+3S8e2Dwz8NVPbfc3rf8BPSqU+sft/SIRHovwpT/et79v+An94Kn2+If2fxBYDAS/5eR/8D/8AtT0CT4i+HpZjNLDer6b7GRf+AnIpsnxL8Ig7p9SWEf8ATcFP+AnPNeXXN9/wUPcBIrP4Rg9/MsdQwP8AZOJazLy0/wCChVwpW50P4LSA/wB/TtR5/wBk/vKI1MRL7K+9nVHL8tWntor/ALf/APtT2A/FXwASdniuy3ZwR9oUf8BPNXIPHHg+cKsXiK0Jf7v+kLk/7J5r59v/AIf/ALbuo/NefDr4ETk/ezpupKf904krG1H4CftT3sbi6+BPwMdj0eNtWj/4CcS1beK/lX4/oaRwOTN2eIS+f/AR9Tp4l0BgNut2p9xMp/4EOal/trRidraxajHrcKP+AnmvljRPhD+05o8SxX37MvwWuRGMJs1zWU/BvmP+RSy/B79oW61Fr64/Zf8AhTGD1SLxRq2P908UOpiV0X/k3/yJosqyeUrLEq3+KH5cx9TTa7oMfXXLME/9PS/98nmo5PFXhSL/AF3ibT14/iul/wC+hzXzdpvwn+LcDkah+yt8MCp4/d+ItUJH+ycit7T/AIP+LJEJP7Nvwzt3xyJNSv5B9V+Wq5sU1svul/kTLKsqjtXv/wBvU/0kz2m6+Jnw6sR/pnjbS4/96+Qf8BPNc9rP7S/wtsr6PQfC2qTeJdZnyLXRvDsX2qaQ+jbTtjX1d2VR3NecW/wt+LFnL/o/7N3wXZSesk1/09DmNquL8avjZ8Brdr3xJ+x3oZ8PxnOo3/w2v/Ont4+Sd9vLHG8oHXC5PXilB1ub97JJeSZl/ZuGnG2HSqz6R9rBX/V+i1Z2/g/4Q+JfFXi+z+LHx2ltptS0+Uy+HfDVm/mWeisQRulbA+0XOOPMICp0QZy59GZELZBx9T0/2TWH8M/iz8PfjN4Ug8bfDfxLb6np84x5kD8xt3DL1RweCrAEEVuSDP8Aq2/H/wBmFevTjCMfc2Pz7NcRj6+KccWnGUPd5bW5fJLp+u5GQCuCef8APymmseOB075/8dNObgZ/XH/jwpjKVO0jr7f+Omqb6Hmp2IDuIyfT1/8AHTTmOct/T/x4U1NxOOox0/8AZTStkDgfr/46a1toZt22BQV7/r/46adnI2sM+nP/AI6aT/PX/wAdNN3knAH6/wDjppWsLmaJCoIyv8//AB00qggYP8//AB00gZSASf1/8dNO/wA9f/HTT0uaEMpJkOf5/wDjpppAPB/n/wCOmlcENg/z/wDHTSFCRgg/5/hNADWVlXrx/n5TTQQf/wBf/jppzkg4z+X/AKCaQ4Xqv/j3/jpqXuAKSPu9/Uf+PCnfKgyzdff/AMdNMXO/DDjt/wDEmpAM8Afp/wCPCpbsNK7Gu3AAHXv6f7JrzrxdbXnxj8cH4X207xaJpyLN4kmibBlLZ2QIR0yAWY+gx3r0O6RlgeTuAeN2P+AmuR/ZctGu/h/deLLyMG51vXb25mfOcgTNGin6Kgrgqw+t4uGHb92zk/NLS3zb1PYwk/qOX1cal7yajHycr6+qS08z0DR9JsND0+HStKs47e2t4wkMUS4VVHAKirUXBG3Ge3P/AI6acsbHgfT/AOxNTR257j8T/wCgmvcUVGKSVkj5eU5Sk5N3bPNvix+1/wDs2/s/+JoPB3xr+L+j+HdSurQXdra6jMytLAWK/OAp+XcrDPqDXyh+0r/wW6/Zp+Gn7Rnwusvh98S7PxD4MudQvofiJqOlW0s40yFoQsBk2ISdsnzEAdPxr1L4w/sj/tOQ/teT/tD+Cv2+dL8A+E/ElhYaKPD+s/CrT9b8q7VnEUQnuZEaNZHkIwMZZwPSuX/aj+MP7UH7I3xb8HfBHxd+114L13WvHZuV8ORSfALcZmgVWkB8jVYwpwwIwOfbjHnVsPGWJ0v8j0aVeoqCu1buddH/AMFp/wDgmZe39totj+1NoslzcMoVXhnQLk4wxaMYFeXeM/8AgvL8FNH8ZeKPDXgX9nzx/wCL7PwnLb/b9d0O1tjZvBcTCGBpGllQrHJIQilhySK1Lvxv+2DrUefFGsfCK4QHIOo/ALUCV/2Wxqbfpj/D5j/bQ+MnhjwbafF7w3408dfD2/8AiF8QvhHpGn+H9L8HeF59Ijnns9XYwqYJZJGD/v3JDN0jyKiFGTnZRbvZfiayrS9m3JpWX9bn2feft5ftgWNqbxf+CTPxOMYXdsuPFWhxSkYyFKC5Yk+3WvU/2KP2rdN/bQ+DcnxatfhnrHg6S11690fU/DmvTRvdWV5aSmOZSY/l4Ydv6V5L8GP20T4lkk8G/tEeN/Beia3aWEVwILTxHH5e0INwbzSrJIrZyM9RxXyL4u/bJ/4KE/s+658T/g/+x3+xt4k1nwR4v+Ic2u6L8a9J0STVIrSC7WL7YkVkqqLlt6yMjPIF3HJGK46UcVXqToypcso/jr5naqlGlThV9pzJrbt9x99aR8TfGfxd/bG8Q+Avg5dxzab8NvBc8Wt3TEm2bX75omgiG0jc0VtE7uOq/a07irv7Dfx6n/aD+Cy614vtDpnjbR9RuNO+InhqZCk+i60kjeem0jIQnEkbdHikRgSDXx58Bv8Agu1/wTx/4J//AA2s/gDB+zX+0bDqcM0l5r2reJfhwkeo63qUx33FzdM9xukeRyTkZAG0DAAFJeftmW//AAUH8d3X7S//AAS6+FPxU8DfE7RI47XV9Y8a+Dre08NeJ7Rcn96pumZ2CndFMiebETwQpIJVwVaCblFrbXoXSzCFSolHXy6n05/wUN/ap8Hfs2+E/CGmeLdahsY/E/jvTrOW5uLjyljto5VlnDOeB8q9zyMjqa4b/gsr+3H8N/2af2VreGTxBY3d14p8WabpJsoLoNIbGS4SS5aRUOSiwBsnpiQDviviv9pXX/in/wAFWPBfi+P9sX4Y2Hw/v/gTrkXh/UvBuleI2ns9T1a6BAkmnADIE3wlOoxuBJ7d9+y3+xD/AME8/wBqbxR8E/EnxW/Yh8RaVc6r4f1DS9aGr69eyaZPf6dGomTDS5cyszSLKvyERMoyTx3UMFClTp1anRu6Vn0utfQ46uPqVatSFLqla+nWz/E/STwd+1H+zR4sjs7bwn8cfCN/9rkiisodP1yCQu8uPKiVVbO5sqFXGSeMZ4rI+J37cf7Knwo8Tz+CPE3xUhudcs5WhvdB0Kwn1K9tpQM4aC1SR426cMBya+F/+Ch//BO79ij9iL9iDxT8Sf2dPgPpvhTXj8YfCken6xaXEz3MKnXLNhCryOxC9eBgYzXTf8EU/iRrEf7Z/wC2f8BPEetTyf2Z8ZZNYCSSkgiXfDIGBPrEh4+tYvA0VSddNuK6aLql59zdYrEymqOik+ur6fI94+Ff7cnwxufBdhp918EvjI0tvGULR/CTVWXZuPllW8kZ+TbmvQ7n40+DL/4O638adG0LW7Sx0Gyurm/s/EugXOmXKJBEZXUxXCo/3RwcbT6183/tZ/8ABQf4qfsveKPG6xa8ZLTTPC96bNZyD5N9b3Soik9w0TZx7VP8Tfjd8VF/4ITeIvjx8b/EEl94k8QfC+/vLm5uPlP+mB1gTA6YWWNcVc8HSkoTUGlKSW99/kS62OwqkqlXmcYt/Claxzupf8FovCp0HSvF/gn/AIJ/fH/xTpWu2AvdG1HQvBqyW91bHO3fJvxtYAkcdKztD/4Lf6xbfEDwf4a8af8ABLz40+FtF8VeMdM8PHxV4rt/sVrZS3tylvGZCYdpIL52bgTjANcBoWufGi9/4JrfBTx78D/2u/EekaZ4c8CaLaX2l+HfDunXsbgWwhlUySxNtZGfkbsgryOtS/tVfFH4r6l4e8Q+APEvxb1rxJpHh34s/CrUNFa80C1gLzJqFrJchmg2lvmRiQVAAOM13fUcHUdoQW7XxSurNL+W3yueQ80zHljKdXRpP4VbXW2jv36H6nTWscTGAcgHGe5/2TXzr+1l8Bdf8P3Z/aj/AGf0Fl400CPzdRsoV2xa9ZJzIhUYDNtyUY8gjHevpG5UCVl3A8kcH/x01TvYFnt3idVIZSMN0PH3T7V8hU95H6NgMRLCVY1Fquq6NPdNdrHmvwQ+MPhj47fDHS/id4SmDW2o24d4z96F8fOpHZlbII9RXWF8naT/AJ/umvzT+DH/AAUI+Ff7En7YPxh/Zi+JtzPaaFH4xN7oM0EO+K1E8aSyJgcr8zE9MZJr9APhl8bPhf8AFvwZa/EDwP4xsbvS7xC0N154UHHVhnpg/wAq9DAZrh60VTnNKot1c14q4DzrJYxx8MPP6pVs4TtePvK/LdbNaqx1owDhv5/+Oml+bYMHj/e/8dNZEfjzwE0hg/4TjRt4/g/tSLP+8BuqwfFvhNlG3xPppHbF7H/3yea7/rOHv8a+8+M+oYxf8u5fcy+QgOCf1/8AHTRGoJ5I9uf/AB01QfxX4THB8Tad/wCB8f8A3yeaT/hKfCucHxNp/wCF6n/fJ5pvE0F9pfeT9RxT+xL7mayupbAPT0P/AI6acZWI2/1/8dNZP/CUeHCvyeIrI/7twv8A30Oac3inQBwusW3vidf++TzSeKw/86+8awOK/kf3M1AwC4HX/PymvNW8I6J47+L3iW28Q2f2qHTLfTGtonY+WJGWcncucNgYxkHGTius1b4jeDNDs3uNT8TWUARcnzLpR/wE81z/AME7tvFGp+K/iDFazR2mraxEmmtcRlGlgggWPDA/wl9+DXnYithMbiqVBNS1ba30s9/mzuo0MVgcLVrNOOiSe28lsdhZaRa2cYjghVFAxtVQB/unFXowAu0H8M/+OmkKlcZH0x/6CaQHHIP6/wDjpr3KdOFOKjFWS7HhVKk5yvJ3ZJkjv+v/AI6abKcLuJ6e/wD46aTc3r/n+6aQknqf1/8AHTWhCZGZQPl/n/6CaSR2J5P6/wDjppWiDMdvH4/+OmmtHt/jH5/+Omkx6gkr5xn/AD/dNPABPzf5/wBoVGCVPB/X/wAdNKrZ6n9f/HTU9Q6kpJx8p/X/AMdNM/z1/wDHTRk5z/T/AMeFIx244/X/AMdNDdwegv8Anr/46aVm3HP9f/HTTRgncD+R/wDHTTXbDbd36/8AjpqXsF0P3bT1/X/x00CX+IP+v/jpqP8Az1/8dNLuONp/z/smpbuNMnVwCM9/f/x00qNtOR/P/wAdNV1k98/j/wCOmpVYYAP8v/HhSK06jmbPLH/P9004Lxgt1/ztNR/6z8Pf/wAdNO8zPy5/z/dNMQp+Q43f5/umkBz8w9fX/wAdNH+ev/jppwZV6D9P/HhQtRgRvGT1+v8A46aTJA2n+f8A46aGO7jp+P8A46aCvGQc/wCfumrE1YEbacj+f/jppJG4yD+n/jwo/wA9f/HTTJPmXAb9f/HTQgbuJJIQcA/r/wCOmm7twO4/r/46aGJJyB09v/HhTHHGf6f+PCnuIXJbjPQev/jpprEBTk9/X/x003/PX/x00A45B/X/AMdNId7i5KtkdPr/AOOmgsxGGGPx/wDHTSf56/8Ajpo/z1/8dNAhso74/wA/3hTcnpn9f/HTTyVYYz+v/jppoO05P8//AB01m9xiqXBBz+v/AI6ak2uflJ4+v/jppi46ZA/4F/46al/z1/8AHTWkFcQ1kO3Oc+2P/HhTf89f/HTUhGRg/wA//HTSRqSOB+v/AI6abVhXsMIyMH+f/jpqJwwbO7r7/wDjpqYqQM/5/wB4UjBW7fr/AOOmkMrkds4/z900gUA5/r/46aeyOHxjv/lhQyDb6f5+6aTYCK2Ov8//AB01KjDgY4+v/jprA174ieAvClwtv4j8Y6ZZO2SqXV6iE/7JBNUR8dvg4q7j8UdAH11aIf8AAT81Z+3pXtdHdHLcZKKfspWfkzsl292+nzdP9k05c9AOPp/48K41fj38FFH7z4teHB9dZh/75PzU5P2hPgOp3S/Gnwsv+9r0A/4Cfmo9tB9UaPLcZ/z7l9zO0AycOf1/8dNP/wA9f/HTXED9o/8AZ5TmX47eEFx1z4it/wDvk/NRcftP/szW64n/AGhfBaY6k+I7f/vk/NT9tTX2kT/ZuOeipS/8Bf8AkdzGucc89+f/AB01LGVYlVcEjrg5x/smvM7j9tH9kTT2aO4/aW8FF1HKR67ExJ/unbmvy/8A2uf+CjPxW+FP7XviPxn+zJ8ZZbzw5c3EcsUKzNLZTHaA5WNuB8wOcYryc0zvD5XCM5e9d20av6n3XBHhpnHGuLq4am/YyhHmTnFqL1Wl7afcfsnHvGB0x7/+OmuA/an+PV18APhX/bvhzSF1PxPrd9HpPg7R2/5ftTmB8pTj+BQGdz2RG6cV8g/sOf8ABb3wP8bfFGn/AAs+PelQ6Drd9IIbXVLY/wCiTSdADuOUJ7du1fQHju6s/iZ/wUR8JeELtxLYeAvh5d+IYYW5Rr68uEtoy/ukSyYP/TQ1GHzjB5nQ58O73drPdPz/ADLx3Aec8IZz7HOaNowhKomtYzUVpZ9nKyfU6v8AZy/Z9Pwd0W613xprA1/xx4hK3PjDxVMuZb64Iz5Kk8x20eSkUS4VVGcEkkyftGftFeAv2bvD+h6v4vsrq8vPE/iqw8P+H9KsivnXl5dTLGFJbhURSZHbnCr6kZ9KAPGBznjJ/wDHTX5B/wDBSz9oH4lftH/tIeLPH3w6vp7PR/2b/F2haZ4bggjZ1vtRe/i/tKWdATu8pZbZcn+ELx1r0KdH2s7Pb+v1PkMbmVerN1p6yf4eSXRJH6h+Pvj38DvhuXj1/wAf6X5qFwttFqEIkZlzlCrsMHj1rzH9mr9u/wAF/tB/F0fBa4+GNxo+qTQXNzY3Z1eG5imhib7pCqCrFSD+dfj78QfjH8XvE2oX194zivB9jluZpL248ITRObjyw4TBB3cyDv0Ir0z/AIJYfHH473n7efgUX9rqSeHb1ryK9nbQGhjZntGOzeScAHbyOOa6XllGnh5y5rtLueWs5xc8VCCuo327n6U/Hv8A4KufsM/s3/tIp+yZ8SvEXiv/AITeT7KE07RPBN3fx7rkAwqZIVIO7cOmcE84xXKXH/BbP/gnRaeK/FngrX/Gni3Sr/wPdNbeKo7/AOH+o/8AEulD+WQxjib+LjPSvj79vv4j2fgT/gslpTar4B8AG4u7bQBBr3ifVLqC6hCzArHsgyHbI2jKnOMZFfL/AMef2pYpPiv+1To9v8OPhBc3Op+IlGp6lfx6n9tYecFMYInRHYyckOmc9KingaU4w31V90ZVc3xsJT1WkmtmfuZ4s/a0/Zc+H3w70H4uePvjHpWg+GPFKQPoOt6yksEF2J4/MiU/ISjMnOHC12ngvxZ4D+JPhq28ZfDrxhpev6TeJvtNT0e8S4glAOCpZCRwRjHWvzU/4KB6Za6z/wAEa/h3d/Z4w8OleG7iNYSdiE26ps5JOPnwM1kfsr/8FMdb/YM/4J3fDq38F/sw+Jvi3r2v67q9nZ6J4aV1aBopd5aUpHIwUh1xtBPBrllg/wB1zR3TselDNJLFck1pZO5+jv7J/i+H4g+FvFKC3Kto/wAQdasCC2chLpjtP4sa439pX/gor+zb+y38dPCXwA+I+oX8mt+J2Ek50+08yHSbZiVS4um/5ZqzA4wDwpPAGa+Gf+CRX/BYf44eO/iT4h+Ec/8AwTL+JN7aeI/iLqF7rXiDRL7zodAuriQGUMJ7eFQsbdSZAwH8PFdz8b/2Xf2gviV/wUo+OXx/8Djw59l8O+DNNPh/TvFjoGvx9nj8yOLLFRtxLknjJ96aoxhValsL61UnQTgtb9fU+vfEv/BQT9hjws1yusftP+EUayfbdxw6kJjCc4+YRg454zXY+Dfi38Jfi54Gb4ofCnx3o/iHRFLL/a2m3KyQhl+8pbICsOPlODyPUV+KfxP/AGc/if8ABH9j/QPi9428XeFtJ1z4kXd3JBpOsa9DBP5QkkYNIjHGCAcEdSR3Nfav/BP74KeNfhJ/wS91Dx74w8b6dfeE/FUcuq614d8INbyXJtWQIAXbchlLKGKsvVQDgGlKnGUHKPexdKu/auM1ZWufUHw2/bi/Z0+I+r2ug+HdcJurq4khhF1ZNEkuxS7KzH70YUElwMDaewzXqng7XPDut+Ldc0zRNYtLtIFtmxayq6qWVjtJUkEHHbjjvX8/vxi8dfHv4Py+GPGXwm8XeN9J8HaR4xkttHt/iL4XttMvL28ulfNvbS2HywJJE8h8kmNmLMVBXg/YHh3/AIK9+Ev2b/20vCvw50r4RahHpGoeHrTQ9U8EaVbsl1Hqk8qyK0hlVTJgSHDYAKt3zVyoOO3n8rGlHFpztLTovM/WaTTYyuNgz/n5TUX2BAMFf8/3TXE+K4/2sbz4iWGo+ALz4c23hHah1PT9as76XU3BPzRiaJ1iU46Ao3PevQkhZkBfCnHIB/8AHTWTVnueonJGfLbJEudvJPAz1PZTXiPw9/4KEfskfFD9oOf9mPwh8TRJ4oR7hNNFzp80NlrMtsSt1ZW926iG8khYEOsbnBBAJINR/wDBVP4p+Kfgj/wT5+KnxF8D6hJZ6vD4Zez0y9gbElrLdSJajcezJ524HsQD2r4z/wCC9HwWsv2bf2A/gd8Zf2f9PTQ7/wCBHjLR18NXNiuxra3aFkIZhyd0iozHncXYnOTW+Hw/tY3b3OPFYmVFaLbc/UJbYsvKjB9//HTXhv7Qn/BRL9jH9l74s+H/AIF/G7456ZovirxNLGum6Q8ckjosjbUkmKKRBGzcBnKg9enNeu/Az4maR8c/g94Q+MujRKln4s8N2OrQxr0QXECSlPoCxH4V+Z3/AATU/ZO+DP8AwUT/AOGwP2gv2mPBVn4l8SeI/ivqfh3T9T1SMPPoljZIBb20T9bcrvTlccIBUwoRk2paWM6uIlGyjuz9Po7YSIWjYN7hgR/ukjg15l4b/aj+EPjX4xeMPgV4S1aa/wBb8Bafb3XiqSC3P2WyMys0cQm+55+1dxjzkBh618h/sH/8FV9A8N/8EofGvxP+NmuzS+Kfgjdaj4WvL+7t5NmsTWwMdi8smNpaTMYfn7wOevP0b/wQ6/Zqi8C/sJ6R8V/Hmo2Ot+MPi9NJ4u8aapFcrP51xefOqbgTkRoVTHbkYqfY8il5MmeMi4pp7q53/wAAPjr8Nf2k/hlZfFr4Va+mo6PfNIsMyKQVZHKMpB5VgykEV3AiVuQPx/8AZhXwF8Vfhv8AEv8A4Ic/H7Vvih8P/DWr+Kf2ZfiJrTXevaPpds1zd+BtRk3O+UXJe0cZJXGQF4JKgH7a+GfxW8BfGTwLpvxL+GPiuz1vQ9Xtln07UtPmDxTI3RSR0PYg4IIwQMVUlHeLui6FaNZeZ0BRXbkDP1/8dNI0SY5A/A/+OmgOxbG0/XP/AI6aVmbHr/n7pqTp5X1IzbqeO31/8dNJ5Cn5T+HH/jpp5YgbcHP+flNIGOcnnHv/AOOmgTbRG8PoOnTI/wDHhSeUThicH6/+OmnuSSDnn0/9lNLgE/N/P/x00CTaPnf46/Cfxd+zx4ruv2tP2bbFzKg8zx/4NhGINYsxy+9ei3CAbtwHzBSDXvXw7+Ifhn4r+BtK+I3hC9E+navZJc2rjrtYZ2n3ByD7girlykc0EkMqhg6kFT0IP8J9q+b/ANg/X4/CfxL+LP7PUcskdl4X8VC90i2ccQ294nmeWPYMG/Os6VSVHEKH2Zfnv+Op7GPh/bmSTr1Na2H5fe6ypt8tpd3F2s+2j2R9OyAbOvX3/wDHTUZ4zvb9f/HTTY7lZWKLuwM5JHH+6acw4II/z6GvQPgJJplYArhh+PH/AI8Kd/nr/wCOmj/PX/x002R9v+f/AB01um0ZK4Bivykfr/46aQkE5P8AP/x00FiRtP8An/ZNJ/np/wCPClfuNRbHhlC8n9f/AB007zFXt19//HTUO4Yyf8/7JpQQe/6/+OmiNmxyVhzsWJbJx9f/AB00LIVGB/P/AMdNN/z1/wDHTSgZB/x/8dNUJiBQWGfX1/8AHTT2gGScfr/46aZ/nr/46acrsOCePr/46aloa2GbSc7T0Pr/AOOmlBxyD+v/AI6aXCnJPH+fumk/z1/8dNZMtCuFZGDSdQe//jprhP2WNeSzj8S/CHUxs1Hwxrs5SMjBezuHaWAMO4wzAn1U13YO1sjsfT/x4V5X8fvBHjvw34isv2jfgvZm68R6HbmDVdFzhda07O54l/6aKRuQ+uR3rhrueHxEMTFXUbqS/uvf7rJnt5fGnjcJVy+bs52cW9lOOyflJNr1aPd47fnB/n/46asJCoXHce//AI6a4P4E/tD/AAw/aA8NjXPA+tILqIY1LRrk+Xd2Mv8AEGjPIIORnoa74MNpYYP0b/x017katOtFSg7pnzFfCYnC1nSrQcZLdNHwr/wXj8Z+PPEvwM8F/sh/BB3k8e/FDxjBbeHobRwJ43tFa7Xef4As0UPz9s5ziviz4x/tM+JP299Q/Zr8XePfEM3hD4sfDHxrNoXxe0fUJlsdS0OZoo1EsyThd0btESDgj5x9a/VrQ/2TrSf9sG+/a6+JHiaLWL2x0UaX4F0sQbU0SF2D3BkJPzTSMqruGMINvOc1Q/at/YF/Y6/a9nGpfHr4M6dq2pohRdYt2e1vdh52meEq7LnnBJGa53iI066k+nX10O14eU8PyR67r/gnB6b4ChvdDYw/tJahfCZCqTNNasSSPvAxoAea/LP48/8ABJzxb4r/AOCoGkfDaf4u6lr2jaxLNq2teJiATpCopuGUurEJhDGBnH3q/Rrwp/wQt/4J4+C9VXWPD/gjxRG4bmB/HF+0Tf7JXzOPwIr0CX/gnZ8FPCf7PPjP4E/B651Dw0/i2zukbxBJeS3l3bzzRCI73mcscKqjGQMDHepp4xYeXuTbv3Vv1HUwEsTH34JW7P8ADY8E+Nn/AATc+Cn7Z37FXjHwd8HbrSl1TS5IbHw/4o06KNjf6jDtNyXnXloldmRgp++h5+Uivf8A/gkn4ue+/wCCe/gfR/GSLZ614H06Twz4rt7gBDbX2nM0E2704RXz3DA967r9kf8AZ+8M/sofs5+FP2d/CmoS3lp4Z0wW7380QR7yZmZ5XlA6F5Hdse9cp+0p+x7ovxr+HXiT4deE/FN74VtvG+r2s/iyXQ5DDLcqrIJCrDhZHjTymJGHRiD2rz5Y11JOnN6Xun1PQjgeSCqwVpctmuh8++AP2k/hd+2P/wAFbbr4Y/DOSDXfDfgbwVdpq2pwL5lo160sYCbsYOMtgjr82OK96/Y51Pwuvxa+NvhDw9DaxppHjSCKSO2ChQ7WUBKkLx1zXcfsyfsf/AD9kTwO3gX4EfD6z0e1lk828njTdPdy7cb5pD8ztj349Ky/gR+yR4S+AHxh+J3xU8Ka5fzn4m61b6rf6fc7TFZzxxeW0YIAOG68k4qMZiYYim4xvZJJefmzTCUauHmpO123fy02R8DeGfDXhT4j+Of22fhF4x8Qw6ZHc+OrK5ad5QjKi2ithskdCo6H+dfTn/BLT4aaf44+APwV+KHhTxXJHo3g3RtZsb+3nj3C5kkkSJVLE/wNHKd3X5vetjxh/wAEtPgL4n+KHjb4rW+s+I7C/wDiDKr+JYrLUgkM22NY9pXbx8qjgk8817p+zh8DvAv7NXwS0/4E/Du3nTRdNgmih+0y75X81mZy7d2Jdj09PSumvjqMsIqVNu909v7vK/8AgHFTwNZYx1JpWs1v3ldXPmb/AILRWc3xut/gt+x58PCuoX/jn44aNfajFaMHEVjp8iXVy8pHAVMICT/EQOtZ37LH7F/jj9lH/gpj+0J+1z4+8WeH7XwF8TJlkspZdXSKRJULPKZA+Bg8gEE8t0r1T4P/APBLv9mb4U/CiP4P39rq/iqyTUp706n4l1J5L5nlP3PNjKFUUAYUY5yxyTmodT/4I8f8E5PEUBtvEH7M2k6hGWLNHqF5dTqWJ5fDynNSsRTjRdGLfK003a97u/dW2R0+wquqqrSb3Wtrfg/M+IP+Ch3w50f9rv8AaTtvh78Pv2gPh7D4Z8QTaXN4h1u58cWEXkwxSyPdJtaXcWZXC8cHHFeuf8FWvi98EPit8Cvhr/wTo/Z2+LvhrXJPiF4z0fw1eWfhfXre6l0/SomUtIREzBflRMZ6+lfQug/8Ebv+CZXhyTzNN/Yv8Chu7zaQJD/uneTXe+Av2Av2Lvhl4i0/xh8Ov2YfBGh6vo90LrStW0vw/DFcWsw42mQLkNjjPpW0sbTXslFu1PVKyWtt3uTUw9eq5uaV52vr0XTY/Nz49f8ABuV8N/2d/wBnnxJ4/wDCvx88aa+dHjhnh0G7tYY0uIxMnmKfLI2ts3YPODivKP29v2O/2PPgx+1l4B/Ze+G3gHx9J4y8d3mhzp4nXxpm1s1kvVjw0Lod8gCHByoxkd6/cP4seGbf4i/DrVfBsshiXUbJ4dx5wSCAG/HFfP3xt/4Ju/DP40/tQfDn9qvVtf1C01jwBPA8VnCkbQ36xM8ibsjcMO2cg9sVtTz/ABVSp+/qO1pbaataXtbqefV4ewkKL+rUkm3HftfV6+R9F2SSRW0cEsjOVQAu3VvZsUy9lSG2eZ+FRCWIHb+8KczKhycAdeT/AOOmvlT9v39s3XvDDxfsu/sz6a+v/FDxQv2e3tLQkrpcTghrmUj7uBzzjA+bPFfJVqjhHz6H6HlOW1s1xkaFHRbtvRRit230SR+P/wC2P8IvHX7QH7fnxM8V/CTw/qOuef4kK7NOtGkORtiwcf7QxX7S/sP/ALKfhH4Gfsk+Efhd4y8JWd5qa6Ws2ti+gWQ/aZRvkQ5H8JO3/gNP/YW/Yp8PfsgfDA6bqctvqvi7WZBd+KNbCbvOuCOYlY8iNckD15Pevb5CD1z+J/8AHTW2T5A8NUeIxD5pPZW2Xr3PsfEvxWwue5XSyDJqbhhqLTc+Z3qSjG17bKN7tHmM/wCx9+y/Nqf9qv8AA7w95+7O/wCyd/7pGcVop+zb8BoovKj+EmghQOALFQP9013BIHU/r/46aQuMcH/P9019A8Dg5b019yPxRZpmK09tL/wJ/wCZwh/Zr+Audx+EmiZ/69f/AB080q/s2/ARCP8Ai0miA+1v/wCOtzXcOy8ZP6/+OmmyASAoD06c/wDjprN5fgb/AMKP3Iv+1sy/5/z/APAn/mcWv7O/wHiOYvhdpOe4WI/98nmpR+z78FNhWL4baehPUqGH/ATg11qxpGMKAD9f/HTUiqW6fz/8dNQ8twEt6UfuQ1m+ZratP/wJ/wCZzOk/A/4RaTdLqFh8OtKW4Q5SeS1V2U/3SWzXVBo0txAECqowoHbjG00xXC8E859f/HTRKcLn+v8A46a3o4PDYb+FBR9Ekc1fF4nE61ZuXq2/zFJwMkk/j/46aaHwfm/Dj/x4UjSKVAJ/DP8A46aaxBbK9vf/AMdNdDdjnbJEk3kqR09//HTSOWD7QR07/wDoJpnme36/+OmguzHj+X/jwpp3GrMeJQBzj8D/AOOmo5SWJG4/n/46aaWA4J/z/dNL/nr/AOOmk9BjQ2Bhgf8AP8JoGQMlx+Lf+OmlKg9f5/8Ajpp3l/LgH9f/AB00rAM3tnCN+v8A46akDLtwf8/7JpEiC8t/n/ZNJ5ZYjAxj1/8AQTSAeVOMjt7/APjpphOTk/z/APHTT2DHhT+v/jpppQj3/H/x01m1YFa4n+ev/jpoAycf1/8AHTR/nr/46adv56fr/wCOmget9Bu3bxj9f/HTS5Pqfz/8dNK7Mxwx+gz/AOOmkJyAv9f/AB00DWxITtwAeT7/APjppU7/AId//HTSKgbl+cj1/wDHTTti+n6/+Omqvcmwv+ev/jpp6sM4PH+fummqu7v/AJ/umhtv8P8AP/x00Ipg74Od36f+PCmMwxgH/P8AdNOdARgN/n+6ajII4P8AP/x007akh/nr/wCOmml/Qfr/AOOmlLKvBP6/+OmgbT8o7+//AI6aYCO3HXj/AD8pphOVyD+v/jpp8i5X/wCv/wCOmmYwuPb1/wDHTTQCEoep/wA/3TQg7n+f/jpppBB/+v8A+OmgHB/+v/46al7AB4OM/r/46aP89P8Ax4Uv3m/+v/46aQgEfKO3r/46aL6AR5yT/j/46aQEEgE/r/46aCXHOPyH/jwpQuTwOfr/AOOmoB7EgChskfr/AOOmngAcf1/8dNRqMDB/n/46acFcDk/5/umqV0TZj88Yz+Gf/HTQwycZ/I/+OmlVO+3qO5/8dNKE657+3/jwq0xtWQxkDcEfp/48KaFJ7j8//HTUgjw3LfQZ/wDHTQVG3cnH4f8AjwpCuMZVGNvX6/8AjprgPiZ441PUfH2l/AzwZfNZ6nqtnJfanqiIHOm2CEK25SCrSO5CKDwCSxyFwe+yV59P87TXD2fh21s/2jLvxVDdRu194RW32gfPGEuclW+ue9c9dtpRXVnp5bCCnOpLVwi2vXoMsv2VP2do9ROt6j8I9F1bUXH77U/EFouoXMp/25bgM3foMAdAAOK1z8BPgQV2n4I+DiPQ+GbQ/wDATmOusiC4BHp/lTT/APPX/wAdNaqnTWyOCWOxk5XlUk/mzipv2d/2fpT8/wAB/BTAevhWz/75P7qoH/Zm/Zxc7pP2fPAzH38JWX/fJ/dV3eFPp/n+E0oAJwx4/wA/KaPZ030HHG4v/n5L73/mcD/wy/8As15A/wCGevA4+nhaz/75P7upoP2cf2f7V99r8DvCMXvH4dth/wABOEruViUHOc/5+6aGjA4PGffv/dNR7Gi/sr7jWOYY1bVZf+BP/M5EfBP4SQRlLP4XeHYwf7miW4z/ALJ+SvzP/wCCl/8AwT7/AGgfjx+1a9j+zd8Fi2mNp0C3WpJClpZRyHOWDHAOBjOAa/WDy1I2kZ/z901IgVV2hR+f/jprzMxyfC5jSVOfupO+iVz7PhDj/OuD8fPF4d+0lKLjabk0r21tfc/Pj/gn/wD8EK/B3wM8TWXxd/aZ8RQeJ/ENm6zafpFluFlaTDkFyQDKQfXAz2Ne5fEy8T4Vf8FTvB3iS9Yw6V8RPhxN4ft5MYRby1uPPSP6lT+OfrX01ATuynrnGP8Ax4V5V+2d+zzf/tAfCqJfB18tj4w8LalHrXgzUiceTfQ5IKnsrj5T9Qe1Zxy3D4ChbDxtaz83Y76nG2b8TZy6ucVnKNSMqf8AdgpKysuiTs+56nGjYAB6+3/jpr5T/aW/ZV8E2nxN0bwz4E0e10pvirfeJ28RTQQoiS3r6LI0TSBMZbzIEYHrlQc8V7l+y78crP4+fD9NYvtNfS/EmmP9j8VeH7j5Z9NvUGHUqeQpIJU9GUgjrUnxz8N3Wq/Ef4Ta1ZafJKNO8dzfanjBPlRS6RqEZ3+g3Mgz7iuyFVThzR2/pnyuKwlXCV5Uqq95P8+q9Vsz8uvjP8HPFnwimXTfiJa+L9O0nRXvBfXmu+OrlU1otbmFIg8VujR794wDK4UAHGVzXmX7FPjjXrD9sDwP45+H3w31fWLDR5p11Sz03X7zUvPXY6KpluVRX2rghT68Gv2I/bC/Z41L9oX4A+IPhn4SfSYNa1G0VNOvdYgLxRMHUlSygshKgruXkZrv/hj8Kvg78MvhdYfD3wv8LtH0eCGxjS7t9IsxGjzhAJN7YDEkgncfmPeto4iHsW5bvQ4p4bESrxUNl1t+B+bP7YvhPUfj148s/ilqv7AXxLi8SadDAtp4gtrDSVnzC5eNPNeGV1CseB09cg18xr+y9+0Fqfivxh4ou/2Tta1fUfGmoyX2oXHif4feHdScXTvuzIZYExtPOFK5IHSv1B+Lf/BMf4B/FDxFc+IJPEfjLTnuZC7RWfiy8EYyfubTJgD2FcH/AMOYf2dZJvMvfiF46kHdT4mnwf8AZOWNXQxOFpwS5/wf+Yq2W5hWqOXsr9d4r9Dyf9sL4c+NPiF/wTq0L4FeFPh9qUXiS1s9JhOjzW0UToYWTcpSJmSJfkOFBwBgCtD/AIJNfs0/Hv4L6OmlfF/wDNpkOk3lxPpdw86uW84IxUgHK4K4NfUX7OX7CvwR/Zlnu7zwENZuJ71QtxNrGszXXA52bZCQv4CvZUsraGAQxIFHTgf+OmuOpjUqbpU9U9bnoUcqbrRr1fdkla258xf8EvdJg8M6v8bJIAYRd/GvWZ5Rn+N1hLBua+XP+Cqfw7+Dfx5+P3i/XLL4cvrmq+F9Eje+8Sr8Sk0y0sHht5GVPsoZfNIMisxLDONuDX3t+z78CE+Fl547vL+7Sc+KfiDqGtwKgwIoZliCIeBkjYfXrVLxj+wr+xr401TUPEHjH9nbwfeXOqTebqk8+ixbrts5zIcfNzyc9amGJjCrzMiWAxNSgoJ2f/BPwp+Keh/AD4q/8EoNO8a/HbxDqOmfFv4d640FhC84mj1XT57mMxxgE/cVZABt6bVPIJr9Yf2aPij+xV8Xv+Caei2Hwv8AgVreveBtO0G3tW0HSNHd7iWaOICfb5ZUblYFmw3zAgjrV3UP+CR/7KfxG/aBuvif4q+H+kN4DsNJisNB+HNnahNLmnUHddzRjAOMRhUwRlN2ecVY+Bf7DnxC/Ys+MPiXV/2PPifpXh3wR4pnku7n4feINNmu9PtbxlIC/u5FMSgkEoBzsUZ5yN3Xw89m1rf/AIGgUsuzBT9pZPS33dT4N/a+/Zd/aS8UfBj/AIaf/Yu+Gmm6J4HgvVfXfDuo+MF1G5vQr/u7u8sZlbyJomEhEgYPGhOc4Jr6l/bG/Yj+Dvin9ov9k/8A4KC+EtWtZpNR1DSLLxJqNnqguI9QuDErwSzckOBIDE7DoNvHGK9F/ay/Yi/am/ag+E2jeBvDf7T1r4B1GS3ntPHmteFvDaxya/DM26RN7MXtzgbUUEgA4J61wM3/AAQf8G2X7V/g34+fDj9pbxZ4c8MeGryw1C98BKgnt7m7tjuMSvvVbeKVsmSNUIO5vbFqtSnFa23tv+PqZTwWMhVvyaXTeq/z6H2z8c/j5oHwE0GDXte8J+ItWS6uPJtrXw1ok19K7kEhSIlO1cD7zYHQda6jwf4lHjLwrp/ij+w9Q0039qk/9n6rbeTdW+4Z+aMklHGeVPIq7FOqxeUpKgdVDdP9k037QS2e574/8eFc11bzPXbbPEv+ClnwU8S/tG/sE/Fn4L+C7Zpdc1vwVeLocaD5nvY086BPqZI0A9yK/Mn9uz/gsj+x9+2L/wAEjtZ/Z38VanrOmfGe80rTrG48B3egzi5g1m1nhaYMwTaEzE5B9GAwK/aGVkcEHn8f/HTWYfB3g2TV21+XwnpTX8nD3zaZCZmHo0m3cfzrehiFTjZrrc4sTh51ZXi7aWZ8+f8ABHHWfEdt/wAEt/2fofHFhcWmpT+DY7MW95G0co8p5AgZWwRmNVIz2r86vCH/AAUNtv8Agid8bv2uf2QPjB8N/EFxq3jzxVdeKPg0+n2LSR6pc38eyNM4HyFhH8wz8ysuM1+0d/Y2l5LaSvEoNncebbBRgI21l2kD2Yj8ao+IPh38NvGmvab4o8a/D3QtX1PR336PqOp6TDPPYtnPlCR1LRnP90in9Yi220YVcNJxiovVHyn/AME7P2R/C37If/BHibwJ+1T4UsLufXPD2oeJ/iXpmrxK0clzco08iEEEZQFEz2Za+e/+CenwF/4JWftbaJc6b4J/Zf8AGPwp1yFDLONJ8XatpdrdKS20RmCdRnAyQBj65r9Ff2lfgX4K/al+Hq/CX4k6xrVt4clvobjVdN0TUPsp1NI23gNIAX8ksAWVCpbA+YVW8L/ArwT8H/hvd+Bf2ftNsvB6mGVrNrOJ2jiuWTAeVc5dsgE5POKcq0JRa6slU6kZqyVl97Pg/wD4Is/ssyeAvi38e/ird+N/E3iDSJPHFz4b8LN4m16e/aGxtJnJQvMx3fMVBJGfk61+hen6XYaVALTTrKCCJclIoIgij/ZIAFeb/sc/s+S/sw/AbTvhbqniQa1qi3d1fa3qyw+WLy7uZ3mlDL2GXwAewr1BSA3J6dAP/QTWEpJ1G0ejQSjRSsKqn7+39f8Ax00MpJOe3+dppRk89Oen/spp/lg4OMf5+6aaG9yIYBww/X/x00n+ev8A46akKdcL/n+6aRoyPf05/wDHTVCtqRlQeo/X/wAdNMYDlSQPqf8Ax01J938Pf/x01BKT/Dx7n/0E0ri5dRsjgDDHp/nBr5w/ZG0+11z9rP48ePtPljmhGu6dpAc9VlgtA7pnHTMo/OvQP2oP2htH+BXgVrqG2fUNf1J/sfh3RLcZmvrt+EiA7jJBJ7Dk0n7Fv7Puqfs/fBpdL8X3S3HifxBqc+ueKrhOQ19ckNJHnuqYCDthRisIWrYuKj9nV/dZffc9mcZZZw3XrVdHX5YQXWSUk5P0Vkr92euwx4Qbh+v/AI6acVPJPH0P/jpoGAgz+Wf/AB00M4bqv6/+OmvVsz88buUtx3bif1/8dNOYZH/1/wDx00wAngfz/wDHTUn+ev8A46a1kZDGGDgfz/8AHTSf56/+OmlJGflP6/8AjppP89f/AB00tLWLje4xsk8j9f8Ax005fuj/AB/8dNKVJHT/AD/dNKVI6/z/APHTRF2YMGxnj+f/AI6aTI6H+f8A46aP89f/AB00oUnp/P8A8dNNvUNBP89f/HTQQRwf5/8Ajpo/z1/8dNB46/z/APHTRdNBsH+ev/jppW2/w/z/APHTSK3BUn/P900rLt7/AOf7prKRSaaEwcZ/r/46aUPtILdv87TSf56/+OmkflSMdvX/AMdNK1y07Hj/AMYv2Pvhv8TPEZ8f6Bf6l4V8Tj/mPeHbgwSSH1dRw/14PvWDofwJ/bB8MbodJ/a/uL2EcQ/2toiyN9Gwea96KAEbh+n/AI6aVEPpxn1/8dNc7wVHm5kmvRtfkz3KXEeZ0qSpOSkltzRjL8Wm/wATyyz8Eftj21vHv/aB8OTPt+fz/DL8n+6dsgroNJ0n9o2007ZrvjPwxe3BHElvp88K/wC6QWP+RXcICPlU/r/46akCnbnOf8/dNDwkZbyf3ilnuJn8VOH/AIBFfkkcTMvx/jiDJP4akfPRRcAY/vDilV/j7KDvg8N9OAHn49m4rtgp7k/n/wCOmlIPAyf++v8Ax01zzy2U3pVkhxz1LejB/J/5nFRz/HOQfPZ+HN44VRNPj/dORVqOX48ZwNP8Mkhe89x19G+WutRAehOfr/46anyV53EZ/wBr/wAdNZ/2TJO/tZfgavPqT/5cQ/8AJv8AM4Z9a/aYhXZD4e8HuR3a/uR/wE/u6jfXf2n87f8AhF/Bf/gzuv8Avk/u67tiw5Lnnrz/AOOmmvGM4yfz/wDHTTWVuP8Ay8l+H+Qf23S/58Q/8m/+SOGj1z9pcHEvhbwbj/Z1a5/75P7qrdt4g+P6f6/wh4Zc/wDTLWZh/wABOYa6sx4Iy3T1/wDQTVTWtR/sqxeS3gM1xg+TAvG8/wB4eg9zVvBxpr4mXSx/1qooQowu/wDF/mYreMvjdbfNc/DGwlHb7Nrqn/gJ3otQ3Hxm8f6dlNR+Dup4X7xtr62kH+6cyD+VZ6eKPGeoXH2TUtRS2kJyYLQEbR/dJPJ+ta1n4SstSj3avE1y3rOxb/gQzWMUm9D6H6nhqEb4inFv+62Y13+1kti5t7v4ReKAy9RHZRyZ/wBobZDWXP8At0+GLeZrW5+GPiNHXqskUCN/ukNKDXf2/gbwtCN3/CO2QbHX7Kuf908Vfg0y3tY/LtIliUdFiG0D/ZIFX7F23ZEnlCdlQf8A4G/8jy8ftyaPdgLB8GfGUi54MOi+YD/sllYg/hU6/tnyXkLR6V+z14/upQPkij0aNMn+6TJKor0SbToWzu4989f9k5rK1C2NqrNG7ZAznfj/AICan2MZdWP2mWpaYb/yeX+R5P4h1v8Abe+P8b6J4T0Cx+E2jSkifVtVkj1HVjGesQihbyYmx0ZmOP7vFdX+zj+yN8JP2aYr3VPCtjcal4j1Q7tb8V63KJ9QvmJyX8zHyLn+BAF6VhePvjF8bPB14JfCPwzi1jTkGWlkuyHYf3NowfxxXT/Bj9pLwX8XjJo8Sy6ZrVqB9r0i+XbKn+yc43D3FdeEweHpT5t33f6HHm1XOa2AlHCwUKG8ow3fnJ/FL5tryPRyd39cn/x00xmAXGPxz/46aXfxtx265/8AHTUcjbRswenUf+gmvTasfAt6EbFujH9f/HTTWbb2/wA/3hTygxkH9f8Ax003/PX/AMdNIiKGM5PDHj6/+Omk3AjBP05/8dNKIwpJLdff/wAdNN+bO1B09/8Ax01Lsyh4Yn5cc/X/AMdNKCcZYfr/AOOmmpg8v1+v/jpp/wDnr/46al7gAKth1/M/+hCgnAIP8/8Ax00HPUdfr/46aw9L1TW5/El5Y3nlm1jto3iwDuV2Jyp9sAUpVFBpProbU6U6qlJfZV2bLNu//X/46aT/AD1/8dNN3jPT9f8Ax00hJIIb+X/jwq2yLIf/AJ6/+OmkckdP5/8Ajppoyvy7ev8AnaacBuPK/wCf7wqLjG5ZuP6f+PClVSG5/n/46aUqMg4/X/x009Tg89/f/wAdNF7jG4zx/X/x005Dxj+n/jwpVPzHj9f/AB00PhSSBzn/ACppjsN8zqD/AD/8dNSRIQobP+f7pqAjDbSx/P8A8dNWEcCPaCOnX/2U0gSYBB3P6/8AjpppjbOU6fX/AMeFP3AD5mH4H/x00FlHBP8An+6aloqw0RDOWOfbP/jppNgYcED8f/HTTlkGdrEfgf8Ax00gfI+UfTn/AMdNKzFawkiFiAB2/wAqaaiNuxkfn/46aezr0VufY/8AjpofcCMkce//AI6aaVxpXEKnO8c49/8Ax00qyErkr+v/AI6aQuSCGP1z/wCgmkVscdPx/wDHTSWo1AlV8c56+/8A46aczBshh19D/wCOmoNy+v8An+6aDIQeW4/3v/HTVpA4akmCFwD/AJ/ummyAEYb8ef8Ax000ynGP8/7ppGkJU72B9MH/AMdNGonEXGRuK/5/umkODyp6e/8A46aQSnAQkc+p/wDHTSM4xgH8m/8AHTTJ5WmKSQOT19//AB00m3PQdfb/AMeFNL+g/X/x00hk5+8Pz/8AHTSGlYUpk5z/AJ/umjy/9r/P9000Scfe/X/x00Gb5cKR/n+E0NsOUXhDlj+R/wDHTRlCM5/I/wDjpprSEnkfr/46aZ5u0YDdff8A8dNLcVhzIc5xx7f+gmlU5HP8/wDx01H52Dy4x/n5TSrKMYDD8/8Ax001YLMmQA8Z6+//AI6akRNnf9f/AB01HEWxjv8AT/x01NGpK5Zv1/8AHTTJDGf8/wDjwpdvbPPpn/x01IsY28jB+v8A46aGQKcjv7/+OmgT2Iv89f8Ax00BDvAZuD7/APjpqQxkgnr75/8AHTSpGAfmOce//jppXuTpcRIoWTbtzg88f+PCvMNMkWD9rbW9LLk58F2cwQNxk3DqVI/4DXqUKAMCfXp/7Ka8nhAT9tfVYlAGfh9bEtu54u3+U/nXPV0lC/f/ADPZynWGI/69y/NHqQIXDE9ff/x00/8Az1/8dNQn3/u+v/jpp4cgcc/j/wCOmuk8JpsWPdzu9fT/AMeFO/z1/wDHTTfNxzj9f/HTQXVl4P8An+6aTVwsxyyPuO0D35/8dNPO7gEj/P8ACaarbTkH9f8Ax00rZU7gf0/8eFO1jRDkIByDn8f/AB01IDwPT6f+PCoAxHHb0z/46aBN2Ixnpz/46aUloaIsI4Ulk6H2/wDHhUqy7QB29f8A2U1Ujl+bkZz2z/46ac8zNx/I/wDjprCptc6IHF/EX9n+18U+KF+Knw18SS+FfGltF5Y1e1i3wahGOQ0sOQJk9Dw6k8N2rCuPjX+0J4KmXTvih+zVqupNE/GqeC7mC8tpiOzJK0csef7pU455NRt8cvGnxg8b3nw5/Z3jtlstIumt/Evjy8i86zs5l+/ZW8YIF1cD+L5hHFkbizfJXoOk/D1NPtkGr+JNU1m5H+su9SuyS5/vBECxr9FUCvMeG9s3Ki7X3fR/L9T6qjmFbAwjRx0I1Elonfmiu11ZpeTv6HI2P7VN1dY3/s+fEqNv9rwwcf7pO7H61db9oDW51Bh+EPiyLPRbqxSM/wC6QX4rr18OadDgLaJ/3z/46aSXQrFRlrdB7/8AspqlhakF707jlm+BlL93Qt/282cDe/Hzx1ytn8Ftdcj+/JAv/AT89c/f/tGfGSFisX7POpEesmr2if8AATmSvTbrRtJBKlY8/wB0kD/gJrOex8LW17a2moiCOS9uPIs4nwGnl2PIYwO52I7ewUmo9hHc6YZph46+y/E83P7SPxt5/wCMfpl9j4gtf++T81NT9pX44uNr/s9XufRNYtmz/sn569eh8IaLvCnSIHB6Exg/8BPFKtl8O4tEuvFE/wDZf2Gx3/ab3enlR7eoZ+gAIwTng8Gj2UUzR5rhrfwzxo/tO/G6Fj5n7O2vKq8sYUhm/wCAnbNUlp+1prZk8vxV8EfHES9HEPhvev8AunEhzXs91pXhix8SW3hlbeCO5ubBryGFAPnhVlVg2O2WUfjVttDsVIiZFA6EDH/fJodOCWw1mmF/58o8n0/9rvwO0X7/AMD+L7NUXP8ApPhedMf7JxmnWH7U/wAIdQvIXuv7ajaV/wB0Z/Dt5gH0b92cV6ZfabpQdbNGQSMhbauNwXpvA9MkDNUU0OCPmSMc8ZKjB/2TWbp21LWY4aW0LfM5pv2nvhTDC0cM+rThX2lbbQLtm3dNpHl5/HFRP+1N4LiDfZvB/i+bYcZTwpcrn/ZO5Rmuwh06C2VmuCACOrHjH90k1b0tNMvYwYWjmQHqrBlP+yaj96l7rD61gE/eg3/29b9Dze6/a60uCcW9v8JvF75+6ZtPigB/2SZZVFRn9qrVrjKWnwR1wkchp9UsUz/sn98a9gj0yyiy62kYz3EY/wC+TxSmzsycLBF+CD/vocVPLiW78/4f8ESx2UL/AJh3/wCB/wDAR4237T3jjG5PgZdLjqJfEtoP+AnDGqsv7Wfi2Ek3PwdMYHr4jgb/AICdqmvbTp1sOREnP+wP++hQ1hbOMLEv5D/vk0KliX9sTzDKf+gf/wAnZ4cf2yLuMf6T8OHQ+gvJ2/4CcW9I/wC2tZwgLP4CuE/4Fc/98n/Rq9ubTLdusa/5/hNRHS4R92Nf8/wmqjh8T/z8Yv7Tyj/oF/8AJ3/keHT/ALdnh+EkXHgi+AH9xLkn/dP+jgfrVWX9v/4bD5b7wp4hi+ljFj/eBeZT+gr3kafCOiL/AJ/hNSC0tl6W6H6gf98mtoYTE/z/AIf8MQ81yRb4T/yd/wCTPAY/+Cg3wNB/0nSvE6H/AGNGjl/4CfLnardr+318DrpP9G0Xxs+O6eC7ph/ukqDXuq6dp7jD2kP/AH7H/fJ4p3/CP6TKcS6bbMc8boFP/ATkV0RwuIS1kvuf+Y3nGQ/9Akv/AAb/APaHjEP7bvwluEDQeFvHDDHOPBN7/wB8n5KU/tu/C5WJfwZ44Cju3g27H/ATlK9W8Sf8IP4O05tZ8TzWOn2iuqNdThURWdgqlSeMlmAA7kgVPYaf4b1Owh1bRZLW5triMPb3FvgpIp6MCOtP6viNlJfc/wDMz/tTIL64af8A4N/+0PHX/bx+BsWVu7HxPbkdpvDF2pH+ycxj+tRD9v8A/ZyJJk1nVY8f89NFnX/gJ3Ite0y6RZZ2fZlx7f8AoJpr6Fp0mS9tGfYj/wAdNWqFd7yX3P8AzJeb8NrfD1P/AAav/lZ4nN/wUE/ZhT/W+OmVuuP7Muyf90/uKwtb/bebx2x8Pfs0fCfxH4w1Wb5YrsaXLZ2MBPRpZ51UBenTJr6GTQdLzv8A7Pgz6mMZ/wB05FWIrZI08uGIL3wMAf7ppPCV56OVvRP9WCz/AIeoe9SwkpNbKVS8fmlFN+lzw34A/sq63o3i/wD4Xz+0T4ih8R+O5UIskjQ/YdDjbrBbqf4uzSn5m+le3MMndjn0z/46aklZg2GGD3/+JNQSuB8pbH4/+Omuyhh6eHhywPl81zbG5xivb4mV3sktFFdFFbJIfvGMbuP8/KaaZFAz/X/x01GXPYfr/wCOmms7dAep65/8dNavU8zUjALdB0/ztNKRIRhv0P8A46aXJQgHp9P/AB4Urs+CSOPr/wCOmrndiihn+ev/AI6aAMnH9f8Ax00oUYyT+v8A46aGG04z/n+6aztqa6dBV+U7T/P/AMdNK2MYJ/X/AMdNIwywz/P/AMdNI/3v/r/+OmqIF2p/e/X/AMdNKEAP/wBf/wAdNM/z1/8AHTT1Hy5x/n+6aABlHcfXn/x00oGOMf5/uml2HIB7+/8A46aXHybc9Pf/AMdNJsaRDIhXkNx9f/HTSiVcYYH8v/HhSyYI2n+f/jppEjGc4/X/AMdNFrk31EILcp09z/46aQncPlb9f/HTUgI6Z6e//jpqN0bccfp/6CaTRTY0IQ/PI+v/AI6aemMYI5z0z/46aBnu2f8AP3TShSWyq/l/6CaaLHEKoLAHn2/8eFEchHy4z+P/AI6aNxZMD/P+yaVYtpDFv1/8dNMCRdpBJb9f/HTTmyeMcD3/APHTTQQf/wBf/jpp2/BOf5/+OmnZoyerGgkcj+X/AI8KcWIGG6/5+U0KMnnt7f8AjwoY9CR+v/jpqnoCHZ7Z/X/x00iyBec5/wA/dNNO5zkj9f8Ax00pTC57+mf/AB01m9i42uRXU5jjLL34/wDshWckSQtLqF4xwFyzu/Cr/dPpVi5/eXIgcEZPr/46a8x/bw8W6j8O/wBkPxp4k0qYx3A0n7PFLGcFDNIkW0++HzXn4lvV9j6fJMM8TiqWGjvUko/e0jo/C3kappN18U7uZUsLpPMsGkOALZc7TJ7Ny+f7pWvk3wV/wXZ/Zpv/ANpHQPgp4q+HPjTQPDXjTUJLDwJ8UdW05Y9D125SQxeUrnDCNpAVWTkHIPAOa+m/2wtBv9J/4J4fEKz8EKyXdj8J9RGmeQcMGj059qfXgYr4G/bJ+C3hj9pn/g3M+HXijwFp0bXfgT4XeH/EHhye2jzJayWNtCZkyOVJRZg2Oc9eamhTUrc3X9TrzbMKsW/YrRNq3knY/U+Ihx07d/8A0E18xf8ABSL/AIKqfs/f8E0vD+iXnxV0bWfEOteI53XSPDHhsRm8liTHmNL5hCpGuQMk/MxwOhru/wDgnv8AHCT9on9hb4WfHa/vxcXPiLwXZTX02779ykflT7vcyxua+AvGGkeGP2kf+DmVvCfxV0e31XSfAfwqDaJpmpQLLAJXgR8vGwIPzXEh6dQD2rR+5BuXS4XlVUeTeTSXzP0N/Za/at+DH7ZnwS0b4/8AwJ8RHUdA1iNtolTZPazKdsqlOfLmjb5WXnsQSCCfJP8Agop+2hrv7Kll4Y/4RPwq2r/bddtn8WvHbtKNI0PzAtzLOF+6cZCs3HyueduK+P8A9hzUfij+yZ/wUc/a0/Ye/Za0nRW/tLTIPGfw+0jXp5ItP0+9ljTztxQEhCJFOAP+Wajjmvp/4HfFTx/8JfhnPo37Y3wgm17xprMj/wDCRa/4b1Cz1E6yzZ2xLBmORY0X5ViEe1Rn1JM07Od91ZPz1NLVpUpQ2km02ttH+vQ+mrE6R4g0yDVNLuIrq1urdJrW5hYMk0TqGQEjgqVIII45rzX41/Ar/hJYx4r8H3B0vxJY/vNN1K3IVtw5AJ7g4xXxB/wTk/aC/b3+KXx+8feAf2NfBnhuH4A+C/Fc2nadZ/FOaeK4099xMtjbSWod9qPvxGdyRgoMjpX6gafpt9daRA3iC3tYbxowbmKznaWJH7puZVLD3Kg+1FZSpPc6MszKpSmqtO+nfZ9/VM4H9mf9oC4+Kmkz+E/G1stj4p0jMWoWmcebtO3DD37j1r1XYn3m7ep/8dNfIn7WOo6j+zh8adE+N3grwhf+ILw+WD4d0pwk+pSF/KMKnB5YMBjB5UHrV22/4KCftXahEk8H/BL34jIrDd+81e1Uj/ZIYAj8qzp5tTheFVNtdot/kj1c/wCAquOdHMcqUI0q0eZxlUpw5Z3akkpyi2rq600vY+rXRm5Jx+P/AI6ajddpwf8AP+ya+X1/bz/aukiDSf8ABNDx8u7/AKi1r/3yaim/b1/akU8/8E1viAP9n+07Qn/dODWn9r4Zr4Z/+AT/AMj5n/UXO07c1H/wfR/+TPqMg7QR+Of/AEE01t2Cc4/z9018sx/t+ftOzZWX/gmv8RUx1/0y1z/un5hVtP29vj8QBd/8E6/ibGf9ma0P/AT89T/a2Gv8M/8AwCX+Q3wJnaWjov8A7j0f/kz6aU9CF/En/wAdNPGcfN/P/wAdNfNtp+3X8ZbmUxv/AME+vijHtHVzac/7J+er9j+218VppMXv7BnxVhBOARHZsOv3T++FXHM8M+kv/AJf5HPU4Nz2n0pv0q0n/wC3n0KBkH/H/wAdNcro15M/xB17TnPyRW9o8Qx0BD5YVwtz+1/qGiaSNf8AG37LnxR0axXBmu5NAiuVhXqTIIJXcDH+zWx8LPiD4T+JPjbVfFHg3WYr2zvNIspY5EbDKCZRhlPzKwxyCAQaqeIpVZ01F9f0Zz08px2BpVpVoWXLummvij1TaPQ1IGMf5/2TTsjscf5+6ai2HIGev+dpqRYiOrf5/umuzmPAadxynI5/n/46aeqbvlH55/8AHTTFBB2/lz/46akCjnH48/8AjpqXuGwIhDEvj8T/AOOmnLHxywwBnP8A7Kacq/LtJ6+h/wDHTXyR/wAFLv2/7f8AZu0E/DnwFMr+KL6E5bPFqhHG/wBzXLjcZRwOHdao9F+J9FwvwzmnFub08uwEbzl16RXVvyR6b+0n+3X8Cf2ZLcr4w8QC41EgmPS7Qgytjs3oK+S/F3/Bd3UIbkr4R+CUDQljta9vzux2DBQa/P3xl468ReONZn1/xRrM97eXEheWaeUkkk52kmur0X4B+Pp7bR59U8J31vbaqEne8MDEQxSMRGX4+UttYgHkjBr8+xHEOZYmo3Tlyrokf2pw/wCAnA2S4KEc0iq1aS1cpOKb68qVtj6+g/4LpfE2YAt8G9HG49ftknH+yeK0Yf8Agtz8Rp0+T4V6OrD0u3P/AAE8V8s237LWsz+GNe8VvJcWllokPmJcTwELPlygTOP7wI+ornPEvwb8YeDfhzY/E/V7SSCw1DUWtLYupG5gm/DcdCK5v7Zze1/as+gh4VeFzm1DCU3yy5Hq/ite2+9tT7SP/Bav4jhAR8NtHBP/AE1kP/ATSyf8FqfieQSnw20Ut2Akkx/umvhf4d+FPF3xS8YWHgHwDolxqmr6ncLBY2Nqu55HP8H07k9AOTgCvVfDH7E37R/iLxx42+GFr4QRPEnw+0Y6r4i0OS6Tz1txg7MA4dtpDbQelJZpns1eFST+X/AM8Z4e+EGWNxxmGowaSk1KVmk2op25r2u0r9z6Qn/4LR/Fzbth+G+hhvUvJ/3yeary/wDBaL42ZJh+H3h/GOAfM/75PNfFSOVIDrhhxgnn/dNS+Yu3aVAzz0/8eFczzzObfxn+H+R7sfCLw1Susup/j/mfZa/8FofjsDk/Drw2fqZf++T81Oj/AOC1XxwTCz/C7w2/HVZJhn/ZPNfKXiX4X+K/DngLQ/ibexwnSPEDTx2MkcmWDxNtdSMcEZB6ngg1yxlBHzHGOnP/AI6av+2c6jvVl/XyPK/4hj4Z4hN0cvptJtO19GnZrfoz7eg/4LWfFkcT/CHQm9dl5KP+AnircX/Bazx50uPg3pfPQpqEn/fJ+WvkDw38GPi94t8Oy+LvDPww8QahpkK7pr2y0qaWJR/tMqkV1Pg39kL9pPx9Otl4U+C3iK7kdQyhdKkHynpuyK3jm2eT1jUk/l/wDx6/h74T0FJ1aFGNt7ztb1vLQ+n1/wCC1fitVPm/BqwP01F/++T8tCf8Fr/EjKcfBiw4HU6m/wD3yflr5Z+Ov7JH7Rv7POgW/ij4ufCrVNF025lEUN9dQgRmT+5kE4PXg1yPw/8ABKeNPBHjLxbLM6R+GdJhukKdGd7qKIKfba7H6gUnnOe058sqkk+zX+aMqPhz4V4nCrFUcNTnTbS5ozk1dyUUrqT6tH27B/wWd8UzRAj4OaaD3zqUn/fJ+Wpf+HyPityFX4SaXk9Ab+T/AL5Py18PeDPD114q0TXtct7pYotB0w3k5Y8lQwXZjHvWLB4njYqqSAHPylnxn/ZNRLO89tpVf4HVLwn8OY1XD6jG6tdc0rq6v/N2Pv8AP/BYLx66mVPhHo+Af+f+U4/2TxVK7/4LF/EONcr8ItIz/wBf0g/4CeK8h+Nv7Oul/DH4FeC/iTYLcZ8RWyvcNI4K7mj3YIHI6nrXB/B/4A/FT9oTxQngz4WeEbnVLtzl2RcRRLnHmbz8qj6msJZ1xFGfJ7V3+R83S4N8KKuEnjPqsI04uSblJq3K7Pr3PoS//wCC1fxCs2w3we0k4/6f5P8Avk/LWVc/8Fy/iNAdo+CukN6H+0JP++h8tfOP7Vn7Ovjr9l/4ozfCv4h3WnTapDZQ3E/9mXXmoiyAkKSQPmGORXkz6c17Mtpb7RJKwVMnAyf4TXHV4oz6jNxlWem+i/yPo8r8L/DHMsJTxVHBQlTmk07ys09b7n24/wDwXb+IxfanwO0jg4/5Ccn/AHyflp1t/wAF2PiM7bH+BukY/vLqcn/fJ+WviT45fC7xH8CfiLJ8OPFl9YTajb20E039n3PmxosqB1VjgfNgjNQ+APC2t+OvFuneB/CmnSXup6vcx29nbQLlpJXYBU/GrfEmfqy9q9fJHfh/Cnwqr0HXWDg6dr83NK1t735trH3gn/BcT4hbMv8AA3S89s6rJ/3yfkpzf8FwPHzKB/wpXSF9/wC0pD/wE/LXyN4y/Z4+N/gHxvc/DbX/AIX62ms2aobmyhsXlaMP90MUBHPbmq8XwD+OzWsl2Pg14pMSEhnGg3BH+8Plqln3Esvtyt/h/wCAWvDHweVONSOFpNSSaftHZp7W98+upf8Agtp8UJMi3+EWhqe268lP/AT0p1r/AMFqPizJKEf4TaAeeNt1Nn/dNfEt/oWvaNdDTtc0K9spV+9FdWrxsPZgwFa3g7wF4u8feJbHwh4I8O3WpapqM6xWtnaIWdiT90+g9ScAdTWb4gz3ms6zv8v8jvXhR4YQoOs8BSVNK7k27JebcrH234K/4Lfa1HrrWfjn4W2q2gb71ldNuA/und1x+FfX/wCzn+2n8Dv2j7FT4U8Rxw3xUbrK5cLIp/ukd6/Fv9oL4HfFT9nr4gXfgP4reErvRr+3kLLHP8ySoeQpccOvPUfQ1z/gH4q+Jvh34it9f8OavNaXMEgaOSGQj8Gx1Fepl/FGbYSr++fOuqa1XofM8R+A/h/xHlKr5TFUZSjeE6cm4O60undNeaP6KHtWjfA5OOo5GPRqVogUw3P4/wDjpr5K/wCCav8AwUM0z9oXSovhl4/vETXLaEC2uJH/ANeP7wPc+9fX89sUIUj/AD/dNfp2Bx1DMcOq1J3T/A/iDinhbNuEM4nl2YRtOOz6SXRryZQKleCMf5+6aAM8D+f/AI6asPHg/N/P/wAdNRlAoyF7+v8A46a6kz5uyGqBxkHOf8qa8eYtH+3LqaEDafhtb/xdD9sb5T/ntXqvifxV4Z8D6JP4o8W63Bp9haJvuLq6k2qo7KfUnoAOScAAk18zeJ7n43/tCftBXB+G15d/DO2m8MQvDrV3p6vqOp2Czt5YaJji3RnDMA3zlSCcZxXLiZ6xSV3fY+n4ewLr0686jUKbpyXM9tbbLVv5H0sxOeW9+vH+6aYWY8BvqM/+OmvIIP2dP2n7eNYU/bT1HAXH7zwdZuR/skk5NPH7PP7S3/Lf9tLVCe5TwdYr/wACXg1sp1rfA/w/zOWeV5YnpjYf+A1P/kT14Ficq2T9f/HTT8t97P6/+OmvIU/Z4/aCRds/7ZevsfVPDViv/AT8hqwnwC+N6rtf9sLxK2OuNCsBn/ZP7qhVKvWD/D/MX9mZV0xsP/Aan/yJ60pORk/r/wCOmn5GM/0/8eFeTr8B/jSr8/tc+JT/ANwOw/75P7qq2qfAX9oyV1XRP2xtZhB+99o8N2L/APAThBVurUS+B/h/mKOW5dJ2WNh/4DU/+RPYlVm+Ufz/APHTXyV+0H/wVj+D37Mn7TVx+z38WfCurWtvb2lvOfENlGJol80Z+ePhwBjqAfpXd3v7Pv7aY3S6f+3TKnosngqzIH+ycCvyJ/4KtaB8V/DH7YeraV8YfiMvifWItMtPO1lLBLUSx7WKqY04XA496+f4jzLF5fgFVoK0uZLVH7D4NeHnDPGXE1XBZhXjVpqlJ2g5xkndJNNpLS/U/cf4Z/Fj4d/F7w3a+L/ht4x0/WtNu4w0N5p1ysqHPdSOhHcHkV53+1f4/wDFGuaz4f8A2Wvhbrclh4k8cGRr/U7b/WaTpMeBcSseztkRRns75/hNfmH/AMEsvgZ+38vxFsvHvwIttR8PeHmnD6tfa8Xi029h7oYW5mb0ZVyP71feH7Jeu+J/Ef8AwUE+J158T2hk1ix021sdPEYwkVqiqfLHcKXYk+55NcWDzrEZjQpwq0nCU3a+yaSvdPz2Rvxb4ZZVwTm+Kq4LHU8VToU3NQunUjJtRippXWl730vbVI+svhh8NfCPwm8E6d8P/BGixWOl6XbLDa28Q6AdQx6liSSWOSSSScmt9VHQDPoM/wDjrVBdSOYCluTnHy+v+8K+JP2rPD//AAXQm+Kt/dfskePvg7b+ECR/Zlv4hspjeKuBkuQpXOc9DX1lOkrcqaR+FV69SU3OV23ufcQiU4b/AD/umvNv2w/Hms/Cb9lv4gfEzw3dm31HQ/CV/eafcDGYpo4HZA2eOGAP4V8Kpov/AAc8O+x/H/wOA/vJaN/30Mx1T8c/s0/8HDvx28Gaj8NfjJ8fPhJa+GNas3tPEFpp2n/vJ7R1KyxK4h3KzIWAOepFV7BdZL7zFYiSekGYH7Gf7Vnx0+InxD+F1142+IusXC+Kbv7HcRzn9xeuiZkLqo5O44GMc16H+3P+3h8Rvhf+1B8N/if8Hfgx4j8afCf4Yardy/EvxRoFs9xZyvcW72s8SsqlXa1hkdieBvcjPHHz38H/AIQWn7Rn7GPhfw54F8cyaDqvw/svF+uXd7p87xzI2nIhiTcvKrIbmIHrxnua+pP2DPj/AOI/hp/wRz1743Xmk2l+PB+j6vc6Xo4g2Q3UdsW+UjOAXdZCW6EseKzVCCjzrva3r/WhtWxlWo/ZbK17+h9JfHb9q/wZ8Kvgho/x28IeNPD93omvraS6Tq2qvK1ldWdxtI3mEFmO0hsDjg5IANfHUX/BQ74XG4uP2etX0+a88Ha5f6qdc1Lw7eF7SGZVhna1huGwYra4MUxWXgRmfDA7ST6V+1HoP7Lvhv8A4JgaR4r8QeBtRb4QePbvSPEVl4c8PyrFPoU1/AJpLK3LECCJ5nc7QQqGRyB/DX53a54f/Yot/CHgv4o+AP2aPiZ/Z2vazcWup6MPFyLDqUERLy28ZXMjAR43FhsGDycUYelCUW+V6Owq9epGyTWx9mfs8/8ABV7wJ4v+LPh/xf4w+zaVpum+H73TtW1TxDcLC9oA0lxtK4G8mOKGNW6SPuC8la+xPib+2B8LfAXwmufjMkd3d217Naw+FtN8to7rWprhFMFtFG3O52YDBxt5Jr8VP2lvhz+yx481PwD8Sf2Nta12zuPFWvx+H/FPw/1a4+0XWjzFlELSucBozhWXHHzYB4NfpD+1T/wT9/ap/Z4+J/gP9qb4P+JdP+J9l8NtHAsfC3xAlnWG2ukbEJf7KCTt35HGFKr2BrSphacrMVLG1o3T1Pf/ANo7wR8fP2evgNof7UXhHwnc+LvFvh65fUPid4Z0r95NqekzhWurG1UnBktNsbQp1dYXXlpK5/4T/wDBT/8A4J9/Grw/Z+I/CH7VHhS3+1wq/wDZviDU0029gJxnfb3Ox0cE4Ixwa8y8Lf8ABT3/AILNeIJzop/4J1fDC+ujBK0f2bx5dpBIsZIYM7wFVHHeud/4JLfBrS/2ifi18cP2r/jt+yt8PPCd/wCIvE9npp8H6JbJqNhZ3ltFJ9sffKuBJK8ibyigEg1lXw8Y025LbsXhcVW9paL+/wDq56x+2/8AtAaL4i/Ze17Tf2bvEVl458Q6kkNvaaL4O1+2lvJIXlAlDFWIUKmSScda+ff2eP2s/wBsr4IeCI/BPhr/AIJ+a7fQRyFl1DxT8UdMhIz/AAsecY54rpP+C1Pgn4XfA74XeBvhL+yJ8KvDPgz4yfFvx9p2h+DfE3hLRIbDVLGITxteP51uqOEEJKtzghyK9L/a00X46fsEfsseIf2kPht8cZPGY8EaMt5qXhz4l6TaXa6lGhVZIxfQxxXMDnOVyzjoMVzKCjSso3u+v/ANKtaVSt7TmaaVtNjyn9of9t3/AIKt6L8Fdc+JmkfAD4aeBtH0u0aW41e48eQ395GuDiFUIEMrk4+XBzjFeeWn7SH7XHxSvfBdr8HP+CkGs6PeTa0um/FG3+IXw2srU+HX+ytIGBWFUZGkAC7m+dWXB5NZv/BTr9pL4SfFH9hz4a/H/wCKHwgvvDN146tdO1VLPSLCO4e2uTCZgpklKkxnhgT2HSuR/Y68RftzfHv4a6t+0n8NfhH4cubHxffMi3Gu62ZL5Ug2oIVhksp4ZYk2YXJQ53c11UKKlC7ilr/Xc5K+InGpZSb0TO3/AG4of+Cm/wAD/wBnjxB8bfA3/BYHw3rh0W0a5l02x0Cxtp7mIEboV8vzPmAOeO/ev0c/ZQ1zxZ4p/Zk+Hnibx1q8uo6zqXgnS7rVNRmA33U8lrG7tJgYyxYscetfnBrvgb9tT45aTqfwk8W6z4o0TT9Ria01I6b8CvDU1tJGchk+0RaiJMdQSI1P9P0I+BHgj4jeFP2X9I+FVj43SHWtI8LR6Xp2v3+kKjLJHAI43ltVfaAuFPl7iOMZqMTCMIJaX8jXBTnKcm27eZ62savwMfgf/HTSSW4CksvT0P8A46a83/ZJ+Cfxk+C/ge90j45/tI6t8Ttcv9Uku21jU9PgtEtI2AC2sMUIASNcE8ljljzXp+uRzppNxJZrmVYWMY/2scKa5Otjv5tD83P2nP8AgtF8W/hF8etd1f4Wfsvv4v8AgP8ADjXBovxS8eWk8gvLS7yqzwog+R47cuN2QS21gCtfffgzxXoPj7wvp3jPwtqUN9pmqWUV3p17btmO4glQPGGPcMpBH1r4B/4JBaDoHxU/4JDavpfiW0ju5vEUnilfEkc4DGW6e8u1lL56sCBnP90V6X/wb9fEW9+I3/BKb4XHVr155NHj1PRrWSViS1vaajcQwqSeoEaqB7AV6ajBxfKtnY86NSoppyd019x0/wC0V+0x+0R45/amX9g/9iafwxp/jWy8If8ACTeLfGHjG0kurDQ7Jn8u3hS3jIM1xNJg/MyqqYOSTiqH/BLX/goF8SP2ntb+IH7MX7U3hPTfD/xm+EWtfYPFtnoystlqduxPksyMSyK2MMuTglT/ABCuL/ZZvD4f/wCDgj9o/Stacia8+Fvhe4sRJ/FbiNFZT7b1IPvXL/CHwNe6P/wcy/FzWvCqKlhqnwT0q61kIcB5nMcce/H8X7gnnqAelDSWj7XJUpN81+tj3DxZ8Tbz9qP/AIKzeEP2PPDE3meG/g7po8bfEF4nOyXUnXZp0QxwQvmNOVP8QjP8OK0fi38U2/YB/bX03wH8QLn7P8HvjjqMn/CIazcMFi8L+LWy8trGx4SC9GZIeyz70wBIK+Z/it4Q/wCCmv8AwSu8VfGb9tL4b+IvgJqujeOPFf8AaniHWPFejanHqMkDNHDaW8bRSYAjXauO5568Vg/8FKviZ/wVu/aO/ZH0r4IftQfsy/s+3vhz4qeJtL0DT73SNa1Qahpd/dOGtXkilxtMeC5KliADVt01Fa6EqNZy5mj9Q3ZMkAcjgqe3+0KYyruBLf5/umvJP2MvgT8YP2e/gVoPw1+M/wC0prnxM1XSrGOA63rVpDHJsVcBNyLvkC9A8jMxAGeletEOfmI6e/8A46azViJ3F2L6fr/46ahmcAbc8/5+U1N8/t+X/jwqGZCzdOfr/wCOmr0IIZJCW5H6/wDjpqOUdO+e+f8Ax00+aIk4Yfr/AOOmkkQFcA9Pf/x00hK5Cx2EcZB9D/46aR1THzfz/wDHTTwoOQe3v/46aQgEYP8AP/x00rjAoCx/x/8AHTRNgDaB/n+8KJCFb/6//jpoCseBj1/+xNbNExYgX5dp/n/46aaMZw3+f9k05kOc5/P/ANBNIy/wgdOvP/jprIvdiqRnbjnPXP8A46aaQSNx/n/46aU8pk/z/wDHTTgGJxj9f/HTQDGKu44/r/46af8A56/+Omm7hyqjkdv/AGU0iq4Jy34/+ymgRMW6bec+/wD46abhh1PH1/8AHTQrEAA/z/8AHTTiwIOP8/7JpagIyL6D8T/46abjHHT/AD900u5vX/P900hOeSf1/wDHTQrgNaMbiR6df/ZTSEFeM9ff/wAdNP8A89P/AB4UgXaOnb1/8dNMBh3Abc/mf/HTSg5Gd/6/+OmgMpBJP5H/AMdNA4xnp9f/AB00jQkRVBJP6j/x4U5uVI/r/wCOmm5DHKjn6/8AjppRJlsD+f8A46aZKFAIPIH4f+gml/z1/wDHTSZx94/Tj/x4UDeDnI/z/CaXMFkLkjv+v/jppQpbnP6/+Omjb/tD8/8Ax00vKnCr/n+6aOZByjihYcPj8f8Ax00hGcD075/8dNKvzYx+PP8A46afwM+uPX/x00X0GkZupQmJxc7uARkA/wDjprzr9tjwVcfFD9kTxz4U0oF7mTQJZbYAcmSLEqqfxQV6lcxLcR7CevU5/wDHTWesDWySWNxGJIJQVdT0IPBU+2K48TT5os9zJ8c8DjKWI6wkpfc0zC/Z38f6J8eP2WvDHiKTbc22t+GYob2KRchm8ry5VI+oYEfWvyW1TQv+Cu/7AWj+MP8Agmn8Af2SYviz8N9al1Bfhx4mubSZotN0u+ZyyeajrGrRGRxsl24PIJUgV+hHwg1Jf2MfGWtfCbxbeGLwPqepy6l4U1aUYisjMd0kSk8Lg8qfc+te26J8YPh9qM5nsPFljKhUMJI7pSGH90nNcVHE2jyvddGfTZ3krliZ1KF3Sm+aMl/LLWz81s+zR8cf8Euv2df24/2Ef2BdI+D37SmpeFZotJ1UnQND0Eyz3Gl2U84eTfOQElYO8rfKCFBAycVwv/BRP9lz9oX9nD/goJ4Q/wCCqv7NPwp1Hx/Zr4WOgePvCGhEHUDEVZYyy4PmgLsVlAJHlg4OePvrx98RPBWseGLyyTxDakyW7BczLwcfeHNUfCP7RHgJNGt7bVNdt1kiQLuaQZJA+8OeK1nXjO6ls0cqwleOFhGEXeLvc+Hf+CT/AOy7+0v47/ap+L3/AAU6/az+F914Jv8A4jWlvongvwbqQAvLLTIVQNNcKCSm/wAqMBW+YnecAEVr/tLfFMeFfGOpfAf9j7wePE3xa1m3mW51P55bXwrasrbp7iTlY32/cU8kkHoK+yPH37R3w7Og3EGj+KLOS5eJlQGdcA4+8CenWvLP2a9L+B/wdtNbfw7rFo2peJdRkv8AV72ScPLLLJn5S6jlVHAHaijWp03zyWiskvy/rqX9VzNYXlpJ3k3zO2uu/Q47/gi78MLf4Y/sI+G0MLfa9avLzVNQnkHzzzy3D7jITySdo619YyXATqQMe/8A46a4Twp4o+Evw+8M2vh7TPFWlWVlZRCOCH7QiKi5J2kZ965D4k/tG3fiYv4C/Z00qTxP4juR5cc0EbfY7PP/AC0mlIxgdcDJJrjx+Po05ucpavZdX8tz0sn4fzHFKNGNNpRWsmmoxXVyk7JI8n/aH8Ta38eP29fh/wDA/wAFSmS38Lzw6t4inibiBElEpDEdOI4xjuWA9a+xp/mPzfQnd/46a8t/Ze/ZZ0n9nzS7/X9d1Ma14z8Qy/aPEmvOMmRzz5K9win88V6mVG7cB9QR/wCPCujJ8LWpUpVa2kpu9uy6L/M4/EDPsvzHE4fAZdrQwsORS255N805+jk3y+REy4AwuQPf/wAdNNeMkbgn6/8AjpqXcVyF/wA/7Qo2N6fr/wCOmvaSPzxzZX8tuu38c/8AjpoWNd+1l/z/AHTU/wDnr/46aAFByR+v/jpptD5mQiA4zsH1/wDZTUqRAjaV+vP/AI6acB3L8emf/HTUojVWyP5/+OmnYV2RrC0hKMnHbP8A6Ca8Y+EXhnR9J/ar+KOqaRZrCbyz0p7vYAA8uyQkMAPvHue+BXt0eWO0cZPc/wDjpr5W8S/tg/Av9mb9rHx/4W+Lmt3tneapa6VcWKWunPMrRCFw24r0+bHGOc15uMqU6cqcpuyT3foz6fIcNi8bQxNHDxcpOC0X+OJ9PrGABlOn+dppwQ8KR+X/AKCa8Bh/4Kh/sdytsj8Y6szH00Of/vk/LWhY/wDBSH9lC+l8iHxPquf+wLN/3yeKX9o4H/n4vvIfC2frfDT+5ntOpajYaPZf2jqd5HbwJIqtLKwVV3HaAxPTkgfjVmKSORd6MrA90/8AQTXzt8fP20P2VPF3wI8WaLdfESeyFzoVwIri70m4RY5NhKBmMZwQwBz2r8sPhZ/wVv8A2v8A4MSJY2PxBfVbKJsC01dTcAKDwm4/N0968zH8RYTA1FFrmT7Wv9x+jcG+DOb8aZTWxFGqqNWlJLlqJpSTV000nqra/LY/dqWTybaW5J4ijZj+AztNfgX+2L8Xb/4u/tGeK/GN5dNIk2qypbZfISNXZVT6YAr7P/Z9/wCC5HiT4v6Tqfgvx78ELj7RJpFwP7U0BWdIG8tvnlBHyKOOc1+auv6zJea7d3sswcyXLsXz94ls4avluJM4oZhSpKi3ZXbufv8A4FeG+c8E5tj55tCKm1CMHGSkmm23a2q2W6R0ngHWfDWk+NtM1Lxnp0t7plrdJLeWULbWuEByYwexPTPvX7Gfsg2fhX44fAOIfGKzg8Faj4h1yLVNF0a+hWKVNMtUiS3Taw+ZfLj5Pckmvzi/4JS/s0+AP2qf2tND0H4h+KrSz03RpI9Sn025cBtVEcgxHCD1zkFhzlQa/Uj4meIPjn8S/wDgoNffCv4GeNtG8M6b4L8JwJeC80KK6V0dg3lgMAVJBUZBHHrWWRYeLputPW+iXnrd7rb9TDxwzyhVzanlOHbjWpU/bSqNtKEbqyirNNye78kjsNd/ZE+B/wARZ/Efwqg8bWUVvqNhp7jToJ4vNSGK4mlO70DPIe3avMP+CuP7GV14j/ZJ0Lwl8BPBUl7d6Vrdu1tYaZahpJ18ooQ2B7g/hXoX/Cr/AI56Vd33xF8JfETwH4hv7bRLhtR26EtpL8oOxN8LExjIfBxmvJ/2rP2k/it+zD/wTr8HeLI/HN1a+OtbukmgvpWZ5Y8q0jJ+8GcD5V57CvosfQw0cHJ1IW00fzWnXufivDGP4inxHgp4PFqpJVlaEm+VzcXeUrJOyUdW1fU8j/Zn+A+gf8Egf2a9a/bu/as0RT4/1GzbTvBPhdxmW2llBA3dcMSAWP8ACgPc4r4//wCCdP7efjP4c/8ABTLTv2lPjF4laWx8davPp/jWeV8x/Zrs7cuD/DE/ltjsqHpXuXwA/wCCzX7RHjHXrX4d/tK/Dnwz8VtDu5xHJZa9okP2hcn7pcKRn6qRxX0jbftBf8ExfiD410n4cfDb9gzw7J4u1e7+zfZLrw7aJHazHhtzJndj1FeVCeDpRShPlcbWum3f5XTvt6H6lmOC4lpYjHyz7APE1cTFqdWlODpwpJWjFKfK4KPxXd7y13PMv+Cmv/BMXXvg/wCPLz9pH4K+E7jXfAF9cfb9c0jSxmbTgxDSJ8oJ8lhlgwB2ZPauw/Zq/ZR/4I7/ALRnw0uPH/hrxt4qhuNJ09rvX9EvNdK3liqDMj7QnzoMH5l4OR3OK+ff25v2zP2g4fGut/B2X4j6hpem6VcyWP8AY+kXjw2yIh2+XtBBK44wc8V2P/BDn4b6PpV58VP2qviHHEnhbwv4bmsZpblf3UrsonlQ54OI0Gf98Vw4f6pLHNxglF9JK6T8nul5f0vVzfCcY5V4cwxWZZpNVqKpqn7CTi6sZuKjGd0056q0l8z1TQvj9/wREvfgZN+zFZav4vvfDD6xLqENzcWlw1xBdsArp5+N6ZAA242kdQa8a8a/s+/8Eu57yPV/gl+1R8RLGa3kEiafq/gf+0YpCDkKT5cWR+JrH+Ev/BWT4E+NfidZeEPiX+wB8LZPDWo6sloktjoarcQQySbFMm8lXIBBOMZwcVvf8FA/gV8NvhN+3z4L+G/wB0+fwrpPiaz0+5m03TbyXyQ09w0ZTaxOzKgfKMDPauvFJVaabUdFbSDT7q2pwZLleJynOXhMRVxmHdWNSteValUhPlSc27wbUrNdNe59W6pL+0R8Tf2DYfFfgf4uLpB0rymtrzwf4Kksp720hbbs+yuWAYgZwM5wfWqHxZ8SeBda8S6X8TtQ/ac+Lng2SbwjaWN1Z6X4MuoIjKgJLSKICFc7sEEntzX038WP2cdQ8T/s/wBt8LPhn8VNS8D3dsIHttY0w5KGMchlPDK3ORXNeEvhh+2jo2pHRYP2mPCXiKGC3Te2seEtsp+UfeMTjv7V7VLBpL95LWy7/wDySfU/E6XFWDU51KShGMalVxXuQlyS5dG3QqRltfW3U+Uvih4W8S/Hr9i7/hXkn7R3iL4gafrnxU03TrPV/E+itaXVkjsBtIkRSwGTyev4V6H4s/Yk/wCCeX7LHwyl/ZT1zxnc6d4j+KsNvp/2m5uWlvr51lDLGAFIQB/QAdAT0rH/AG6vjt+3H8INU0vwvd+Hfhrq9kviXTpbC5ttPkSXzzMPLUrJJ8pyp5weq4rtP2y9A06/+KXw3+Lvi/wbZSazo2oxk3MErbolCl2TrjGe+OwrDFYelQ/eOKd1ZfK97Xb/ADPdw2bZxmmJw+X4as6VNynWtSlH3ppRlT5uWMFpy/yrXocHdfGD/gmd/wAEuby7+GmtfCLxTNcarYRjWb6/8P8A2tbmLB+UtKQCuQSQox7cCvIf+CuS/szeHdN+EPxd+A/wN8LW0Hi9m1MX6aUsLXEIWMqGjjwpyH79CK679vHXfBX7XvwNvZ/h14k0fV9Wso2LWNtcpJcwbMhgy9VOSwpv7WH7NjfFrwL+yp8EpNTjsrh9Pjt7qe6OzaDDAWUk9Dxj6151adKeEtHR9rLv6Ht5JGrgOIcLmeaVantZuqqvNJu6hTbd1ptsl8uh9W/s9fEHVPj/APsz6X4x0n4Q+E1hhjMUWnaqyxWw8sYAbKNtFb0Evx58K2cU3gz4T/DSC3cD7Q1trJjCg9VPlphuK6T4efDvTf2d/hrofwp8E/DvWdXihQ2xvdOnt32fKTvl81l44xwDUPxN1Xxbo2i6VphsPH8c15cqj3Og6Bp175ZOeZFdSoXjlgOMjmuqnSnCCTbcv68j8jzDMMJXzGssHCKoTnJwU3Jvlu3qlJ6+qPyl+L97+yb8UP24fGN/+2b8SdR8LaYdQkQSeGUM6eZHhPL3BHO04znH5V6L4M/4J7/8En/2mvEln4E/Zh/b01B/Ed/IDY6VJdRTTyhfmZTE8StkLk+w5Ncz+13/AME/vEPx0/a21XQPgvFqGtahfFLnXU1e0+xy2szkFy6bFQJhlI29eR1r6l/Zx/ZB+An/AASf+H8/xFY22v8AxN1q3+xQ6hK2RC8uP3CLgFY9yjcx5O33Ar5/AYKnUxM516SlHmfNJrz1S2bP3XiDiDEYDKsI8qzGrCvKlTVOhT5eX4Um5qUW4rq23qtjD/4KIf8ABNr/AIJo/D6z0v45ftLfEzV/BTT29joiajaXmyK9lht/LQMvlOBIyx5JAGSCea83/Yv/AGcf+CYvh39oTwb/AMKS+Ll/4n8XtfHVNA366ssbxxAl3CooB2ruOOuV56V7l8Xfhaf2v/hz4v8A2YP2mXvZvDHiSwtbnT/EUUWZdE1Zk8wMD0Cqy+YM8Y3KTXzX/wAEif8Agk18Yf2Rf29brx38dvGenT2fh7Tbq08Mz284xq/m8fMp5XCBiUPIPTI5r6Wrl+Cr4n2sVGO2lv17nxuXZ7mWA4cxeAx+PqucIS5VGacJJrRWtfyauffnxne+i8S6/d6ZqUcE7SabbRzW9somizIhO59uScb+vuO9eaat8Yfi9pnizT7LSPHmoCJ/GNxBeW62SENbbgwjBxwwBFes/F/xn8LPDM2r+IPF+rzQTR3Y+0JIxRBNGA0SxvjG9t42rnJOMdq818F623xP8QXSWXwI1DTbm21iS7ur/X5SkUCmbahcqMMTgkL1IAPetK2FxVS7jsvkfHZbUw/1OMq9O8eVK7t0Xn+aPmf9s743fEz9oH9pLxT+wzbfCHSXGh2Ftfr4putLLzLHJGpO5uwBLD5eu0Z71ofBXx38Mf2KfC0Gh/BTweb3XL2Mx674m1Twhf3c8jdPKWSGEqig9FBxwOpr5u/4Kwfttft3T/thXf7MPwk03SdL0O0gtYr3xD4dsYotQvoJBkyG6OTCFG7HK4APNfRXwg8J/scfCjxBo3wy8R+OPjUvjK4so52gvvHeqzKPMXJDBJduCemOvPTFeRLJuXFLEVJNNrRJp9lvrY/Uo1sdT4Wo4F4XloWu4x55KrK1+eSTj7lmvR9zp7D/AISz9pnSX8LftgfC3T/H3gi/kb+zPHPhzT5LfVdAJJw0sMg3Mg4G9ORjDKetfBn/AAUc/YM8Ofsh+I4tZ8BfFLTdc0HUWzZ2puF+1xKej4HDD34PqBX6Za7+0p4P8I/DzVvCHgjx/q0+p3t3Lonh0+LHkM6akUIRTI4LAE8jzCOO9fiJ+074E/aG+GHxc1DS/wBo7QdSsfEF1dSTSteq3lzhm+6G+60fPG3ge1efm2HUIcyi+ba/5X01v5/kfo/gtPMHm1VvEKhh4r/d1qql/tRjJ3hyvdx369zX/Z++N+t/Bb4kab4o0m7mQ21yrZR8EAEHafXp+tf0JfAH4j6f8a/groHxN0yQSJqNgjll7nGCG/HNfzVaDILmQJJ19/8A0E1+tv8AwTo/aA+Kfhj9lrSvBd/L4nstItXlNve+H/DH2uQxlvumY7xxyOI+P73FdfCuYrCYmdKabTV9O6On6SXAtPNskw2Z4S0akJ8rbe8ZJv52aP0E17V9F8N2Z1DxHrdpYW6femvblY1/3SWNef6l8b9R8T3w0L4I+CbzxDcycDVJkMGnwn+/5zD5h/uBq8f074t/sk32tx638QYPFuu6hAxZLjxPpdzOyEfwlX4XkDgKK9U039uv9lmzto7KHxc2jwquNt5pUkEaf7JOMAV9t9ddWVnZJ9nr+R/H64ejgKfM6Uq0+20V8lq/vRseB/2db678QwfEX47eJl8Ta5DJ5mnWIj2abpR/55LCc7n/AOmkm5vTb0rLhvIrv9sbxDbBwWtfBNmpGem64kO0/hWoP2w/2W9Vsylj+0N4bSQqQDJqIjZeOjbhivNvgN4m8K+Lf2q/G2r+F/iLY+JYT4Zsd1/Y3aTDPnSfKSpI4xj8q7KXsuZRi76mE1j62HxFXExceWFkuVxS96Oyskj3hkK9Rx65/wDHTTHHGf6/+OmiV2LbMcex/wDHTTtm0bSPzP8A46a9Gx8Y5EUwYDIA/wA/xCo+QMY6jnj/AMeFSbAASr5z/tf+Omms27t/n+8KLXFzMaMqflH6/wDjpp4L5B/z/utTSCOD/P8A8dNOjG5sA8fX/wAdNNITY/B249/8qa8d8QfsJfs5eNPjveftE/EDwHbeIfEdxHDHbNq6iWCzSJcLGIsbc9yxBOfSvZViYcgE59//AB01KsBk5xj2H/oJrOrRpVo2qRTS11XU7sBmmY5XKcsHVlTcouLcW03F7q66MzrbS7a0gW0tYVijQAJFGoCqOyYHSvnD9qLwLrfwE+M+iftp+BdLe4srSP7B4/sIYyWaxYjDygdTHxu9hmvqNocLlk/z/dNR3Nla39pJp15aJNBPGUmgkQMrqRgqQeox2rlxmFjiaVlo1qn2a2O/I86q5PjnWtzxmnGcX9qMtGvXqn0epV8KeKtG8YaBZ+JtAvo7qyvbdZrW4hk3JIjDIUkdetaiLGedoGf87TXk/wALfgze/s6a7qGmeFrya68Dancm4stOdiX0Kdj88S/3rZjyoHKMSPukEeqQzRSqGilBB5BVs5H901hTqOUbVNJLc3zDD4alXbw0+am9Yvrbs/NbMsoEznHTt/7Kaj1SaOLSLuV+BHbyNn0wpO00glUjKt/n+6ac4EsJjYAhwQwJ6g/wmqlOKepxJXZ+Mn7FXgPxh8Cf+CdXx5/al8aWupW83xClufDfgGynhbfNb3ZKENH1+eSQDI6i3B7c/avhT9nG8+DX/BFvX/g1qdo/9ryfC/VJtVikYgrczxTTyKd2CArOVx2219X/APCC+FV0630VfDtiLOydXtLUWieXC65wpXGFIycEcjNaGpaHY6vpU2h6hZR3FtcRNHPBKgZJEYEEMD1BBOc+tTVxzslbqn93Qqll6e71tb7z4j/aE8KnUv8Aggb8L7C+gOzT/BXhh7iJOCVVYAyc8BvQnviuD8IfsdfDj4j/ALM0XiHS/D/iTQbLQdct50bYsuo2LzfuneVUGCimQ5QD5lDcV+hmtfDHwjrnwvt/g5qnh2zn0CCCOBdKkgUweSmNsezGAowAB2wKveHfCGjeFdIl0DSrFIraYYlhRBh+xDVFPM3Sg0lrzX+RpLK1U+J9LH5S/Cv9m34zfE79lK68I+CPCMSa94H8ZjWdBuLjThA+r6jZXCM0SgDcpliCrjpkA461+g37YH/BSz4KfCD9lg+NLG0m1/xh4o0Fk8JfDi0tXl1S+v3jx5f2dRvRYpP9ax4UKeeRXsUOjabaXv2u0soojkuWjiA+Y9Q2B1PrVS48P6XdatFqElpCZIQwhmaFd0YP3kzjIzxnnmtHmqnK8oaX0s/wM3lMlG0J2dtT4t/ZRuvj3+xV/wAEvNc+JX7TyyXHiy00TVLy10y2ie4ksVvBvhjAUk5RioYc7eQTxXrf/BPXw/pX7MX/AATw8LePPiffDS1uNAfxT4u1TUvkEU14Wu5WlOMgKsir0z8mMZwK90u5IhK1g8SNGykMpQbWB7MKu2s9olk2ntHE8bDDwtGChX+6RilVzN4hNTW7v/wDSGVSw7Uoyvpb/gnwh+zJ8NviT+3f+3dL/wAFTvjT4C1bS/h/4R0SbRPgD4X1GyZL2W2cnz9Qv7Z8NEZhu8sEb2EgOAI1rj/+CmP7Yvw+/wCCgGs+F/8Aglt+yf4ku9V1bxz4tt7f4l3i6ZPbf2LpNtKJLoMsyK6sAu5jjA2qOS3H6UHVoVTAwc+//jprm7fwN8PrXxve/Eyx8FaNB4iv4hDf67DpkSXlzGOgaZV3uowOCSOKhYuF0302I+o1rWT33Z86f8FQv2LPCvx4/YB1z4ReEvDipdeF9LivfC0cEY3RNZJlYlHX5o1ZMDk5xXgf7AvivWvh3/wTp8L3fhT4X6t4vlk0m5Eul+H7iKKYfv5VZNzsmGHBwMnnpX6OTXUUqlWwQRznp/umua0jwL4K8MWQ0nw74X0+ytUkd0htbNY0DMSzMqgAAkkk+pNVSxfLHlkr633Jr4GU6vPF20sflZ+zd4M/aT8IfFi/8R3X7Pv7Q2jabd37yGODWtI1IqpckBkv4QwHThWHFfe3xN8C/Hfx/wDss+IrD4JfFHxd4f8AGdzoE7eHrnW9KtYLqK6CFkDLGAiFmAXdnAzmvaja2jP8qIoH90Af8BNXLRxjbuBA7lv/AB01pWxntfs2/EVHBSoJ3nf8Dn/2SrT40af+zT4EtP2jtSiu/H0fhWyHjC7hVQsmoeSvnBgoAzvznAxnOK9FLgcfyP8A46ay7bVIUARpk4GOHH/fJqdNTgJyX69Bn/x01zOSk7nSo2Vrn5769+wp+3T+yn4s+Kvwp/Ycj8M6j8N/jPqFxf6ffa7qTQz/AA31S9O2/LwBT9ut2BaaOIFSsg2ngk11nw//AGUv2pP2HfHf7PnwG/Y80yy1T4OeD9Bn0n4knVHjS7uWkfzGuZeR+88wu+1BzvIx3r7hS5tnyfMBB/2v/HTTS1u4LZUD3OP+Amt44iUWc8sPG+h8D/8ABSH9i/8AbSi/a18Kf8FDf+Cb+oaFJ8RtK8PSeGvFXhzxLOqWeu6Sz+ZEpJwN8cmepBxtIPykH0P/AIJ1/sufFz9nm48fftkft+fEPw7dfFb4hvbz+K9RsCLbS9A061hEcFlbvIceWnzszEgFnP1r6tjVWcggYB45/wDHTVbxDYWmr6ZNpt3bRTQzLiWGeJXRx6MrAg/jTeJk0CoRU+Y+ZPiZ+0Z4P/bZ+J3h74T+BvhFrviP4S6PrEOreM/iPPoFz/Zt5NasJbXTbNSoa83TiKSS4VJIFSMqGLHIX4v+PvDn7Wf7c3wz+G3w50nUrrw/8J57zxL4w1S50me3todSNubWxtojKi+ZJieaU4yF8oV9K2zvb2qwDaFVcKoHAGOq1FZwobl5mYFz156f7JqYS5pLUvklFFgosXAX9P8Ax4U3/PX/AMdNPZcnPvzz/wCOmmsAOh/X/wAdNdXNHuc043Y1slen6/8AjppGcen5/wDoJoY8ZB/X/wAdNMKgnJ/n/wCOmqvdE+z0uNbHIIz/AJ+8Kjk2KMEfr/46amaPZ8wGR9P/AB4VG8YA+Zc/T/0E07mTgROuMEj8f/ZTTD8o+Ufr/wCOmllfblWP4bv/AB00xn+U5x9Cf/HTSepKiLgbuVGO3H/jwpQHPAx+f/jppf8APX/x00f56/8Ajprp5jOIzax+91J9f/HTSqnBDDr7/wDjpp5+Y8DoPX/x00SYHJ/n/wCOms2tSiMqR05+h/8AHTQVI4Yf5/umn/56/wDjpprkbcZ/X/x00NWAbg56duuf/HTSEleMZ9//AGU0v+ev/jpo/wA9f/HTUgH+en/jwoJ+bAA/P/x4Uf56/wDjpppJB4H15/8AHTSWwDv89f8Ax00f56/+OmkJ9GH5/wDjppQCeB/P/wAdND0AcqZ5PT6/+OmhVIOT/L/x4U+MAYAH+f7wrM1nWLv7Wnh7Q4llv51LAv8Act0/vSe3oOpNcOKxlPCQ5p+iXVvsjalRlVlZE19qNhprL9su44g/Te4BP+yapHxXohRmiuWlwf8AllEzD/dbArR0TwPp2msLu6zd3hH72+uQC5/2T/dHsK1Dp0cQEkadD0B7f3TXnupm9VcycYLta7X42N1HDRdndnOp4nsAqkQXY3eto/8A3yeKtDU7QnD+YM8/NC3/AHyeK328mK3N1IwCKpZn7ADkhs1OtmCOR+n/AI6ax9tmkd6qf/bv/BNlDDX+F/f/AMA537fbso3Snn/pm3/fJ4pxv7UZzIeP9hv++TxXSJaKMZxj6f8AjppXskzkqMf5+U1P1nNv+fkf/Af+CWoYRfZf3/8AAOZOp2IOPNbgZP7tv++TxUEnijS1+dmmPbi2f/vk8V1qWcfZRz04/wDHTT/smDt2AY68f+Omj6xmt/4kf/Af+CNRwf8AK/v/AOAcafGGlRjm2vDj+7YSf99Dio38daAjlJRdpgdWsn/75PFdvJYkADOAfQf+Omq9xbhRyTjvj/0E0fWczX/Lxf8AgP8AwRqGCf2H/wCBf8A4xPiV4O2mSTVDHt4+eFx/wE5FL/wsv4dsuZ/EtsoPTeWH/ATxXTTWMMh2vEMehx/3yarvplkG3G2jIHAJQcf7Jo+vZgt2n8v+CbxpYD+WX3r/ACOT1r4g/Am4eK38YanpN9YyP++iuIxKmB2ZdpyKbF/wx94jleLSfDvhqTY3zLb6cEx7NhBXWx6XZo6yC1jzztPljI/2TxViG0iVdqqoHouP++TTjUrVNZWO+GNp0YqNPnVv72n3WPNdX+F/7H2pRPHd+DPDi9dxK7D/ALp5Fc/c/s7/ALDT5mPhHwzubqRen/vk4evaW0+ORtzRqffaP++TUa6FZXB5t4yR0G0f98mhxm1ud9LPa8NFKX/gR4jN+zl+wfbD974S8KDAyd94Tj/ZOWplt8Gv2ENJbfb+HvB8Z7NvRv8AgJyTXtkvhfTxkPZxHPUmIf8AfJ4rOjj8APrkXhi9u9OW/uA3kWcroJJNq7im08nC8/SsJ0XJ2Z1w4ixltKtRf9vHG+EvhD+yXrkoPhnQfCF5KvPkwmB2/wB0qOTXoFho2g+G7T+zfD+g2enwr/yys7dY1P8AsnaK5rxx+zz8OvFyNJceG7e3ugMxX1lGIplPZS64PpXnlx8RviJ+zzrsGg/E++m1fwzcSCO01qT5pbU5wNx/iHPU06FXD5dNTrUkk/tLdevVGeJeYZ9SlTpYiUmteSUm721011fyPZ3YF9wHX3/8dNNMYx1/HH/jwqPT7q21Kxiv7G4WWGaMPDIhyGB5Cmpv89f/AB019ZBxaune5+f1bqbT3RE0ZB27uPr/AOOmlkCkfL/P/wAdNSf56/8AjppCF6kfp/48K0SMHZEJG3Bz+v8A46adHnfyvX/O004oC2V7e/8A46aARuJA/L/0E0rocWIT+8x278/+OmnhgTgf5/2TUZdfMy5+mD/46aerx4yD+v8A46aLouzHo2G27fxz/wCOmvJvh78M/A/iP9oX4ieJfFfg/S9SvnTTIopNQsI5zCgikPlgupKg55Ar1qIqBnGffd/46a4X4bqw+N3jvdg7otOb73byn+U1wYpJ1Kd+/wCjPocnlOGExXK7PkW3+OH+Z08Xw4+G8AxD4A0RAvTbpMIx/sn5amg8NeF7RsWegWEJB4MdlGv/AAE4FXS+6MFmx6A/+hCuV8a+JNZub1fBPgWZf7Xki3z3J5TT4z915Rjkk8KvU8npTnKNKN7fIxoe3xNVQ57Lq29Eu7G/FlrM+FrzwnpWkW95qeqWUsNjprxLtmYqR82RwvqTxX5/fCj/AIIIJf8Ai+fxH+0B4+t7eze4aVdH8MMQWBYnBdhhRjH3R61+ing3wbF4a01RfahJqOpMM3mp3I/eTNnO0gfcXPRRwK2SOc7Rx7/+OmuStk+GzCpGrio6rZX0+dt/yPq8k8R8+4PwtbB5LVUVVtzTcbydv5b/AAr5XPL/AAN+zB8GPhL8MJPhP8OvAen6TpMtjJbTpbWqhpg4wxkbGWY55JNfhh+2X+z54k/Zj+P+v/C3xBZvHDb3bTaVM4IWe1ckxhvw4PoQa/oceNWAGMjuM/8Ajpr5g/4KT/8ABPbRP20vhymoeHHhsfG2jRFtHvpThLpP4irY4UnkH+E/jXn8QZKsZgV7CNpQ1S7rsfdeDXilLhrimazeq5UcTpOcm3yyvpJ+Wtn2Xofip8Gfidrvwk+LHhn4l6BfPb3Og63bXscsbkEbJASpx6rkH2Jr9k/in8c/C3gv44/FbxJp3xA0nT9Y8WeGtHj0FLqdd080sBUJjq3zOh46da/Gb4t/B/4kfBPxfeeAPif4QvdI1OzcrLa3sBQsAfuknhlPYjINZra34r17WYPEmua5fXN3ayRNFc3Ny7ugiA8tMk5AUKAB2Ar89wmKqYLmg1121TTs0/zP6v434Ty7jSrh8XGqklCUbxSkpRlKElr1ScX33P3M/Z//AGlptH8X3f7LsGu6BDbeEPhvcXPjjxQ8Y3SOucR8kZfDHLHOO3IryT/goT4y+En/AAUXt/Afgj4EfFrS7LxDpO1E8Mas/wBnE0UyBcEgbTjbyOwIr8uJPHXi68udQ1STX7z7RqjN9umFy2+4VuWDHPzKfQ+lO03W9U0y+ttY069kjntmBjkRiCmOikg131eIJ1KPspQ931/Lt+J8jlvgxl+W51/auExbhVjrG0Vy8zTUnJNu6d9tLI/Xv9lP9m/9hX/gmJ4Eufi3+018XvC9/wCOhZyA2j3sc5tCcgW8cONzOTwWx39K89/4Jd+EfhDY+OvH3/BR/wCMXiLTNM0C21XUZPD0V1KqKJJXaQgg9wDtUAck1+XvxD1zWvH/AIifxL4g1Ke7ubhVWea4lLs+OgYnk+n4Vbbxt4vn8E23w/fxBdHSLRzJFp/nMIt5JPzrnBPJ561NbMqdVU+SFlHZXvr3b6/gdX/ELswrYfHQxeZ1J1sVyRqT5Ul7OLvKFOP2eba+ulz0v4reJtf/AGtv2qtWn+Hti0114z8VT/2PbyME4llPlsCeFAXGT2ANfU37dfxc8EfsZfsdad/wTO+A3iW21LWLiAXHxR8SWLZRrmTDTQIw6sxCqf7saKvVjXwf4dvrnRrmHU7KZ4riB90ckblWQ/3SR0q3f6hJqd015ezvI8jlpJJWLM7Hk7ieSa544r2d0loz7TH8GYXNsVgnXqN4bDaxpW+KcVaEpPqoq9lbfXofoH/wTy/4JHfs0fF/4WeFf2odb+M+rajBDIt3qeiQwxQpa3EL5ZC3zMQCuc8ZBB6GvBf23P2vrj4i/wDBQmT47eGNs2jeFdbtLbQYg2FktbOUYU+gZlZgfRhXjXg742/Fn4feHL/wp4F+I2saTpuqJs1GysL54o7lSCCGVSAeCR9OK5afbKOTznn2/wBk10SzLngopO63bd/w6dTzcp4Dx1HPsVjs0xf1iEoyhRi0l7OE2nNbWvolfstT9f8A9sz9tnxT8XPgR4V8cfBq/wD7N0vVLi3lfUkuQjwuUbCHPDDeMEEdK+j/AIAWnx2tPA8uoeMP2qvCms6xeWKLE6aPB5UWIwFDGN1Lc8k1+BesfGD4g3vw+034Yv4gnGk6Y7SW9ujkAZJ+UjOCMkmsW28YeLbNP9E8R30fGMJdsv8AwE816NHiCcY2qxv+D0PzzN/ALC4vA08HgsRCkoSk7unztpu6Tcn0WjtufsN+0f4N/bg8RSWcXxP1/wCFviDQrTxNb3Mz6XpdsL9bWO4WTaXncGM7VOSGGK3f2o/E/hfxn4whtfAMV5eRaZo81zfzy6hDLbL8qgJlXJ3Yz7YzX4vXXjjxbcxMtz4n1CTehVw925yD/CeelQeG/E/iPQ55LjTtev4XaB4T5N2y7kYYKnB6Glis8WKpKPIlZOxjlPgbWyTMY4v6+pTXRQ5Y676KXY9Y/Zo/4Jg/tjftXfELU/jN+zp4+0yw0A+J5RqUkmsSRzRAylmDRoDn5T61+hn7W/xk8X+Dv29Pgx8F/ht4Qm8S6j4b0JpNa0rTzZrIqvGE2n7cREGCoWBJ4wDX5gfDf4vfFT4RXDX3w18farockh3SNpl68W84x82Dg/jUXiv4r/ELxX4quPiD4q8ZX2oa9cf67WLy7Z7lgBgKXJzgDiuaWbxqODmruOm57+Y+FeOzTPsRjHXgqNSNXki03JSqJJ8zva2+1tz96fFPib4l654OmtvE/wABtSVIwRvvviXolhKgP96S2UbevrWLY+MJfDl1b3fi/SLbTrSCDymlv/2hhIUjcj78ccZ3YPcHIx3r8CvEHxR8d3+fN8S30i4wfMu2Of8AZPNYFx4x126JM2q3DcYJaY/98mu6ee4d6qlr3uv/AJE+Lwv0bq6jyzzGKjfaMZ/heqfql+2J/wAFY9c/ZP8AjVqHg/8AZ80PwprT3lsjap4ifUzqzrkkiMXW1GkIHdicBwOMV5l8H/8Agty3i34t2k37Tn7OXhnXodQ1KJE1e08xJrFSwHzqzMsmOuMD0r88hq7GJluJWbI7t/46aNN11tJv4dTtWHnW8qyJuGRkEHaa8h5piPbOcdE+m6/HQ/Z8B4NcEUcpjhq1Pmq8qjKqm41HZb3T09Nj9Qv+CpX/AAVl8e+C/FEXwO/Zytf7HsrjTkl1u9ubNd9xHIhCRLg4UYzk9c4x2r55sv8Agrh+0jL8LdD8BXi28mq6Nq0E9v4mEzLdvEMqwJHUFCF69M9zXzJ8TfjBrvxe8RJ4l8UrGbpLdIE8sYwi5wp/M1R0+WLyS+8Z9z/46aylmmMU/aN/Lp6HXkXhbwllmV0sE8NCo4auUldyk1q3Ld9v0P2M+J/xS0L4neO/h58GPHHxGsNBk+J9wPF3iWZnBmWBbC0WK2tdx/dM0keFfruBIJ5r325/bH/Z28CfafhLovjgeIdR8HaZa33iKazu0eOIriGNC5OGkKgttGT8oz1zX4I/EH4oeOfiRrVl4h8ZeI576803S4NNsZ5CA0FrCMRxgjsKztK8beJ/DsVwmh67c2v2oAXBhlKmQDorEckV6j4pnFJcmmv5H5p/xLlgsVSprFY5xcU/dirx5nJ63bTso6f8A/cD9rP4g/8ABPf4EfFqe9+PMVqviH4k6VZWYvYLUyi2tvNeJ5CVH7vCvnPVtvtWlpv7Xn/BKz41/EfxNoHiH4weHk1iDQJdBbVNTuzaxS2ZJzCkrABiAVOQSVJOOlfhR4r8deLPHN8mp+MfE19qlzHAsKT3ty0jLGv3UyxOAMnA9zXOtFOLsFOM9CG/8dNTT4sr06l4wVu39fibT+j1gfqVGFXM67qxXLzRaUV/hi72Vkla+u5/QR428Nf8E7bnwx4b+J/xE+P2la/B4TlWOyvLnxJEJbxQ52tKFx5rKSGDEZUAHNfDH/BXH9tj9mz9oGxuPg94J0K116DTrlZdJ8Urjejc5jDYyBjHTgivzwgsr6cCQ37E98sf++TW14c8H63r19Fpmi2M9/dSyARW9rG0kjsTwmBkk15mZcS1sxpewhFRvvbVv7z6jg/wVyzhXN4ZpjMZVxE6V3Dn5YRhfVuyfr2WuqIfA3gm6v8AxDDptpE00kswjiRFyXY8BPfmv3j/AGTP2ffHHwK/Z88NeF9J8Uxw6hb6ZHNdadq1gJ7USuAzbNuyReTjIbjA47V8x/8ABLz/AIJb6z8PtTsv2hf2j9GEN/DibQPDM65aJ+0047EdVTseT0xX6EyMXOWPHpn/AMdNfV8JZJXoU5YrEppyVktnbrf1Pwr6RHivl+d4mlkWTzVSnRk5VJqzjKdrKMX1Ubu7XV+RwV18fvhfYeJ7bwB8dvh1b+HNYvsxWblvNsr4YPCSgc8Z+RvmHcevYXfgz4axAXGmeC9MbPMbm2DjaSflJI96xvi18JvBnxt8D3Xw/wDH+lrdWVwuYZQcTWkmMBSw5SQZOG/+vXK+AD4p/Z78PW3gv4oeJZ9d0O32waZ4seEedbxjO2SZE4HHHmqMcZYDOa+s+r+zk3J3XTv+CP5z+vwxVFOhJwqdY3ev+F/pc7258G+C7mPbL4M0jnOV/syH/vk/LXkHwx8K+G9A/bN8ZReHdEtLBX8GWDSxWVusSsftEn3lUAE9OevAr20zJLGJIplkjYApJGwZWHXaSOCPevGfAd1Ev7cPjGCRwN/gex2AnqRcMSp9eG/StUlGcRUateeGxMXJ/A+r/mieziI9WAH4/wDjppHCKNhOf8/dNSvjHXOf87TTGRepIx9f/HTXbzHy7VyBkYnhsD/Pymm7dzH+ef8Ax01MQSCy9Pr/AOOmhEDN83A+v/jppNpAou5GsK4CkZP+flNSKgXG3p9f/HTTysYynH4f+gmhVK/NuHHfP/jpqeccoWFQljnd+H/spqVQWHDYI9//AB00yMAEAH/x7/x01NHtLYzn6f8AoJpqYKJNDFv4I/z/AHTTxYd9v1x/6CafbYIHb8f/AB01zvxu+LGl/BP4cXnjzUNNnv5oykGm6Va486/upGCxRw543MxHPQDJPArGpUUE29kdmFws8VWjSpK8pOyIfidoHxL1TR0tPhn4q0rSLhm/f3Gq6a92pTH3NiSR/N7kke1eYL8H/wBquzn+0J+0lo8UI+9Hb/D0Bf8AdO67OK6L4a/Df9rnWwnjz4n/ABP0yynuU8xPC+maKslraA8hPMYh5WA4LZAJzgAVlfGf9uT4Dfsyagnhj9ov4gW+hXzxF0E+l3ASRc42kpG68/734V5U+bET5oRd36/ofZ0ZVMpoewjVpyS3souz9ZLX1Rq6T8LP2g5YUaX9o20nzyWj8EwAMP7p/f8At61tx/Dn43xL/wAlntHOON/g2M4/2Ti4FfKWtf8ABZH9lvwf8S47/wCE3j+08SeGtRtnOsaWtlNDPa3ikbVLyKF2uuVaMgDKqw5JzvN/wWZ+HU1qdQtfh9Pa26gk3GpXU0Uajr8zrasgGO5bHvVPA45q/I/np+ZxVMyw0ndzh90f0R9Ht8Pf2gOifF7TM/wk+Co+P9k5nNNPw8/aOjXzE+NOjZ9P+EUhX/gJBVv/AEIfWvIP2Tf+CkPiD9rn4i6z4M8D+A/DttpmgwxtqGsHxM8p3ONyRLGIgHJHo3HeuFf/AILZfCTTf+Cmq/8ABOvxBZafJHNAsFv42s9SPlf2oVDiBYiNuCCEDh8h+CBnFc31aqqkoNe8lqr6kSxkORTXLZvflX+R9HXnhH9qODLW/wAZ9H9i3gSA/wDATsvFqtF4R/aquQZIP2gPDjhWKMF8BjKHj5Ti+bB56cV6jqt3aWGkyX99OIUjQl5HYAL7Nmvlr4FftO+HPh9+xn46/an8d+KBP4ffxbrt+uqXd4scMUazbI1MhHyxnCjcM4z0rGnSjN+6rlVMR7KHNKy+S/yPTX8KftY+YI/+GhPD2G42jwIQf90n7YazrXw3+0xN4xi8H6l+0doonk0+W9jih8IospVJEQhgZzlfnHOO3Wua/YA/aeX9oH4L6Z4h+JHxB+F8niG8Bkh0rwT4wF+zRPI5jMiSkSCQgfdC7eDV340/tN/Df4S/tlfCr4Mazol5ea748t9RstNvrAxvHaIIw6lwDuUM8eM4wMDntWksJOE3TtcyjmFOVJVLpL0Ru3Pwt/aKn1JLCX9pLTkuWBk3DweuGXdjaR53vT/+FM/tKLqTGL9pLTyjLuIPhBeM/wAH+upPjv8AGq/+G/x6+EXw/tJtLeLx74iudLmjmlJuVItmkRNigkDegBLADnGea7T4i/FXwf8ADX4d6t8SfEniK0t9P0eAPdzteRhUJIVQzZITLFRlsYzUKg4NS5d/+GL+uxndKS09Dj2+D/7SMcbW0X7QunsS3yufCS56/dP7+kb4T/tPxFTH+0NpWcbSv/CJEAH+6cXP9K82+Jn/AAU8+F/w5+D+l/EYWYudavdO8z/hG/tce+K4Fk92yl1JUjYjBWUtuZo8dePOvF3/AAVm8Qa58Sta0v4N/D9r+10Lw9LdWdhkXNxql+0dpJbxgRfdRfNnEo5x5YOQeDtDDVpLSJhLMcPB6zXc+hP+FXftZKfIX4+eHyzckv4WlBxn7pxcVSXwJ+1nMZlt/jp4WJjfZn/hE5ztOfun/Sa9Y+H/AIoPjXwJpnjWeFYzqVhDcGONtyxs6gmPPfDEj8K8N+I37U3xN0j4U/Ff4o/s6fAeT4hR/DzU/ss8P9p/Z01C4QB762i2qxnNum1GHAMgdd2UIopwq1JcsVc6J4unRjzT/I2x8OP2rpHHn/HfQFJyGNt4Rf8A75O+4NRP8H/2nbhxLd/tNLD23WvhCAfg2ZDXR/AT49eAv2ifhNoPxy+GeuG/0XXbFbm0kVNrKDw6kdFljbKuvUMD7V29vfzOjSTxeWm4/M6Y/Bs/zqnGUXroyoY5uN4xjZ+SPJB+z98d5yVuP2wPEYwTl7bw7ZqDzgsMA/zqwn7Ovxg6Tfti+M2I7LpFov8AwE5Q1R+Bf7U3wb0jU/iL4J8XePdO02bwx8SNStFXV9bgRpI3Edz5eJJASgeaRBgYGwjtVjxR/wAFLP2NPC13bafd/FSG5uLybybZNLRL0O/TaRbs7Y9SFIFbvD4pysot/IyWc01G7lBfKP8AkaEX7PvxbhU5/bA8b499Pssf7p/dVctvgv8AGK2QxxftVeJJD2Nxotgf+AnEQzXzv4r/AOCx/ifUvC/iL4m/AT9gzx5438D+FLyW31rxf/aFtZW48v76bSJDKoJ5wQR0IBqO5/4Lb+APC3gPRfH/AMVP2RfixoFlr4t30+SPSbe4jeObHlmRxKuAc5AKg49aPqeJl9lkPPI/zR/8Bj/kfRknw8/aIsgf7P8A2kVc9jd+FIHI/wBk7WWq9x4G/aknTaP2kdLUjuPA8f8A3yR51ejafdDUbOHUQGVJ4lkVWGCAwBAb0PNWNgI5X9P/AB01Cp20NHmVbtH/AMBj/keUv8Of2pJExJ+01YAn+74Jj4/2T+9rNl+D/wC1OJWuYP2s4onb+74JgP8AwE5kr2WSJlTPOPr/AOOmuCf9pP8AZ9T4zj9nif4z+Go/HTReYvhJ9VjF+w279nlZyW2/Nt+9jnGKapRv/wAFjWbYhfy/+Ax/yOPm+Dv7XUn3/wBsZcn08D23H+yfnqE/Az9qmbBvf2yr0kdfI8G2ag/7JyTXuHlE4OePXH/jprzHxT+2H+zV4H/aE0b9lnxZ8WNMsfHev2ZudK0CeQiSePnCk42hmwSqkgsBxmj2EZK7v97D+18Wukf/AAGP+Rlw/Av45MudQ/a18UP6i30mzi/4CfkNSxfs+/EQgm7/AGovHUjN3Q2q/wDAhiGvZVtVkX7vHqB/46a4/wAW+J/G154K8da38H9Js9V1jwcxgt9HvCVGoXiW63Dwo4OYyUlhUNg4dmyCBVUsHSqPr97/AMzOpnOKgrtpf9ux/wAjkY/gF4ziQLF+0r4+BBzuN5an/gJzBUf/AAgv7Sfg6R7/AMHfH5NcwPl0zxjo8Zjf/ZM1sEdM+u1vpXSfs2fHzwB+1R8GNF+N/wANZpf7O1iA+baXK7biwuEYpMm3+GaKQMjD1GehFdrNZqPl689c/wDjprf6nTi9Lr5v/MazTETXvKMk+8Y2/I82+Hv7RVlr3ihvhl8UPC03hbxVFCZBZ3Moktb2IdYxMBiRB1IwGXvjBr0GRGUlSTkHuf8Ax01wn7QXwbPxP8HFtEuPsXiHSpPtvhvU1GGt7pOQpP8AcfGxh0IY1Z/Z5+J3/C4vhdY+JriDyL+AtaapZH71tcxHZLH9VYHHtilCdSnU5Ju66MjF4LC4jCfWsOuVp2lHpd7NeT7dDu9uc4HT3/8AHTTdwU4YZ9v/AGU1J/nr/wCOmmkoDyfbr/46a72z5oQyDgEEf5+6aDIjDH8z/wCOmmNtGQv8v/HhTckEjH6/+Omi7AkDqBjj8v8Ax4UwqApc9v8AO00jMwizj6c/+OmkBJ6r+v8A46aQthcjOVP+f7wpN65xn9P/AB4U1jk//X/8dNMYkgN6e3/jwo6DJSQ4wG/X/wAdNIBhtzN16f8AxJqNHKNuz+v/AI6acZN3Ckcf52mgB4jXcT+P/wBY09VGc5/z/dNMRtwyP5/+Omnqc/KR2/yppPYAuJ0t7V7hzwilic9MDO01D8P9JKaa/iC7AN1qTCWRj2TnYh9gD+ZNM8QK9xol1BGOWhYDB9vumtvSmT+yrYx4wYE2kHtj7pr59xjiOIOWW1OF16ydr/JL8Ts5nDBXX2nZ/L/hyyF2n7n+f7pqn4h1zRvDPh++8S+ItVhstP02zlur69nO2OCCNC7tIeyqqkk+gNWgxU/M/H1/8dNQ6hZWGqafPpeqadDeWlzC8V1aXMQkjmjYEMpVshlIJBBGCDXuOGhyKWu5+b/xA/4LVeAv2nfhr8WPgv8AspeFvH3iWaSwuNN8GeM/BHgjULyMGSHBuLmeSKOG0AJcoSzNgLkA17n8QP26/wBoXQtY07QPgx+xX8a9X0y2tV/tPUtS+HMUkrsFQlMm+i6gt8xXHAPOa+L/APgr54cu/wBjn4V+Nfh7+yn4E+N/wz8K+I720f7V4fe3s/CVm5kQ3UKwrcCVZJY1KjbEE3DOa8O8Gft7/Cr40+Lta8SX/wDwU9+PngWGRo49L8I2mh3F41siQqp3yhXSViwZsk/xdK5Vg6kl7q0+b7eR0+2pqyk9fu/Nn6j+Ef2vv2mPF/gf4n+Pfib8FvFHgLw34V8PNNokninw7FpuoXV/tkXywFllRkU7SCcEtgYOa+efjB/wU6uf2RLXTvgl8Uv2tPEcOt6x4fs9Lu/Et74cjlbw1rU7ANPctLC3noqsH27f4WAyBXQeLf2xrCz/AGFPhJ4U8J6f8R/ina6v4o0+bX9ej8H3EWoyRwStNmSN41Sbc8QyOAQCPSvnz/gpp4E/am+KX7H2sfGDWPFvhfQ/Dut6gb628H6f4fc3cStKW+0XMswVkcKzfKkaqNwyxq8PhY+0SqJRTf4/nvuKpOy9zV/5l/8A4J7f8FG/2w/Ev7UHiX9kb9rj9te6XVtUjCfDrxRb2+mNp+oSgsBGJvJA2zxsrxMWXa8ZXHzEV6b+0t+1f+3H8OvjX4N0nXrzxfqXiD4eWmqS61ceD9A+1aXrelPHG1rd3kduXj8wzQrDMgVvKMnmx9a+V/iHpn7DvxW+EPwo+EPwkg8Q+NviV4Q8KWuo3niX4a+HHnNhNBHGZgxwsTxvIz5bGU8klSSa9H+Mfx1+APiDxr4B+OfwE/ZP+JfgnT7G7t7DV/F3gphZabqssjGK9tYSLgBRN8yu4G5djkleRRVhCVXmjDvdW006/P8AM1owcVyyem9z0jwD/wAFDf2mPHHjHxJ4w+EPijWLvTfjXo8K/DS3unW4g8N6srSR3NrDC4LmaCOSIsh2rIVLDBFfoL+yX+0p8A/2jfCOqaL8B/ipP4rPgTUF0LxFd3sUqXMd0iYDSeaAWZwrMSMjII7V+Ivw98LeCP2pP+Cr3gfR/wBkjwTcfBySy1SWfxJ4J8U393bSxXtrumkUrESbYyW6In7tmYnLEnqfvv8A4NztG8I3cH7S3j/wD4Qv9N0LUPjRLaaS+ozmR2W3E5kj3/x7GmUFiOSfeuTGUIX91Wsk+npr/Xc3iko382fauo/tJfA7S/jlB+zXf/EfTofG91ZC6tfDzyHz5oirttPGM7Udtuc4UnoK7iS2UHlTz/naa5y9/Zk+Al58aIv2i7r4S6JN45t7fyLfxRJaBruJNhTZvPQ7WK5HOCRnFdm8IwABjnpn/wAdNcLhE0jK58+/t7/tLeMP2Z/hBpSfCPwxa638Q/H3iyx8H/DfRr+QpbT6xelhHLO45W3hSOWaTHJWPaOtfP37MH7Yv7bP7On/AAUk/wCHYn/BRjxd4a8YT+NfDx174U/Ebw54fTS47x0RpJ7ZIk4YAJKEY/MGhAJPmDHoP/BTLU7Hw9+0x+x1c6pMiW8n7QjR72OAJm0PUFhU+5cgD3NeJf8ABcG6Xwz/AMFgP+Cf3jnRVC6jJ44ubMun3mga5s1ZT7Ylcfia9LD0KcsPZre5xVq01XSTP0g1Vzp9jNeJaS3BhjZlt4E3SSEAkCMd2J4HuRXwz/wQ7/4KS/Gb/gpBq3x51D4u+H7HSovB/jy2tPDOkW9sqS6bYyRzLsLDmVw8BJY85Zh0xX3/AAxLHq0TFMbJww/BvvCvyh/4NqYLHQP2tP22fDKx7EtfiuCI8fdxfamAw/KslGKpyutVb80bucuaNup9s/t//tkad+yR4C0rQfB+g/8ACS/E3x3qA0f4Z+C4OZdU1B8DdIBytvFnfI/oMZBOR5j8X/2E/wBoz4Ofsl+GPjP4W8YXPif41+BvEreMtfvGcsutXEyFb60hGflg8l2iiTooiTvk185/Fn9jv/gq54G/b+8Rf8FBfB/xF+HniLxMbi503wXp3iHQJb1NA0fcRHawrlFhdk5dwSzM7nvVn40f8FCP+C/HgD4FeKfjFb+HfhIdN8K2kk2uXdro03mxKnDKVlmZWIzyMV10aFKME7ptnPUxFfnas0j9EP2fPjh4J/aP+Dmh/GXwDeF9P1m0DtBKu2W0mHyylVPKSRuGVlPdatfE34f6N4/8K3nhrXLZXhuoioJXO044Ye4r4W/4JLfs9/8ABSqO8b9q79on9pzR9O0r4izrr+pfDvQ/C1uLe5aaMFZmIVBbyMpBPl+gzX6BajfAW5Ljjr16f7Jry8ZQp8rg2mnuergMXWhVjVheMk00fOv7JfjzVfCfirWP2b/Gd4WudFBm0iaVuZLYtjYc/wB3I/A174FB6Hp3z/46a/Lv/gsN+0N8VP2a/jh4f8dfAlZF8Q38kttD5FuZCQUX5SgHzZOMe4r1P/gll+0D/wAFBPHnh7W/Fn7UPw/1zU9NkaJdB8yxitJgeS6lZCpZcbRn2rwsl4ijhaawtWLklJxi1rou630P07iTw6xWYZZ/rDQq04RnCM3CUuVuT0fLfR3avufeaRKVy78Z4P8A7KaRlUZGBj2b/wAdNcQ/xU+IbxgWn7PevsT083U7JP8AgJzLUA+J/wAZpZNq/s06kF/vSeJrAf8AAT+8NfWRzWjLaM//AACX+R+VyyPFw+KVNetSn/8AJHdsCABz/n+E0mW6k/j/AOymuNj8c/GadQ//AAoCWPPZ/E9p/wB8nBNPfxj8ZQ21vgUcD+JfEtt/3yabx9P+Wf8A4BL/ACMVlVa+s6f/AIMh/mda4QkAHkD1/wDHTSxejD/P901xE/jz4wRD5vgFcnP9zX7Y/wDATzVeTx98anwtp8CZQ+eTPrkIGP7pxzWf9p0b25J/+AS/yNlk2IevPT/8GQ/+SPRAxC7AePr/AOOmuG8CkRfHPxowbhrLTz09FYbhVRviH8eXVo3+AcC4A2uPE0PJ/ukYpPhTF4of4ia/rXi3R0sLm8sbYm0im80IqlwGDAc1lVxtOrWpKMZL3usWvsvuj08Fg5YbCYnmnFtw2jKMn8UX0b7HVePfEl14d0lI9HtVuNTv5vs2l2zHiSYgn5v9lVBZvYe9L4K8H2vhLTjB55uby4lM2oX0h+e5mblt/t2A6BQAOlYXgO5i+IXiq9+JW4vYWzSafoBzwyqxWcyf77rtB/uoPWu2JCtuIx+P/jpr0sNFVH7Z/L07/M8XMKv1eH1WO+8/N9F8u3cfgHqcZ/zuFNYgnhsj6/8Ajpp5AIwf5/8AjpqNiM5P8/8Ax012o8hXQf56/wDjpprKAQWz/wB9f+OmlJA5P+f9k0pAI/8Ar/8Ajpo3Ku7nnn7Qf7K3wI/af8Njw98aPh9a6oEQ/Zr3bsubcn+DzVww+mce1fJfij/ggV+z9cyOPB/xT8R2ETuSIriOKXYP7pO0Z/GvvV0ZuC3GOBn/AMdNOVCeWP05/wDHTXk4zJ8txs+atTTffZ/gfdcPeIvGXDFD2GXYycKf8rtKK9FJNL5H523f/BAfwYqBLD466goC8ebp6Hn+6cGsy4/4IGzxxlLL48E5P/LXS+n+ycNX6Ssu4/MOfr/46aCMH/63/jwrgfDGTv8A5d/i/wDM+rpeOviTSVvrafrCH/yJ+aEv/BArXmKhfjxblV6Z0o/98n5qjX/ggP4m5I+Pdp7D+y2/75PzV+mf+ev/AI6aCccn+X/jwpLhjKUrKL+9m3/EffElP/eY/wDguH+R+aCf8EDvEsY+f4/Ww+mkH/vk/NSj/ggrrwAB+P0XXqNJ/wDHT81fpYfmBGee3P8A46aZtY8E9Bxj/wBBND4cyr+R/ex/8R98Sf8AoJj/AOC4f5H5ww/8EHruJsz/AB3LADoul4/4EPmqZf8AghHbAESfHa4OfTTl/wC+TzX6K4zx/X/x00yRT93HHfn/AMdNNcOZVf4Pxf8AmN+PniU1/vUV/wBw4f5H53N/wQf0In9/8b7w4H8Onr/3yeamj/4IO+Dj80nxx1Iey2Cf98mv0JMeTgDn6/8AjpppRh1H6/8Ajpqv9Xcr/wCff4v/ADM5+PHiTPfFr/wCH/yJ+fa/8EGfABOJPjtrI+mnx8f7JpLX/ggz8PraYyP8edaZT/CNPiH/AAEmv0EaInoP1/8AHTTJIT0Dfhn/AMdNUsgytK3s/wAWYf8AEcfEeX/MZ/5JD/5E+Cf+HFvw1RCo+Nutk+ps4v8Avk1Uuv8AghT4HfKwfG3VRnu9hH/3ya+//Jb/ACP/AB4UCA5yf5/+Omp/1eyl/wDLv8WOPjj4kx/5jf8AySH/AMifnlP/AMED/BFwMP8AHHUgPbT0/wC+TzVV/wDg398DMC//AAvPVOT0/s9OP9oc1+jJQ8cdOnP/AI6adtXOf6/+Omj/AFfyn/n3+L/zNY+OniSnf65/5JD/AORPzh/4h8/BsgA/4Xvqq8c/6An/AHyeaB/wbzeDDkj9oDVBn105P++TzX6P989vTH/jwqRBuXHT05/8dNP+wMq/59/i/wDMb8dvEu+mN/8AJIf/ACJ+cVv/AMG83gdQPM/aD1fj+7p8f/fJrSs/+DfL4ewrsk/aB1s+wsY/++TX6H/56/8AjpqSPJOH7e//AI6aX+rmUtfw/wAX/mZvx28TOmOa/wC3If8AyJ+e5/4N/wD4WqAF+OGunHc2sfP+yagn/wCDf/4dEFY/jdrIz62iH/gJr9EC5Bxj6nH/AI8Kcm1uJD9OP/HTS/1ZyZ70/wAX/mH/ABHfxOvrjv8AySH/AMifnG//AAb5eDhkwfH3Ux6btMQ/8BPNSRf8G/PgcLtuPjvqBbHDrpq/98kbq/RwEZyxH5/+OmgLhs5HPX/4k1n/AKrZOtqf4v8AzLfj14nNW+u/+SU//kT89fD3/BAf4V2EwPiP41a3dx7smK3tEjOP7pJz/Kvqr9mb9hX9nL9luAv8M/BMR1BlCyarqJ864OB90s33e/3cV7DIF8vJ7f52mnIYwucgDvz/AOOmuvB5FlWCnz0qS5u+/wCZ81xD4o8ecT4d4fMMfOVN7xTUYv1UUrkoB6uc8dCen+yaC3ynaM+2P/HhTN5C4XkE9c/+Oml+ZSOeD0Gf/HTXstH5430FbaAN3H+fumqeu6Ta65pk+lXqBop0KOrDIII+8B3q1hmO0jGOgB/8dNLgtyx6f52mkKMnGSa3R4n8INI8UfCDx1qXwqs9dnbRjEbjSIL9TLEgJJ8sZ+ZMZwVB24XhQSTTdG8MeGtP+M/iv46+LJxY3mliC0a489hBDbCMEhh3BySfQrXrHizwyNVgTVLRF+2WW57YY+/wSVJx0PSvLf2cPilo/wAXPFPjO4s9BurMWt9b293a6hCOJFRlZSORkEHP4Vwqm6dVQv6fifaYfF08Zg6uJ5bWilO1k3qtfn+Z11l+1B+zteQLKPjV4dG4cBtRAP8AukECqT/tbfsyx376dJ8bNCEkfLFp32/7pbbg/nXappGmxgLHp8CqM4VYVA/3SAMU2XQdDuVxc6HYuc/x2qH/AICciuvlrd19z/zPDvknNpGp98f/AJE45v2r/wBmeP8A1nxy8PAev2tj/wABOFpjftgfsvxqTH8c9Bb/AHJpGx/snCV1Mng7wmT/AMilpZHvp8X/AHyflpp8EeDivzeDtJP10+L/AL5Py0uStb4l93/BGnkq6VPvj/kctF+2T+ycF23H7QnhiNu6zXjqR/skFKg1D9uH9j7S8C7/AGiPDpyeDC88n/ATtjNdd/wg/gpjhvBekfjpsX/fJ+WpIvCPhC2kzD4N0hSPTTYv++T8tTyVUviX3Dj/AGI5Xkqn3x/yOR0T9uD9j3WrpbTTf2h/Dru/CiR5Ywf9kl4wK/MD/goB/wAFHv2hv2Zf+ChPiy9/Z/8AjTJeeGJodPurbSbiQ3WnSmS0jaRNhI2AtnO0r82TX68R2ul2BEtvoljGR0MdmgP+6eK/Iz/gpV+wj+0r+2D/AMFF/EmpfCnwE0Gltp+mRSa9fL9ns9wtlDKSBlyMYO0Hkc4rwOIaeNqYKKoX5uZfDe/U/Y/BSfCdLiPEvMYx9h7GV1W5HH4o91q97W1Pov8AYo/4L3/DP4uX1j4K/aM8MHwpqtywij1W1fzLCV/9on54s+4I5+9X2V43m0f4n/GnwBpljfQXmmWMF1rmY5A6SSKqRQhiODgSyGvib9j7/ght8I/g/wDZfFXxo1mfxXrUagm2ceXZQt/dKDlvqx/CvrXwz4W0r4Q/G7wvPp0Yt9JvdLm0m3hRPkhlBEqJ6DKq/wCVZ4SGd0cE441p6r1Sut+hnxo/DKpxA58J88ZKM+Zf8unLlf8ADv7y6+XY+l7V4hCMkD05/wDHTX58/wDBdTxppItPBHhBv203+GSql1Ne6PHDK4v1JVUaQQwuSQVYYLL6ivvS4u2SxLK3bII/9BNfz9WPhX49Q+Ifjj8V/CvxG1e2upf2jbPw/wD2gJsSwwSz3/mKZSGdVUCLgYGAPavseHHFZtCTtpte1u2t0+/Y/DOIMBVxGR1XF2jom9dL69O9mR6Jp3ge1u0urX/goV4w1AKCd+hfD2+nccfc3IjEflX6F+Jf2qvD/wAUf+CPHxZ0nwfr+r/2x4S8BT6Ndajq2nzWV7cpII4YXlimAkVn8zOSByCRxivjHWpvi0urW/gVv2l/F2sSXmpT2txa6Xea+8sNohcGWaSaY26qRHyqrkK2RzgCf9huz8ReMv2J/jl4SeS9vtQ8aeNfBvh63NxIZJZmudQi8wv3IWKNmPshzivruIowx+BVedrwkrWt1dntGOmnW58hw5hVlladBNtyi92+lu7fVhe6P+058Avh94k8b/sk3K2//CP6dp1j4lIhUtYRjTIBcl+pJUOzFiO/XNetfsz/APBGL4EfHb/gk7qfjrxt5Unxc8WXk3jPTPidJckX+iXyMz28fm5yIwqASL0Ys3cAiX4nfsp6unwG8VfHG++GfijX73xz8Qp5PB1no7TTxpB9r2pJNaxMfOPlwlVDJgB++a+h9dt/GXgT/gjN4u0vTbe5sNbi+HGoeXYqCr2s7RM2zHGHDuykdmBHavh8TUccPCrTteUrNrR9OvkfdRSrV503ooLRf13PlfRf2kv+Cw/7QP7Att4f1z4S6PpE1zatZX3xAudRSOXUrKFTvMkEjAEyRjgjKtk4Kmuj+Hmo6R8E/wDgnND8K/FnjTSrn4davBM/h691D4Y6trUd8ZmLSzXFtZpO9vanGRJ5aYIOHHFerXv7EmvfFL9hnQv2brLxTqPhrXdN8HWGm6poQ8LxXdhqv2eBVbcgKyKrchik0ZPPQZrwrx1+yR4U/Zg+Bd7Y/FzwPpPwe8OxwyrN4y+GXxQ1vQrqVgpMam0hhnii3BQFCmbBPzPk8YwWHjJwikryvZb+v66FYieJcffd0l1t+R4z/wAEgtU/Zf8A2V/ij4z+Klz+2B8OtMs/Dt/5Wm23hn4cSXWoa9NMCphWW+t/t4gG4J5Nui4KgF2yRW3+1R8avFX7Vv8AwWQ+CGkW2l+JPB9yYdKk019QeO3uL61aS5uTJMkWTAki7lEcmJQFIcA8V8tf8ES/jP8AsZaR/wAFRdI1b4heC/E+pajrJktPA/iTVtUS8uLLWCxEVxIyxx+Z5gJUSbAVYqeM5r7g/aC+HXjy/wD+Dibwhq/iDTZJoIfC8F1a6u6kQ7UtLtRChbgyAq3y+rcZrvcV9cctW3F6/wBbnjuUZ4WOtlzLT5mf/wAFH/gl+2tpn7asXiTRPA2kaxaeIPD9svgu/wBc8X+YdFljBt5C+6ZGtVMkyliCqsRzk4r6Fn/Yi+HX7DX/AATL+J2h/tE/GHTzqXiLRZLzWtc1G8Y20F1sQw28aszM3zooBycl8969J+K/7Itp8cvDPxY061+Ieoza7488GLoOm3+poJzoSIWka3jMQSSJHdgXUN83lr6Zq38JP2C/hf8As+/sM+KtH17QtD8SeI/+EN1JdT1i+0ldszi1OU2yM5RQVJ27urE9a4amIlLDQg7K3lq/mddLDqGKnJO6a3bPzB8V/EK8/aB/4QXwr8HL7xLrOrabZ2VvrUg8KyCW6SJGhlQyPsRwYykadFwnB9N/xF4K+N9zonjnW5/hnruiaHqsYezuL++gsb6aCOaFFUtCxZUE8bpLh03B9in5QDmfAz4g33w6+FXhrW5PDE0V0/iO3u72PSLeCFXtfsExwZZJERQ9xDEgiJVR5isOWrqv2pvH3jXRv+CXlt4zs/hvr15/wk2u+d4m1DUNf8k2jyag0hLwROy3MSPEdiklVMrNgbVNezKM6Tj7q1f39zwo1aVdN8zbS+498b9o39vnwP8AsEDwH8HPgjr/AIb8OaJ4XS10r4n3+lme7ZS2xYEgSUkfuySt3KAVDB9uVFfYP7Ef7dP/AATO+Gv7PPhf4UeBf2nvCelJoWiwxXNn4k1QWN2bnaHnaUXIRpJGlaR2cZ3MxIJGK6n9izXfB2u/8E4vh7458beILaNIvhvZTX+oT3C7E8u1G4u8hACjbk5IA74618z/AAzi+Fnxt8Mp4k8TeH4Y9TRGSeO40WOIyHJKKflxKpUqQy5GD1rxaajJyio8tn959HOUmk5Pm0OG0Dwx4h8Uftz+MB/wRj/at8E2/g3VbGLX/iV4T1jSZr/w/Bq88zI0Efk8I0oXfIkTxhX+cZztre/az+E3/BSDwN8APGHxd+O/xb+E2qeF/DOhz6jrmlWd/wCI9MFxBGpZow0NyOSOMOTngV6J/wAEx/DWk/8ADQfxUv8ARNGt7S3ghsbdY7aNVU5eZtpA4/gFdZ/wUj1EfF7xp8K/2DdCnWW5+IXilNX8YW68+X4Y0tlnuzIOySz/AGa2B7tMVHQ4wq1a1PGeyjZrTpr3Z00aGGngvaO99dL6fcfIPgv9k/48eAPhlbfFzVv+CQXwBurFdIXVtRm1X4iXs91EjxCR3lW6s5WQ7fmZAzc56V1Y0T4feMP2QdX/AGmIf2av2fPAul6d4avL+eCbRZNSUqkZxHlI7YAt2PzEEDjJr7Q/4KQ/EnS/g/8AsLfEfxjeXcVsP+EdmtLdnYLunuf3ESfUvIoA96/Pb9sf4RftK+M/+CTn/CMfBfw6qadFoCX2ryzS7Wk06GLdsiTqWcgNz2BrSFavWkp3tqlu/wDMJ4HB4ehKVrtK6Vl/kUf+CfHwN/aH/aY/4JgWml6H8TtVsfDXiiK9WJPD+lwWkthbi5Z3gSV2HmpIzMSF7KgJ4rg/iL+yJ8L9R1Tw/wCFvHnxq+PerXnh+6gistPl8PXdxZjymG2MCJfL2YAGS7cdqu/8EzP2cviBffsn6Lp+nW14rSWpkXf44vLD7IJWL7PIiBTHOcnk5qDUP2Cf+CiFn8V11L4U/HXTrKN71jGt14surtgCejB2UH9K9iMVRqSUpL+kfP1J+1hFxiz9P/2qPGf7R3w1/Zck8e/sl/Buw8eeNIba1OneGdX1E2Szxnb5m5iPvqvOwkZIxkdK6n9njXPi/wCMPgp4a8UfH7wHY+F/GeoaVHP4h8PaZfm5hsLhhlollIG/HGeozkZOM1T8O/EC3/Zw/Zj0rxV+1H47topdD0a3XxNr0NrNLF52Arb1jV3CliOgOOprudE8QaN4m0Sz8TeH75bmx1C1jubK5RSBLDIodAwYAgFSDggH2rxuVK6t8z3VNuzv02MH41eIr3wH8H/FnjnSY0e70XwxqF/aJIMqZYbZ5UU+o3KM+1fmT+zx8ANI+Ov/AAQl074oalJ5nxD1e2vvHieNUH/EwTxB9rluQ8k/3wwKIg5+4NvSv1F+IXhlPHXgPW/BU0wRdY0m5sWZjwBNE0Z3fgxr8lf2Y/27fhR+x5/wTn/4YO+Oem+I7H4yeCrPU/DUXw2j8MXkmo6xcPNOtrEqrHtmikDo3mK20A8kZFDUlBcu90ROcXK0npY/Qr9g39pkftK/8E+vB/7V3icLHe3PhWWfxGqD7l5Z74rpT7GSFyPYivg39iD9kXR/+Crv7A3x8/a18foR8TfF/wAUbvVvhv4sYn7X4fbTYYhZW0T9Yoskxso4I6g4zX1Z/wAEuv2TPjV8Dv8AgkLYfs7/ABj0x9E8Z+INL1qefSJJVZtJOpyzyRJlTjeiyqXH8LEjtXzZ+yR+2N8OP+CMH/BODxl+yT+0ZBd2fxh8K67q/wDwi/gx7B2l8UfbGP2FfMUbJImdlDNn5cYIBIrdQ5OblV9UTKo7w5nZHoPwp/4LHWlh/wAEsbP46+ILmzufi3HJJ4Xi0G7V8HW4Rsee5CqStugHmu38WNoyTW7/AMEo/wDgob+xZ8KvgCPhX8Zf28PBeufEG78R3+s+LdWvNRktFury8kErqftSRnCn5Qo4AUAcYrrv+CVn7Juofsw/sZ+HvCHjuyV/EuvB9d8WPNCGP266PnSIcg/c3Bf+A1yPw50H4E/taftg/EXxNJ8N/CeveEPA9la+Hop7nRIJku9VJaW4DOVO4RrsTjvurWjT9jCSJqyjWqq7PHNB/a6tf2T/APgqP4p8NfsI2kPxu+FHxQjXxF4y8H/De5W9ufDGqOxS43hf3ahyFdo+A4fjBANfpn4N8a6T478NWvijTrLULSK7iDfZNW0+S0uYT33wygMjA8HIx6EjBr4K/wCCSHwh8A+Dv29f2p/E3wu8E6do+gR6zpOl2EOm2yxxRSJA0k0QC8KNzqSBX6DzEh8MxJP3iT2/umpludNGPLCyIJ1BGQ3BPHP/AI6a8P8A2d7iPw7+018YfAdkpFmdS0/VY4hwElubYeYp+rIW/E17fcyRwxtLJKAiLuZiegH8J/WvDP2To28b+O/id8e0DNZ+IfFC2GjyHpJb2MQhw3qDIX5+tcdZ3rQgt7/ge9gFyZfiqs/h5Yr/ALeck0vuTZ7qJN+Dn6j/ANlNOIXJ3fz/APHTTI94bgdff/x0087idpP+f7pruPkUMZflxjp6f+gmmfN3/Hn/AMdNSMd2VJ5z1z/46abJ1x/X/wAdNO2ghm75tuP0/wDHhTgpIz/X/wAdNJ/nr/46aZk+p/P/AMdNIBZO/qPf/wAdNQn3/n/46akPPX+f/jpppXkAn9f/AB002rAKke/rxx6/+OmnGNRyTz9f/HTSxEg5B/D/ANmFDAHo3/j3/jppqLYm7CoCvI6dv/ihT1Y/dXj8f/HTUSkA8rn8f/HTUwPGSMfj/wCOmjlErsRgrxlHYYP3uev+yaZ4X1H7HcPoFySNpLWjN/EvdD9KlGM8j68/+Omq+p6YuoxBd7RupzDKnVG9Gr5vOMFjI4inj8HrUp6OP88XuvXt5nbha1PkdGr8L69n0f8AmbxByS3fpz/46ainkdIyUXcyj5VzjP8AsmsW08XTWDC08Up5RGFS7Rcxv7N6E1qx6jZXCCS3vIpFYcFJAf8AgJr0MDnOW4+HuTUZdYy0kn2af/DGNXCYii9Vdd1qn8zxv4q/sQ/CL9pXxbH42/aq0658YpZsDofhI3skOjaUBkfNApH2m4IJDTSlgMlUVV6/NOi/B/8AaK/Y/wDihqPg/wAFfsuaT8Vfh0+oSXGjx6PpVvp2s6JE/wB2FbhlxOEAABLDIr9A4pYceYZUx6+YP++TSmS2lkBQI2OdwkH/AHyTmu2pWw0V70l99jCMK0pe6jyX49fB74n/ABc/Zrm8HeAp9R8L6neLaTQXNzM819pkasskkCNE21ZcDaCcjOa/N/8A4KH/ABs/an8YeDbn9jH9nv4R+L9Ssdaex0Xxl4z8U2kV3LpSGRAm5oQEhLwx5kZgpAcLncRX7F2Oty+TnC7VH8Rzx/dNc3oPw68O6NrGt+JJf9JvtdvftF3POd7EDhUyf4VHQV5FXGRpRXsUpNPTXbz8z1KVNN3k7L8/8j88P2Gv+CU3xB/4JWfHrU/i38MfEN78Rvhh8QdEgtPHOki2WHVdCuEbzIi6Kx+0wo25WRP3u1wyhwrCqn7Qv7Mf/BPi0/aq8XfF7x1fal42h8SeANQlm0zwfb/bZNFIAjnuLmG2IdLiTcqgsA+4OcEmv01iNpaQrAkw2r93J6f7JrL0rw54U07V9S13TtEs4bzVphJqN3Faosly6qFBkYAFyFAAJycDFYRxOIqy5p77O2hoqdOCaR+fX7Efhn4QD4La5+1/+z1ZD4x/F9vB6+HfB+uzWsdrLFPHaMtq8zHYizRhwksjjf8AIAW5roP+DeHxB8cPhL+zr4u/Yj/an+CGpeC/iL4E8TXGt38t7bIsWu2eqTSSI8kqApMyyxyxMwJ4WLucV9w+HvDfhvwxJPZeGtEtLKK4upLmeKzt1jV5nOXaQKAC7Hkt1J61emtbaDUY794gJdmzdt5K/wB0mtFKclK/X+rBPklJMwPD9l8drb4rX9/rfi/Q77wbcIfsenHTmjvrOTjCmVTtkXOc7lB5HpXcna3Jb9f/AB01TF/bxqBIyr9T/wCOmh9b0yIYe+iX6yAf8BNKNKNNWT+8p1JTd7fcjw3/AIKI/sEeFv8AgoR8F9N+Gmp/ErWvBWt+GvE9r4i8H+MNAjV7nSdStw4j3oxAdcSMCMg9DmvFPhZ/wRu+Kmv/ALWXw+/bE/bt/b58R/GjX/hRl/AWlSeFrbSLGzm6iSZI3cyPvCuSCpLKmSQuK+2v+Em0CNtjavbg47zD/vk80yTx74QiH73xJZLk4G+7QZ/2Tk1tCu4R5eZW+RjKh7SXNy6muziPUYGY/wAW5jn/AMdNfnV/wSi/4J2/tt/sZ/t//tEfHH4rR+DY/h18XPEl5qNjFYaw9xqLSfb5Z7TfGECRL5c8u8MxOWAA6kfeVz8TfAkUh83xhpqlByDfxjH+yeaqSfGf4Zr/AKzx5pAHcnUY/wDvk81n7enGEldam31epJp8r0PHP22/2g/ix4AvD8I/2Z/glqPjb4h6lpvn2CmAx6XpSOxRbu8unxGigq2Iw29tvTHNeB/tK2H7Q3wu/wCCVetfArXfg54q+JPxI161a01268O6b58dzPcTNJMXKnIiVSQvHZRgV9of8Lg+GNzcu6+PtIYM33hfx/8AfJOasweOfBOo/PaeLNOkA7x3iH/gQwamniaStZrR33NZ4WtK++pz37PRvk+BHg5NX0SfTLuPwxYJc6ddJtltZFgQMVHZlOQR2xWt4116z8P6JPqeoXKxxIhYsxxgf3TVPxV8ZPhv4UH2eTxFBeXkn+o07Tm8+eQ/3CqZI/HFc+nw58X/ABmvo9Y+KNm+maFE2+30ES/vZz2eUjoP9kfjXmY3FyrTdDCrmqS7bRv1k+n6nsZfgadGKxONfJSj33l5RXVv7l1PM/hF8C9J+Nnxdb9oPx74ejmstOzH4ciu4929uQd4P6fU19F+RDCgiSIIq9AowP8AeFTw2Vrp9tHY2UEcUMSBYYo1wqADATFM4+77ev8A46a9fJsmoZRQ5Y6zlrKXdv8AQ4OJOJcZxDioyqaU4JRhC+kYrb5vdvuRbV25yfz/APHTTf8APX/x0051CMcHr7/+Omm/56f+PCvdTsj5hh/nr/46aGJwT/X/AMdNH+ev/jpo/wA9f/HTRuTdjXU9cfXn/wAdNQuzbSVX9f8Ax01YJA6n9f8Ax01E+HyAuD9f/HTVJWJbsVZZSMDb+Gf/AB015V8X/E2tWl3e+EPBsjprniq4t9H06SMc26sjvO8vtHFuP+8V9a9aKKQN69/X/wAdNeb6n4WvtL+N918TI9TaS1tNEjgl00pkIHc73z2bCqpHQgV4GdVPZOipXs5WdumjPoOHpxjVqyk1dRbV+rurL7zu/Cvh3SvCPh6x8LaRbCO00+0jt7dQeiooAU+/f61pblC+Wf8AP+yarWlzb3lul1auHjkXcjocg/7JqdODhh+Z/wDHTXuUXD2a5NtLHh1ZTlUcp7t3fqPLKcAH9f8Ax000gs2c8fX/AMdNKxwPmB/z/CaSPBGf6/8AjprUgTdtGCv+f7poaUA5A6+//jppSAfvd/Q/+OmkC8ZA6dc/+hCpbsOzsOVtwyD+v/jppSQOp/X/AMdNMO3JI/l/48KACTx29v8Ax4Umy1dDmk546/X/AMdNNLsTnP6f+PCkJzyf5f8Ajwo/z1/8dNTcBx3gZJ/z/dNIWJxnt7/+Omk/z1/8dNMLkuVB7ev/AI6aV7APOQ+0nt6/+Omj/PX/AMdNNxzknk98f+PCgp/dPP1/8dNN2Ju2GQ/Knp/naaQjOcj/AD/dNCKEJDHnvz/46aVhu5H8/wDx00tjRMZgKOB+n/jwpCOcu36/+OmpQoxg/wA//HTTHXj1+n/oQoFoMYL0H8//AB001gSOD+v/AI6aX/PX/wAdNIScfKf1/wDHTRshDCcDJ/n/AOOmmqZO4/X/AMdNSZAJBP8An+6aYWXJGf1/8dNQVcX/AD1/8dNBYDgn9f8Ax00Ag/8A6/8Ax00jLuOQf0/8eFA2x6NtG0qD9T/46aerbe36/wDjpqNRk43Y/H/x00//AD1/8dNNbibY7c/3h0+v/jpp6MWPDfr/AOOmo9vYnr6H/wAdNOhG4blP6/8Ajpqri1Hg4J3fz/8AHTT0ODj+v/jppmMENkc9ef8Ax007/PX/AMdNNMQ8yKeC/wCv/jppUl5wD/n+6aiYcZz09/8Ax00Izbtp/wA/7JpibJllVuCP1/8AHTTvk9vz/wDHTUWW3Yzn8f8Ax00pb5Tg/r/46aAdyXLfcHT0z/46aATnIH4/+zCollI4P8//AB00RyHfkt+v/jppE2ZMWJ6n9f8Ax00qyMpHPT3/APHTUXmjOD+H/wASacScjH8v/HhTugsTNKF+Vc7j938f4TXC+G/D+m+H/jN4mfT4dh1DTLC6nRVAXfumUhsdzjnvXagjzOvTHf8A8dNcJp13fS/tF+IrNn/0aLwjpZiGf+WjXF3uDfgBUytp6noYFS5KyT05NfvR3A2kA9/TP/jpoOCSR/n/AGTTUcNhQ3b1/wDHTS/56/8Ajpq07nEH+ev/AI6aaVGNpP0/+JNI+4PyeMf5U00OX+YZ9en/AI8KdyW7DyoPJB46H/2U0iqN/I6d8/8AjppWLZDdB3/+KFKwDck/jn/x00NKxQyWMS/w5I68/wDjppq6fAXBMK+/H/jpqWJCTkn8c/8AjpqdflXBGfXn/wAdNZvQtSdiOOGNeR0/3un+yayPH3guPxt4Zn0f7UbW5R1n0+8Rctb3EZ3R7vowGR3GR3rdCqeMcH2/8eFKqqxwB09v/HhWc4xmmnsdFDEVcPVVWm7NO5V+FnxKk8X6bJoniK0FnrumhYtW05uCjY4Bz96JwNysODyOoIry79jX4FaX8I5vi5YX2iW7Lr3xevtYgMsIYMkkFvJGGDAjIMkg/A1Z/ab8dfCX4f2Njr/ijxzfaN4mVmj8Nnw7a/atUuHOMwJbgH7QjHG6N8J3ypG4cv4B8f8A7dGtWb6o3we8H20d3J5hk1jWp7O5m+UANLbxRzLExAXKiRsY615kadSFRqD0Wm/Q+0pUPreWTrKPs4Ta0nom1f4b7rX5bHtHxX8CWXj34ZeJfA+ky2ul32veH73TYdUW1Um3NxA8RDYwSPm5AIyB7CvAv+CbH7Alt+xR8NfFmg/FfxXo/inW/EGsx3ljPptq6W+npFbGCJT5pDGX5nYtjjdx3Ndonib9tWVT5/wr8AyBuy+MLpf+An/QzTDqf7Ysr75/hB4Lz2Efjy4H/ATmwrrjXrxoSpKXuytfY8qeU4SdeNWcldK26Og8L/BWLQvh/o3wzk+I2pPpeiQLDZpbQxWxVV+6pMQBOM8E89zk81Z8W/CTwzdfAmT4H6bfXMmmP9mtWlvLoyzyxCdGcvI2SzMoYFj1yc9a5b+1f2uAdsvwc8I/VfHsv/fJzYcfrUq6v+1A7eVP8IvDIVSDhfHLnkfwnNkK5pzqyiot6I6oYLDRblG12db8b/hX4Q+MPgG4+HniC81Wzs7po2a60LWZrC6QowYJ50DK4yRgjPIJHeuX+FX7LnwS+EGm/YvBvguIneZGvNUuZr24kc9ZDNO7uT+OOelMn1n9qaWIqfhb4a3MMKf+Ewb5efun/RRTotX/AGmjEltL8KvD2Vf53TxeemPun/Rqycp7JlvCUpu7SZwPxI/4JcfsLfFH4x6B+0BrnwGsLLxfoOqQ3un6r4dlk01nnRiyvKLcqJsNg/NzkA5OMVs+PP8Agmn+yt8UviN/wt3x14U1O78S4jxrKeIr2KXKggJ8ko2cE/dx9410k/if9om4ktbeT4TaT8t4pUW3icO0m0j93lokXJ568cCty4+InxqS4WBfgPcOMAts8Q2uQe6nJHSn7bExd1JmMsuwvLZwi+vQ87i/4Jefsrm4e5k0vxAFlPMS+LL4Ln+6f3uf1rrfBv7CfwE+H3grXPBXhC11yCx17S5rC+hl8UX7jyZUZZIxum+QsGYEjk7vYV0i+NPjNcTfZ4vgm4XHEj+IrdRn+6etWrLWfjdcQ+ZP8LrKA54SXxEh49G2xms5VK892yPquFpyuoxT+R4ZB/wSV/Y0Hwcb4CzeBboeH/PEnkrqs/muVIKb5N25toGMdCOCDVjxJ/wSy/Zf8YfAhf2WNUs9ci8FxX4vILe01uRLkTbw2ZJiDvOBswwI2sRjODXr2qXvx7skudXHw70aWCCNn8mHxG3msAM5UGALn6kCqlh4x+P95pNprNt8B0uIb62Se3ki8VWudjqGUNxwcEZHatFXxbabm9NdzN4XAK8Ywir+SPPvjD/wT38AfEn4I+Av2XdM+KHifw98NfB3l22reD9Kul2eJLCI5hDTN+82DGG2nLgkHtXsniT4cfDfxB8Pz8Ota8MWj6StgtpbW8alDaxpGESMODuRlUDaQeMd64i+8e/tK2dyBJ+zZIAf+Wg8U2hXr90+lVn8YftJSqwPwIhhJ6ed4sgYf7p2KTSdatZXe3mjaGAoa6LUl/ZV+Bfg/wDZI1/xZf8AhrxXrGvr4qu4JmGttEzWIiRkVImjVCw5zltx4H1rc8D/AAR+GvhP44eJf2ijc6prHjHxTDFa3eua3cRu9nYRHMWn2qRIiQWqsWfYFLO53yO7YI4mNP2lZLpp7fwV4Ztixzi6125b/gJ2wY/Wrmz9rpUAtNB8CZH/AD01S8/75P7oU3OvUd3uyv7OwlNJKyS7tafiZ3/BTP8AZL1X9vn9mUfAbQviSnhmdfFWlarLcz2bXEN1Dazh5BGqsp+ZeQcnDop6Zr1fU/h14T1f4ZT/AAvFu0Olz6MdNVYgA0cJi8sJ6AgfyrzKe+/bejBFr4W+GxHpJqV9/wB8n5Kji8Uft5QnbN8PfhlIB1xrl8P+An91WkedRSaehhPLqcpOUZxu/wC8v8zmPhP/AMEuPg58MvBjeEbf4i+MbyR1Ktqb6sYZhH2jHlgLtHOMg9a8S1v/AINt/wBkPX/Gf/CbXP7QHxjWc3Rn8pPF6BQxOdmRDkDPvX07H4+/bhtj+8+EXw7k9Qnim8X/AICc25qQfE/9t5ck/AzwI2Omzxlc/wDfQza12PGV3u5fc/8AI8/+wIN+64f+Bx/+SPT/AAV4M074eeBtL8AaXe3dzZ6TYQ2cE2oXBlmkSNAitI5++5ABLdzk1oifnYW4+v8A46a8ck+I/wC25cptHwF8DA9j/wAJrcED/ZP+iioB4x/bmfP/ABZfwAnpnxhcn/gJ/wBGFYuvp8Mv/AX/AJHQslrdalNf9xIf5ntsVwBwGz/n7pqSK002a+j1Oaxge4jG2Od4VLoP7m7GRXhQ8V/t6v8Ad+FXw1iH+34ovG/4CcW4p8fiP9vzO5vBXwwhOeANZvnx/snMQprEwj9mX3P/ACL/ALFb3r0v/Bi/Q+gZ5o5NkZAyWGCP/QTXNfEb9nr4G/GDVtH8SfFL4S+H9f1Hw/MJtD1DVdLjmnsJA24R+Yw3Id3PB615lHrP7brOklxYfDpXQZ2xzXeM/wB05WpNX8Yft6JCg0Tw/wDDWQgfP5l9drn/AGTlDVRxcVqoy+5mcsk5vd+sUn/2/wD5o1f2t/2bvGP7Rvw+Pwx8G/tB678OtPvWKa7eeGNPge+vLYghoEuJgfs+4cF0XdjuK8l+D/8AwR//AGTvgX8OV+HHgbV/HUNvlnlvR41vIpZpm+80qxOsZcnqQg4wO1dXcePv+CiEWBN8LPh9c+1p4hdf+AnzAKqv8U/2/IgVn/Zv8Oy7enkeKYfm/wBkkvxTeO0tyy/8Bf8AkXHhlyfOq9Fv/r7D9WaP7D37FngT9iL4fa74H8Ia7qGsTa54pu9Wv9W1Vg1xKZNqopb+IIiKM/WvZ22gkHHPt/48K8Ek+KX7fMs6tZ/suaGARy0/jK3Cg/3SA2arReBf+CgfxfnNj468b+E/htoznFwPDavqOpsvO4JI5EUZxxu+bHXGazljXKVo05N/4WvxdkdcMijRjetiqMIr/p5GT+UYczb+Rs/H3x34i+Juuj9mD4L6jjXNTQHxNrEXzR6BpzffeU9BI4ysadWJz0Ga9U8EeAPDXw08Hab8P/CFj9n0zSbRLa0j6ttUclz3Zjlie5JNVfhD8F/APwN8Knwl4C0yVEmnNxqN/eTma61C4b71zLK3Mjn16DoABXUFieCf8/3TWtChKMnOesn+Hkv1PKzPM6danHC4ZNUY667yf80v0XRFQhCCA2CPf/x00nTo2c/52mhm3DBH6/8AjppP89P/AB4V3ON1c8OMmGBnP9f/AB0011JPA/X/AMdNO/z1/wDHTR/nr/46aLaDGbG9P1/8dNR7GBw3Gff/AMdNT/56/wDjppCi+n6/+OmlyoV9CD/PX/x00u07d39f/HTTxtGd3f3/APHTSqhc7QP1/wDHTTsLmGpGMZY9Rxz/AOOmmf56/wDjpqZV2D5z/n+6aaFIByO/r/46aeom7gijOP6/+Omn8qPX8f8Ax001R8wz/P8A8dNOZucKCfb/ANlNJXsNWsKsrZ+ZRz6H/wAdNPUhgHI4/wB7/wAdNMiBxkj8/wD0IU4sAwVRnPof/HTSlZK7JWo5raKdDE8aurcMjrkEf3TWFqln4B0qYrebo5G6xWkrE/7pA6Vba6vfEEjWOlz+TaISs12OrnvGP6n/ACbumaBpGlrttbNMnq7jJPs2a/P8zl/rBWtg6EHGP/L2avf/AAJatebaXqe1hoPCK9STu+ib/HoZFhfeDymYtF1SUepi6+zetaMGuaLGOPBd+4HeR2/75PzVsSmwsLKbVNSnigtraMvcTzMFjhQDJMjHhVA5JOAKr+IdaWx+H97478PQpqkEOmC9tl08ecbmFk3Iny8PvBG3BwcivPlkGMpwvKrH0VNL/M7ViKMtJJ/eyrD4k8PgmL/hVzyZ6lkUg/7JyajPiLwi4yvwWt25x80Vt/3yc11P9ixLBBPC5bzlXBUZByAdp/CnaL4etHhkhaQvIkp3BuSoPQNjpVLJsXUavXa9Ev8AIv2+Gir8n4s5Uat4XYlF+CVkSOm6G3/75Py06LU9BVd0PwP05eenkQc/7J+Wu2Tw/bRksEHHZV/8dNSLosAXAQfl/wCOmuyORVbe9iJ/ev8AIj67Re1Nfe/8zgLm/wBLS6+0WvwTt45GGJGgEKEj0OMVDcy+Hp0Es/wYcFegBibH+yfnrtPEF9oPhmyfVPEWqWtjaxAeZcXcyxRpk4AZmIA59acLa2niW4gkR0dAySIQQynkKT3BHej/AFdpTunWnr5r/ItZhGNrQX3v/M4MRfD+Rts/wbOf4i9ojZ/2TyailsPhVcMQ/wAEoWPXnSkOf9k13x09H4I/T/x01G+nqeQoz9f/AB01muFcO960/v8A+AUs1s/g/F/5nA/2H8KnYv8A8KIsizdS2jw8/wCyc1HN4U+E5jC2v7PGlAg5/wCQNbAf7pr0L+z1HVc/j/46acunxt0A/wA/wmqXCeHa1qz+9f5FLOJJ3UPxf+ZwQ07wNHCI4fgVZKSMEjTLYf8AATUU1h4RS2YQ/AqxAP3h9gtx+DCvQzpo9P8AP94VDeWSKnlkAFm2g57n+E1EuEcLa3tZ/h/kaQziSfwL75f5nmM2neHljIj+BWmv6A2cH/fJ4rIvtN0iRisH7N1nK55xbWluMD0Y8e1eyJpKhAGA+uP/AB01hx+IPDMPxei+HbeJrVdUfwrLqS6GZVE7wi6jiLSL1KBjs3dMvisqfB9CrPlVaf4f5HR/bzg7uC++X+Z534K+I3wq+G+sm28RfB258N3ExAF42lRlCfRnTPFeuxXtjrOmLrmg6lBd2sibhJCc4/2h6VmeL/DenanGYdQs454mQhkkXIPH3T/n/A+P+OLnXPgcsvi/wZO76dGTJfaW5+V0ySyng8/556110MHj+GVen79Lroub1di6kMLxDUtFuNXZXbaflqe0SS5XeR/49/46aiLAncB+Gf8Ax01h+APH3hv4l+F7Xxd4ZvVmtruPfgH7vYqfTHSthtxwSOnbP/jpr7LCYuhjcPGtRd4s+OxWHrYXESo1VaUW015rRg2MHJ569f8Ax00z/PX/AMdNOJzk7P0/8eFN/wA9f/HTXanoc4hZemf8/wB00qFXbbn9f/HTTHxuP+f+AmkiI8wj+v8A46apaMzJD/nn/wAdNRnIOCefr/46alzkct+v/jppjAnBA/X/AMdNUQyI4HzZ7+v/AI6awbeFZfGWoRMgYPYxqwPcZPymt9wNu0/z/wDHTWJpw3+ML5ieltF/M/Ka8vMYKVegn/N+jO3BScY1X/d/VGXpNxceCdXbTLuUnS7l8wOf+WLE/dPtXWoUdcjJz0IPX/ZNUtU0yHULd7aePKt7cj/ZNVvD93d6a40bUW3YH+jS+o/vD3qYN5dV5JP93Lbyfb0NKtsZHnXxLfz/AOCbSIGUYbPHc/8AjpoKgZ2jp/naadGkuAWzk9Rj/wAeFOxnj+v/AI6a9O5xIiOG4z+R/wDHTSOMDb2/z8pqXYvp+v8A46aYzd2P6/8Ajpovcq/QYFJ5/r/46aXaF5J/z/dNIsigYJ/X/wAdNKXHYfp/48KdlYY3/PX/AMdNI27GB6+v/jppScDJ/n/46aaW2DLn/P8AdNRLYBGDA5P8v/HhSA4O7H+f7pprSMx5/wA/7JpCcnk8f5+U1AraEvmLtyBn2x/48KBIM4Yc9+P/AB000KO8mM/7X/jpp+xTz/X/AMdNUmxJi9e/6/8AjpoyA21h/n+6abgqvX9f/HTSvkqGH8v/AB00fEUndjxsXnd+v/jpqJmkzg9P8/MKXeRwR+v/AI6aaTk5P8//AB00r2HsLtDJnP6/+OmmOUDbG6+3/oJqQMqKAT29f/HTTHVWfeOo/wA7TTewIhcYP/1//HTQFJ6fz/8AHTUrqpGCenv/AOOmmlkyAD+Of/HTU2BMj/z1/wDHTQQRwf5/+OmpAjA43Z/H/wAdNKUJG0t+v/jpptWGmRgEN05+v/jpp/8Anr/46acY1Lbj/P8A8dNKI1PAH6/+OmnEGtRqkA5P8/8Ax00uwHg/ln/x00hRh1H6/wDjpqSNTk7h+v8A46abRIiqmfmH+f7ppcqB17/5YUMoHQ/r/wCOmmSBgdp6ex/8dNLdjY/eQhAyMdef/HTQrhmyf5/+OmoyS3BP6/8AjppQTxuGPU/+ymqEWFAC7j2/2v8Ax000nPJP6/8AjppA/BG//P8AdNLkYzn9f/HTRdCuH+ev/jpo/wA9f/HTRkZxn9f/AB00AE8D+f8A46aV0McFDD5M5A7n/wAdNOQN13c/X/x000AgHP8AP/x003cxGGP6/wDjpovrYCbcFI68Y5z/AOOmuH0hP+L7+J5DGP8AkXdKXOef9bdfKf0rtN2QABz/ALv/AI8K47X7XUfBfjbUviHfadPPpl9pdrBNJaRGRrcwPKSXUclSJRyoJ+U5GKio0rNnfgbtVIrdxsvvT/Q6yN1ABH55/wDHTT9xAxu/X/x01k6R4v8ACmt6cuq6V4lsLi3bkTR3qFf90nPH0p48ZeDoWMb+L9KB9DqUX/fQ+aqU4Pqcrw9e9uV/cay56Nzx6/8AjpoKA9Dj/P3TWenirwvKMR+KNNb/AHdQjOf9k/NU41bR5uI9WtWx023KH/gJ5q1KNtxOjVtrF/cWREAcMc59/wDx00pVgvBwPr/46agTUbLbk3kRz1PmD/vk1IsyOu9ZAV9uf+BCjmTRKpVF0f3D0VgBsb8f/ZTUgYpxnv3P/jpqu07xkkIxH+flNfFfxw/4Ky+Ff2Vf2mNU+Efxl0+c6MXR7W/tY972wYc7geq56YrgxuPw+BjGVV6N2PpeG+FM24qq1aOAhzThHmttdLe1+p9ueaTyTj2z/wCOmvOP2pv2hbX9nf4ZjxHaaadS13VbxNN8MaLGfnv76QHy4x7ABmY9gpqL4IftY/AX9ofSY9Y+FPxL0rVVdQWit7tTImRnDJncD9a8x8ayx/FT/gpj4d8I6oVk0/4dfD6XWo7Z+Qb69n8lC49ViRsf7xrnqY+jVpJ0JJt6Lr/Wlz1Mn4Zr4bN5xzWjKMaMJVZRkmuZRWkfSUmlfzOx/Zq/ZmvfCM7/ABc+NOqJ4g+IWsIJNU1OVcx2YPP2SBT/AKuNenHJxznnPt8cSjA2gfj/AOOms6bUbTTLdru7mWOJBl3foo/v57V4H46/4K5f8E4fhnrk3h7xj+134ShvrdylxbW1y87RsOpXy0bBFaxpStaKucOZZriszxPtsRLXZLZRXRRWyS8j6SVFXp/P/wAdNK8RK5VSxJwB6n+6a+UYv+C3v/BLx2VIf2q9Lct90Jpl4Sf9oYhrd8Nf8Fhf+CbXirUYNLsv2odMje5k2IbnTbuIEnjaS8QHfuRV+xqX1VjgVaF9z0T4M/tc/s1ftFa5qnhr4NfGLRdf1HRZXj1PT7OciaHbI0bBkcAsgdShdcruGM5rnfF37ff7Jfgb9p7TP2O/GHxhsNP+IGrwJLZ6LcwyhCzjMSeft8pJpBykbMGYEccjP5u/spah8ZP2c/jz4e+Mvwr+HVlr+n6N4O8Xz6pa6aHmuLvSG1K5+xyzZwPJEyEuCcqFOBzXf/EP/gnz+zR8bP2Q/BUv7SPji28P/HL4hFvEMXxQub4xzNq96/2lYgCwVrYBoo1j+9GsabcFc1pUw0YSu3oFLFVq0XGmveX5aH6fXV0lpHmUhSSAGxgA5wWGeleO337UPhS61yHxVpHj7T7Hw9o+qLYeNI75VE+m74bmQNKc/uyFjV1DDDIHb+EZ+V9M+Jv/AAUO0L9mbxB+yt+0t8L9Yi+J3hG3hOgfEO0uIxpHiLT03ETXF6zIIZlWPY+75n3Idu5snmfCPwc+NFtH4R8U+NvjR4A1PXfEur2+nappd0VnsmigtJTbz3CoUMnkZY5bPmBSpY7sU6OFg1Jz+ROJx1TRU1vv5H2j4W/aT07xtqPw10uwW3L6/qk0pS1Yh2jhaaENIpOfIMqYBOd2RzxXvt/e6bpNhLrOr3dva21tC0tzc3EgSOJFBLNIx4VVAJLHgAEngV+SfxEuPix+zh+1J4B+HkXxp0rWNG8G3Gnz2OvWtjt1DWrPcytbRPCu24yXaRIiikx5IYnAr2X9vL9pu3/aC+Jfhv8AZo+KOqeIfhZ8BroQ33xR8e+INCvbX/hIIQxKaXZOIv8AR4pJEVZ5ZGQMvyjhsma+Ci5RcdmYU8xn7FuS1Wx7H8YP+CnXhj4WfDbwP+1BP8O53+DPirx2fDlz42unaOW2t5A8Vrc3MQBH2CW5ARWchmjkWQAAivqywuba+tI7yzlSaKWNXilibcrqRkBiOCCDkEdQa+fPi58e/wDgk/8AtGfsrax+zj4o/ab+FMvgbVdAOnG0i8X2SRW8AQLGmA+EMe1SuPulB6V86f8ABCTXvid4w+APjP4NX37aF/4x0f4U+Pbnw14T1zRPsd5bXmkpHHJaqbmSJncbHwATlANuSKdTD0nTvHS34kUMXVlVcZ9fwP0I8QeItB8IaHdeK/FOsWlhpun273F7e31wsUMMSKWYyO3AAAJ5rgf2Wf2lvgx8dv2evCfxO+HvjjS7vTdS0aJogl6m9Ci7GUpncpBUjBGcYPevzk/4LVaL440T9oz4cfB/x/8AB741ftF+BfGFhe3114O8MeNv7O8i4tpYsobWztQsypG+S0pH+tHzDFZdv+zd/wAE3fg/4DX4hfEz/gkx8cfh9oVvDDHe6lfayv2Sy811RXle31Rio3uBu2DrzW1PBYJYe85vmf8AKlt82jGtj8cq7VOmuVd2/v0P1B8b/tSfs8eBdCvdd8T/ABa0CGDTwPtirqcTyx5OApiUlySewUmvEfFv/BXr9h3wt4D8Q/FIeJvEGr+GPClx5Gv+IdB8J3dzZWcx24jEwQI0mWUFVJxuFfHH7Yv7Jv7B37D/AMH/ABH8RPiT+xbqOn/8SZLvwjqzfFOacTajIGWBPLMxkjkDPE/8QGGIOFNef/8ABP8A/aB+AfxU/Y10L4V/tL65qksVhfXl9feFPDPhG/ubRrj7RuS8vfskMi3LnJwXJTGzIJzV/UsucFKPM/uX+YLH5nF8tTkivK7/ADsfT3jP/g5K/wCCbuj6HFf6VD47vTcX8NsEfwfLbhUd9pMjyELhcg4ySQeK+6Iri2uoEu7WZZIpEDxyIeGUjIU/UV+PX/BSL9pj9j3xL+x74r+D/hbWPEMd/NaRDR3f4W30ESSxMCilzYRpGAAOfMXp36V+pH7LPiYeM/2Zfh54s8xnOpeBtJuWdycsz2cTHdn3P4dKdTC0KMU6cWrvr/wyMliq1abVSSfmjvSxPU/r/wCOmmCIEHLdewP/AI6ad/nr/wCOmj/PX/x01nZITk2MMGTyxz/n5TQIgO/+f7pp/wDnr/46aTdg4I/I/wDjpoJegixkAgH9f/HTQ68fz5/8dNKGzkHj8f8Ax009yrpsx0HX/wBlNAuYjCkcjn2/9lNBUsPnH0/+JNPEZwAP5/8Ajpo2HO0/z/8AHTQK7GZboFx/n7ppyqxGD/n/AGhTinU/1/8AHTSjIxtP6/8AjpoFdkawkk7m/X/x005o1UZ9Pf8A8dNP/wA9f/HTSEBgVP8An/ZNAuaw+ED7p6euf/HTUvyj0/P/AMdNRQuqLjt/n5TUilDxuBx7/wDjpqoonmH5/hzx/n5TTS2O304/8eFIXxxjPvn/AMdNI5bOAQOn/wCyaoV2Q7F9P1/8dNNJGflP6/8AjpqR12nB/wA/7JphT0P6/wDjpq7lDf8APX/x00f56/8Ajpo/z1/8dNH+ev8A46aYnsIA2MN1/wA/KaHyR1/X/wAdNPAUck/h/wCymk2nPQ/5/hNGgtRoRRxj9f8Ax00pYDA4H+fumlCk8gf5/vCmspbHP6/+OmgQkjFjz2/ztNCd/wAO/wD46aNmep5+v/jppYxtOW/n/wCOmgLDipHX9D/46aT/AD1/8dNSf56/+Omkwq8/1/8AHTQO+gxxuJB/z/smsTxnqNxaabHZWWRPf3KW0TZ5Xd95h+ANbzjIxnqeef8Ax01zPjdRb32i38rHZBq0fmccYII2n8cV83xXVq0cjrOGl7JvtFySk/ubO3LkpYuN/N/NLQ6mzsrews0sbdAscShUAPYfwmpRHnbnpn1/8dNP2DAB5BHr/wCOml2AAD0Pr/46a1pUqVGmoU1aK0S8jSUpSbbPzG/a4+N3xH+Lnij4+fDj42ftDan4L0TwprP9n+EfCNhCxXW7ZYkZWkiRN0kTnc8kjybCNuExXk3h/wDaY8WLLo/xSm/4KeQadY7LLTG8GaD4Wu1jt9PtAVjUwIRFIV5+9kEtkjgAfpR+1p4u8A/CWPRdem+EWj+IPEPjHVG0Cz+120amUvayvl5Su4RqIgT/ALoFfmz4A/aK8Ox2C2us/sE/DPVvImcSIMWquwYBlKyFjjcerL3719ll+JjiaTpww/u2VrOG6Vm1zK+rV73PFr0fZVVJ1bO/Xm+W3bschYftX/tzXfxEsfg3+xX+0j8Q/HOhw6glxpkLwsZlumLrmRp0YrCoJIjY7AOe1dP8O/Af/BVT4+6l4++NNp+3Fr3hu58P6vLB4qsLXXGhH9oBAHjCx/ucJhU+UAcV90/sX/tY/Ar4kfCjXvCHwe+A+leE/FWkWZ/tTR/DtrC0LSuGCIZ027huGCe2favz8+Bfw5/b71vxb8c/hf8AAqDTNCntNWuLvxnpmpj/AEjzpRKrrFk5JcBtpwe3esaOOjjMTVhHDQpOHLfmUW30vsl5+pc6M6FGMpVHJSvtf9dT3z9m39hn/goR+0B+zXY/GnXf+CvXxUs9R1zTjeWmmWV8zw278/Ju3gnBGCVA/HrV/wDZB/4LMfGn4D/sSXkn7U2iat8Q/G3h3xnqnh6y1Q3CLJfi3YbJJpCOWUnBfGSuMjIyfG/+CXn7Yv8AwUU+HP7POraP4d/ZIbxh4C0i6ufK8RXepm2/s3a7CcMefMjjO4kAZ4PJ4FfZOnf8Ec9P1H9lycf8Lc02TVtd1e98WzX2zzNNS4vT5rRK4+Z4AuArEZK4OK8qvCLrzp4i1k9OWy/I6YyapRlSve2t7nT/ALL/AOzh43/4KP8Aw4g+Pn7esqalpusLJJ4f+HVoXj0nToWBAaSPObiXB+/ITjGQBWr+xJZ+Jf2WP2g/Fv8AwTo8T+IL3UtI0jTR4j+FV/qMzSTf2LJIElt43Ykv9mmYBec7JFB6CvEv+CfX7SP/AAVk8V/D6bQ/gn8Lfg/4g8GeH9TuNJstbu9Yvbf7Q1u5jZPu5ZeAc4xzXr/7O6/tR/tCf8FBX+JX7TXhbwJ4dvvhN4XutJS38E6xLdveNqRhlDymQDaqrbkgcct3rnq0fZRlFq1janUlKzvufVz67oltq0eiXGpQR3MufKgeUBpMfwkE8n2rT+xBlBxwfUf+PCvGfj//AME3P2T/ANpf47eFf2ifit4V1O68UeDbiK40S4sPEF1axCSOTzEMkcTqsgDdj16HNe7/AGdAAgbpx1/8dNc3KktzdSbZ8k/8FWP2zfGX7GPwT8Pj4ReHrfVvH3xG8Y2nhLwHZXpIgW/uQxEs+OTHGq5KjkllHrXivww/ag/bI/Yx/wCCnPhH9gr9tr4w6T4/8P8AxY8LS6h4G8X2Whpp8lpqkPzTRxKuQ8WdyqSd3Cepq7/wcK2beDvD/wCzZ+0VcAjS/h9+0Zod1rcuPlht7h/J80nsAwX868u/4OjPGNt8D/ix+yN+1to8gS78I/FEqbiMctCyxTFOOoPlMPxrsp04Sp27mE6klOx+qxsSw4H6/wDjpr8jtO/4Lk658cP+C83hb9irwBqtpafCnRdQ1Lw/fTGIGTW9bFvIgaRyPljjnXy41HDYLHO4Y/S39tH4ifGHwl8AL2D9lrwC/inx94msmsfCcBnjis7CSeIhb6+lkIEcEWd2Bl3baqg5JH8tvje3+O//AASb/bm8D337R37Gtg3jnwRrcWrNe/25elPF0pkLB3njcxurN08tBtYYZSQVqqOGjUjJS3toOpWlFpo/qw+KHj/wh8Gvhzq/xS+IWqpYaPodjJd39zJj5Y0Gdpz3PQDuSK+Fv2qf2Pf2jfEfgTw7/wAFfP2eNf1C7+Ovhi0fVo/Cq3Lf2dqfhWcLI+mWsfG1hblZBJglrjc+BkZ9s/aT8K/tA/t9/sPL4Y0bwVo3gST4geGrafVfD/irfeXelCaJXaJTGEXzE3YLdDjoDXzxr3iL/gsN/wAEzf2NvEvjzWv2ofhl8QdB8B+GZJbey8TeF7iC5WCJMR28csTqrMAMAOPTmlltH2V5Save1uth4ypKdlFO3c+tf2Qf2wfhB+3X+zpo37QPwc1Rms9Sh8vU9KuQFu9IvV+WZNnVJEYMp7EYYZBBrX8Y+H7HVLWW1u4FZJAQ4x1B6la+If8Agh//AME8NT+EHwpb9uDxh8RfEWm+L/jSr+I9b8JaLefZ9Et4btzcQobYg7nCODkkbNxUcV926tA3lnzJyf8AP3TUYmvh4ycY6r0OvB08Ryxls+58/fDPWbP9nP40S/DF7500nWR9q05XPyxOTgofTkV9Lwyi4gFxGcgjIx/6Ca+JP2s9C8R+MfjnYaL4QEtxdw2yJBBbnLCQnhT6V9I+Dfgz4msPCdlZeJfitrzXi26faFtrnYitjlO+QD39q/LOHc6zVZzjMFgsM6tOEm0+ZRUb9NfO+iP1jj3h7L6WTZfmmIxKjWrU1zRs3JtL4tPK12933PSpBKSQIyOOh/8AQTUTiTgCNh+H/jprhpPg7dh/MX4k+IiSe9/n/gJ4pY/hZexr5cvxE8QEjpm8/wDHTxX3Ecx4l5tcArf9fY/5H5W8Jlb/AOYn/wAkkdq6yZ5Q/h/6CaUCQHOwjHt/46a5i3+GyqMv4611yO7XY/75PFWz8OkIx/wmOrn0JuR/3yeKbzLiOL/3D/yrH/IhYPLX/wAxH/krOgJIxkfX/wCJNG8joD/n+E1gH4fFhtXxnqw/7ag/8BPFKPAd2h/dePdUGPof+AmojnPEalaWXO3lVgxSy/L2tMSv/AWbF2yqm7Izkd//AB01kaKu/wARajKpyAkS5/A/KaLzwvqUUBjHjrVDuGOVT/vk5Bqr4PNxY6rfaZf6hJczFY5BNIAGIxjacY6YraGYV8TmFCOIw8qWrtdxabs9NGzB4enQw9RwqKTa6Jrqu6OgIB4P8/8Ax01VvdOW/wD3UzbQOUYHkH+6atf56/8AjppWAHfP4/8Ajpr6WtQp14OE1dM86nUlSlzRI9J1MsTpl2ds8Yxn++P7pq9IkbKQGweuc/8AjprOvbI3KrJC2yVOUYD/AMdNT2F6biLbccSLwy57/wB0149GvWweJ+q4jVP4Jd/J+a/FHZOEatP2lP5om2/LtLZ98/8AjppjAdG7e/8A46aeT1U+nr/46aZ/nr/46a9i1jnuRsqseB+v/jppFGBj+n/jwqRhkY/z/umkbLHAHT3/APHTSaBaDScck/r/AOOmmy4kAI6D3/8AHTSsQp5HP1/8dNIoIOMfj/7KahpARFWHXt7/APjpoAwdp5/H/wAdNSFHY7gw/L/x4UNGAQc4x15/8dNK2ugaiqinqSMdOf8Ax00oGBjP6/8AjpoAUnI/n/46aX/PX/x00hLYP89f/HTSjcRj9T/6Caa2QOP5/wDjpp6H92D7ev8A46aGaR3Gum7O0dPf/wAdNRjGef0P/jpp5kYryR9P/ZTQuwDIXk+//jpppXKGEA//AKv/AB4UhDdm/wA/3TTsMOCP8/3TQVYf/WP/AI6aTFyiEA8H+f8A46ajK44I/X/x008KN24H/P8AdNOwWPA/X/x00Jk2GRqS/wDPn/x007/PX/x00qD5s4/X/wAdNPCg9/8Ax7/x007XENjU4JOPbn/x00oRs8np/naadskBOOn0/wDHhRtY8k/mf/HTTSAYSqN7n3/8dNPUpj6e/wD46aBGp7/p/wCOmnCIg8/5/wBk0wGyBVHT9f8Ax00wlfuvyPr/AOOmpJIyR835Z/8AHTUMkR/h7ds/+OmkkAzPJwOPr/46aCxIwf8AP+yaT/PX/wAdNH+ev/jppiH4wOGwPTH/AI8KFdvuMf8AP9000sx4J/z/AHTQudw/x/8AHTSaVhkg2jA38/5+U04TeWvPX6/+Omo1+6P8f/HTQQDwf5f+PCp0uOxIJt52kY/H/wAdNLkYzn9f/HTUTZDD6/5U1IMEFR/P/wAdNOOwh0fzEcfr/wCOmuZ1Dx1qmu+PLn4baMj2C2OnxXV3qOAXfzGIWJc9PutljzxxXTICXGCfwP8A46a4nRif+Gh9fUqQD4V00nJPP724G0/lUzV7I7MFFPnm94xuvvS/Uhl/Zi+A1/dy32tfCrRNRuZ5GkubnUbBJpJXJyS7MDkk0yf9lr9nO4GZfgl4YBHTGjwjH+yflr0L/PX/AMdNNYIBgjr7/wDjpqfY0+yKeNxW/O/vZ5qf2Sf2amOT8EPDfHppUYx/snApv/DIH7Myglfgl4fU9flsVX/gJxXpICg4HUe//jppxUODu/z/ALJqlRproifr2K/5+S+9nmY/Y7/ZoYFR8H9LQnqYjIn/AAE7WFNP7G37Nw+eP4brHj/njql2n/AhiUV6eqYOT/L/AMeFK0RfOOPx/wDHTVeyh2Qvr+MWvtH97PJ7j9iz4Au5ltdC1i3Ynrb+LNRT/gJ/f8fhX5Qf8FO/2QviV46/bA1L4c/AzwN4g15baGBUQCa5eMsgPzTSZOOerGv24FtuTaev1/Q0ltoVhFcPeJaxCWQ5kmWIBm9mOOa87MsphmNKMObls73PueBvEXF8F42tiXT9s5wcUm7JNtO7Pye/YU/4IGfFTQtc034m/tB/Fe98MNBIsqaN4Uv2S7PfDXC42A9wufrX1p4/0S1/Zq/4KH+D/H9zJOnhr4h+C08J/b7qVpPK1K1fzbdg7EnMkYcDPJI7819dLbIvT/P+ya4z9oL4DeDv2jfhbqHwu8ZtNBFc7ZbDUrQ4uNOu4zuh3t2dHww/LvWUcmoYOh/s9+ZO931t/nqvmenV8Us0z/OOfOWvq84SpOMUkoRnb3l1bi0pat3tbqbexLmLy5gGVl5B5z/sms5vhl4EnlLz+CtIYsSWY6ZDknqdx29a8s+BPxt8WeGvECfs6/tJywWXjfT4Mafqir5dr4ntkwAGJ48wjBli6oxJxtIr2+K4UAEHr7f+PCtI1OdXWh8tjcvr4CtyT1T1jJaxkuji+qf4bPUy4fhx4Ij+VfCGmD6WEY/4CcCrlv4R8NWysLbw9YrxgqLRMewYYq958X979f8Ax00+KZS4dTnBz1/8dNDlK+5yWS6H4m/Avwl4++Ldv8Z/ij8N/j7a+Gbb4f8Ag7xDpWueG2uZIJ9Umnu7m7jgQwsCIPLbGHBVZG6jdivpr9uX4X6p4s/YE8ERXmmLNJpnhfQPMu5Yx5kcqwRDcP7pBOPwr6Q8W/8ABLj9i3XvhTqPwptvhp/ZNtrPjD/hIdX1XQrprXUL2VnLSqbhfnkt3B2mI/KFwBjGa9Q+IPwZ+GnxH8Gf8K88S+HYn0oiNY7VTjyxGQUTJz02jrnpXZLHQi1boZ4TL6zU+l1o/O+54n/wU/8Ah0/xL+Fvwu8K30JnVPEMKzwSIXjuSttuwwBy0b7drD6elfBWrfBm98cadpvwg1bWrrT/ALZruo29yLmXe0N4pLxR5bmO2w8SlhlsnIwUr9WPjN8O9G+Nt54V0bWtUvNPg0nXjfrJp7qJC0cDoE+YEbG34Y9QOhBritW/YM+Bdt4+8K+KtJjnS20G9vJL/S53MserC5kEjPKzHcXVlARskhVC9BRhMxpUaCjJa69NhZllWKrYnmjorI+DP2UfEfhzwX+0h8CjrFpGui3T3NjfW+rwB5tH1aZpmWIOrEY3vEqSAZaNsMDX6Ofta/tSfDv9kz4Har8XPiIYrm0gi8i006fn+0bh1OyBAQcs21u3AUk8CvDPFH/BKz4X3P7NkXwx8JeMV07xtpGsNf6X49ubAzNLLHcO0Jki3KXh8ny4igYECMMDmtb4tf8ABNGD9oH4h+EvGPxU/aV8VarpHh0W80/hGW3iazmuU2l4/Nb97Esu0LISWkZCV3qCc518VhcRNScmkultzOGAx9GNuS+xw+if8E5/2DfGf7Jtz+0x+01+x34CHiXUPCM2ueJY4tGWBLG4eN7hogU2keVuEeep8vJ5Jr2z/glv+zp8Pf2Z/wBjvwt4Y+H3giy0Bddtl1rUbKxgKAz3KhgGzkkiPy0yT/AKX9uH9l342/tK/C4fCD4N/HDRPBmiau4g8X2uo+G5Lx7yzLKWt45Emj8okBlIIIIbgjHPqXxR+GfibxX8Gb34Z/CX4pSeBNSuNNFlp/iKy0WO9k01dgTy/KkdU3hfulshTg4OMVj9YhKnaUuv4GjwtaNRyUNl5anyn4H/AGn9D/aK/wCC6918HPBN3Ff6Z8G/g/qMerXUTbkXVr29s1kjBHG5I4kQ46HeOxr1r/gpe/hzxF8P/BH7P+pKJbz4lfEnRtMttPUkPcWsF1HeXgYDkotvbybv94etTf8ABP8A/wCCZv7O3/BPrwxqtt8N5dV17xN4kuftPizxz4kuRNqerS5J+ZlVVjjDFmEaKBudmYsxzUXif9i7S/Fn/BTLRv2y9f8AHt9dWXhb4Y/2bo3hOXc0Npqk91OrzMxJAzbM0ZUDOdpJIGKKlXDOspQ2ivvZlTw+NjSs1eUnr5J6P7kfIf8AwcafB74k/GPwj4VsNB+H1w/hrTE1HVfEGvfaGjjtGhs3KISBtUdfmJH3yBzzWD+w7+yRrHiP9iHwH4G8d/DE6a03hpb/AE/xhoGq3Gn3Nus7O5UyWoMpYDZjkqQuMDFfp/8AE/4c+APjH4QuPh/8S/D0Wq6NeMhutPuSTHLtcOAwHUZUZB4IyDwTXlXij9kYeLvhD/wpXS/jd4l8LaRaXEkNo3hFILWaOxwVihWSRZCyrGVXcApOwe+XRzCMaUYL3Wv6ubVssq/WJ1rc11omfmvq/wDwSi+Nvjz486x4V8AftZ/EawsrSGG50y4l8UXerQkMOQwmnVkIbIwVP6V+oX7LPwu8V/Bb4C+Gfhb478azeI9W0XS0t73WriLy3umX++p5BxgcknivlXSf+DfX9l7QfEP/AAlVj+0T8Yo73zN7Tw+L0idj/dLxxK3619dfBP4O6V8CfAFt8O9G8a+JdfgtXZk1HxZrL3942ezTPyVHYdvWvSq4xYlKMZppf3bP7zyng6mHT5qfLfzudiF4HX/P8QpduOMdPf8A8dNRrIV4f+f/AI6advC4Acf5/hNZGTVh3+en/jwpevI7D1/8dNNyuMZ/8e/8dNKrrn5Dzjnj/wAeFBLHKFAOW+uB/wCOmnFMqF6D6/8AjppsbAg59fX/AMdNSYyuGbjtz/46aCbCbf8AaH5/+OmhY8Mctn8f/HTSlTgKP8/7JpSCeVb9f/HTQVZBtXrj/P8AeFI6gDIH6/8Ajpp3+ev/AI6aRhkf/X/8dNANaDF3HGev1/8AHTSsjL1/n/46aD6jr7f+gmkLPt2t+Wf/AB000RYP89f/AB00Zxzn9f8Ax00f56/+Omm5Csd38/8Ax01WhDViQSsBj/P+6aQvgHcevv8A+OmmFvlyB1z2/wDHhR8wwMj8/wDx00xErhlO3PX3/wDHTUcnAwf5/wDjpqbacEr2Bzz/AOOmoWGR97H4/wDjpp3uytxn+ev/AI6aP89f/HTSsQTlT+v/AI6abJ93G38c/wDjpqk9BiFzn5T/AJ/umnRP2P06/wDjpqP/AD1/8dNKoIJz6ev/AI6anqDVyf8Az0/8eFNYE8j+f/jpqISsej/r/wCOmnCVvusfx/8AZTVakDWcgY5z7f8AoJp4OR/9f/x00EA8H+f/AI6aRRgYJ/X/AMdNUlceysODkDn9T/46advXGc/r/wCOmmf56/8AjpoIDHp+v/jposIduHXP4f8Aspqh4j0qPW9Lm0+VigkHyuOqkcgN9DV5Y8DGf0/8eFO8vd1/T/0E1zYqhRxWHlRqq8ZJp/M0pylTmpR3RT8Ka/JeWw0vVCEvbcBJVbjfjgBvrWsBk4z+v/jprLvNHtblhPLhJEyElBwVB6qfUe1UYbjxXpbutxeaddQA/upDc7JMf7Q5B+tfGKtjMnXsaq9pBaKSavbpdd/M9dKliPei7Psed/tOfBLxt8Y/jH8HNT0kRDw/4P8AFlzrXiJ3lILhbZo4YgB94szng4GAevSvDf2oP2XfBnxq/wCCkfgHSp/AYm0ez8C3V9rMdtYJHah47kCIuwXDMWYEA5z5ePWvsOPVmmAeeW3TI6fagcf7JqSN7Wabz5r23Hy4BEy5I/uk1DzzF/WfaUk0lFxW636/iarB0ZQtJrdN/LoeLfswfskX/wCzv498ZX39r6DNouuzQPo9ppPh+OymhRdxaQmPh8MxwQBnnNVvjT4Q1z9nzXfEXxW/Zy+C1z4i8VeN7J7W+sbSLdHPdoN0U07lgI0ALAseOB6177Fc2SESNdwDuMzr/wB8nmpY59Lkfd/aNtuPUfaV/wC+W5qKGY41Yz6xUvJu11rrbubSwtD2Ps42S6eVzyv9jX4Taj8FP2YfD/ws8cWFsdThsZpdbjhG6M3U8jyz7M/eTe7Ae3tXinxS8RftseEP2bfF/wCxT8C/hRc6rd3Osf2V4C8YCUR2Wn6FdbmkLsWyJLZGMagDGNvIK8/ZNu+lD9+bu2OOABKp/wCAnmn2o0qByqzRDcc8N/46a7sBmVWhiJ1ZxUuZ316GFbCU6lKMIu1lY4L9jf4BWf7I/wCy1onwg0c/aJ9J03/TJo1/4+LkjdIGz2LZx7Yr57/4JQfDf9prwV+0x+0d8T/2hfDFxplr418Y2U3hprmUMZ7eCGRAVAJwoVlHv+FfZ02t6YISGvIQoHI8wf8AfJrGu/FvhuzfbFeRK3fa4/75PNdscwTjLmkm5ee2tzB4NXja9onH/Gf4a/tCeMv2hfh78QPhb8dW8OeF/DlzcSeL/Df2FZRrsbhQqbiPkwN3PY817YlwpUZboPX/AMdNefH4k6DCPm1KEY/6aD/vk05Pit4eb/mNwD23/wDjppxxlLRcy/AtYWpfRMz/ANsv9l34Yfts/s3+KP2afi1DL/Y3ifT2t5Lm2AM1pKCGi3Z43xuFYZ64xxnNfAnjP/g3R8QftCJ4X8K/ttf8FLviv8UfCfgvA8N+H7m3t7P7OgUKFMpMp3bBtL43Y71+h6fFbw03J1mI/TP/AH0KRvid4dc5Gobv92Nj/wABNbRzOnTVlNW+RLy6rUlfkbHeGPCWjfD7wzp3hDR5pRY6XZQ2dks87SOsMUYjjVmYksQqgEkkk5J6muR+Pv7LXwF/aQuPDOt/GD4WaZ4g1DwZr8OseFb28h/e6feIQQhfIKg4G5TlW2gkEgGuml8b6NfMo2yMoOf9UR/wE1am8daaIfkhmIA/hiPH+yal5thoK7mjZZbiJWXIzx39qz9sDUfhDYv4E+Gnw917xN48vJI4NO0W10C6lgi8w4864mRNggj5LkNnoO9fNv8AwVP8NftKfHD9jiH9mDwn4P1jxR4n8ca/p2ma9faPYyiw0+0eZftLyu+PLiVASAxLc+1fZWuePmu7trez0jUWA6/6G2D/ALJrMk8Q6zM2Lbw/ffjCR/wE5FeRV4sw+GqJU6Tlbr3/AAPYocM1q0L1Kyin000/E6jwf4c0nwP4M0rwRomEstF0yCxs1UcCOKNY1U/gorC+IXjfQ/Ctj59/c7pJOILeIbpJH6BCByTmqOoaB8XPEunvZ2N/b6FCw/4+5v3sgHdSo7/jTfA/wX8N+C75Nev9RvNc1pN3/E31WXeyZ6xBB8sf1Az71hSnnecv/ZqLpwe856f+Ax3b7bI7J/2JlCviayqSW1OF3f1lblS72bfkUfhN8JY9B1u++Jvim1R9c1Vsxowz9ii7R+zEYye3IHHXvzkNjPA7Y/8AHhSK+ec8+/8A6EKX/PX/AMdNfXZZlWFyrCKhQWm7fWT6tvq2fI5tnGMznGPE4mV3okukYpWUUuiSD/PT/wAeFI0If5mH6/8Ajppf89f/AB00qMQMN/P/AMdNd9mtjztxmxVGFX9f/HTS5BO0/wA//HTTiw7Dt/lTUbPltvp7/wDjpouLRC+YQOOPXn/x00gduob8j/46aY7Yyrf5/wBk00MR/hn/AMdNTuD1HyliPm9fX/x01zr/AGm38X3E9nbecwtovMQnGFJbhvfit15uCx7dOP8Ax4Vl6ZIk/iTUlVOltbZO3/rp8wr5/PKftauHipOL591urRbOjDPkjN2vp+pp22pQSoA5KO3Cq/Gf9k1OTg7Sf1/8dNVp7BLqMxSxBl9COn+yahki1WyZXsGWaMDDQzHn/dLf41vDGZngV++h7WHePxL1j1+WvkZclKrto/wL4OD/APX/APHTUVzE/mfaoT8y9Rt6/wC0KrwazZvtSdzbzHgQz/Kc+qnofwq2WIA3DGec9f8AgJrpqVcDm+HtCV7aro4v0eqY6aq4eV2h8F3FIo2Pkleef/HTUhK8Kc+3/wASapTQPbyfabdd3Hzp6/7J96s2s4uIhOjZGPTv/dNLA4uqp/V8VpPo+kl5efdBVgrc0diRRlcg/hj/AMeFBC9m/wA/3TSoMde/+dppwU7cgfl/6Ca9dpmF9SD5CfvfgR/48KQsqjaWz9G/8dNK6kHDEc/52msPx9498G/DHw3N4r8deILXTdPt1zLcXUwRR/skms6koU4OU3ZHRhsPiMXXjRoxcpydkkrtvyRsmRVHzjH+fumlJikTBbg9CD/46a+FfjL/AMFrvhh4e1GfR/hJ4HutfEb7Rfzy/Z4m/wBkggkj8K8tk/4LgfGh2xD8JtCRB2N5Kc/7J4r5ivxbktCbj7S/oro/acr+j54m5nhVXWEVNPW05Ri/uvf7z9OjgcKw4Hr/AOOmlRwRgn8c/wDjpr8zbf8A4Lf/ABccYufhPo31W8f/AL5PFWj/AMFv/ikACPhJpOR2N85z/st8tYrjDJmvif3M7X9G/wATY/8ALmH/AIHE/StcZw38/wDx00vAXapxj3/8dNfmxH/wXJ+JSnEnwe0k+63z/wDfJ+Wmz/8ABcv4m5Aj+DGlAe9+/wD3yflqv9bMpeqb+5iX0cvE9f8AMPD/AMGRP0naIEjb+PP/AI8KcAQOSOfU/wDjpr81o/8AguJ8T3z5nwf0cZ9L2Tj/AGTxVu3/AOC23xAlA3/CzTR9Llv++TxU/wCtuUd39xEvo8+JMN6MP/BkT9HQeTuP5H/x00wg/dzxnpn/AMdNfnX/AMPp/HbLh/hvpoJ6Zmb/AL5PFQ3P/Bav4hxn918ONK+jSP8A98mplxhk0er+4I/R78RpPSjD/wAGRP0aAKHOR+f/AI6aTecZyBz6/wDjpr83G/4Lb/E6I/vPhfo5Hr9ok/75NNb/AILj+PYBmf4PaW+P7t64/wCAn5TVw4wyael39wP6O/iY3aNCD/7iRP0mDg8N09j/AOOmlXjAA/X/AMdNfm1D/wAF1vEW0+Z8F7fcOw1A/wDfJ+Wo7j/gvD4thJEXwVsufulr8/8AfJ4roXFGUtfE/uYl9HXxRf8AzCx/8GQ/zP0tViRn+v8A46aeuw9R/wCPf+OmvzHb/gvL8SE/1PwV0sD3vm/75Py1E3/Bef4vn/VfBfRBz/Fev/3yflq1xNlD+3+DL/4lw8Un/wAw0P8AwZD/ADP1AWMZwB/49+hp32cY3E/+Pf8Ajpr8vh/wXo+Ng4Hwd8P/APgVJ/3yeKbdf8F5/jm8GyD4ReHlYdT58h/4CeKtcS5O/t/gw/4lv8Uk9cPD/wAGR/zP09ndQ20cfU/+OmoHclsg/wCf7pr8xNH/AOC83xijuh/wkPwR0O4hzyLe+kRj/snINfR37OH/AAVp/Z9+O1/H4Z8SrP4U1aXCxw6kyiGRj/B5nTPscVtQzzKsRPljUV/PQ8fPPAvxJyLCvEVsG5xjvyNSsvRa/gfVTSZwv+f9000Atnn9f/HTUdrPFcRLPburoy5V1fII/umpMDbkn9f/AB016t09j8ilCcG1JWaEII4P8/8Ax00f56/+OmnL8w55/wCBf+OmnCMjkIfr/wCymmQNjyTt/r/46akMS9See/8A8SabjnOT+f8A46acm7OO31/8dNJxbC9hNnOFGMf53CnJGoO5j+v/AI6acFJGQP8AP94Un+ev/jppJATKyoQF9eef/HTXnWi3l6/7UGu2dwymEeC9OaFcDORc3OQ35iu/yc5z+v8A46a4HTBGP2nb/aMs/gq33H0xdP8AKf8Avqplo4+v6M9DA/w63+B/nE9C/wA9f/HTQVJBGP1/8dNGDnGP0/8AHhQcA7WOPx/8dNUlqcTaaIwCTgfz/wDHTRt2/j6H/wAdNPAUnI/n/wCOmlIRjgZOPf8A8dNUYy3EAyoDfz/8dNSLjGB/P/x001EI+8wP0P8A46af/nr/AOOmrWxLbHw/f/D1/wDHTUsZK5+vP/xJqBWKnI/n/wCOmpI3Q8Zx9T/46aYK5ODn/wDX/wCOmlUZOD/P/wAdNM8xB0b9f/HTVDxP4p0PwX4cvfF3iTUI7Ww062ee7uJThY0UZO6plKKjdmtOnUqTUIK7eiS6tmT8Y/gf8Nvjv4Obwb8TdJFxbRyiexu4nMdzp846KZV+aKQf3lPI4ORxXzrrvjv9pv4GG68M/CTxl4e+OljYKEt4/thtNWtVAPzSXIU2szDAXcCjHIyuRk9T4e8T+Lv2pUPjTxU9zo3gVmJ0jQo2KTammeJ7hgc+Wf4Yxwc5bPFdV4y+J/wo+BngnRpNaWKyi1zxTZ+G9F06ztMsb24fYilFHyAfeYnoBzXi1K0MVUUqa0/M+6w9OeQ0XQxk1N9abV4wb/vbqXfl0vucT4e+M37aur6bDe337LWkWTzKCYJfG8W6M/3gBFxW7D8Sf2uTGol/Z30kSfxBPGcWP90kx16HZeKvB914r1rwfbeIrBtR8OwRSaraCcB7dZI2kXf7bF3E9ACM9ab4A8feEvibpUWveBtettSsp4Y5obi3bh43GUYA87WGCCRgjkVleSWxX1vCVZWVGC9L/wCZ51e/E/8Aa3SaNG/Z501YpDhpP+ExiOz/AHgI/wCXNalt4o/aTm/4/vgzpiAYwYvF0TbuOq5iFeg+OfFWi/DzwrL4p8R5W3W4t7aNBjdNPPMkEMQzwWeWRFA7k1TT44/DfxR8evFv7Omku9v4i8FW9hNqNnMoXzra7jZ4N2CS0Z2PGScEPGRjkE1GEpRclG/3/wCZM8fQp1VSUUm/67nJWGu/HiG3lmvPg1A0xkzAV8Sw5HT5T8tPufFvx3kWO0f4NRfa5UeRYx4lgwiJtB3kqO7Dpk816m0ewDevT/O01wvxp1m88L3XhDxVbyslsPGdpp+p7FJDQXiS2qKcdhcSwNntszWCjeWx0/WJXvZHOSeK/wBoGT90vwFjC4+Zv+EqteT/AHT7VVi+Jv7Tdgh839mmSZAwUeV4rsgcejbiM1625mhYxmEsRnOwZ/4CcCq2o+JdB0G2ku/EGqWllFFE8sr3l3HCqIq5YuXYAAAZJPFRHkWijf7yvrEutn6nncPxR/aNhiDS/s1X7bugTxJYHH+yf3lK3xm/aPikEcf7LGpkHow8R2B/4Cf3oxXM2X/BVD/gnhPqFxpEv7XfgWGW2laNxdawIQWX7ybpFVXA/vKSOQM16X8Ov2oP2cvix4a1Hxl8LPjb4V8Q6do8Bn1a60bXILhbKIKWLy7GJQbVZsnsKuUZrV07feKOKouVly39f0uYUPxq/aFY+W/7MGsxNjkvr2nEf7pxNUEvxr/aDjmMs37LmqM5+XcuuWBJUdFI8/1zWl8Ff2t/gN+0N8PtZ+LHwx8Y+foXh65uIdYvtQs5bP7N5MSzOXWdVJi8twwkA2sOQan+Af7V37O/7TmkTa78B/i3o3iWG2x9sisJiJrcH7rSQuFkRG/hcrtbsTT5OVu8NvUqGKw81Fxcfe1Xn6amQvxx+OT/ACS/sp+IRg/eTUbNv+BDEtWtA+LfxUuI7s6l+zz4jtZxMGS3ae0IZCBgM3nYJyDx24z1r1NJIsBcDJ6cf+OmuC+MH7VfwH/Zw17Q7f40/EHT9Cg8QyS29ncXbfJHIiF90hGfLQgEb2G3dgZGaKUac3yRhd+TYq1X2UHKdrLvp+pmXfxX+KLYW3/Z+1/d/t3tqP8AgJ2uayJ/in+0E8hNn+zzOE/h8/Vowfo1en/D346fAz4sqn/Csfiz4X8QGQZRdG1+3uWI/ulY3J/Ss349ftO/sz/staRY65+0j8cfCvgWz1O5a30268U6slpHdSqu5olZ+GYKckDoK6VRTlypNP11/I8+WZQjBy9nCS81df8ApRwkXxH/AGi5MbfgJCvrv12Mf8BOFNSD4gftLE/u/gJYn3PiVB/wE/JWEv8AwVp/4JWXBx/w8G+EufQ+Ko/++ScY/Wu7+Bv7X/7If7T2oX2ifs4ftJ+CfHN7pkAn1Gz8L67Fdy2sJbaHlVDlVJIGT3rVYSrHeUl/XoebLN8PJ2WHov8A7df/AMmYSePv2nGOf+FCaWOf4vFSj/gJ/d05fGn7UDAg/BLQU9N/is/98nEFeux2ayHLIP8AP8Jp0mnBlyUH5/8AjprZYaSX8SX4f5GX9rUr6YWl/wCAy/8AkzyRPF37Umcr8JfCa4H/AC08VSnP+ycW1L/wlf7W0q4j+FvgYf7/AIquf++T/o1aP7R37SXwE/ZS8Gjx9+0F8T9J8K6S9wLeG71Scr5spBYRKigs7YBJCg4Aya6H4ZeP/AXxc8D6b8Rvhn4r0/XdC1i2FzpmqabOJYbiM8bSw7gggg4IIINUsJK38SX4f5EPN6V7fVaX/gMv/kjjh4k/a/bp8NPAS/8Acz3R/wCAn/Rqki1v9r8kb/h54AGT28S3fH+yf9Gr0HxLreh+DtAvPFPifVLew07T7Z7i9vbqUJHbxIpZ2lY8KoUEkn0riP2Y/wBrH9nn9r/wXL8Rf2dPihpninSbe+e0uLnT3OYZ1OCGVgGUkcjI5HSh4Sa19pL8P8gWbUW7fVqX/gL/APkh0ep/tYDcJfAHgb2EfiC5/wC+hm3pt7rn7UMSeVF8MPCryN0dfEsoA9mzb11Hxp+Kfhn4GfCrXfi14xuxb6doOmy3dwScF9o4WP1d22oo6lmAFeYWn7buiab8WPhV8L/i78Mdb8F33xY8Py3Xh6XVpYtkd/HGsjRQhSTHclGLL1VtjKCG4rKWDrOOlSX4f5GqzjCxaUsNS/8AAX/8kaOofFX4/wDgOyk1j4hfAwXdjGcy3HhbU1vHRfRomVGOBzwDXW/DH4v+Avi3ox1vwPr0d2I/kuIDlZbd+4ZCAyN7Edq7qWHHHQj3/wDHTXg3x/8A2evEOj64/wAfP2dZYtM8ZWKb7vTT8tpr0K/eBUcByB8snUHHvWKeIwuvM5rqnv8AL/Jno04ZTm79lOCo1H8Mlfkv0Uk27LzXzVj2SJsnLn8j/wCOmhmjOfk6d/6GuN+BXxm8N/Hn4c2vj7w3FJbszvBqem3AxNp93GdsqkdnVsj3GD3rr5GAG0nr7/8Ajpr0qc4zipR1TPl8Vha+Dryo1o2nF2aERjnOevv/AOOml6A7jn8f/HTTcDOf6/8Ajpp5IIOD+v8A46a1SucjROZCFwDjPXn/AMdNN4I/+v8A+OmmM24//X/8dNIRjg/z/wDHTVWGmDsAc/1/8dNMeXcuT/P/AMdNOcjGP6f+PCo3G3gMMY/yppO4O/QbuGSOf++v/HTRuPqf8/xCk/z1/wDHTSc4+6fqB/46aV7BuO3N6/5/umlVmLAbu/8AlTTGO0cD9f8Ax00q7mOO3rj/AMdNPmCyJgepx6d//HTSkgnaf5/+OmotxK8t09//AB009WJwM/r/AOOmncE7kgwWycf5/hNAAU8j6YP/AI6aYGUAAn9f/HTTLm78hQixlpJDtjBPUn+IVw4/FwwWHlVl0/FvRIunTdSXKiwTgiNF3MRkqOw/vD0qGKO7vWaM3CwAHGFGW/3TU0MZgjCb9x6sxPU/3TUpVgQ8EeXB4UfxH+6a+cdHE4lqeIm/8Kdl/wAE7FGMdER/8IpY3B3XpmlJ67pSP+AmrEPhXQAMDSIuOm4ZP+6a+WdT/wCCt3gLU5JY/gp+zR8WPiLGt3Naw6j4Z8IyfYpZopXikjFy/wAjbXR1OM4IwcGrvg79rr/goV8WNfsdK8Bf8E1NS8PWN5cpHPrvjvxbDClnEWAZpbeKMPJtBJ2AgnGBiuyOW8kbxgkl5r9WR7empeZ9PHw3o68/2dAB/wBcx/3yaZLoWmBcLZW+P9xf++TxXivxq/bd+BvwS+JFz8GPFHxr8MXni2x0ZLvVtBm1mHS5IndcrErXBKkn7yhiPlK+tfOfhL/gtZ8IPGHxI1D4Z3lh4n8PtqOkPN4T1bU9Hnmt0uIhIZ9xihaN9qp5iyxuY3TgFSc06OCr1YuUIuyNHiKcWk3/AMOfeB0DSs4bT4PbCL/3yaQ+GNAbmXRrY5/vQr/3yeK+Fv2T/wDgu5+yV8UvhD9q+NPxf0vRfH2nGL+2tJNnLBbXXmTmNYVLZGwKVZgzfu84JNet/Gj/AIKWeCPhT+0jpP7N3hvwBf8Ai++vNDg1O+1TRNUtvstolzMLe1jDuwV3kmKpuDbBvXvmqqYPFQr+ycXff5GkMVRlDmT/AK9D6ObwX4WdfLfw5ZEE8AwL/wB8nio38AeECwb/AIRex9v3AH/ATivmfxj+1R/wUnsbXWNV8L/8E8tBittDWeS8ttd+LEAvBHGu7aYoLdlclfmCh888E9/Xf2Ev2n3/AGxf2RvCf7TOo+EYvD8/iK1uHu9IhuzNHaSQ3MsDp5jAFhmItkgEA89KzlQvC7s16jhW5npc7wfDjwe67T4Vs8Hqef8Avk80i/C/wcp/d+GLAeo8lj/wE/NXgPw+/ae/aI/bDg+KHjr9i2DRY/CngO0msPButa3YtPD4116HJnhUhl8uwQqIRKp3u7FwQqgN337DH7aXw+/bp+B1v8WfB+nTaRqtldyaZ4y8J3zf6X4e1eE7LiMDg5VgSrEDchVuM01l9Bq8oL7geNrQfuSPQ0+HfhqE5i0DTh/25/8Ajw5qaPwdpEXEel6emOm3T1/I1umMEYdsfj/46akWDK5P8v8Ax4U/7OwX8iF9exj+2zEj8P2sQwkFuv8AuWiD/gJ4p66W8f3JcfSJR/wIYWpvF/iPw/4I8MX/AIw8V6tBYaZpdpJdahe3T7Y7eFFLO0hPRQoJJ9q+av2cf+CsX7Pv7QfxS0b4Yy+C/F3hF/GMEtx8NtZ8W6T9msfGFvHndbxy5I3lRvWN8My8jNDy/BpaU19w/rmKf23959If2bLn5riUn3b/AMdNC6aT8nmscnqW/wDHTWwlur4285HB/wDZTXgf7dX7c3gr9idPh1pOraSNV1z4kfELTPDWi6YLkRlI550S4nfI5WJGzjuzKMilHC0L2jBfcEsRVSvKT+9nsx0W5YYMr/n/AOOmkm8NRvHidmb/AIH/AOOmukS1LZVFzg8cc/7pr5a+OXxm/aS+Nf8AwlOrfsQT2sul/CW+judbuJIlkXxhqED759N05jwiJEHEsoPMrxRggLJVwwPt3ywiiJYr2Osme2ahoGtaV/pWk6xJJHj57K7bercfc3feU/iaz7TV4b+RkeExTKfnhfqOvynPaovg38cPAH7R3wn0T4x/DbWhd6TrlmJomKbZIJB8silDzHLG4ZHQ8qykelHijRZ5V/tDSwFu7cEx5b746lD9f514k8RmOU1nUotyS+KDvZ27dn2PQVPC4+laS957P/MvK4I3A/r/AOOmpFJYZ/p/48KxPDfiez1q3AMuJBw6kYOR1YDsRWujbsEnofX/AMdNfZZdmeCzXCLEYaV4v70+qfmjwK+Hq4Wq6dRaol/z1/8AHTR/nr/46aajhjhe3v8A+OmnbgScD9P/AB4V2EADnkH9f/HTTWTJ3Z7ev/jppQTzkdPb/wAeFNdsqSpx6nP/AI6aTsMjIPUnr7/+OmmvnGB/P/x005jkD6ev/jppm7a2Sf8AP94VArEc5AXn1Hf/AMdNUdAhZvE+pOeht7fgfV/lNXJyQOp5xzn/AMdNQ+HYx/wkmotuyfs9vxn/AH/lNfPZ3f61hLf8/P8A2yR1UF+7n6fqjYEO4Fh0/wA/KacLZduXX68/+Omp1iyMYx68/wDjpp5yo2uv6/8Ajpr2qStFHI0Z17pFnex+TeW6SKeVDDOP9k1TXw7dWDB9K1BljH/LCf5lP+yT1FbhUKfn/MH/AMdNIU3DkZH1/wDHTWWIwGExL5px97utH96LhWqQ22MeK+kjdo7+18lx0PVT7qatLbM7efaModhllLfK4/un/GrclvHOhSRAQTyG/wDQTVafTWtgGsnOUORGTwf9kmvMxVLFYen737yK17SXmn5G9N0qj00f4D4Hj3bWGxwPuOvP+8KnWLLZHAPt/wCPCuG1j4tW2ha42j+J9Nkt1jOFkC5xns2a6zw34p0XX4hPpuoRzJxna/T/AGSO1eXw74hcK5/ip4PDYuLrQbTg3aSa3VnbbyLxeWYzDRU5QfK+q2+85742fF3wb8BPh7qXxI8dXqw2VhEWGesjfwp7knjFfjF+1/8Atj/Ez9rTx1PqniK/kt9Dt7hv7J0WOU+XEmcDfjG5j6mvqv8A4LtfGi+n8ZeG/gXpV2wtIdOj1DUER+JHZnCKfoAT+I9K/PQEEjC4/Hp/smvkuM+Ia+LzCeCpytTpuz831v6fmf3j9HLwzyzKuGKPEeLpqWJxC5otr4IX923Zu179rWHhAVBI7+v/AI6adjAwV79f/ZTTA+Bt/r/46acGJPA4+v8A46a+NpvTU/qDQlXb+H0/8eFPCqvOf1/8dNRJ0x/X/wAdNSK2D04/z8preLszOyHqowPf0/8AQTXbfCz9nT41/G55k+E/wx1vXxAQJm0uxeUR56BiBxXG2TW/2mL7WrNEHHmIrYLL3QnscV+o3/BJ/RvhZrXge6+Ivwmk8aaFuv2s79J/FttEkkqBSQ0Ygb5SGGO/t6/TZDl1LM8TyTdku2/5M/OvErjLE8FcPSxmGo89RtKN03BN/wA1mmr9LXPiof8ABMz9udiD/wAM0+KsHoTprf8AfJrP+I37A37XXwd8HP8AEL4hfBDWtL0aKQJLe3MQARicAMoO4c+1ftH8dfCNz4k8CW/h7xDrnjG7s9YultSmheM7W3uGZgfk3PAg6Z6EGvlL9tv4bfBf4EfBiz8L67r3xG0JLvUdw1DxTqra0h2oSQ2y5b1/uV9Ti+Gsvw9KTUnovT9D8B4a8dOKeIM3w2Gr0qSVSVmo05ybivis/aNppf3GfnV8Of2Xf2jPi9ZSah8Mvg34k1q3iOGuLHS5HjB9VYDH61H4i/ZL/ap8O6s2ia1+z/4uhulUExPoc/Q9mO3Ffo//AMEntY8N6hcX2j/A79vXwprCCNpbzwnL4ce3uEywALiYq3bqAetXdb+PX7VfhvxP+0fb6j8TbHVLrwjYpc+Grq009PLtwscjhSp65AGR7da5ZcM4RYH28pyVt9j0cb41Z5S4sq5bhaFGVKNlHm9rCXvNJXvHz6L0Py4134D/ABv8N2rXfiT4SeI7KFBl3uNHmUAf7RK8Vxl0yohibr7Hp/smv0N/4Jwf8FMvjP8Atf8AxD8Rfs8/HoaTfNdeHrmbS76104QSh0T5lIGVYYOenavmr9ir9krWv2pf2vm+HdzZyroWi6vNN4iuNmFSCKUjaT2LEBfxNfNV8LSjUjGhd3799Ox+sZTxpisMseuIKUKMsJCM24SclKMlJq10mneNrdzx34mfA74v/C3wTovxM8XeBr2z0PX1B07UXQ7HJzgMf4SQMjPUVf8Ai5+zH8Vfg/8ACzwZ8Y/F1kv9j+MrYzWMseT5LdQp9GIwRX09/wAF6P2vtAvbzSf2MPg59lOn+HZIp9bktowVilRSsUKEdNoJJ+oFewf8E4rrwL/wUo/4J83X7JHxbKxeIPDEIj0+8CfPFtJEG/PcdCPb3r3cJkbxFF78z27Hy0fFbPcJlGGzjGYZU6DqJ1UrtqjJtRl5NaN+R+ZVsivENw/HP/jpp/lnGeOPf/x016d+0x+yD8Zv2R/HMvgj4peH54oxIw0/UljPk3iD+EnHPHUdRXnMkYOG9ff/AMdNfPV6VTDVHCaaaP33L8xwOa4OGLwdRVKc1eMou6a9SLYMDA5+v/jppAhyRj8j/wCOmpigPQ4/z9001lAOCPrz/wCOmseZpnY3qRiNANxHX2/8eFKX2rmNuc5GDyD/AHTSoOxHXp/8SajdSTwP1/8AHTUObuCR+gP/AASo/b+1iHX7b9nT4v6y09rcII/D2o3UuWjbsm49c9B9MelfpE6MUG3oR19f9k1/PLoet6h4d1m117TLow3NlcpNDIpwVZTkBvxr97f2bvGjfE/4DeFPHVw2ZdR0WCWQls5bYMqfxr9G4TzOriqUqFR3cdn5H8KfSZ4Cy7I8fQz3BQUI4huM4pWXOldSSWiut/NeZ10KsRn09v8Ax01YBCp14x1/9mFKYlX5W498/wDjppjMJPlU5wegP/jpr7FSSZ/J6g5PQY+3ccdPr/46aRcqck/p/wCPCl2knAB/z/CacIHbgRsfTC/+Omq50P2FRvRMkjyEwT+v/jpppU84Ofx/8dNOELqvzKR6E8f8BNOSB8Ahevv/AOOmpkzRYerb4X9wzaGGAOR/naa4yw0r/jIi51BFX/kUY42O/nJuSQpH0H6V3RtLgKCIXP8AwE/98mvPfE/h/wARv8ZluNLu7+2bUvD4t457SULHCqSFneXgk4LKEHdi3QDNZy6Hp5bhpVPawfu3g9X6pnoLQyAcA8e//jpqN4nY5IP5f+OmvJdU/Yxutcvm1G5/aX+IsMkjZIttYCKM/wAJGOKlt/2JWWMRt+1V8VeP7viJR/wE/uzU+0q/ylyy7KYxX+1/+SP/ADPVTBITgRt+X/jpp0dvMOfLb/vk/wDfJry1P2H7R8eb+1V8X2/7m0L/AMBOI6U/sNeHpGHnftIfF1/X/iuZB/wE4UU/aVf5TF4LKf8AoJ/8kf8Amep/ZrgnAST8v/HTTvstz1MTfgv/AI6a8rH7CngcnM3x8+LbY/6qFdD/AICcYqtcfsBeEXY/ZP2jfjBAWPBT4iXfH+0OaHVrpaQv8xxwGUSeuKt/24/8z2A2k4+9A/5f+Omviz9o/wD4K9+Ev2VP2ptX+AXxZ+GepjS7CG2li1vTGWVtssYfLxMVOByMqTnHSvao/wDgn7YQyebF+1l8aB6p/wALCuMf7p/+vX48f8FY/DV74X/bb8TeBj4t1nxBJp0dnaw6hrN0bm7mX7OjgM+MuRv2jjOAK+a4kzTMMBg4VKK5XzJdHfR6H7Z4I+H/AAnxhxFiMHmE/bU1RcrJSg4vmglJSv5210P2m+Av7UnwZ/aU8Mx+LvhB48sdXtGAEgglHmQtj+NPvRt7MAa4j9tq7ufHY8Jfs92F0Yv+Eq12N9TCty9nCQ7qfYts/KvzR/4JqfsLf8FBYviXpfxc+Gmlaj4D0wTI15qniWN7aK+t88p9mOHmUjoSABnINfoP8XdduvD/AO3B8MtJ8UYJudEu4orlB+6a4P8Ayzweh+UcVFHM8fjcqbxNJwbaV7WTTa177BxPwBw/wXxioZRjoYiMYVJqN1KdOUYtpSa9166rrpqj3a38Fz22irpfhrUItNeC2WCxkW1WVbfau1Q0bcNjrg8cV8F/tUfDa10L9r3wF+z5rX7emnav4m8XeNv+Ej0Xwb4ktp4zbagIsCZmtQywZ8tVSMKC7KCeMmv0NW3uZIgInIJ6HP8A46a/Nf4y/sJaBpf7Ufir9ob4leJx4i+LOu69LfaDqUGrPbW3hHSY2W3geXI+R0RkVfmI3N0Ne5hGo+Wh+IY2VSorz1bZyt78N/2kV8f+LPB/hmx8W+Hbvwf4Y1y4+Jvjfxt8RILm38StdLELqG3tvlZB5TKqF/8AVZCrg4r0T/gmV8fvFXiz492mh69pvh/wvDc6U9rdaDplxdzTWr2TLBHcy3l4qBohGmyARqoCYBBOTXy14i+D3hLw98CpP2r/ABXaeJfGfiXxvd6rp/g59Z8VyXz2oUPJLPcYQedK5hQRxsGRQFJ9K+yv+CBfwg+GHjKz+KHh34r6Hd+ItW03ULA2ereJ4f8AS5LeaGQspPA+Z95JXrwM16Eo8tCT+W3/AATgpVOWvFq+h9DaBrE/7Z37UWk6lYP5fwf+F+rC8s9VcFYfFviWIsiRjP8ArLay/eEN0ecqy5EfOd/wVp+AXjTT9Mtf+Ci/7JviyDR/ix8L9AuTqUWElTxL4ZH727jjhJHnMm0zw8grImFI3fN8+f8ABWb4N/ss/Bfxj4d+H3wqf4mT+KNbvLeOHw54V8dzQafodi8uyR5YGR1TO75VyudhwRXqTf8ABKv9kNvhN4o13xvqnirxjc+HfD7yW8er+LrsxC6a1ViGSN0D7HJXBGDnBFVSjCnTg07J+QVJfWK7V9Vb5Gz4Y+Hn/BUz4s/DjRvHvhD9q74QnT9f0qC/sLux8DX6loJo1dA3mztg7WHBXg5Havh/xn8bviFqf7SXxI/Y8/bk/b++Jum6n4RurBdJ/wCFT+A5L6z1JJoVuWmuBbW8rwvG5RAGVcYU55r9kEvfAn7N/wCz0uqeI76Kw8PeB/CAlvbiTCrBaWdqGcN24SM18Sf8EPvhnquteA/iD+3v8QdIe08UftA+LZtdi89CJYdDDMLBOeQGUmTHcNHkcABQnCMJPlX3L9UbSdSdRRUn97Pmn4b/ALIP7Mv7SnjhPhf4P/4K/fG3UPFU0Mk8PhfxD5um3c6Jy6mG8iiLhQQTtzgV4x+1/wDsj/sQ/s9/E2z+D3jv9qT4va54xa4tZtXm1SC0Om6NYyN81zdTyQvhVGH2qCSOSRjn9IPjN4j0D45/8FXvAfgbwzaW963wX8Gatqni3UY8MbK81JYbe0hRh0kMayylTyBt96+Nv+Cl/wAI9csf+Cm+h63448ITa98PvGnheG31fT9Ngiku7iSHzt9vHvIKCVY41ZwwAQsSQFrfDz5q3I3ZNX2X+Rz1qcY0PaKN3zW6/wCZj+AvBv7Bnhu1+LXg34N/ELwvJp9rL4QA1bSG/tiS5T7UY7orFMjOLhiJFkESgDK8cce26F+0d+zNrHjD422Xwj1W1tRpfwTnm1Bo/D1zp8xtoUmBUo8KCQYlOMDdnNeeXWh/sQfs3eOPA/xb034Cp8J9N0jxPZjU/Eel6jHfzRtcR3CWhkWzluUVHYuxL4ZSqHivUpvHH7Pfxaj+JPhvRf2t5fHGu+JvA95JY+GtbKoLe0SKclIkWFD5eSqszHqUJIGKxxMlUjd8zT+7ou36nVRpyhK6cU1ro+ln+rOM/Zi/aM8O+Ff2ffH3g/4f+B/FPj+TVNBgsNR0Hwroji9t7iXS0hfclx5SgfNuDZwQvGTwfY/g7+x3+zr8VdA0DUvhz8L/ABB8D/iZ4f8AD9syz6dbrp2o6XLt2hpYULRTwyFWDxkmOQFgRnBHgH/BO3xBcfEzwl4u8AaD46udN8Qy6Ho91BcLc5n+ywzRpcRgE5KAAIX6YPBIr70+Cfg3xLZfFvUPGniO5tRaweE7fT45otyedIs7SsZAxIXC+hxySMZxVZnyYXETjFNNpPV73itLbWIwMZ1sPSUneKul5avrufM/7e/7YP7SXw+/Y+8F/Hrwt40fTLjRPiM2gfFLTdIjCRajHbXFxaXEfmkedAry2+4eWysqygA8Zr1bxP8AA/8AY/03wpb/ABQ8QfAjQ/E63vii0smvtbiN/c+Re3KJDKZbtpJHwk0Z5f5gQM8ivmf4maiP2lv+CSnx38Z+FbKXUbU/FvxZq+jm1hMvm2qa8kyFQoO4GNS3GeDXtXw3g8QeJf8Agm9/wlXxCs7zRbV/hNHaancanA9u9hqemBhazTiQBlSSOKIh8cFFPQg1zypKhRi78r57O2+trHVGvLEYhuXvJwTV9Vpo/wBGbni3wX/wTz8L/GDw18G3/ZX0xvEfiLxFFp3h7WNB0aOCO0uvJhucyTRFZIikU0UhAPRh2Oaz/wDgqp4M8FfED9pT9l34SfELwvp+v6PdeMNfuL3SdatFuoLhY9IKrujkDBgC4IyDyKu/sS/B74jfGj9oCf8AbV+ImizaT4a/sqzXwXo13gyXN+1jBb3lzdL/AMs08u3iiiHUrvbowxg/t/8Agv4u/tA/8FDfhp4M+BevaZp2seAvAWq64mratZNdWlpdXZ+zQ740ZWbcoYjDD7nsacHCGLjH2l2ou7vs7bX/AAHNyqYRuMN5JJJatXX/AATyL4o2/wDwSk+FXjrxJ4H8Q/sN6A0vhrULCyv7vS/hpaTW6T3dv58SZQg8pk/cOMdq9m/4J3fDX9m/wr/wUF8ZD9nr4WeHvDFjP8HtOlmj8P6PHZrKZ73zFaREVfmKovXngV578H/2M/GLfHH4iaV+1r408SJ4y1g6Xrl9rHgbU5NO0fUo1iltUhVW3zo8YTay+ZhQ644NdT/wTq1Pw14X/wCCivx9vPAdhquo6R4R+Hei6bhrlry6nmimnZxG8rZdyQw5bqOtd84xdOXJJyfKm9dNUttjhlGUXFuCV5WWlmtz7L+FHiP4wXnxj8c/DX4ifDqSy0fRZLa68JeJ4WzbatZzBs7M8rPEylXXpjDDrXpz6aNuMf5/vCvNP2Sv2wvh7+2d8P8AUPiF8PvDHiLSItJ1640fUNP8T6X9kuobmEIXUplgVw64IJHUZ4r1UOGJyf1/8dNcT5tpKzClBct07n5rfEnR9M+On/ByV4b+EnxU06DVdB+H/wCzzPrfhTR9QhWW2i1S6uzFJO8bDaZPKYoGxkBRzxUv7A3i6x/Zx/4KqfHv/gnnoqC08L3CW/jXwZpa5EWnm4SMXdvGvRUZ3Em0cA7unOav/BRzxFbfsOf8FmPgN/wUX8cbrL4deI/Cd98O/HPiGRG+z6TM5kns5Z2AOxWeQAMeP3Te9eb/AAg8Rj9o7/g5Yuvj5+zhP/wlfw/0r4Xx6d4o8b+HmFzo8dyYJVWJbtMxNIWMOEDE/K/901pG/Prtb8TnfZb3Pob/AILT6t4g8XeAPhX+xj4b1G5sv+F4/FOw8O65c2rlHGkR5ub2PcOQHRAhx2YjvXiHir4a+HP+CaX/AAW6+HXw2/ZJ+Gq6b4S+MXgW4j8V+ENEUpAtxZqWSd4gcBuCG9dxPevT/wDgqrrni3w98Wvg/wDtp+FfAOt+LPCX7PfxQuz8QtN8PQeddQWdxpqLIXi6yiHzELAZON2Ohrzf9gv9qPwj/wAFaf8AgtV4i/bV+D+gaqnwx+EHwzXw/wCHNS1mzEEtzqd5LufcgJ2/uxIME5wuT97gbkpJLazuXDl1T3ujU/a8/wCCon7Klz+2J4e+C/7XPjW88D+CvAt3FrN3oN7oF1JJ4h1SJs2xfCFTbROBJtyd0iqTwMV0n7Zn/BRr/gjT+3v8ALn4V+Kf2ztK8O6taXUeqeDPFosbuK68P6vCd1uZH8rK7W4YdGUkGtH/AILd65+zpf6f4b+HXj74f+HNd8Ta3qMMWmtqdlHLNBE0qqVLEblBJI461xX7a/8AwTp/YG+F/wCzHos/g79mzwlp/i3WfE2h6bo2p6bYrFcG5mvYEdSwOW+UvkHIxmtZOkoRaujCNCpVqSu07HvP/BPX9u74gfH3wZZeDPjl8P8AVZdfs4jDD8R/D+jTS+GvFcUeAhefbmBpVIYxyAANu2kjFfTt06SJgHJz9f8AgJqLRtM0/R9It9N0uyhtreGFVSCCMIigDAQgcAe1OlIA64+rf+OmvMm+aWiPYp0pQSTdz5w0WCT4Jf8ABQh/COiqItC+K3hWfUri0U4SPVrJkD7x2LwkA+u0V9BuMsOD64z/AOOmvnn4majY+Jv+Ck/wz8MadOr3HhvwPreqagAP9Wk/l28b+2TnFfQhYhsAf5/vCs8ud1NJ6KWn3J/mexxXqsHUl8cqMXLu7SnGLfnypDhlj8vGPf8A8dNKSVG0nr15/wDHTSKuR1/z/dNKSASMZ+o/8eFeifIa9R+OMn8ef/HTRwvvx6/+OmkD44z19/8Ax00jMFGT/P8A8dNVqkNJiSYPB6/5+U0xiAMn+X/jwpzHcf8A6/8A46ajY5JJP+f7pqRif56/+Omj/PX/AMdNBUkZ25/z900qlRwR/n+6adtLg9Ru33P+f4hTljAXOf1/8dNKH3cY/X/x004J8uwHHPdv/HTSFqMCkj/6/wD46aec4wD+v/jpo27eMj8D/wCOmlCkkD19/wDx00DEVsDdjp15/wDHTVOOUXOtxgE7Y4HcAjuWAw36/nV0gqDgd/X/AMdNZtzMLLWI7iQYSTKdOgP8J/H+deJn75MNTk/hU43/AK9Tqwvxv0NhXYHaPx5/8dNSRO24BeTuGAe/+yar/OF56/5+U155+1d8dbb9m/8AZ/8AFfxjntjcTaJo081laqeZ7jYREE+rYP0BrncldXZs2luflz/wS+/a4/av+Ev7bXxl/wCCbPwf+I3hXRLbxB8SPEev/Ci/8c6HNdWeqzJeOL2xtpYZIyXwpdVy4DRyLgE8/ZPxP8Uf8FS4Pip8OvgVqX7WnhWLxJ8QfEaKdH8E+D/Ims9Et3V9RubqS4klMUccOUDAZaSRFHJ45Xx58Ev2Mfg//wAErvAfhz9ria/i8Xq48ReErvwmw/4Sr/hK7km6FrAIgZWuDNLnAUoVH7wFMg73/BJz4jftCR/tQ6/8QP8AgqB8M9U8L/GT4l6NZ2Hw/wBZ1K1iSxu9GtELNZW5gPlWt88jG5lgwrSnlVwgUezeEqfteXS3Vb+hwNTU0k/68ze/4LQf8Ex/2H/i9bW/7TnxN8N6hZeJ3vIbS4OgPGb3Xl+VUhVJldHkUZIOAcZ5wK/Orxz8Kvg98IfB8cXw31H9pHwbc2khSNoZhbxxKchyscTYIIyOFwe/FfoB/wAF1hf/ABk8V+FfgF/ZlzPo+macNZ1X7JMVlaaWVoIYlGRliFk68civhv8Abo/4JSH9lH4DeEPjFP4y1C5XUvEltZ3Gg26M0tsJoZJAwkJKlsptwB/FV5TjVJRpVazSk7Rj5L/MivRjK8lDVdfP/M9R/Y7/AOCOf7O37WfwOn+JR1TxpoSXN5LbS67rfg6xg1C5kUAyAqd2+M5yM4znJ5ryfV/HPhn9nTx38R/2apfFGt+I4PBGix6ToGo6F4KV9U1W4t7qGeAySNzbW9uYyfNXds2rsQjIr7B/4Jl/sV/tA/s5fFXxP4P8V+JfE6+Db3RLO607UZtUeW0vrqUMWTy2wVdBgHIHUDnFeVaf+yd+1P8As7ftH/Er9onV9EL6d4pn17wj4LuNRn23F9qN8rx2DSccLJKi7ZPRx6UoY+pLF14VavPBL3bv00v6FLDwjThKELSe77W/4J6l/wAEjf24/EXxu8KfFiP9qL42Ra3qWjQpqx1W/tFtpRYmIp5QQKhmK+XgYTeSelc98Nvhh/wUKsf+CaGnfs3/AA9/ZO10+D7zVNZvNevtI8c2ek+JdU8O3d7NdR2FrBcp/okskUpRmlIkVSwVQxBHrnhL/glP4y8VfC+38S/GD46Xtv8AEtdPjS01jw7bx2kGnBI8LEAgUzAkAyM+dzZOOldv+wx+2rrmsfBfxjon7Wer22leLvhC81v44v7ghI5LaFSVmnB7MFYHH8Q7bhXn1Hh1VlOls2tFsvTyOpRlyJSep4X+zL/wcWf8E5v2YNA0r9lb4u/sqfEr9nq28KQrplppOs+Gzd2liIvl+aW3y+cgkv5ZySTnvXI6d8Z/hHpv/BWjwf8Atef8EuPi74f+I3gb46yLpHx48A+FL+NrjTrpELQ6lfWvDwKB8rSOFG8ODnzDXs37OX7Qfwe/4KR/B7xf8evhj4Vu5dK8O+I7iz1Ma5pKGPG1ZE3bwQVKMpOOnetr9gvwf4Eg+Puta54T8E6Jp4OjbJ7vTNKggeXLjDB40BYdeCSOK7WnGDdmn1Rm+VNanqn7Xur/APBRKxn8Lj9iXwl8N9QtpNVX/hLZfG2pXEUsVoGXMKrGpViV3ZycjAwK9+txIYR5oG4KN+1sjPdTXkfx8/aTT9m7xF4Pi8SeDL7UfD/ijxLBod1qWno0j6ZcTnbA8qgHMRb5SeMdeeleuNmNdjdR1H/sprFbbB1vc+Iv+Dh/4m638N/+CXvizT/Dty8M3i7XtJ8NzzRuQyW93dKJVJHTKqV+jGsb/gsL8HfD/wAN/wDgkb4W8Z+DrOOw1b4L6n4X1jwfqFsNsli9tdW0RTI6Bo2ZT6huc17v/wAFOv2PD+3j+xZ4x/ZysNZj07V9RigvfDeoTjMdtqVrKs9sZP8AYLoFb/ZY18NfGvVf+Cvn7enwS8Jf8E6/Hv7CV14E09tU0u0+K/xMvfEEEmnXlhZ3MTyW8ePvGZIslfnOTtAAORaTbi7adRqcVGzP1TvPH3hLwf8ACST4wfEfxDY6Hothog1LV9S1CcRQ2sSxB3LsegH59B1Nfz8/tg/tWfGP/gqt+3/Z/tA/s9/C/WfE3hL4O+IdPbwvomnEGdrGC8jmmnuYs7gZXBOAC2xVH8Jr90Pjn8BfhH+1l8M7j9n/AON3gK41DwTbS24bSJ7uSCPU2iUFDJ5TBjGpxgEjLJkj5Rn4I/bY/wCDb/8AY21T4W694y/ZD8D+JPCfjmG2D6RZ+H/EkxguHBGVKTucArnowwa3wuGi05OVm9rnNXrzTUUrryPq7/gqX+3B4d/Zq/YK8SfE34ceJiviDXNMSz8OXFvC8v2aa4GGmby1YoY139cYcAcV4F+xd/wXs/4Iz/s0fsz+FPgbb/HrWLWbRNJjTU2vPBl+XnvWG+4LssRDlpS5LZ5r6h/ZY+EXh79lT9gPwr8LbzU2urfwt4LhOs3GulGf7R5W+4aQngkPuGTzgc814U3wu/Y7/aR8E+JPHOieE/h1rEljYzy3Sw6TZvJEdjYfBXI6ZzU4OtSpN05JvXdbBiKc52kn02Plv4aft0a1qf7euqfEX/gjn8M/GHxc+FHjO5W6+KngZ/Ds2kWmlavI5EiC5vRHDE8ilXdNwVic4yc1+qPh/VpvEWiW2r3vhzUNImnhV5NO1NYxPbkjlh5bMmR0O1iK8G/4JUfAvQvgt+x3o9ppGjQ2g1+/utX2xR7QY5pD5SY9PLVMDtmvoqSJUOQcD+Ik9P8AZNfOZzj6dbESUYJcvXvbuenl9KVKivevfW3Y898SaTF4Y1+41eyl2peotw8Q/hlDAEN6ZGP1rYj1xJcSJG+P9z/x01BfwS+LdaaeJR9mhcKGbptBz8v1Nb3lNyfIT8P/AEE18Lw7l/EeYYjFYvLsT9Xozn7t4KSlZWcldrRvr1PTzGphWqcaq5pJa67Izk1kDGLeTk9kP/fJqYaifu/Y5jnqfL/8dNXBESuMAf5+6aVNxznjHcD/AMeFfbUMq4pgvezG/wD3Ch/meTz4PpB/eUvt86jI0+Y/8BH/AHyeabJf3oxjSJiO/wB3/vk81pgKeGP6/wDjppW2g428ezf+OmupZdxDazxz/wDBcCXPDdKf4v8AzMn7bfnKto0w7jLj/vk0Nc3ZXa+mSA+zD/vk81q/KeCv6/8AjppJFAPAx75/8dNP+zs+UdMe/wDwXD/IFVw1/wCH+L/zMstczqVSwPT+N8Y/2TVjSdFuLaeXUBq0izzKqy7FUrhc4Ugg+tWTgA5Pf1/8dNUrjWnikNvpVt9pn5zGJMBcf3jjisKmV1FaWYV3Vd/d05bPyUbajjWvpSjbv/TNUx6lgCPVR77rVD/wE4xSmPV1ORqNsf8AetT/AN8nD1nRXHiO4VfPks7fI5WIGQj/AGSTgU5dOnkJN3rV3JnssgjX/dIUCuiGW1ml7LnS85yX5tkuql8VvuT/AELk73tsu+51TTkGOrIy/wDAT81Qza7JBGPK1HTpm9IDIxI/unApkHh7RomMn9nROx6tIu4/7pzWikcUEW1EUD0UAf8AATXRHKce/ixDXo2/zJ+sUE/gv8kjL/4SLV2k2x6Crqf4iSo/3Tk5qK61zxe4Zbbw/adPl3yMx/3Tg1soEcEkdPQ/+Omm3WrWOmQ+ZMdx6iNCcn/ZNZ4rLIUqDniMZOMV1ul+hUcVFyXJSj+P+Z4N8V7HxZceKpZNYjzO+NscSkKVx9zmrPw+8C+L2v47mxkfTivJlfgH2Yd69SmZteuRqWoaZDGQP3e4DI9m45NSvGFQQ26k8/NuI/75NfzLlX0d8Jj+I62a4jF1PYynKULXjUd3e7lv81Y+srcUyhgo4eMFdKz6o/JX/gsHJqcH7Xs8esyGaR9AsDHdAnbIBHt2kdsEEGvlQOBg5+v/AMSa/Sj/AILW/s5ah4p8FaP+0T4ZsHmn8Pf6Frnlrk/ZHbMZf2V8g+zHNfmaLgk8d/8AO019fm+W1MqzOpQle17ptttp7Nt6t+Z/ol4LZ9gs+8NsBOg1enBU5JfZlDRq3no15MtiRQcHnPv/AOOmnxsCOT9Of/HTVIXGQef1/wDHTUizE8n/AD/smuaDR+pl4SjuOn+dppUmwclfrx/48KqJLngt+v8A46aeJsj5Dz/n5TW61M7pFpZAWwSeh6H/AMdNfp5/wRjaOz/ZcuLv+0fDao3ia8lkXWLnaVChFAbDAgdeor8uRdIhO85//V94V+vn/BOH9mr4m/Dv9mDR9JtYEih1WJ79X1X4VG5kAmUOE+0JOTKuehIHHavueDaUp4mc+iX6n4N4/ZphMJwnSw9aai6lWNr31UU29k9rn1T4yOkavc+BIZL7wcp/4SFJVRtVfZIVikxEpXO5vY18hf8ABcTVdL/4RbQdEhe0z588hWykDnGwjcO+ORzX1nbeAfGNx4Y0uzFppkOpaXeCdLiP4bTRqyj+DaxwCen3q85/aK/Z+8V/F26sfFPxK+E2j+IINMuGFvYwWEemyvCwIO95JOCOCACR619pmcKsqN0tVZ/d6H8mcC5zlmR8UYbHVqqkqXtPdvZty5rWuktbrr6nG/8ABED9i7wX8EP2ff8AhdniJYr3W/Fa/aY5bqIf6JaHGIx9cFifcelbyftA/sZ2vxo+L3hfxT4Ku9P+yW6ReNdVihaW1mgYOCXWPJUbWILEV4T4s/bP+Keo+APiH+yH4B8K3vhzxV4fh3+CNPiuI2luLCHczxAxkhiIlxgE5BHvWsfEXwe/Yx8b6p49+LusRyeIPif8K7eTWbCRd8bXuZDMpXHRjIy898V59THqpg4xvot7r5a7f1Y9nGcNZpmOe4jGZhzyxFd3pU6b96ycZJ3V0kovR7Xizpv2Yf2cf+CO/wAKvjB/wvr4E/Gayt9VSO48mxuvE22JfMUhk8uYA9G4HuD6V8kaP/wUb+Jn7OHxi8aQ/BLwT4QTQNU8TXU09vdaRvmuF8xuGnRlYgjkZyBmvon9hPxR/wAE0/jP8L7n4V/GrwX4Y0zxL5MkVxc6m3k/aYWJwnmk4Vx6AgjjHFcJ8Jf+CUfgHxf8Y/FvjLxX+0L4af4S+FNaZJtXstXQyyR4EixCQ/JGyqQGcknjgZNcNTC+35JU+X/t3RrTW9+33fgfb4DFZLk2dZjS4reJrRjGMP8AaIuSmot8qpuOkm29L2373PcLn9rX9mPwf+yZpP7Z3jn9hfRhP4j1M2c1v9lt3Z58sDueSPJU7SehP0rovCP7cfws8YfsK+Nf2svgV8D9I8Jap4Zne3jtVsYMlhsxvZFXIw+cGvHf2v8AW/Bv/BRHw9oH7H//AAT+l0CXw74CuFn1K61K/wD7PtiFjaOO3j3rm4UAuWfpkg85zTviX8A5P2FP+COnjr4XfEvxLpD+J/EV+szW2n3YkAMskaLGO7YVMnArv9tWpUqk4S92MNGkkr8u6677WPmqOU8M5hSwkMTSqQxlfFwtQlOpJrDyqWtKLbVuTe/Q+O/2vf8AgpN8dP2x/CNj4K+JkWkR2ljcLMrafYBHdwuMMxzxnJwPWvnSXk7sYPpn/wAdNNjcFAoHQ8c/+OmkdiOf6/8Ajpr88q162IqOdSTb89dj+8clyLJ+HMAsFllCNGkm2oxVld7v5hk46jPpn/x00w4z6/5+6aXcrLnv/n5TTS3OPz5/8dNZNXPWe4YDLgjj/PymkZgflJxj/O00hKkc8f5+6aYQCNx4/H/x01EgW4yXYBjdlvr/AOOmv1I/4J5+J/AviH9nTw14P8bfte+KNB1G3tmji0Bb23sViTcSsStJAWkXac7gxr8w/CXhrWPH3jDTPBPh3T2ur7Vb2O3t4FGdzM2Npr9v/CXh34YeFPBPhj4M/Gv4Z6VZzWej29vYXGrW8VxaXUgQK0KTMu0Pn+A7WPYGvqOE6NZ151oaJK2t7O5/Nf0js7y/C5LhMvqx5qk5uas480VFWvaSd03K3TZ6mza/s0+AddjWVfjf431FcZD/APCazDfn+E+WVFPf9jz4cSBmbxX42ZvVvG18f+An95ST/sq/AOQrcaF4cvdDlX5lk8Na1cWQB9GVH2f+O0tv8FfGvhwLH4M/aX8YQKmdsGtQ2uoIMno26NWP/fVfoEG3rKCfo7/nY/iyrmHM/wBziZR/xQS/9Jb/ACKc/wCxh8MZVaM+KvGJ39SPGl7/AN8n95WW/wCwf8M9+5fGfjVec8eMrs/8BOXrq7L/AIaQ8PW7RXeteGvETF+GNtLYOR/eAzIp+vFTv8WvG+kfu/FPwd1dFUfPPpTpdoP9k7MN+lac2E2lC3qv8rnHLF5+n+6xLl6S/TQ5XTf2H/hXZOZLnxD4tuec7bjxbdkf7pw4rfsv2VfhBagbNO1Vsf3/ABDeH/gJ/e1oWH7RvwnnAXV/ELaVLnHk6tayW7g/3SHArqfDnirwt4vV28K+I7K/EeS5s7hX2+zYJx1remsHL4VH8DhxOMz9K9WpU+9nIJ+zX8KIJCV0vUAT1xr15/3yf3taHwc1Hwvf6p4l0Twvpz28GgajFprLNK8jO6x+Y29nJbkyYx/s+9dk1jID3B78/wDjprj/AIS+CtQ8HfEnx2106fZNZ1C11CzAPOWiKSKf+BJ+tbSpwjblSRnh8ZUrYSuq1Rt8q5bt/wAyv+B3UJ+bk8fX/wAdNTohYcHn6/8Ajpo+yheVIP8An7ppVjIbBP8An+6atU7njSqWHeUxAIP5f+hCmFXU4BPvz/46amQlR8/T/PymnGMMN0fP4/8Ajpq/ZmbqS6EIAfh+vb5v/HTT1OB0xj3/APHTSBWUgkY+p/8AHTTs78qDn6D/AMdNNpApMRiFQnJ9Tz/46a8/0v8AZy+BulfELUfjBZ/C/R5PFOrzia+1+5slkunIQIpV2BKBVUKAuOBXoRRjxt7dx/46ahnt+yjockf+ymspUoSkm0nY7sNmGMwkZxoVJQ5laXK2rq97O268ijLH5hC54XoMcf7prxD9tb9nnXfjL8PrfxD8N7kW3jPwpeLqfhe6bgNPHz8h/uv0+uK93lhJGSAD25/8dNQvCqxmRpNqpyzE9Mfwn0rHEUoV6bhPZnVlmY4rLsZDEUPjT9b+T7p7M83/AGTfjpon7R/wrt/FsFk9hrFjIbHxLos4xNpt/HgSpt6jnkHupBqt+0J+zP4Z+K8ur299p8bR674S1Gzu1VWVproW7iz3MpHyrK5kweNyKT0rmfhBBqnxG+P2t/GX4JaZY6L4YnVbS/1RIst4muIWZN8o+75aAFUf7zAZJxgV7nrek6rb2UviTxB4vjsbPT4ZLi5mZRHFFEilnaRjwqqoLMTgAAnivHoTqcl1rbS/c+ozXA4ShibycYKS5nC93BvXlem69dNL63PJPDH7FPwq8A+BfB/gLwzodlFb+D/AeraHprJAFKT3lslud+OFcDzOevzmofEHwJ8cfCDxNpvjf9lYaFp+oL4SGg6naaskht2giX/Rt6ry8ivnLEg4fPQEHvG1Xx9quhaB4r8NQ6fdWXiiOGTQVkunWa4jmjM0chAVgoMeGxnjPJq82ifG+OPfceAreVs4CJrC5J/unKCidXFw1s/mefTw+WJWc1qfI/g3/gnJ8XLrRtY8b/Fv4n2Gu/EnWNZsryXxDI8xhSKCTzGhUYB8tz8m0AbU4GGO4euJ8C/jtpX7M0PwT8NeOfD0GtvfWk2u6/d2VxIdU8q6WecyYcEGYKVx0QNj5sV6LfeMPG+jTC21n4ey7ySPLtNWtpWOOqlQ2f0qGT4h6iCQfBOoIw52yXVqD/vAGWtZ4zH1UlJbeSsKGCyWhJuLV3u7nH/tNfA74g/tj+CofhB8X/GNpofge4uoZfEnhzwvE7Ta7DGwcJ9rlIK2zso8xIkRpFyu8DOdj4rfCvxF4j+Dc/wn+E/xY1f4dSrYx2ml6z4ZtoHlsI0AURhJ0ZcbRtGMEdmB5q//AMLKnmtby8a10+yj06AzX39pa9bxmCIdWlVNzKg7sRgVkWHxnstb8EXPxJ0vUvD8ugWMcsl9qi6hO8cCR7txciEYGFJz6c9OaUauMkk2X7PLYRaVtfU4X9iT9jfw5+xt8P8AU/DcfjS/8V6/4h1qXVfFHjDWIgt5qt0/HmHBOFVQAq5OMscktVr9of8AY/8Ahn+0J8RvBnxP8USX0eoeC5rt7OO0dVjuluIhG4YFSSuAD8pB6jPJrvPDfiXWvFOoNYWN7oJkSBLgrbvPMGt5ATFvJEZZWAODjHBHOKyvjL8U9X+CnhWHxXrml2eoLd65p+k2dlaXBt5Jbi8uo7aJS8m5QN8q59qiVXFRr89/eCMMB7BQUfdXf7zyfV/+CZX7MOt/Ce8+CLeD57Xw7qGt/wBs3dnYXbRM2of3pX5YPyehxgkYxVuw/wCCb/wjs9AvPD+leMvGunm/06awur/TvEbx3EltLGY3TftIKlSBjHYdMV6ra+MfjC3zt8FoAfT/AISeP/vk5iFXrLxr8VfMC3HwYIGeseuRN/wE8Cl9axiXxOzKWEwLldQV/Q8Utv8Aglf8KNF8M6Lpvwm8Taz4W8QeG5I28P8Ai+wkQ3tqFXYwb5QtxE6fK8cmVYDt1rtf22P2Z/2ofjL+zQPgf+zr8WNG8Kax4jj/ALP8Y+Nr2ymaeLTmiKz2sMEZ2pNLgpuLDakjYIIBr2rwb4j8Q3cb3Os+CX02KJC0k91fxsiqOS4K5wAMkk9ACa5nwt+0R45+K/h1PGXwz+G8cvh2+mdvD2r32oADVrL/AJZvIijKwyj5o9xDFCrYwwpTxuLnadRuVtr6mP1LDVJulTSV99bHgv7J/wDwTt+IH7HfwE039nz4TfGzWYdM04yS/aGtbfMs8hzKGRkZVUkDCjoFHOcmuq+In7L37SfxI8Aar8NvEX7SWvT6XrVnJaapYy2toY7qB0KMmfKDBSDjCkV6zdePfjTFC0934b0e2CrngSuT/skHHP51i6h8afGun2banfeK9Ftre1R5NTnTTd4tI0wGMm+RQMEgc4wSKz+vYycuflu79kdn1DDU6ahpZaWuz5/8Ffsbft1/B7wnbeAvh3+2v4mj0fTrWO10mwv7CxvUsoEUKkKmaAvtVQAAWPAAr3f9lL9mfVvhJpmq+LviV4zvPFHjPxJeC517xHqIUSTFVCpCqr8sUSKPlRcKNzYArUi8beLtR1W50O1+LlmNQsHgGoWq+Hof3YmBMaHdISCcZHX6CvRdM0nxFaacp1DxfLeSYyZDZRRj/dIVeKdXGV6kOWokr66JIiOCoUWp0/lrJ/meTftW/AX4q/FnTtOk+C/xF0zwxrFv59rdarqWnNcgWU4TzVjVSMTAxoUY8LzVb9iz9jT4f/sW+EdY07w3q11rPiDxTqP2/wAV+JNQwJr2fB2hAOEiTLbV5+8SSc8dxpt/4z8cWd34g8K+LLNdNjnkhsrl7MSiYxsVfeQwBXeGAx1Az3rOubP4vmUsvjTS2HbfpDj/AICcS10UMVilR9kk+X5f5mWIy2i6yqTqRUvO+n4HoNrf2lkrLaRogZyzCNQAWPUNjvT31/YPv/Xn/wAdNebtD8YIyVPiHRHPvp8q/wDAT85qCST41xoBHceH5Tnusy5/2T1rZ4qS3gzn+oUXtWh97/yO/wDEtp4d8Z6NNoHinRbHU7C5G25sdSs454ZR6Mjgqw+oqv4a0vw74O0waB4V0Gx020QDbbWFpHCi4GApVABwOK4OfUfjvGg+zaP4bkI65vp1H+6f3ZrNbXv2pijrB4O8HZH+rZtZuOfZv3PFT9f/ALkv/AWXHKITelen/wCBo9Qt7fT7Vbr7HZxJ9rnaa52IAJXKhS+O5IAGT6VQ8E+C/AXw3tbmLwD4N0fQor24ae6j0fS4rWOWYjmZliVQznjLHk+teZPq37YrYWHwv4HHc51W5/75P7qmSa1+2NEzOfCHgtxj5FTV5xz/AHTmKpeYu9lTn/4CzZZBTbv9Zo/+Bo4fwf8A8EwfCfj/APaRv/2tv2wfGaeO/Ea3r/8ACLeHraF4NJ0W2Vj5KlC26eYDksx27mJC9DVr4qf8E7pfif8AtZ+E/jp4l+PWu3HhPwbdJqOhfDpoENpDqCBgsrS53Mo3Z2EHkDniuh1DxT+3SLdRpfgbwR5n/LQSeIJ8Ef3T+5rPTxj/AMFBoZ+Pht8PZY88eZ4guVb/AHhiAin/AGlVnK8qc/L3dhR4fwtGNliaXf41qz6CXMQ+7jHv/wCOmuS+Mvxg8GfBbwNefEHx1rCWllZxE5LfNK+PliA/iZjwAOa8wuvEX/BQXXLZ7K18K/DPRHY/Lezane3ZT2ZBEgP51S8E/sm6zrPi+D4j/tQ/Embx1rFlP5ulWH2QW+mae39zyMnc2e7E/SuadbFVvdoUmm+rVkjqoYTKMM/aYzExcV9mF5Sl5J2svVvQz/2KPhP4u1HxP4r/AGv/AIu2ssHiX4hSRppem3K4fStGj5txGv8AC7ffYYznANfRKFB82OnbP/jpquoRAFQcdv8A4k08MQMf5/3TXr4XDrDUFTTv3fd9WfM5xmVXN8wniZrlvZJLaMVpFL0RYD5O5B9Rj/x4Ux5Ao5bn6/8AjppoYlev6f8Ajwpsj7uQvTp/8Sa6XfqeXre7LJQHkcH1x/48KYTk5P8AP/x006Q9v8/7pqN+ThR7Zz/48KHuUB2fxc/j/wCOmgNHnKrj8P8Ax4UmwZHPX/O00ck8fz/8dNIaVxdm8YDH8/8Ax00hjOdpGf8AP3TTk+7/APW/8eFKcOME9Ohz/wCOmpTfcNCIBgfmP6/+OmnIw3Yz+v8A46aXyj1bv15/8dNNCsH5XgHnH/oJqhEn+ev/AI6aCcDJ/n/46aAQeM/r/wCOmg/55/8AHTQAoG47t34bv/HTUWoWEeoWxt5XwOq+x/umpFGBwxHPr/46akjWQnBzjHp/48KzrUqdek6c1dPcqMnCXMjP0nVjbudK1k+VInyxzP8AdcdlJ/r0qP4g/CrwD8XfCtx4I+JXhi11fSL0Zms7tNyPwcBj1BGTgjkZrTuNNtb6HybmFXX1I/8AHgadp3hi/g/d6Tq8kSH+Bl3KD/eFfGVsFmeXr2dlVpLZ3Skl530fqd8alOotdzjfg/8AsZfszfBPX/8AhMPhv8JtLsdbMXlDW599zepF/wA8lnnZ5ETp8isF9q9F8WeCPDPjvSF0XxjolrqNukyTwpdQhjDMhygZjykinlXUhlPIIqGXSvEgG1vFkMbAcbYhkn+8Bmok0LxnyzeO4xnt5Q/75OT/AI1wSzWTlqr/APb8f8ylBLYbH8HfA9740n+Iuu6aNT1q4ihibUNRCyyKsQwiZK/Ljrx1JJ71k/tJfs+eEP2mPB2keA/Gt5dQ2emeLdO1xWtCoZ5LSQuqZIPytkqfYmup0zRvEUERivfFU1wxJIKQqAP9k1ck0bUmAH9pXPHfYv8A3yapZvh6bvK9/k/1FyrZltokYli3X3/8dNY3i3wlpXiy90r+17dJRpeswalbBzkCaJZFQMOhxvJHoQD2rRGlXYTZJqVwMDqQo/4Cazn8MM7F7jxVeAknrLGMf7J5qf7aw3SLCUW1Y2RHBtwcH1+b/wAdNeK+M/2Fv2ZfHXxE8VfEjxf4GW9uvGWnJp/iWxlvpFs9Rt1C/vPIVgjZKqTkckZr1E+HdOVPLl8W3B473qD/AICearXXhPw3Jkz+Lpk/7iqgf7p5q4cRUqPwxf4f5idKUlYzPAnwn+D/AMJPAL/Cr4W+A9G8PeHZIJIpNF0a0SC3kV12vuRAAxZeCxyTxzxXM/s+fssfAn9mBdXT4N6BPp8et3a3F3Hc6pNchCAQIh5rN5aDcflXA5+ldfL4L8GLw3xBlT2/tZP++TVeTwZ4NjYFPiZP7Y1OM/8AATW8eLKKWtOWvp/mZPDVDo3urV1xIUPru5/4CaH1KIjaJBz/AJ2muXk8NeG4ziL4pTD/ALf4jj/ZPFCaLoqfMvxOdgvXdcQf99D5a0jxThWrcj+9f5i+q1mdPJfxsPLMg/A/+OmiO4hA4YD6H/x01zVho3h6Pe198Vmk3H5VN3ANo/unC1cXTvAoXbJ8R3OBxjUFyf8AZOBVLiektVSb+cf8ynhK3Y3UuIiQVYD8f/HTUn2qPd1HH+1/46a5y2tfA0RYjxzNJk9rhjj/AGTgVMtv4JIzH4iu3+jy/wDfJ4rN8X1LXjhJv0sH1Kp1v9xnePfg/wDDX4kRSWnjHw5DeQXKGO5t5JGEU6k87kBw/wCNReH/ANm/4BeDvh5q/wANfBHwm8PaJp2uWLWuqJpWmRwPcxkEEM6ANnk4OeprUuLPwZNtH9t6kMf3DL/3yeKz7zSvCmC0fijW/oHl/wC+TxXmYvjPMIJqGBqd90kXDBK93f7jZ0PQtL8LeH7Lw5odpHbWOnWkdta28YwsUUahVT8ABWNrWsJrLNpGmSERAkXFyvf1jHrWWg0W1Elm3ibU7hZDxHfzMB/udBx9a0ra3ijjEcEYVB90KeMf3TXLkXtOLG/rDjSin71NTTqPXaSXwxfXvtc6KspYNaRd+j2/UdZWUFjbrb2sYVUHA/o3vVj/AD1/8dNNQ7eCPYf/ABJp4XIO78Of/HTX6nTpU6NJU6aslokuh5bk5NtsT/PX/wAdNMJPODj8f/HTT/8APX/x00hUHhh/n+6afqJ36DWY4wG/H/2U05Tkc/z/APHTQIweBn8//HTSFAB1/X/x01VkK7Hf56/+OmoyxUcH9f8Ax00M4ycn/P8AdNNZwRgD9P8Ax4UydxryEfKR+v8A46aztNjjXW5sDB+zZHPH3j8pq8wJBOfpz/46ap2BC63cIvUWy45/2j8pryMyUfrOHb/n/wDbWdFB+5NeX6o095zu/kf/AB008NyB2+v/AI6ahaTb8uc/5+6aQ3EUOWmfCjuT/wCOmvTq16dCm5zlZLuYKLb0LcbZO0t+Of8Ax01Df61a6dETJJuY8KinLH/ZIqlJfXNwf9HHlxleH/iP+yR2pltp9vbkvCgLO2Wdjlj/ALJNeRPGZjj1y4SPJH+ea/8ASV19XZGnLCn8X3DludT1CHn/AEVD75cj+6fSnQWkFsCUBZm6u5yx/wBkmn/56f8Ajwo/z1/8dNa4fJ8NSl7Sq3Un3k729FsvkiJVJS0WiE25G0jP+fumjauMY/X/AMdNC9O/4n/x00v+ev8A46a9XlRknYzfEnh3RPF+hXfhfxFpcV5YX9u8F7azruSWNhhlI9wa/Ib/AIKB/wDBObx3+y94guvHvw70271fwJcys8NxDGZJdMBOd+AMhR0D9D3xiv2Glb5iB/n/AGTVLU7Cz1G0eyvrSOeKQFZIZUDK4P8AEFPBFeBnnD2DzukufSa2kvyfkfqHhn4pZ54bZk6uF9+hP+JTb0l5rtJdH8mfzv8A9oRq2C4PHX/2U1JHfhuM/r/46a/Xj43/APBIP9lD4wavL4i03Rr7wvfTszzSaBMEidj2aJgVH/AQK8sb/ggn8NDI/wBm+O2vAE/KJLCI/wDATjFfnVTgnOqU7RipLumv1P7Pyv6SPhzjsNGpXqyoy6xlCTt84ppn5wLfKfmX+X/jwpTfjuenp/6Ca/R6T/ggp4D48r49atwOS2np/wB8nmqsv/BBrQVJNv8AHq79g+lg/wDAhzRHg/PVvBfej1V4+eGFTRY5L1hP/wCRPzokv8429T7/APjprpvD/wAcvjH4ZtI9O8P/ABS1+yt4V2xW9rrEyIg/uFVbAHtX3PJ/wQeXefs/x7A9N2lH/vk/NUf/AA4X1phug/aDtP8AgWjv/wB8n5q9DC8O57hn7sWvR/8ABOLHeMfhNj4JYjGU5pbKUJO33xZ8bQ/tL/H0oyv8XvEbhuu/WZj/AMCHzU2f46/F/UFC3/xE1mYAY/eajIf+Anmvs4f8EHPFcZwP2hdNx/2CJP8Avk/NUkX/AAQh8VD7/wC0NpvI7aPJ/wB8n5q9BZLnklZxf3r/ADPJXin4NQ+HEUV6Un+kD4o8OfFDx74a8WWPjzRPFV5ba1ps/m2eorMfMjJGCpPcEcEHrV34g/Fbx/8AF3xPP4t+I3iS51K/mGDNO+cDOdnoBnsK+14v+CFepwANL+0JaEAc7dGf/vk/PUyf8EPrxAA3x4h68lNHbkeq5en/AGFnFrcn4r/Ma8XvCj6zHELGQU0rXVOd7dr8l7HwGu9WILke4b/x01oW3iDXrXwxe+D4NZvF0q8uFuL3T1uXEM8ijCl487WI5wSMivvmH/gh9Zuubj48vk910ccf7J+erKf8EPtDVCh+OtwxPc6UB/wE/NVf2BmrXw/iv8zWr42eFtVctTGKVnfWE3qtn8J8AaT4o1nw+y3GkahNbyD7rwzFSP8AZOKoeMPGvizxUQviDxDeXqqeFubp3x/snJr9CZv+CG1i6bIvjvJj1OlD/vk/NWbe/wDBCK4lJa2+PijPQPpf/jp+asJcOZtJv3PxX+Z3Q8b/AAn51Uli48/d053+/lPzq3Y+UDHfp/48KCp27Sfp/wDEmv0Gm/4ILeLQCbP4+WLHHHmacw/4EKrSf8EGviQB+6+OOjn0JsnH/AhXHLhrOE/4f4r/ADPZpePPhbKOuYR/8Bn/APInwCyuepz+P/jpppDZH+H/AI8K++j/AMEIPifu2n426N+Fs/8A3yeKE/4IR/EgH998bdJx/s2j/wDfJrN8NZzf+F+K/wAy348eFX/Qxj/4DP8A+RPgSTgcN/n+6aW007UtXvItM0eylubqdwkMEKFndj02gck57V+hmjf8EItQadT4k+O8axk/OLPS8nH90kmvpv8AZm/4Jxfs6/sz3Ka74f0FtX1tU41jVlEkieqYxhPw5966MLwjmleqlVShHvdN/cfL8S/SW8PspwUpZdOWJrfZjGLUb+cpJaeibPEv+CXX/BN2f4QrD8e/jbpSnxFcQ50jTJUz9gRu756OR+VfdGp6ZpPiDTJdC1/S7e9s51xPa3UQkRvRSD39D1pyxgMOTkHpj/x4VJuAIBGD65/8dNfo2DwGGy/CqhSWi/H1P4W4s4zzvjTPZ5rmE/3ktktFBdIx7Jfjuea6r4B+KHwxZ9W+EmptrukJzJ4S1WUebCP+eEdwee3+rkyD2YVq/Db4x+EfiJJNptq8thrNlgajoGqJ5N7akj+OM8kejLlWAyDiu1BABIPP+fmFc38RPhD4H+J8UU3iKxkhv7YH7BrenSmC9sm67POXkc/wnKnuDQ6MoO9P7n/X/APPjjqOKXLilr0kv/bl19VqdGiq/IXH1/8AQTThGAcBuPXP/jpryuHxT8XPggotPiJYTeLvDkfA8R6TZYvbNP8An4kt1z5n/XSIdjlB1r0Xwr4u8M+N9Hi1/wAJa1b39pMuUmtpQw+hx0PqDyMc04zi9HuRWwtWj7/xRe0lqv8AgPyZZvNH0rU4zBqWnQ3CYxtnhVx/ukEVzF/8CPhbeXAu7bwslhcZJFxpMr2jg+jGIrzXYf56/wDjppC+BkDp7f8AjwqnShLdEQxOIpfBJr5nAr8KPHOhs7eC/j54otwTkW+rvDqEQ9186Mvj6MPrVL4IfED4meIPjL45+HHxLvtLvJPDFjpjWF/pmnG289LgTOX2F2+YbQODj869IOAAfX2/8eFeXfChQn7X3xSweG0DQD1/2J/lNS0qcoqPf9Drp1pYnD11USbULp2V780evzPY4prmBtofcPQn/wAdNWob6ORQN2D3yf8Ax01VZgeB+ef/AB01FJIFIYEfn/46a7YzaPmpRuawkXoT+Gf/AB00jy7AGVsfQ4/4Cay4r2WPqc/j/wCOmrC3izgBjz9f/HTWqmmZ8rJn1CSUbXhDYP3g3P8AumhLi5ibMYB4+655/wB00saIBkc8dx/48KeF53Afr/46aVwjuINWlXm4syPdW/8AHTTxqFnPhS+0nsxx/wABNHlqy4Yfr/46aV7OGX5WQHHt/wCOmkzRbg0QcADnHcHt/dNeIft2+MdW0v4faD8HvDF69rqnxJ8SxaClzC2JILRlaS6DHs3lrsBHTzK9sSweJt9rOykH7ueD/smvlH/gol4lfwV+0X+z14p1s+Xp8XjG7t55hnaryxxIob9a8zM5+zwcnfey+92PrODcNHF5/Si9eVTkl3cISlFfekfT/wAOfCnh3wT4asPCXhywitbHTLSOC1hhXAVFGAn5Cvhz/gtp+3VonhvS7H9hTwFqwk1bxR4a1nxB8QmtmybLw7p+m3V0yZU8G5khWMj/AJ5k9d9fc1lIZrVCj8OM8nn/AHTX4hf8FS/2RPil+zH+0v8AGf8Aap+JvxEGvWvxQ+HHiOz8NXHlsJbIPHbQrAm7AwsJkA29hRgY05VUnstjy81+tujKpu27yf5v5sxvAv7VH7ZHhzwL8N/FOuftVfEizD+DNNu7ae7vJhZwSLYxAxCXaVGcn5CD8qegr7m/4JJ/8FDf2jfjf8dPEXwl+JHxctvGuk2PhAajbs9nH9pguBMi/NKioXUhiMEEfLX5j6D4z+NOm+HfCvgTw78RvFrJCNM0+GWyFvNbW7NpcpEYVoy0bFgw5ODxz1r6t/4JgfEH9s3/AIXj4l8RfDTTdE17WYfBSxNpPj6zbTSuXU7SbRDskzjIYkFT9K+vzPDUI4KTdNbKz67nwOSPEyzuC55O7d1fTYw/hn+2d8Tfi58bfjPq/wATP+Ci+veDbq0+K+p2eh+Gf+Ert7G3gsUmZY4wskDgIoVQACOecGrvxo/bx+Ifwb8K6X4y8Jf8FAtb8RsfEAt77T7TxjBcq8CwtI6kJbdeMc4+vNZvxi8KfFzwd8SdY8Z/FP8A4II/DnVdS1O8l1HUNZ8Ja/f3K3c0rF5N5gDHcSSSCAeTxXlHxK8b+Cfj1NB+zX8Ef+CSnhbQvHlxqUb3F1balqE9zo/lECVpE+R4hmRFYuQAG9xXz/7uTty6f9u/53Pt6jnS9zr6S/yPqX4nftCfFH4maH4u8TT/ABWsrzwp4h8OrHoSSXEc1yqXGnCWSISxYkjlYKgDMoVpIzgj5q8c/ZR/bXvtV+Ffgvwnp/ie58U2niLxBJYeM9MsodjWun29jMkcSsQNzXDwoUJVh5kg5yxrp/iD4i+JX7P37NMK/Fz9lTwrocus6Y/hzWLzSdSvIdQ0nTrVA/2u8tN7pIpQh4ZCzFAHUhcEVxP7Inwj8C/t2/Du9+Fn7LHh6ODxxc2cej6trKXQsotU0zyPLS4uoht8m4ilUSCWPDZIPXFYxUHGStpp/Wn3nXJN1Er2dne57L+z9/wVB8G/BLwHrvxj8X6nq3jPxTex6D4c8N6Hc6fLa3cjYCrGInXdH5b3EhcnHzAjJzX0l/wUv8Y/HfX9D+Hvwf8A2YvhZ/wkXj/xD8Q9MvNJiuY2+w2H9nyC/e4uXGNsS+QoJyCd3Br5T8cfsW+LNX/4Lc/D39np7fRrq38N+HbLxd4g0jTtW8yS+uoJHfdIpyTJ5qxOxcj5CpJr77/bI/Zs8d/Hz4ZS/DbxF+xHqPjGI3Ilgl0/4pWuhuhAIw0ySrKOuCBjI/KuSr7L2im4vXX/ACKVZ+ycXNf1uYf7MGnft9+FtZ1fX/26PjF8J57G5tIl03QvB2mSWpsJQ2XaS5uLhjLlcjG0Adc9K9ch/aA/Z9s78aZd/HLwXHdbSfsjeLbHziAMlTH5u44HtX5reNv+CK0Oh6FqPjXxX/wSR0k6dpVnLeajd+IP2qpJEhgjUvJIQ1vMThQSee1dP/wQ+/Z1/Yf+OWnfEr9pLwJ+xH4O8HLomvL4W8Pmx1STWTKhshJeF7iZV5LTRKCiKRsyD82KzqYWMoupf7kv/kkXSxtTSEEvm23+R7p+058VPi7/AMFGPhL4m+DX/BPLx9oMXhOOCWz8T/EK4vZIotalKYbSrCREZtnzAT3G3GGWNN2ZCPHfgb/wU8/bn/YU07TvhN/wUt/ZO1HVdA0q3jstN+IPgeyRykEahELxxD7POAoH3PIfj/VkjB7tv+CHv7KHgW8e/wDgV8RvHXw6ZWaVItE8SN5ETEklTGwGB7EngDniuS8b6D+1R+zmbXQvhN/wUq8O+MHu761t08GePfDa3dxdRSzrGyZVm3bUYtk+graEMP7L2aSkn6p/ectT62p+0k7Pyd19x6D8dv8AgsD+yt8WNC8Ka1+y58Rz4n/szWhqXjXR4bCaG7sdPjicZeN1U7hK8bbRnmPueK+NvGP7dfjj4w+K2+H3gvwj4qP9tw+J9P06N9OYJrF2yMbBN2NszRyJBujySu4HB2kV9if8FDfEdp+x3ongDxz8Pv2f/Bsdxqmt/wDFb65B4ft7fK7BI0CTKodBI+7ad3HTvXytqv7YHgHxnp+ifD7TdTtfAGheIfidfal4X1S5iCarp9xdhNqb1AVIDKjRuyhXIdG5CZrowlClyNRg359v66HNi8RiFpKdn+ZJ8M/+CiniDRdU1Pxd4q8L60kniC3Sa01HUbVlhumtruHzg0mMMQuCgHXzCeACK+xvjX+37ZftB6z4e/Y+/ZL8Y2tz4z8ay+R4g16C5VIfC+nFSZpJpGIHnlQwRVyQfQ4r4E1b40aF+098F/hN+xxCLc+MI/iumk61Pp9zG8UFrKYo1UyIc7WEkx2j5cnHVa+/v2kf+CSX7FGl/BzxBf6V8FrSyezsvtX2mwkZZh5KgspJJG5gvXHWnVweEqVIua5X+D/4B34PF4inQcE79n1+R9B/FD/gnX4d8V/swf8ACkvhf8VvE3hPWtP02FfDnijTNXlBtJ4VXyS8QbZJFlRuTHzZJOSc15F+xf8AtpW3xjGrfAb49XWmeHvjJ4EvW0vxp4enu1hF5NGMqCHwZbeZNsq7clQ+COMnw74Kfsv/ALVPgL9ne7+PH7Ov7dnxB+HegWOmale23h3Vni1q32WwcqpS5XYits42rnBzzXX/ALAX7LnwY/a7+GPgz/god+1R8M9G8afF3xHYJc33irU7QDabeeRIYxboRANoQYby93TngVNalJOztp1X5dDOE7tucr32T3PspbdHQOOQR2HX/aFH2RFGdv5f+gmrTdcEAc9AeB/smkKArtz+v/jprNKS3Mm7lM2oHy44/wA/KaaYQp2EcfX/AMdNW3jA6Hr7/wDjppmxVbn8x/6CaqwXK/lMoxj9f/HTTdq4xj9f/HTU7oGHA/X/AMdNRuABgD8c/wDjpppK90S9WReUi8kZ/wA/dNNKKTkj9f8Ax01Lg4z/AF/8dNMcjOQf8/3hVrVGcnbZjWQHp/n/AGTTTFuGCf1/8dNKdz8RuPz/APHTSkFRnv8A5+U0GTIWQxvksOnr/wCOmkDhuQefr/46aldQ/wAo6+uf/HTUUiMhyccd/wD2U1a2MGKGLHp09/8Ax005mIG0d/f/AMdNRxt82Sf1/wDHTUi8gY/l/wCPCmTbWxdJAGSf1/8AHTUD/e/+v/46alkBIwHx/n7pqM7WP3T/AJ/hNBoMY4H/ANf/AMdNIHycY/X/AMdNO2q3GD/31/46aayEdP5/+Omi6CzHR7+CBkY55/8AHTUn+ev/AI6ajiRgcn+f/jpqT/PX/wAdNKyEKpwef5/+OmmFckjP+f7ppQqg47/X/wAdNABXvx9f/HTTACduB/X/AMdNL/nr/wCOmkCk8ZHt/wDEmlz82AD/AJ/hNADkUbirE+2D/wCOmp1XaAe3+eDUUZGefoTn/wAdNPDdm6H/ADtNJjsTJjIG7aB1OegH8Jp8TyX8aMsjpBj7inDSezHsPQd6p7/tVx9ifoqbpVB+9ngKf5mtBG2/K/fvn/x018zGguI8XP2muGpvlte3PNb3t9mO1urv0R0SboRX8z/ARLC0TBWyjH4Z/wCAmpEtbP7/ANhjb6D/AMdNCy7emD/n7pp6h5MIrcnpz/46eK9hZBk0F7uHgv8At1f5GHt6re7+8PsdtM2G0xT9JSMf7JobRtGbmbTxj/rq3/fJ5r4C/aB/4LHRfAb4rat8JPFOq+JdI1XSr6S3eIfAua6SQKSFj80amomQjBDhBkEcV88+L/8AgtD8Y/iF4mn8NeBP2xdT0wmTZ9lT9mmYyp04bZcyEdxz6flxPJ8K52p0Yr/t3/JHRGrKMb3P2UtfAWhTxLcDR0wwyCXJ/wCAnmpD8PvDkfDaHb/jGD/wE18E/syft9fGvxB8JIrjxR+2LoNtbadmGTVvEfwIvrELjGWlka+RAeckkDr0rzaL/gqt+3rrvir4wL8KvjJ8FvGOg/CrUdChs9T0/wAL3ir4j/tWbyILaLy7hyJRMyoQTgHOSOlTHKedtRjH+vUqVdwim2z9P/8AhBPDY66LbD/tkv8A3yeKbN4L0NUyulQAD/pmP++TxX51eIv2zP8Agv8A+DvBl98RfEv7GfwtisNNt2nvLV7+X7WsajJUxJcuxOOcDn2r7E/Zm/bT+H/xp/YZ0L9tHx1qFl4Y0e50B77xA97dBYNOmhLJcJvbHyrIjhe5GBjJqK+V+wgpSgrbaWf5FU6zm7Xeh6BqPhjQrVcyWFsuem5VGf8AZOaz5vDml/d/s+HA/wCmY/75PFfO37PPjP4uf8FJ/gL8V/iZZTal4O0XxHeiw+EVxJE0F1a29oN0V7cKcENLcHzMHjy0RSOtdn+w/wDtKa7+0L8Mr/R/iho6aN8SPAuqNoPxI8P9Da6jGBwwIybedMTRN0KtjkqatZdCmruKH7a7tc9Qbw/pZOfsEX/fA/75NC+H9LjGFsYfwQf98nitWRV+45wT7/8Ajppwt8qAFGPr/wCOmrjh6CXwr7iJTm+pmx6RZRD5LWP8FH/fJqSPT4gcCFR9F/8AHTXI/tK/Hv4e/ssfA/xF8ePinqTWuieG7Brm7dE3O/IVIVX+OR3ZUVe7MK+Xfh9/wUi/ah8I/tJfDb4dftgfsu2Hgjwn8aIpF+H+rWetm6urS5EYmhaVCoWOSSMg7VJwSRnIrro4aFrxivuMZ1nFpNn2qLZFGAoH+fump7azRhtIHt/8Sadqjw6bZSajdsEiiUu7M3AA6qa/PX4i/wDBS39rHUrjXv2yv2d/AWna38A/hp4hk0jxbYyrjUvEEERC3gJwflgJyFJG9UbrnFdCjGC1CKnUk1HVn6FyWAKkY/T/AMdNZ19BAr+S7AMRkLkZP+ya4/4nftUfC7wZ+zBa/tQaTrEepaBrOjQX/hySFxnUFnjDwx/U7hn0GTXyL4B8FftyJ4A8Rf8ABTy38U3Gp3FmDOvw3MRK6ro6n/SIwx5jZUBaPA5KEmtlhpTg5W0X4+hl9YhGahfV6n2jqWmRXKlHiBBHI/8AZTWVaX1x4dmFteOWtXICMTzGf7p9qofs7ftA/Cv9qv4P6X8avg54mi1HSNSi+dFI86znH31KdY5EPBB9iMg5ro9W0xLuB4ZUBBGME/8Ajpr5nN8ip4l/WMOlDEQ+GaWt+z7xezTPVw2JVuSesWXomSUB1fcMZBB/8dNP2jfnPH0/8eFcJ4X8dxaL4lk8B65dhZk5t1duXjPRT34/pXd5BAOc++P/AB4Vvw/xBh88w8rLlq03y1I9YyW/y6rujHG4KpgqiT+F6p90Lgdj39f/AB00o2lee3v/AOOmmF1HBb9f/HTSGYE4J/T9DXv8yOLREwIJwP5f+PCmMoIJI7+n/jwpnnj7vb6f+PCkaU92/X/x007oTVhroGJ/w/8AHhSRjYfmHt1/8dNPB3HOcfj/AOOmlULkE/5/2TRdCE2Iy4IPPv8A+Omsm1OPEl6hwNkEQOW4GS3ymt6NBs559MD3+8K5e1uLe98Za1aJIrm2+zqwB5GVY7hXzXEVTEqvhI4e3PKel9tISb2OjD2UZt9v1RpT3EnlFrdQ5zwWbAH+yfWoY7Z/ONyzl3IwxfsP7pHarAjZTnGfTP8A6EKcq7f4cfj/AOOmujC5TWnUVbHVPaTWy2hF+Uer83cxdaTVo6IasahAcY79f/HTT/8APX/x00uMHk/kf/HTRvwfvfmf/HTXvGaGqcjpj8f/AB00NJt7/r/46aUgjg/z/wDHTTAoK5z/AJ/umk20MR2fAO73xn/x00wu7DBY/n/46aeSAhB7+/8A46aYgBcA+vr/AOOmmIczbTgj9f8Ax00wxjqF4+v/AI6aldRkcfr/AOOmk/z1/wDHTVaNAiLaMYH+f9oU5SRxjn6/+OmnMu7v/n+6aUkAZ/p/48KVgukIdw6kfn/46aEiJ5Yfmf8Ax00q/OcA/wCf7pqdAMAkf5/ummkriciNLZAMMoz9f/HTThEA2EXjvz/46af/AJ6/+Omo0OHKg/Tn/wAdNPZBoOZDj5Wx+P8A46aQrJ/eP5/+Omn/AOev/jpo/wA9f/HTTKI5Ffbgnjvz/wCOmkUEHY4yPTP/AI6aerDG0tz35/8AHTQ2xMt6/wCdwpaIT2GgEDATjv8A/FCpEboT09M/+OmmqQeD39//AB00B1yT/T/x4UxXsiVMjkDI+v8A46alHB5HH1/8dNQLkYPr7/8Ajpp6Hb82c8ev/jpoWgm2yZfm7D/P8Jp3+en/AI8KjQ84zyen/wASaeu7+L+f/jpoDYRhx8o/8d/8eFNZADgj8j/46akyMZz+v/jpphY8g/z/APHTSuFyED5uVGPr/wCOmlUFDle/v/46aCc8k/r/AOOmjBI4GR65/wDHTRdCAjLbj/P/AMdNNcYHzHk+/wD46adtZQMrj8P/AB4UMPlyp5+n/jwqW7lQfURfUZOff/x00/qBg4/z9001cqOD+n/jwpyxsRn0/wA7TSNOazGuSWKDj6H/AMdNeeeN/gVZaprH/CcfDnxJc+FPEavua+09c291z9+W24Sdc9zhgeQwr0Mrzkg5+v8A46aayE4XGB/n5TWc6UZr3kdOHxtfDSvB6dVun6o88tfjnrHgvUx4f+O3hb+x84EXiSxzJpc5/v7z80DH0fjPRjXolre2WoWqXunXcU8Mi7o5YZAysp/hJHBqteaba6hBJZ3trHPDIpWSCeMMrA/wkHqK82uPgd4v+H95N4h/Z+8XLpfmPvn8M6vum06b1TA+aBj6qcf7Nc8vbUenMvx/4J6dN4HHaRfs59n8L9H9n56HqUowck/hu6f7Jry/4ZEf8Na/EzA66DoA4P8As3Hymr2n/tCafps66V8X/Dd54TvshPNvk3WMp/ufaQNnvhiDWV8GNSsvEX7SnxN1rSr6K5tjYaFFFcwSBo5MQTNtLDg/e/Wp9tTqThyvr+jOijhcRh6GI9pFr3N+nxR2ex7E7tu6/wCf7ppv+ev/AI6aRm2nBH6/+Ommq23t+v8A46a7L2PmrMf/AJ6/+OmgEjkfy/8AHhSAocY4P+flNL/nr/46apMmyJoruSJchs+27/x01Ygv89eOemP/AB4VRAJ4H8//AB00oJHQ/r/46armFymzBNHKevb1/wDHTVuNQ/TA/D/x4VgQ3LIQGfp0IP8A46avWuoSsoUH6c/+OmndD5TU2Kp2KnOf8qa8G/4KLfsw3/7U37OV94V8MuyeItGuV1Tw46PtJuY1b92G/hLqSAezbT2r29Lpict/P/x01Ikm/gnPvn/x01hiaMMTQlSlsz08px+JyjMKWMw7tOm018uj8mtH5M+Z/wDgnp+11bftB/DuTwj41Y2XjzwqVsfFmkXUZimSeP5N0kZAIDkZI7MSOmCfNv8AgrR8BoP2nPiR8D/gvcbxba54q1GPUFRtoa0j0u6eRSewLGMc16f+1D8F/gHrHxRh+IPgrxTqfhr4twwBbbUvBVktzdXEWMCWeEkJJD6GQqR/C1bnhrw78d7+107xH4x0Xw9f69plq6WV1K0kOxnXa+8APsZgB8qkgDjNeJRdfC1Em+Zx6/5+Z93jsJlmcUXisOvZRqb053Vm9+V7Sj2e/Rny/wCDP+Cbnizwf4r0rSbvTtITR7S2i/tDUdGR4p5mWNY90hHMmFMoBHOWHPFdf+xl+zJ45/Z++Pd3b3tm15okvh4W9tr9xG7XkjxyYUFiuGCqRtfrtwO1fRnhrQPjP4kjkTxPqNppUochYbGcXKsvozFQR9CK13+G/jHIFz4wuSCMZjRVI/2SRXfWzLE1aThLZo8ilw5lmGxKqQklKOv4ehI/h/VNFna9srqCYddjgkk/3SBXyL+zb+zb8Vfgl/wV9+KPx71f4Zz/APCvfib4bCp4qWUOsd4jWzbPL3F4ixiZc4IbYMnrX1uPhnqxAivPFeruB3S5K5/2TioLj4J6FezCXUtR1GXJyyzXjMD7NXBSrypKSXVWO6vl+HxHLzz1i7qyPEv+CqOofA2z+GFjpmp6VdSXWu6tFpWpXmg6KdQuYLC5+S5K+WwKBoyVJJHDGvEBcfs8fsFSWPxI/Zh+EN5qHjnw/wCELrRdH1K20a7li1qB2jMTzSACKKVRGdrPtTCEZJxn7ag+BvgayPnwyTxSdC0d2ykj0Yg1qQ+APD1uhiF1IUI5XfkEejetTDFqmrNN/O1zOWV4Zwtzt+bR+ff7If8AwTt8bfs//tD33/BT7xV+0X4z+J3jnVdNuF1K2TToBJAJ40DKQjhpxGiiLywwGFyBxx9n6V+07+0xqFnHqmmfCrUZLedA8Ut94dlj3qejAif+ldnJ4a8PRxGL7RIB/dV9o/3TgVUtIbDwlaPZ6J4kayhZy5he4GzJ6qVPTp2rb+0FOPvRuzBZPCnK1J6eaPmz/gqT8Xv2ufil/wAE4fi18PPA/wAJLj/hJtZ0KGw0yDQba7e7uYprmKK5jEZU5/0dpc4PC5PYmsv/AIJzfBX4xfsBf8E9fAnwG+EX7OV34t8RranVvGE83iCxsETUrrDyp+9kLv5YCRHC5+QdK+kdZ1XxF4lb+y9H8S6DecHzI7id1OOflJQnH5Vyi/C/xva7v7O8EeGi7sSzxeMr+HPP3SPs5FV9ebpcnLpvuYvJMP7bndXldraHz58V/EH/AAUy+IvjCXXtS/ZlTR0tP+QZbaVryOqMPutKpnMUjA4PzIRx0NeS+Hfh3/wUk8MapZeIbr4Dx67qdpeQvLqmrWunSTGJWGSvliM78AAfMB9K+1rj4cfEpYTGPh7Yyev2b4jXKf8AATmzH8xUFl4M8cafkal8F9YkB+81t46guB/unzJIjVrM5QXLCiiXw/hJu88U36tW+483/a58c/GX9oL4GSeErj9jvxJqGq6mqpa22qafatb2bo+4yTK8rI2OT5ZYEg4DA1lfC7/gnn+zL/wqDw54u8a+G7bSfFmhq2r6bNd6Szmz1A2siMwg+bdb+bJvWPriNDxivb7TUL3Q4hFH8D/EiFOhWSzmx/sn/S81MvxJ1Av5Evws8ZwsD1XSIGX/AHTiY1yrMMfCHs6VFrXXU6f7EyyU7zrKT/rsfMXw4/4J0fs3La+Ff2ifg34Nfw54z8CzWWrRaSY5LZNav7UBpVjM4GzzW3/vsD+EkGvSPjf+2h+0/wDtH6Pf/s7/ALNH7Hfi7w5f+IIfsV141+Idgbaw061k3JKGjTJd8AhWLAfMCB0r1mT4heKLmP7Pb/D3xPj+HzNLt0/4Cd8wFVW134y6gRbaR4N1eNe5mlsIz/vB/tEgH/fs1dLH4+6c6Lb6Xdrf5iq5NljVo4hR9Nf0KH7Xfgf40eCf+Cbuo/Ar4NaBeeLfGl34cg8OwLp8EUCP5qCG4ncllWNAm8jvyvfJrZ/YM+GOofs+fscfD74O+PLm1s9Z0Lw7FDqlv9rUiGclncqw4OC2MiktPhx8U/FUAk8QeJLzTwf+Wf8Abpn/AAZIba2/9DNRH9k6w1FC+qeOriV2+8zWQlP+6ftLzY/DFW8Xj7NckdXfd/pcxjl+RR/iV5trTSC/Vo9ck8TeEoh+/wDFemJ/vahGMf7J5qB/G3gFTtk8e6KPrqsX/fJ+avKov2JfAkkhMvizUWJ7DT9PA/3T/o1WU/Yp+Gi8Sa1qDf8AbnY/98n/AEeoeJx/8sfvf+Q3hOHV/wAvKj/7dj/8kekP47+H5O3/AIT/AEL/AMG8P/fJ+amr428CTcJ460WT2TVoT/wE4auBg/Y1+FUZ+ae/b/tjaj/gQxBUrfsc/CQj97Bet/vGA/8AAT+6pxr45v4Y/e//AJEzeG4fX/Lyr/4DH/5I7weIvDcp/d+JdOb/AHb6M/8AAT81OOqaQ8eU1myPri7jP/AhzXms/wCxz8GwctaXZ9OIP++T+6qnL+xv8EyreZp14c/9PCD/AICcJxVqvjf5V97/APkSfqeQP/l7U/8AAI//ACR6i2o6cemp2uMdftSY/wB081Wn1zQkcxya7Zqf+vtP++TzXl0f7F3wIiz/AMSHUCT1I1mbn/ZODWVefsB/s6X9x58ugaoJM5wNbuB/wIfNTeIx3SEfvf8A8iOOA4efxV6iX+CP/wAme1W99aSjdbXMci+scgYf7pxTpGZx1/X/AMdNeCzfsM6L4IuH1r4H/EzxP4V1IYMTDVpbu0bH9+GUkEfTB961Ph18fPGHhbxtD8If2ktFg0vV7k7NF1+y/wCQfrBx/qgx5ilxz5bdeduRTpY6rGooYiHLfZrVff0+ZWI4foVqDq5bW9rZXcWuWdu6V2pL0d+6PZwAUyev1/8AHTTggOd/P4/+OmiNeOn/AI9/46amWEL3/wA/3TXrRWh8dNdiA2oPQ4/H/wAdNRnCkRZ5B9f/AB01aAJ4H8//AB00x4gx3Y/D/wBlNXymZIxyev6/+OmkIzwf5/8AjpppYj8QO/8A46aVST1/n/46ak1sxCqjqf1/8dNN/wA9f/HTTnYHgfz/APHTSAE8gfp/48KTVykALdAf1/8AHTT8qRw3P1/8dNNTGP8A6/8A46aOQxwP1/8AHTQthPVgWI64P4f+PCghs4z19/8Ax00bWPyk8fX/AMdNLwvJyfx/8dNJXZI2VmBClsD0/wDZTQsgYfMP1/8AHTSzRgjbj9P/AB00RqVGT0+v/jpp2AeN23KnjH97/wAdNODt93g47Z/8dNNXD5UEfn/46alSPlf15/8AHTWdZSlTaW44uzRHp0RWW4YryZsHnqAOFP5mryMMAH8Sf/QTVOUra3Hmu/yTYGc9H7KfqKsAkdD+v/jprzeF5U1lUaH26bcZLzu3f53v8zXFxftebo9SyCnQnP0P/jppUbDAE9/X/wAdNQIzKfmH6f8AjpqRG5DSHge//jpr6J7HKfln/wAFQvDsVx/wU10OSbSrC6gutIsJJ4b67ljDkLINwEbDnAHPfFfn6+veGYv2uPFkc3g3wJbNPrlyEGp6pfsyhZMBNsZKiv0v/ao+IXwy+In/AAUrvNF1z4Q6F4iHg/TLeO61i/8AHumaf5UyxM6BI7tgx2tIN23n5Tnivzrg8Ca1bfHfxJ4l1f8AZh+HN7bXWvXksI1X436QHVGmYhSVv0BXB4OOlckWudq3Q3V+VO5+kH7IWk69F+wH4+8UfB/QYrzxBZXUl1ZaXoWg2uoxXUiRq3lhLldzFuBglfrXw3+ztD+1/cw/tJfEjSPDdpaeM/CHibwV4g1nwC+ii0ZzDq3miJYVIVG+UZXLAHHBxX6E/wDBHP4gwLpt78JZvh14K8LNdNJf2ll4W+IVlrJkIZBtIgmmKYUk5J59OK8J/wCCvv7D/wATPAPhP9pH47t4+uIrzx1418Fy+DodIuXjlBVrgypkhfM3MifIOAwPrUYCpBYmdOaXvNb+q0Kr0puKkntf0PqzQf8AgtB+wT8avhPd31j4+mh8WGz8m++GU2lzvr8d/jBgt7dY/wB82/5VKnBGCducVyv7Of7Hv7R/gL9k/R/CnxL/AGJo/H2ladr+oeI9C+HeseN47CC2e7na5WSaIIyzSoSCschIj3EYyK9r/bF/Z88Ua/4Z0P8AaN+G3hDR/wDhdvgNbS70TxA2lRNJqhjCLNEHUAmGZAyZ/wCWZwy1U8Yf8F3v2Kvh/wDspTftCfEjxU+h69Zs2nal8Nbo41qDWVX5rSKDG4tv6PjbtIY4ziuajWozTVGN1fXr91vXc0nzxd5dEeMab/wV2/by8JeN7r4P+Hv+CQV7BNo7rC+n6X4uHlwDHyoWS12AYx37ij9nj4gftmfG/wD4Kg6d8WvG/wCxNe/BGw1T4b3ln41mvvE0OoQ+JUhliNlvjjVTHNC8jqGPVHYHjit//gmZ+3x4C8V/szeMP2zf2u7u0+GWqeJ/GF5f3un+L3awFvZIiR2sQFwFaVTGg+ZQQzZx6V2H/BPL9qDVP27vid8SP2vNM0e8tPAiX0Hhf4bSX8LRvf2lqGkuZJgcfJLNKFHH/LHHaqqzpJSUadn1d2xKN2nzHqvxC/Zz+P3jX4saL410v9rzU9B8N6XcpNe+FNI8N2oXUQpyQ08u91VuhC49sV635SIu2TBx7/8Ajpryj9qTwD8bPiXF4PHwR+Lj+EZtH8Z2eoa9IIBINR06PcJoVH+3lfyr0pbxggVjk47n/wAdNcqk2tjVQUdUfE3/AAcFXH2b9gyzuLlf+JZF8VPCkmuKR8rWY1SIuG9Vztz9K2f+DhWPTtE+AnwN+MunlFm8IfG3w5ewXUZHyRPIYmUn0IcCvZP26P2W9A/bZ/ZT8afs1eItU/s8eKNHeCz1Ly9/2K6UiSAyDvtlRDgc4zXxT8Tv2eP+CuP7aX7P/wAOf2Bf2hvg14P0TSvCPiHSJfFnxjt/GSXEWq2Gn3EbpsslQTLPJHGAyvxuycqDXdh6keTc468JOWnkfef7fvia48E/sXfE7xrpsjRz6b4B1W6geNsFSlq+GB+vNfGn7D3iDwR8M/8Ag3I0LxZrN1Alvd/D7Ub7UpJWGHlklmZ9/rycfhX3t8a/AnhT4vfDvU/gx4rSZ9F8TaBeaPqghcCTyJ4TEzAngNhiR7ivyRm/4N+f+CmX9k2f7Dul/tv+H5f2ZYtcWe6gYzQau2neeJZIEiVMFmGRgShCTkjGVqa9F4qgoxlbVX9DfB13hMQ6kk3p+J7R4U/4J0ftQ/FT/glN8AdG+B3xpsbOTRvD0Gpjwl4tsTLZSJOvmpGJI8SIF3nAORhu2Kt/Fz/gpx/wVl/Yg+Ccek/Fj9gf4V6zouiWENi+o6Hr99b2/l8RJvi2yYB4BBZa+xv2sP2t/gv+xD8KNF8J7VS5Fglj4Z8PWv3jFCgRE6HCqAozXz38efBfxI+Kn/BPnx38afjdZtbatrkdpPpmjMhX7DaLcxkbl7MV5Oea9JyvSUWtL6P+tzyJJRxEpR+Ld/10MH/glP8Asb/ErwJBc/tR+IvBtn8Kp/H08urah4D8I+J5tR0y8iuSJYzJb3UY+yum5iDFIW+fHA4r7Yu7TIJJ49j/AOOmp/DNvFY+F9NsYFwkNhCiAjoAgG4VNNEx6fz/APHTXz2JzCSg3UskuvkevTgraHy9+0b4Ov8AUf2ivD2t6fqc0LWenBv3Zxj96fmHr0P517h4Xk8Ya1pUd3HdWKjG1TLExJwOjYIqvqPwkg8a+MJ/GWoTNEsEa29rgZ3gElg348V2ul6LaaNZJp9qDsQYBJ5/3TX4Tw1wXxlV8TcXndSrKnl9ZNpRnZzdla8V23vvsfWZrmuBq5JRwiV6kPwvvqYsekeLdv7zULDP+zbP/wB9D5qbf6X4uEI+xz2LOTg7gwGP7prpGiUjB6+uf/HTSNGCpJPP1/8AHTX7g8mpuLSrVF/2+z5JTs9kcsmn+N0T5008nHJDv/3yeKRYPGoOZIbD/gMjf98niulIzwf5/wDjppjRjOMjHof/AEE1lLIYyVvrFX/wMftkvso58W/jIEh47L2+dv8Avk8Uht/Fu771p9MnH+8OK3j6MenT/wCJNRsNx4I/z/EKwnw1Gf8AzFVl/wBv/wDAH9Yt9lfcZqQ+JWh8uS+to/VkiJP+6c8VW0rwpo+h3V1f2luTdX0ge8uZHy8zDpu+mTwK2ZAB8p59x/6CaieNxjjt/lhXZl+Q4PBVlVcpVJraU5OTXpfRfJGVSvOSa2T7FdYxn74P4/8Ajpo8tyME8f5+U1K6AZT+v/jppCjEAE8fX/x017plqhiRgA85/H/x00BM9F6e3/jwqT/PX/x00rDHQ9fb/wAeFJ7DIWBPQ/r/AOOmoRtUnd/P/wAdNTvlPvD9f/HTUZwvXv7/APjpqUN2QzarggH9f/HTSGEggA8D3/8AHTT8ndtA/X/x00iOWHJ/Aj/x4VZm9RVOR/8AX/8AHTRsX0/X/wAdNImemOPr/wCOmlLAHB/n/wCOmgQMqldp6fX/AMdNNdflHuPX/wAdNOJwuSPwz/46aNpLYb8s/oaa3HqOhiWNBgn8T/46ak2tnDDH4/8AjppAMDA/l/48KkDIOWYdOP8A4k1dithCiqmSc56YP/jppioG4x9OP/HTUvmDbjdnj1/8dNMVgOT68/8AxJoDQb/nr/46aTcpO0/5/wBk09+uG/z/ALJppHY/z/8AHTS1GMaAHJUY/wA/eFIsZJ2Of1/8dNTb1K4PX/Pymkbb/D/P/wAdNHK2LQYygLwP1/8AHTSjacg9fr/46ac2CMEYPt/6CaDj0/X/AMdNMTADZlcZz7/+OmnL90f4/wDjppjSuONuc9ef/HTSg4ALg+3P/jpoJJM4bK/z/wDHTT0kcjgdO+P/AB4VH/nr/wCOmnxK2dw/n/46aBXQ8/d+U5yfT/x4Umxznnj/AD8wp8aLjmQZ+v8A46aUIM8sPz/8dNAyF41PDD8j/wCOmmoGUYH/AKF/46anZAO4P+fumkK/LtH8/wDx01LGrkJZgcFv8/3TSf56/wDjpqUxL1J/z/dNNMRxwP1/8dNSVdDP89f/AB01J/nr/wCOmlWIA5OePX/0E0//AD0/8eFAmyJs4wB+v/jpprc8gH/P8JqUxqTn/P8AumgDAIbp9f8Ax0001sK+hGFB5K/r/wCOmnqnYrx9f/HTTiGyMdPr/wCOmlAzwP5/+Omnoxpsq6vpum3OnzDUNMS8hCHzbd4w/mJjkqCOc+nevLvgDbeHLX4l/EOXwrp8drZyahp8cEMabFj22vKbf4SCcY9q9fjYgAKP1/8AHTXDfEL4I6n4g1CbxJ8MviLd+ENVuSpvZ7SyjuILkqCFaSFxhmGfvZzXDXpT9pGpBXt9/X/M97LcVRlQq4atPl50km7tKzT1Su9bdEdljHDdfc/+OmkGDxuH5/8AjpryMfBb9ra3wLX9rrTn29fP+HVsT/ukiUU7/hUP7ZaghP2ttDz/ALXw2i/75P7+tFOo/sP8P8xSyvDJ/wC9U38p/wDyB66VUtw/6/8Ajpp4XKYH8/8Ax015CPhf+2gOR+1n4eOP+qZxD/gJ/wBJpr/Db9tBDt/4ar8OfUfDWP8A75P+k1V6j+y/w/zI/s7CP/mKp/8Ak/8A8gevru3YHX6/+OmmsCDzjkev/jpryP8A4V5+2Ygw/wC1P4dPof8AhWsXH+yf9Ipp+H37ZWct+1P4fPsPhtEB/un/AEmq5qn8j/D/ADGsswj/AOYun/5P/wDIHrZJXgev+VNfP/7Qf/BTf4Afsr/FqD4R/FuHVLa4ntUuBf29sJIEViQN3O4dPSu1sfDH7VNmMal8cfCl96+Z4CeP/gJ2XdflF/wXOsvHdl+1Xpc3jHUrG8nbwnbAXGmWjQRsBLL8pRmYg9O5r5/iLMsZluAVahpK6WqutT9R8H+Ash4z4ueWZjUU6fs5y/dyaldWta8fPXQ/Zb4UfGr4bfGvwvb+Mfhf4ysdY064XKT2U4cA/wB04+6fY81yn7WPxt8RfDfQtL8CfDpQ/izxZd/Y9H+TPkLx5jSDvtBAHuR6V+MH/BN+7/4KAeFPiRa69+yn4G13ULWSZRqdrdxNHpVxFnkyO+EB9GB3A9K/VbRL/WviB+39o+n+OdIS0vPDfw8hvHsUuBNHBczt+82Nj5grcZ74rDAZ7iMywPv03Cd0r62d+qbPQ4u8Mcv4H4pcKWKhiKEYzqKPMnUjyrSNSK82tep7H8GPgdo/wt8Oi1jDXep3J83VtVuH3zXc5+8ZHPJ5zj2rN/ad/aL+E/7LXw7k8cfFHX5beKQmOys7OHfcXko/5ZKOg92YhR3Ir1O9lurTTJpdLtBcXKxMbe3aUIJHwdqlj90E8Z7V8B/thfss/twfE7VLv4u+H/AHw2t/EdrYyGXxl441qTVU0i3XLfZLOzMCW0YUc+ZKpJPfNexToxa5b2R+Z18zxVWq6srt/l/wDidE/wCCyXjmw1278TeEP2X9bvtBWRvMv21dvs6LySZJyhiL9OI2bHSvsn9jL9tqw/a6+AOqfGrSvhRrth/ZdxPElh5PmtqXlruESMAokDfdB6ZzX5mfsg/Er9jjxzfXnxD/AG9f2vtT8XeJ9DuPs+g/D/xxLb6fahg+0P8AZo38pUJOArvnByVHQff3wW/4KHXPxH0LxX4L/Zh+FHh3VLnwNp8K2dna68i2d27IxjhSeJWRRhcZwQK6a2FoqKtF6db6ficbzPFYhWqNPtp734F/WP28vjRBcyRaT/wTg+LdwithZJreKIN/tDhqr6X+2v8AtM6zeJbn/gmR8RY43YDzZtSRNo9GBg/rXzx4q/4K5/8ABZbTvH1l8PLD/gmfoen3eqX32TT5r7WpprZ5MM20zptTG1WOfY1qfs8f8FT/APgpp8Yv219W/Yh+JPgb4Z+C/EGgaTBqGq3Fr9p1GJY5QrLGCJEy21wfbBronQwMIXlTSsr/ABtv8GeZSx2YV6vLTqS/8At+LR9ufGC88SfD/wCCn/C4E+E+s6tLDZpcX3hvRm8y/t8rlk2spEhXuFAPBNeE+GP2s/Fni+zOo2P7GXxfit9pYzz6RFEmPRmKBR+JFWvin+1v+1r8L/27/hL+xX4h8ZeGtT0z4o+G9a1DU9asPD8ttc6b9it5JFhUNLKG3bR94EcnjGa/Mf8Aay/be+IXh7wpqnhjxR8P9Eu3tdTvLDxBptnLrljrt9aSySIZZhHdfYprdGBUbCgjLoJIvXkWFw1R6Q363O6GaZjTp2lU2f8AwT9WPgp8VtE/aH8da38LdC8I+JfD+v6DYQXd7b+IbuIJskYDYRC7BsZOdpOCOQKp/Fzx7oHwr8ZveeIvhazaH4chifxdqLaqbm4tPOIaFhajO+Py0md2OMBOwDEflz/wSb+Ozfso/AbX/jvf3Gs28HxI8cab4X8BabbvLqNyxR3cyTBwnnSxHYrgOMlgSGyRVu1+Ivxw+NvjnxvofxSsNV1Dw18OtO1y2+N1qNcSCbxPdQSzTwRLGzb2k/s7ETbcCP7S+AATUSwShUfLol/Wn5erG8zxNSlFym3ftpb1Pu/x5+1J4q+DD6d47+Kuk6V4R0nwrPrc/jjRvMSI35ilWOxgR5NvmxTQyLNAB80jkBQ4Qsfp6PxH4cm8GQePY7jyNLudPF/HdXaGHy7cpv3ShsbMLyc9MHPSvw88K/FK0/aN/aM1n4xeM/ijc6Ra39lo/inQf7XL3UNr4etYC93EMKwjL2QeGAHJjymGzzX19o/jL4mW/wDwRv8AEnx08beNbvVtK+JHik6f4S0m2kaOGx0y41ExS7yTu2sfO+TIwpGBitpZe6vJFOzbSfzMKWZugpzktLN/dp+J9Lfsp/tv+Hv2vfip458CeDPCF1ZaN4W+ztpGvTScaxG5YNvU4KL8uQCCcHnGawP2d/8AgoxoXxL/AGifEvwc+Iem6P4d01tXmsvh3qUmq5m1toG2SsFICiQ7XdApOVHc14T+xH8VvEv7P/grxN8adM/Zz0Wz8AGzj0nXNR0/X1/tWCKFHUPLBPtWV8yhmRCDgdD0ro/2f/8Agn5+yd8Mv2MNa/aw8aX918QNT03wde+ING1K7uCttDKYZLmJSi8hwCvzE7gQfQVvVwGGo1akJqy0UX59TmpZljcRQpSUl1cvTp5n2j8d/iG3wj+C/ij4nWaWstzoWhXN7Zw3s/lQzTJGzRqX/hVmAGe2a8K/Z4/4Ko/s9fEH9lq//aG+NupWHgy68NS+R4s0v7YLtoJzsCwKsah595kAVVQkH5TyDXgvxt/ac8Nw/wDBNvwxrnxD8at4m1H4h/CUKdAluBcMt19nu5juQEmNY47ZAzHBzNGCcstfO/wnb4X/ABW+H37P1/ceFNM03RtE+C3iP4k+NL3TrGFZ9R1C2uxPCm3aysvn+WTuB+WMgda56OCjGjJz6StfyS/4B01sderFU3vG/wB7Vj9Xv2av2o/hJ+1j4Um8V/DLSvEdlFBKFa08V+GptLuXRs7A0UwDPE2DhxkcHpXk/wDwUq/bh1v9iLR/BCeB/C9jrviHxp4vttMs9EuZT5klqCDcqUT5mcKVC9izivn/AP4JsfGr42/D/wCETftsftJftNnxzonxH8IQ3/hbwjpWhwRCxu5L9re1sLXYN0tyzEqEyAqyAkYUmvE/hXZ/tI/tU/8ABdvQfGf7Xenx2Ung34b6N4u0jwxEMwaJBPe2jJCvaSVGll3yYyxTsBgTHCw9tJ/Zir/1sTPF1PYRUL8zdr9vM+iP2z/+C4Hwr+BXxu034YfAjW/DXiVdO1i6XxvLrF29sIrSPaBbxsBhpidw54BHpmvbP2Of+Crv7H/7Z1+nhH4eePo7HxWbdpm8K6mQtyY1+8VZcxyAf7LZ56da/LGz+IvxkbwhF4u8CeL72fRNT1LVL8KfBNpfxRPPfTzANJLEz4KsMfNjGK/Qb/g358Zar8VPDfxP1P4heH/DVxqdhrtlHaarYeErKwuFge3PykwxqT8yE8nvW9fB0aeHvbXTX/MxjjMRPE2k7o+5rSaJ1yCORx/8SanZgyhT29P/AEE1wXwb+HXxJ+GF74v0T4i/FS58VQ3fi+7v/Dkt7AFk07T5trxwIw/1gjYsAx5wQO1du0gI5I49/wDx015k0oux6MfeimfPn/BRj9tjXv2Ofhfpg+FPg618TfETxbqX9n+CvDd5KyxXEwG+R5tvzeWiZ6dSyiuo/YE/bG0D9uT4BW/xPtvDsmheINOvZtJ8aeF7lszaNqsB2zRjuUOQ6N3R1r5i+L1+3xF/4OEPhT8KfFzCTSdE+D93qmjWznKm7kuJg4Yeu2Ic+w9q3vC2raX+yD/wXo1f4J6K/wBl8N/H34dDXGsVbCJrNgzqd47FoUcH3xXdDDw+rKfXc8+WIaxXJ02Pb/29/wBuL4SfsDfCxPif8U7TUr83l8tlpGiaJb+de6lcsC32eNO5CqzH0Arkf2Dv+CkH7PX/AAUQ8AXvjb4JajewXWj3n2XxB4e1m38i/wBMmOSu+PP3WwcMMjgiuK/a7XRfiR/wWV/Z0+G/iSAXFhoXg7xJ4igtZQDGbwLFbx7x0LKrsQfrXzF+zf8ADrxP8Mf+Diz46aT8BtJ09NM1H4eW2q63oslwbe1nunSBlUlFbYxfLZx/G/bNJUIuGm9rmnt2qmu17H6A/Hz9p7w78FPF/gv4Y2ujTa14q8feIIdN0LRLRh5nl5Bnln6kRRR5Zj64Hesj4i/tE6z8Ff2+PDP7PHxFs1tPCnxH8KM3gvWZVwh1y2kYzQI543SQurIOOYiOc18daX+0z8a/2P8A9unxX+2B+3z+xh4w1mXVbaPw/wDDu68D6laanY6Bp/mEmIISkhnmbG5iATyPSug/4KPf8Fb/ANg/48/s+J8NPjj+zb8etC1XUL2KTwHqaeA/sl/p+tr/AMesYlklAWQOR0J3KSCCK7Fg5UoJyjujgeYKpNqL2Z+jJsySQF78qT/46a5X4qfCjwx8T/CVz4S8WaYtxZ3AypGRJA45VSw5R1IBDDkEV5V/wTk1X9uPUPgpb237bsGhSarBFEukalYyEahdW+04uLmJV8pJ8BM7CcknIBFfQ7qGjx69Rn/x01lUox1i7NfeduGxVWElVptxaPG/2YfiL4g1GTXvgl8SdUW68T+CblIJbzADajYyLm1lnXszqGV8cb426ZAr1zbgYXr9f/HTXz/o7WOmf8FNdVsrVl8zUPg/FJOmMZMWogKG9fvH86+gE8zdjYcdiD1/2TWWAk50nF/ZbX3HXxLQp0cZTqwVlVhGbXRNrW3ldNg8QYcjH+fummGNSDjr9f8Ax01MFJUkDn/Pymkxjjv9f/HTXoNHzaZSVuc4/P8A9BNPKg9T19D/AOOmo4SASSf1/wDHTUhJx8p/X/x01zu9zouxp+Y/KP1/8dNBfIx+fH/jwpxGecfh/wCzCmZK/Kw/T/x01QhW4PAwPr/46aVcSDJH6/8AjpoC5+8c/j/46acD6H8j/wCOmgBQQAB6e/8A46aPmyAxGD6n/wAdNJ32k/Xn/wAdNAPcH9f/AB01LVwJCARg/wA//HTUTA9Md+QD/wCOmnhuuSPz/wDHTQ+MD/H/AMdNNaMAjRVbcBwff/x01YVk7dh6/wDjpqugHQtkfX/x01Iox82D+X/jwqmkxNslmihubRreePKMDkf+zCqZnu9MxHeq0sZ4jnRclR23D+tWRkD73P8An5TUqSA4wcD/AD8prxMTllSOL+t4WbhO1n2l6r9dzaFdOHJNXX5EEd7BMN8Nwrqe6v8A+OmpY2lc+UI9w7nP/jwqE6RpDu0r2MRZjktjr/smn/2fYA70hZT/ALEhH/ATzWE8ZnyVnSi/NO35lx+q73ZzOs/s5fAjxTqk+ueJPg74Yv727Ja7u7rQYHkmJ6l2KZYnHOetZuhfsb/skeH7g3umfs0eBYZegki8L2qkf7QxHXavptgH3bJCT/02Y/8AATzUb6TpzDDQMQev7w/98nmuTmzuT1p2/wC3jZTwyLHhPwB8NvBU32nwn4H0XS327fM07TYoWx/dJVRTfiF8Nfhr8WbC30b4k+D9M120s9VtdTtbbU7ZZUju7ZmaAuDxuRmYgnoT7VVfStMH3YCPTEh/75PNMGnww5WCWVM/3ZTz/smnGOZ815Q19TT21Fo60XcRJR3DHqef/HTXEv8ABb4MJ441D4kN8LvDr69qV2lxe6zNo8DXMsiLtXfIV3ZA75zyaka1m2lU1G4X6P8A+Omqz6TI7bm1i8P/AG1/8dNOlQxUW3Zr0ZLq02i78S/Bvw8+K2gyeFfiZ4P0nX9OlKmWw1mwjuYWKnKhlkUjIPQ9qk8O6V4Y8GaLB4f8KaPaafp9rEI7W0sYViiiUdI9qgAD2FZTaEj5DajdnPrL/wCOmo38N2pw3225IHrKf++TXXCGJircjZPPTve50J1aNCRJKM+hI/75NKdUiJ4kX8W/8dNcnd+B9Hu33z+a3+9IT/wE80xfh5oCnd5ROe25v++TzVuWNT0o3+aGpUOsvwOvXVISpHnL/wB9f+OmpINat4+I5lGPRv8Ax01yUHgLQID8tsSfd2/75PNSr4U0deBYDPbJJ/4Ca55V80i/dw9/+3kap4R/b/A6S61WO5ZGM65Q8Zf/AMdNXbbxEEUFnU44zu6/7QrlYND0mMhl01Mj6/8AfJ5q1Fp+mouBpcX1xn/gJoWMz63u4Vf+BpEOOCevtH9xZ8R+D/hz441yw8TeMvBek6nqGkljpd3f2iSyWxJzsywO0/StPxTaaH4u8N3nhXxNZQXljfwNDdWs/KSoRyp9qzYrWxGNmmQ/Tb/48KtRJbKQVsYR7+WP++TWM3xRiGrUoQ9Zt2+SRnbL11b+SJ49UgES29vmVlAVUgXcAAMbTjpUyW1zOQbwhEx/qkOT9GNRiQuojV8KOQFbAH+yQKmt5m24lHsCD/46adHIMViKntMxq86/kinGPz1bl89BPEwgrUo28ywxVAIkUBQMADsP7pqNn2gA9D7/APjppGkRR16+/wD46aid8DJPHbn/AMdNfTcsYxSXQ5/Me7uG6/5/umms7Nw36H/x00zzMHkceuP/AB4UjSDoV6/53CkK6HFgDtP+f9k01mAO4H9P/HhQD82Sf8/3TSMQG6df87TQS9QZcj5u/v8A+Omopfl+X+v/AI6aeZGxgj/P94UNgjOBz7/+OmgQ1Y84OM5Hr/46ah1G707SLU3Wp3SQRDrJI2AP9k1aRRjGfpx/48K8X/4KHXNxZfsm+Jry1lKOlspV1JBB3r8wNc2MxP1PCVK9r8qb+5Hbl2D/ALQx9LDXtzyUb9rux6bF4u8KT/u4dftTn0uFP/ATzUw1LTHAZNTgIPT98Of9k1+OHhvxN4ieFHXxBfZ28EXj+n3TzXTWvi7xeNu7xbqeR93/AE2T/voc1+DT8cp0ptSwf/k3/AP6Ln9HWrFXjj1/4A/8z9bhPaN8q30JP/XQf98mke4tEHz3kP4SD/vk1+VFl418a42r4x1UHvi/k/75PNath4u8a3M6q3jDVGycc6hJ/wB8nmuWfj5y/wDMF/5P/wAA5ZfR+xEFeWPX/gD/AMz9PjPDIvmJKjKeNyvkf7pqJuMKG+nzf+OmvOf2V3nv/hPpsN7cvM6JgvK24kf3gTXpL2SkFlZvbP8A6Ca/IMw+mXUwWNnh/wCyvhbX8Ts/8J+SY7hCWDxtTDOrfkbV7b2IixPKHvj73X/ZNKiljlT09/8Ax00pt0VgVbn/AD8ppYIAJQqv+Gf/AB01yVPpq1bXjlP31P8A7Q5/9VOqq/gJtfPzfqf/AB00gyeQef8APymrbWo2lQ4z9P8Ax01H9n/utz34/wDHTTo/TYa/i5T91T/7QFwtf/l7+BDtJwQ3OePm/wDHTUqRTHHGSTjJP/jpp6xY4BwexA/Q0zV557HRb25SYB47WRlLLkEhCQp/KvreFfpd4HiTP8Nlry2VP204w5udO3M0r7LRXInw1KEdKlxQ9ujbGuEDf3SP/HhTv3acs38/++TxX84Px4/a3/aqPxm8UaZrH7Q/jEyWevXcAT/hI7lVQJMy7NqvgDAHArmIf2pP2ipDz8efGGfU+Jrr8j89f7E5b9FLM8dgqdd5nTXPFS+CT3Sfddz8VxPHkcPWlD6u3ZtfElt/26f0yuUQcSYz3IPP+0KQtGH2l+fx/wC+TX81UP7Tv7QsiYPx48Xf+FLdf98n56en7S/7RZH7v48eLuOmfEt1/wB8n569WP0Q8xkv+RpD/wAFy/8AkjifiTTW+Gf/AIEv/kT+lElful/zJ/75NN8xc5DjH+flNfzcR/tSftJpwnx/8ZL348SXQ/A/vKkH7Vf7UEI/c/tEeNVA648TXX5H95Uv6IearbNIf+AS/wAyV4l0uuGf/gS/+RP6QhLHtJaQAepP/jpoNxCOTMoHv/6EK/m7u/2vf2q4RiL9o/xuB/2M91+R+eq0v7Zv7X0e4w/tOeO1x0B8UXJ/4CcvUP6IeeJX/tOl/wCAzNYeItKov93f/gS/+RP6TEmjkTEcgP0b/wAdNMN7FuKCRcj/ADuFfk5/wQl/ae+PnxG+IPj7SPiv8Xtd8RwW9jYtZLrmovceSzPKCp3kkZwM/Su4/aN+KPj3T/jh4hisPHWsW8RuyVhg1KREX/ZKhsD6V+T4zwVzHBcW4nIquKjzUYxlzKLs+a2iW/UniHxIwuQZPDHPDufNLl5VJLpe92j9LBewAYaVf++v/HTUgvrUdZVH+fvCvyb/AOFoeP5Bufx7rZz/ANRSX/vk/NSj4j+PS2G8c60R76rN/wB8n5q714E4vrjI/wDgD/zPgX9IHBJf7hL/AMDX+R+shvLVSN86f99/+OmpVvbJePtSf99/+OmvyX/4WT47Y7h431j5e/8Aakv/AHyfmoPxM8dSAgeOtYz6HU5f++TzV/8AEB8Tb/fV/wCAP/Mxf0hcDHfAS/8AA1/kfral3aO2PtKH/gX/AI6alje2ZuLhf++v/HTX5DH4i+Ow5K+OdWJ7Z1GX/vk/NQPiH48RtjeNtX57/wBpS/8AfJ5qf+IE4j/oNj/4A/8AMzf0i8FH/mAl/wCBx/8AkT9fGih6tOoz6t/46aXyIycC4U/8C/8AHTX5C/8ACw/H4+VfHOr/APg0l/75PzUL8RfiHnC+O9Y/HUZf++hzTXgNiXtjo/8AgD/+SM39I7CR/wCZfL/wNf8AyJ+vLWxzxKp+h/8AHTTWgI4dgPof/HTX5Ev8SfiKg3r4/wBbHrjVJf8Avk/NQvxV+KEG6SL4ja8OO2sTf98n5qwn4D4uP/MdH/wB/wCYL6SOXX1y+X/ga/8AkT9dZIzEu+QhV9S3H+6ajMkQOPOX2y//AI6a+L/G/jrxhZ/8EnE8SXfie/fULpWAvnu3M3N4VCl87ugx1r8+R8TPiSRhviFrj8d9Xm/75PzV/N/EmYR4ezWrgpR53CUo3Wl+V2ufd5v4sYXLaeGnHCuXtqcamskrcyulsfun9pgzj7VH/wB/B/3yaVbq2HH2qM/8DH/fJr8Kx8SfHigE+OdYz3/4ms2f90/NT5Pil8Q4gB/wn2tAe2rTf98n5q+fXFcL/wAJ/eeJ/wARtoLfBP8A8DX/AMifuitzb8sbqPH++P8Avk0v2uxXCtexZPT94PyNfhS3xM+Ij/6zx7rRH/YWm/75PzUg+JnjwncvjjWP/BrN/wB8n5qf+ttO+lJ/eZvxwpp6YJ/+B/8A2p+7Md9ZHKrdRfhIP++TUn9o2Sgxm6j/AO+x/wB8mvwnHxV+IMWCnj7Wgf8AsLzf98n5qevxn+JK9PiFrn/g4m/75PzVpHimk/8Al0/vNI+N9G2uDf8A4Gv8j90jqmngbftMfth//HTSDV7A/wDL3Hgejf8Ajwr8Lf8AheHxVhOYviZr4P8A2Gp/++T81O/4aO+N1v8ALD8WfEC+n/E3lP8AwE81tDiak96T+9DXjhhuuEl/4Ev8j91Ev7ORgiTxknoA3J/2TSuMDcoBz7f+Omvwtsv2s/2h9Cv4dVsvjDr2+CQOEfUHZWwc7SM8iv2W/Zn+IeofFX4DeFfiFqrA3Oq6PDcTkH+MqMqa9jL8yp5hdRi013PsuDvEDC8XV6lGFJ05QV9WndHblC3AGD9f/HTSFMfwD3/+KFKXLZ+bv6/+OmjjqBz/ABBv/QhXpn6CpMYYxjnB57f+gmvL/ij+xx+zz8ZviNa/FL4qfDWx13V7G0W2tH1EF4441YsFMf3TySckV6oABwP5/wDjpoIB4P8AP/x01z18PQxEeWrFSW+uup6uWZvmWT1nWwNaVKbTi3FtPle6utbPqZejaLpfh+yj0rRtOhtLeIBUgto1RFA6IQBjFfP3xg1T/hTX/BQLwB8Ur4mLR/GmgzeGruYr8iXiuZoVJ6AsoYfhX0fIoyHAyT2/9mFef/tI/AvSP2hvhTeeANTvnsb1Zku9E1SEfPYXsXzRF/o3UdxkVw4/DzqUP3a1jZr5dD2eHc2p4bNXPFybhUUoTb1dpqzfyep67FOJIwrNnI7H/wAdNfn1/wAFaf2YNc1drz42fHL/AIKNL4P+G9tEpXwPrUcsVu7L1WJbWeF7l27KwJyetfQ3wI/aTm1Ur8Bf2i3bw348soPJJcmGLV0HyhPNYYfPUqOVPbFc54w/4JLfsZfEj4gf8LW+L3hvxD461lZjJFJ408W3moQxHORGIXfYqj0xj8qxw+JpSV/v7p/ozXM8tr4WbpyV09n0a6NNbpn58/sn2/jD9vSFfhD+zP8A8E+vhD4a+EaH7JrnxX8SeAt9/fQqcPCvmsT57AkjDNtOCT1r9Gv2Rv2L/gz+xb4En8H/AAq0BIPtkon1O9KjzbqQDADbQAAB0UAAfXmvX/DvhDw54J0O28MeE9EtdN06yjEdpY2UCxRQoOBHtXAA9hSa3pVprGl3eiX6F4L61kt51VipKOpRlJHIOCcEcg8irr4mVX3UrR9bnFh6EaKu9Zd/0PBPgv8AGq0/a4/aSfx78Pk+1fDb4YLdafZa+qkQ+IPEMuI5olbjzLe0hV4jIMq8ty4UkR5r8+v2rP2irf8AYL/4L9Xvxh8fRvb+HPF3h/TiL1wdixmIRMGOOQroc1+tvgD4d+CvhR4M0/4f/Drw1aaPoulWq2+n6bYxCOKCNekYUfmT1JJJySa4n9oX9j/9mf8Aamtra3/aA+Cnh/xX9h3Cyl1ewDyQAnJj8wYZQfQHFTGcNYu9mrFfvoxjJNcyd/8AgHxb/wAFG/2sNR1v9vD9nn47fsw6dZ+LtSv/AIZeLoPDEKXkaQXNw8At/mkdgiqrThiSQBtNfP8A8If+CYP7TnxO8R6L8Sv2ov2tvDui6np/nDyNP1yC/ubWORtz28bbtiRMfvIMq5HzA1+mmq/8E8P2QNf8N+E/CNz8ENIi03wNa3Nt4Vs7eMpHYR3DK0wQA8hiik5z0qSy/wCCaP7IagFPhPZL/uyOP+AnDV00cTGlTSW+zdlr+Om5yVaE51ZNq8W7pX2Py0/4KIfs1+Jv2VvCPwcm+DHx603XfB/hv4jRXGn6Clzawvp2s3DF3aSOI4WOTyyZPlAGM19T/ttfsdeCPgHDN+0F42+Nk+k6vrXiSbW76VoozBc3N3Zm2vraOJP9es8ZJLlgQBxwK97+Mn/BGL9iP43eHz4d8R+BruzUzpKt1pd+8cyFc4TdzgckdK9E+M3/AAT1/Z2/aI8A6J8NvjN4Zu9f0vw6I/7KW81KcSRlY/L+d1YFiQBknrRKupctm9N9PmaU4zp88uVXe2/ax+Z/w4+O/wCy/r//AAS++JX7PvwQ+FbRfE+XwtDZyW0eki4uWjyNwaYEtGgt1wFU/gMmvTf2Ifih4d/aa/4N2/HnwUe9iHiz4KR3kuoaY0gE0cMc/wBvtmkU87WBdM+sbCvvH4H/APBPj9lz9nnSZ9K+FHwl03So7pt1zKkRaSU4xv3tliB6Zqa3/wCCb37KNx421Hx5ZfDC30vUta0t9O19tGme0i1m0Y5LyxxEJcpk5AcHB5rWniaNOWie6eu+hhiMJWxKUpNJ2aaWx8JfsBxfDX4r+ANV/Z0+MOsX+j2viqCKTQdUg/dr9tDIfKBYEbnC8epBHevuD9vjw/ovwj/4JkfFvTNCtIre00f4UalDbRxoEUBbNowpAwBk46etdh4D/Yr+EHgmxjsNL8PxeVFceYkbKCqYOVTGPlx29Kg/a5/Yk0j9sX4df8Ke8Z/GrxpoXhS8hWHxBonh2/hij1eFWDAM0kTsUyBkAjOPxrXF4uGJxKqLRaP59/mc1DBVMLhnG6lLa/l0XyPzb/YN/ZT8FeOP+Cbmh/ELxh4ba51TVtQuWuLoHbMNNVDaiCNxyiP5asQByQKoaN4e+AX7Fv7PN94VngaO2sfhbruhLLOzXEzy3bp5VtGAOd8j/KoAwUY81+rvhn9lb4L+APgFF+zv4K8PfYPD9pop02ySOUmaCLYVw0jZYyZO4sTktkmuZ+Dn7Dn7PnwJ8LXHhvwx4bkvlvrg3Go3uu3Bu57iUggvvfoOTgAADNYVMXKrKfNs5XsdNLDxhCOivy2bPwd/4N6v+E++Hn/BQTwP4J/aQl8QWvhCxg1P/hXml6uZP7OtdWniBRgj/Kjum8K2OXIwc1+p37V/hrwr8BP2xvi3+0xfzwWSWf7LM5WeRwgEkV5dKpU9sNLAMn2r6fv/ANlj4I3Ouprt34A0y4uIZFktpZrJGNu6/dQnGUYdmXBHY1l+M/2T/hb8SfHb+OPiJps2vifw02g3mkaxN9osbqxNwtwQ0Lgq/wC8QHnjgDtWWKxP1jEe0irKyTV+z/U2w+GjQw3s+a7u3c/n6tfh/fr4M0/QNU0T4e6k9pHH9ku7X4v6IX2GIDZsa7BQ9civ0r/4N2L65+GGmfFbQfFOi2VnLey6bd6Ra2Xiix1B7wKsyOn7i4kJILKMcdelfXWo/wDBNz/gn7eMxvv2JvhZLuGDu8F2fP8AsnEdQeC/+Cev7Cnwo8Y2nxD+G37IHw90HXNPmE1jq2i+GYba4t5B0UyRqCp/Gt8RjVWpOFrX/ructHBOlPmbv/XoTfAT42/tQ/Fz4reOT8bP2T7r4beFtPnhh8F3+p+J7S+utZQNIrvLFbFhbgqEYKzFhnBzzj1uWQDjdn2z/wCOmo2lRlEefzYf98moyAByw/P/AMdNefOzeiPTh7sbHwX/AMFNvgV+1H4H/bh+B3/BSL9k/wCEt748vPh9PPpPjXwnpNykd7e6VOGzGPMwGwJJgepUlDgjOOh8E/Az46/ta/8ABSXRf+Cmvx2+F178MfDHgLwTLovgHwBr15Bc61cPN5jTXt6bZ3hgH7xgsYct0ya+02ghY/Ng/h/48KSK38sbFbGffp/smuijiZxgoW2OWeEpuq6lz4m/bF+E/wC09r/7S/we/b6/Zi+Fa+L77wZZanpOt+EJ9Vjsbi9069RGCmSX5CUkj+ZTg4PGeRXS/wDBNz9if45+Av2iPi3+3V+1rZ6Xp/jn4r3tnFYeHNHuzcQ6DpFrCEhjEvR5m6vtyAU4Jzx9c29lDDF5YRcKTtUYAH+yf1q7GIbqxl0+/jEkdxG0UyN0ZWBBU/gTXR7ZJfgYyoWnzX+R8e/tNi2+Nv7b3gn4PxLC/hvwndLrvi69nuEjt1ljXfBGGYgby3lts64OenNc9/wU48afCX4x/FP4BfAjSNc0rV9UuvjTpeozWFpcJM8UNqskzFwpOBhcfj7V9a6P+y/8AtC8AyfDHT/hdpR0Ca5e5m0y6jM8ckz/AHmk80sXcgAbiScADOBXP+D/ANhv9lH4a+Orb4l+AvgP4b0vXbNmNlqVpYAS27MpU7TzsJBIyMda0q1J1XFJ6RX/AA5lhKFPDynOespO/kd/bQCJR5aAcYI/9lNTvOlvbtNK4VUTczY6AfxCi6ltrCAz3dzHEiglndgAAOzV8yfHn4+eMf2kNXn/AGaf2TLp5Wmk+z+MPHkK7rLRLc8SRCTpLcFcgIp4JBOK4sTi40YqMdZvZLc9jAZbLG1HKT5Ka1lJ7Jfq+iW7ZR/ZSvrz46/tn/FH9pqy3Hw9pNpD4O8PXKcrcyQSebchvUByq/nX1SrDqDnj0/8AHhXHfBL4T+C/gF8MtJ+FHgPT/J0zSIAiF+XmkPLvKe7uxLE+prqxKpbcgIB7Ef8AjwrrwNB4agoy3d2/V7nmcQZhDNMxlVpq0IpRiu0Yqy+b3ZIXU8lv8/3TSMQVzj9f/HTTQ2eQ3P1/8dNH+ev/AI6a7HJHi2ZSgGOp/X/x01JxjIH5f+gmmKo+7n9f/HTSnjgN+R/8dNZW1sbAzvkj/P0NOj+blue3X/x00zBP+f8Ax00qsVOR/P8A8dNC1YErKFXafw/+JNMyvJXj1/8AihShndc56e//AI6aibcBwf8AP900mMkxznd+Gf8Ax0007m4Rj+f/AI6ajyxPB/z/AHhTl6fMc89j/wCOmgCRQ+PmbPv/AOymnBCPlZ/8/wB00ig7evT3/wDHTThw/H8//HTSAXITp/P/AMdNSKcjn+f/AI6ajCknrn/P3TUh3Aev+fummAv+ev8A46aCQOp/X/x003Jzg8j/AD8pprMM5J/X/wAdNVZtCH7l9f8AP900nn4OCf1/8dNRuxHA/n/46aaT3J/X/wAdNS0gsSmYEEj+f/jpprTkccfn/wCOmmyMvHP+f7pqNmJ+n0/8eFDSBWJGbLZBxn3/APHTTd3PPHHr/wCOmmbiOc5Oe3/oJpGJIJf9P/QTRyIYkpyeuff/ANlNNGScY/X/AMdNOKp94/p/6CaTgqTjH4/+OmlyANIyNv8AX/x00iArx7en/jwpUJI+b+f/AI6aX/PT/wAeFLlAP89f/HTSqu44/r/46aT/AD0/8eFLw33jz/n5TT5UAdOGX9f/AB00Hy8ZB+n/AMSaeo3ADAOPf/x00CMD5T+Jz/46aLICNVAPI+vP/jpqVBjAA/DP/jppvCD/AOv/AOOmpASeEXgdR/7MKaQEka4GQv8An+6akUYHP8//AB00wHI/+v8A+Omng54I/wA/3TTYrIljUL8x7jjn/wAdNPEi7csSD25/8dNRIQCMn6c/+OmvPv2nPG3xY8DfBjXNd+B/hBNb8WRWoGhWFxEzwNOWHzSBSG8sDdkg8cHpRYZ6Bc6rZ27SQtdIJI4DM0ZcbhGDg7x12g8Z6Z4rK1r4h+EtC8QWHhrWtdtrW71WORtLhuJghuvLQO8Yz94qpDEDoOa/Jf49f8FH/wBtDXv2htUg1iLwj8KNZ8GeH7rwlr2n6n42AsdTlul85i4Nu5BKiPYVlVlw2SckV5B4x/b0/bO8dfEX4d+NNe17wN4mufhvNLcaZbeE765t1uQwjhYyXEqyJIrIgB5UkEg1KvJ2NXTaVz92bq9jtraS6lfCRJudj/CuM4aqvhrxZ4a8YaNbeJPCmv2ep6deRiWzv9PuVmhnTJAUuhKsMg8g44r4H+Hv7Wn7dOh+I9E/aJ8Zfs0eJrXwRb6I1v46/tHxLaz2otlm88gwBEfcilVBwAyM3XaK+FbP9sz4wfAvxLbeE4v2jPid4B8Bazptx4q8N6J8PZdIhXytRvZLo75L5HeJUaUxhFyAFGABxSgpSb0M5SjFH76IwKkhs57Z/wDHTT1jOc4P0/8AZTX4eeGv2/PB95ojeJPG/wC0f+0/4mtb2ObybPT/AI3adA7gKMBkitYSuOeELH6Yr7n8dft8aL+xf+wn8HNV+Cfw78S+ItZ+JGo6ZpuhQ/EjXLm4ubeW8YPJPc3Mu6WYLuwMEdRjgYqJ3ptJrcIyhNN32PtSbULOO/Glm7TzzF5gh3DdszjDD0zxUilMZJ/T/wAeFfk540vf21tP/aF1/wCJ2hftUePbnU5me2+06Pb6BLZpal9620UNxIHVVP8As7j3o/Zs/wCCh/7Yd3+19D8BviT+0jqs8emR/bdX07WvhnErT2u4DYZrQuI2IOd/3R071ajzK6ZN7OzP1oQd/wCv/jprxX/goyin9kXxUCvAs89emCPlNdL8DP2tv2Zv2gfEd/4K+Dfx48L+Jdb0jI1TSNI1iKa5tSp2tvjB3LhuDxwetYn/AAUhtjH+xx42lC/6vSHb9R8przc3i5ZXWj/dl+R7XD0lHPcK/wDp5D/0pH5TeFp1NtCwPUDAP/oJrpYX2OA/Demef9011v7I/wAQP2aPBtjaa/8AFrRp9QuFwUgRcqD6MtfUmt/Cj9nn9vrwjJrv7POi3HhrUtDkH227axEUDRAZKnBO4459q/iWGUVcyxEoUn762jZ3fz2P7hzvjvDZLiYQr0J+y+1U05U+nW58g2kuOFIz3w3/AI6a3/DzK9zGPVvX/wAdNfRHjq0/ZB8Fatpn7OHi/wCFaWcmo2cUEHji3unFza3bAASsv3XQt1HoxxivBda8Ia38NfiFf+A/EKKLzS71oJiv3XweAf8AZYYYfWvn8zy+FBOMKinutL7rf1XmtBYTiWOYRanRlSco80Oa3vw/mjZv5rdXWh92/smS48C29tu48pSP/iTXq10UWMMWxnkN/wCymvKf2S7S4TwDazyRsFMWdx6f7pr1/wCItqlj4f0wWS7n83zXGfvKBkqfzr+c5cA5pndfG49P2dKnqnL7TcraH8ycQ42h/rDOlDXmk0ZYlQjhhn/PzCpLYbplKj17f+PCub8IftNeGPHfiQeB9T8IWtqrrsWWN8Mr5xuB/Kum0CNF1C+0nUWZmtrnZHIGIOwqCrD8DXi8R8GLJJU/Y4qNWM3a9nGzfdPp2ZOJpYvAvkxNPkdrrVO6foWJRgcn/P8AdNRjk4H+f9oVc1bRtbi06WfQ5obqURloobhCpY/3Sw4/SuR8H61458Z6c+oWtvpds0UpjkhnEjMDjO04+v6V5VXg/OsPh3Xmo8iaV1JNa7ef4HPSrwnC9zpBG5OCOnv/AOOmqfjBxD4avplfG2ykbb7BDlTUEln8TrWdPPtdKlhP3mi8wMPYg1L4zhll8Kag8g+7p0pbH+7yp/DNe/4d4Kpg/ETK41Wta9L/ANKXkOU02ndW+8/mO/aht2h/aR8a8Y3+IrpuG/vSE7T+dcbaiQHCk/n+hruf2psyftC+LHSMknV5dxA78ZB/Gv01/wCCVX7AH7JvgP8AYm1/9t39uT4f22o6RHay3EEWqwsyraoPueX/ABM7fKo69MdRX/X1juOcBwNwPg8fjIObmqUIQhZynOUVZRTtqfxu8BXzHMatOFlZybb2STPyfhmIHzD68/8Ajpq4rOH8s9/84Ne6+APjX+w/4i/4KEj4na7+yTrUHwfhupppfBWjai89xFCqEC4kyRlVwJHQMABkZOOfUv8AgrT8Ef2PtKuvBn7TH7BQSLwD44sJVn06EyAWGowsA8Yjk+aElHQ7ORkErwa+iwXiNgpcR4TJ62Eq0pYiHMpyUeWM7OXspNSdp2TfZ9Dy8TlU4YeVaM4tLor3s3a9mtr6HyCgJAH9f/HTSkN90AnHt/46a6H4B+B4fi18YdA+G1xdmNNW1GO3kmVxlFY8hu2cZr9W/BX/AATZ/wCCbOpeK5f2XX1Bp/iBcaQ00MU9+4licwl1Dfw5wMgd/wAq04y8Tcg4JqU6eMjObnFz9yPNaCdnJu6SSObAZHjsyU3RStG27tq9ku7PyU8P+CPF/jmS6t/B3hfUtTksrJ7q8j02yknaCBPvvKEB2ovGWOAK5W/YRkxk8/5+U19f/wDBNX9sa1/4J0ftf+MPD/jb4dnXtG1+yuPDOqRFCJIlS5DDcMHcCY8EejA9sVif8FPv2XPDXw+8dp8efgFpjTfD3xmo1LSlWPDabJL8zxbf4cMTtPQjjqK0wfGGL/1yeU4zD+zw9SEZYetfSo2ryg+0l0XVJkKhSoqC5/ee62t2663/AAZ6F/wQYuDa/FPxoS2N9rp4OD/00l+U/nXq/wC1BehPjprqk5/fZ69f9k14r/wQkv8Ad8TPFpViC6WAAbjIEknyn8xXrH7WMrwfH/W43G3Lg9e2T8pr8R4iin4tY23WlD8FE+e49Uv9XYReyqf+2nO2986rksOff/x01ZiuyeS36/8Ajprn7e+AB3NwPf8A8dNfUvw5/YI1Jf2UPEv7Tnxi1K80cW2ivdeGNIVQsl02Qsby7vuoxOAOCRye1cWd53l2Q04Txcrc8lGKWrcn0S/PsfmeR8MZpxDOccHG/JFyk3olFatt/keAHdKcIpJPQL/6CaiMxDhPMAI6/X+6a+1f2C/hf+zl8EfBOj/H39qfXtMtbnxSzR+FrTVE3Rxxp98yDBGSQQCegHvXCf8ABXLwl8I/B/x00DXfhRaWVuniHw6t9fpphXyJT5jKm4LwNyg5x/dz3r5fB8e4XMeJv7IpUZcvvWqNWi5Q+JLulZq66o9fN/DvEZZwp/bNavFSvG9L7SjP4W7Pd727anzMLku5VsDHr/6CadFMhJO4dPX/AMdNZgvRs3Bxx7/+Omvq39kn9kzwxafBmX9rD45+D9W8Q6eRI3hXwTpcRaXVmjJzJMByYsqcLkAhSW44r2OIeIcLw5g1XrptyfLGK3lLsr6ereiWrPkOHeGMbxLj/q+HsklzSk9oxW7f6Jat6HzUkiu2B+px/wABNPDhflDjPYk9f9k17/4V+E/i79tv9oae8m+HNh4C0KFFk1drXT1tbXSrKPOS4OMybQcZxuPWvcfGejf8EuPE/gq7/Z9+GOkNL4hS3aDSPE1vbyGZ73adkhlP3gzDB424Y4A4r53E+IOHwVSlRlh5zqNJzULSVNPrKW3yXTU+kwPhhjMxpVa0cVThTTcacp+57VrpFPVdrvS58IQSeYCWXg5x/wDEmpLiJEs2mGc7Pmwf/HTXq37Kf7NkPxaudduPGuqtp8OiiWMfw5lUcBmIwF614/rWqW1pfX2kG5VjDNJGZFPB2EjaT+FfU4XO8Dj8dWw1KXvUuVy00tLVa+h8NmHD2Y5bgaOLrK0KvMo9/d0d1+R9ZftAxnSP+CSfhq2MWDcRQE9vvTs+Gr86nUAgA4wRkFv/AB01+ln7TGgX3jL/AIJY+DpfCVpJqEcenWjOtkplI28OpC55U5z9K/NjUraeyuTa3kTQSKOUkQqw/wBoZr/NnxA9pU4nxNTldueettPiZ+ycZUnRr4Sy91UKKT6aQXUiKRhuvOOef/HTQy7U5HH1z/wE1DJcMjAouWPv/wCOmvvXxr8CP2Mv2JLbwH4K+Nn7OWv/ABH1bxHp1vf+KvE731xa6bo0MoBaJXQhJHXcTtzkqucjIr5Gjh62JTlT1s0eXkWQYjP3UcKkYQp25pSvZczstEm/8up8E3LhAD+mP/HhVUX+JipcZHBwf/HTX2p8e/2UvAn7H/7R/ib43w+G7PxH8O9E8M22v+B9O1AmS11Ke4eNIlYjHmRoTIxGfmCrnqaytZ+LWg/8FFPgL43uvFvwW8IaB428C6bDqWg6n4S0sWfn2xl2SIVyd6qmCpzwea560nRxHsJr3tNFbrsenPgyrQjWo4muoYiPNyQs3zqPVS2V/s9/uPkWAXV6xisrSaZh1EcZYj/aGKjaVkbLIQRwcjGP9oV+inwy+A3xt/4J/wD7KkHxW+HHwds/E3i/xDqKy6pdXWm/aXtdPMIaOFF6/fyWIHcenHyf+1Z8Xk+OesW3jPxV8BNP8E60tt5V5PoemtaW95IGOGkhIwH5xuB5xyO9essFiabjzR3/AC7kZlwi8sy2nUr1nDESSl7OVOSVpbWnqubutDxg3AY4B+vP/jpqz4o8N+I/Cd3DZ+J9EurCS5tUuLZbmAp5sTjKhsjkH1r2K2+Dnhy9/Zr8I+N7PS0OuSeOL7TtUmUfNKixQPEVHtvb86u/Ff4l+H/jh8ZI/g38VdQgsLaAxWfhLxEECm0LFdgb1iOWXPVSVPam2qdRRv1a/I8mOTRpwkqtS0moOFldS51e1+lkfOV3IyZh3HO0np09xX7ffsFQrD+yF4CijYHPh63ZefVfumvgf9tP9n/wZ+zN/wAE/bXT28M2qeJNY8TW1rf6nIu6digkkKbjyEO0HA6iv0A/Yh06XSP2UfAOnycGPwtZAjPT9yp2n86+w4ehD2UqkXc/X/DDJ62UZ/Vp1WnJ0k3bo24u1z1W4nt7S3e8uJVSONSXcnAUDqGPQU20vba/hFzbTK6OAVdGyD/smvM/24TqEP7G/wAUJtKvJLaePwHqrwXELlXjcWshDAjoQQOa+fv+COX7Xvww8d/8E8fhnqHxA+Ovhldfi0CODVo9V8TWyXKzISpfa8gYHgdRzX0bdtWfvK5ozstj7S/z0/8AHhSOMrg/5/2TVXRta0XxFp0er+HtZtL+1lz5dzZXSTRvj+EshINWmGVP+H/jwqW0zcY4G3I7dDn/AMdNQFSJNzdPUf8AoJqR2J+929//AB00yTbjYf0/9BNSNM5n4k/CbwB8WNFOiePvC9vqVup3ReYuHib+6XGGQ+6kGvNW/Zn+KPhS3a1+D37V/jfQ4F+W2stVeDV4YgOiH7XG749t9e3EM6ld3A6f/EmmYwPMI5HQ5/8AHTXJWweHqy5pR17rR/hY9rA55mWCp+ypzvD+WSUo/dJNHhFz8Jf283Qx237bFhtwNrS/DezLfRsMB+lZ9x8Bf29L1/3n7escJHQwfDbT8f7rBga+g3kznsf97/x00gDYBC/kf/HTWUcBh1sn/wCBP/M76nEeMX2af/guH6RPnuX9nr9uhIt//DwG5OBnH/Cu9K5P905iqWx+AP7bzLtuf27J29D/AMK80of8BOI6+gWUFNu38M/+OmkQ8AbOvq3/AI6a0+pUPP72cz4gxjXwQ/8AAI/5Hh9v8DP2z7Ybk/bZ34PPmfD/AE//AL5OAKuWvwx/bltnCxftgaZIo/56/Dq0yf8AZOHFe1RqSDyMfX/x005ldSCoP1/9lNDwdLz+8lZ7XbvKEH/26jxM+Af2+ZGKD9rHREH8JHw7tRj/AGh85zUn/Cuf285MY/a90tfUr4BtM/7pya9qj3Ly38//AB01KgIJwevt/wCPCqWEprv95X9uVLfw4f8AgKPDm+F/7erkhv2xLQA/3PBFkp/3TlTRZfCb9uiOQLe/tt3e3d0i8H6YnH904hr3R1O3BB/z/CaiaRm4J/I/+OmmsHTto/xMpZ7Wb0hH/wABR4ZP8Hv24rWVoIP24dZeNhnK6DpynJP3T/o9D/B/9tPPzfto+IOf7um2AA9mxb17qhB+Uufb/wCJNSAZ/jPtz/46aTwdN6Xf3lRz7EL/AJdx/wDAUeCR/Bn9smRST+2V4hJHXOn2Rz/sn9xViH4O/tdQyAv+2JrbjHIl0axPP90/ua9zBKjC/wA//HTUbZOT/wCzf+Oml9Tpd395az/Ep6Qh/wCAo8StvhZ+2ErNHJ+1zcHn77+FrNio/un5cH8qS5+Fn7Y7Dbb/ALYcinpuPgyy/JgBXtRHPI5/z8pqLazPg8fj/wCOmj6lS7v7ynxHirfw4f8AgEf8jxH/AIVL+3GPli/bUhOD/wAtPAlof+AnmhPhb+3mshJ/bL0xhjgn4c2n/fQ+avcti4xj9f8Ax00HIwo/n/46aFgqXd/eR/rBWe9OH/gCPBJ/g/8At7TS/wDJ6tig/wBj4d2X/fJzmmyfAz9umQ5k/bhAPfyvAOnr/wABPymvfixwVIz/AMC/8dNAdgp3H8c/+Omj+z6L3b+8tcSYmO1OH/gC/wAj54k/Z9/bguTib9vLUIx/0w8F6av4HMdIv7Mn7ZLki5/4KCeJyT0EXhzTU/4CcQ19D4GBhR75P/jppydNuBn/AD8poWXYddX97/zG+Jsb0hD/AMAj/kfPKfssftXO2Lr9vrxmwHXZp1iv/ATiCrVv+y/+0tbTLNL+3R41lx1ElvaYP+ycQ178AR0X68/+OmnbCev8/wDx00PLcO+//gT/AMyocU5hH7FP/wAFw/8AkTyXSPg1+0VpYxL+1pr1xgcfaNKtH/4Cf3Vah8A/tCRxMh/aOuG3D5S3hu1yD/eGAK9I+6MqP8/3TTHC/wAWPwP/AI6aay7D/wB7/wACl/mRPiXGzd+Sn/4Lh/8AIniF7+yHqfxHui3x++PPivxXaB8jRIJxp1iw/wBuO3w0g9i2PavWfBfgPwf8O/D9v4U8D+HLPS9NtV2wWdjAI40H90gd/fqa1QhJLjqPf/x00FgOD/P/AMdNb0MJQw9/Zxs+/X73qebjc1x2Psq07pbLRRXolZfgK4A5H5Kf/HTQjAA5X9f/AB00xpOdoP6/+OmgMQMfl/8AEmtzzm7khIzkcevP/jppVOBlm/X/AMdNR7yeAP1/8dNOV9oww5+v/jpqWgK4UBv/AK//AI6adn7xH8//AB00NwMBvwz/AOOmkkYdf6/+Omhu5XUUKW5Y/wCf7pprkIf/AK3/AI8KSNjyc/p/48KR8Hnd+v8A46aV9R6DkkYZVTx9f/HTSsMqAf5/+OmmrgLk/wA//HTSgr06/wCfvCpbGIEBGdv+f7woXOduMD6/+OmkRgo2+p9f/HTTge4P6/8AjpqbsaJd6quGH+f7ppF3Pzj9f/HTUZY45b9f/HTUqsoUcj3/APiTRewWHKrI3X6//EmnmRj1P6/+Omow28fKf1/8dNDMemMfj/46apNhsKCc4I/H/wBlNDHA/wDr/wDjppf89f8Ax00114wrYx7/APjprRO5LuiN9w4J/T/x4U0knqf1/wDHTTnRxy38/wDx000r/CD+R/8AHTQ0hLUQyL0J6e//AI6aTK78Z7Zxn/x00jIRwR/n+6aQ5wF9Pf8A8dNTdlCs27/9f/jpo3HG0/5/2TSf56f+PCj/AD1/8dNK7EgJJ6n9f/HTQWAHX9f/AB00f56/+Omj/PX/AMdNLd3B3D/PX/x00mBnd/X/AMdNL/nr/wCOmj/PX/x00PYYf56/+Omj/PX/AMdNH+ev/jpo/wA9f/HTU3YC5Pqfz/8AHTTlVghbPUev/jppn+ev/jpp6sF6nr15/wDHTTv2AVkATP45z/46aI5Bggfhx/48KflMYz/n+6aYVIbk9vX/AMdNEdWBIkoIALYx7/8AjpqVXHXdn8f/AB01WUq3Rh+f/jpqRJABgnPuP/QTWtwJ1+6P8f8Ax01V1TULfStPm1a8IEUCNJKSeiAZZT+ANWEJBDAH/P8ACazfGXhQeM/Dlx4dbV57H7QuPtNsqM6DupDgqfoRiofYNT8+P2otI0D4iXni/wCJ/wCzL490nW4J5De33hm50Hw7fsl1HFsdN1xcwzEkJja7cH0r86T8TfH3jLx5bRad+zlo8FzLerG+qX3wdeJ4nQ5Oyayu5lByAPQZ61+jf7eP/BOfw74G+FOta74cuPHfii71GCS3MPhX4W6Lqd6zSA4DD904UH+JQSOo6VzH/BOL/gjz8Vvhl8OtA+J/ir9oLU9Lv72Nrw+C/EXw809pNMaRAPmYkusoA52sMHNVT5Ypt6oTcmrXsevft1fto+O/hj/wTX13xn8LfhnJHr8egwWjQeIdKX7LDGyKk7yq5KhFjLtluAFya/PrxJ4i+Onij4XfC2Sy8TaZ4b1PVvhh9m1drCPR7JG+yzyqjAX9uRk7XQGPC5xnI5r9E/24fhF8ZfB/7MnjKXVPEHgnVvD8uhy22pC68NSrNHFINjKY1kcSyDI2oNvQ85NeD2fwX8VfGlvhn458G/DT4i32geF/hv8A2RPe33gizSW9uHmLSKY9QlR2U5l2yBcYZSDzWVNKmrJdRSU6jv6Hg3gLU/2izYWumD4i+P8ASp3gaSG3t7rwjOywGBSXljVVdIhuBLg9TjjBr6e/4KP/ABB+GHh7XP2OtC+IWpXj2Oia9Fq+vTRx/a3kitIInk3xW+4OAU3FUyOTjNeaa1+yt8f/AAz4A8R6Vqfwh8WahPqmpm7tlHwr0q+W1i+zCNoVCXBZHbao2j5T1OMZrrPhloit/wAFFfgn4i+LXw98YaZ8Mvhh8OLoNeN8M7y4t73Vprc25t47aCGYAjzOeGUbR83FOS55r5/l/wAEmN4xa9PzOe/ai/ap/Zc+MHh268Q/s0fFL4Ua/YXamaew1yJtN1FQzZG95NuBj0Feh/8ABBj4YeEPhX478X/Ff4jWnhbT9Q1u2SLw3e6b4ohvlmtlJ86PeWZhkhDsOGG3kcV4F+2J/wAG9nxf+Inx11b9oD9gqXR9I8K6neC+sfA/xMj+zXCuxDyRhER0W3diSsUpRlDFcLgCvsj9jLx/40/ZQ8FWngH4hf8ABF3xD4T19EWO/wBV+DMWj6ppOoSLwWkU3EUsG7qVZTjnnFaqlGFG0Hf8xc8nWTkrH2f4A8Bfs3H4ha18TPhZ4L8JxeJbweRr+uaPpsCXkwJ3ZeVFDtlhnBPJHtXC/wDBRq0Fz+xj8QlK52+HJ2/IZ2t+Vdb8JPGfjDxrdXPiTXfgZJ4HsXt0W1h1W6tm1K6bJO6WO1aSKNAOg8xmyxBVcVm/tk2UHiD9lnx7pcp+Wbwxdq3P/TM/Ka8vM4v+zqy/uy/I9nJnbN8O4/zx/wDSkfi7+y58I/HX7QXjrSvhz4HsJJ7q7cCSUg7beL+JpD2UCvvv9rr9rL4If8E1PgPafsq/CbVIrzxdfWf/ABOJ7cb2t9ww7ysOjNzgdhXgf7En7V+pfsb6HcWfgz4PeG9TvL1gZtWvzKLkpgfJuVsbeOgAr1Dxx+314P8AirLJf+Pv2H/hfq15MD5l3f6fvkc/7Tbdx/Ov5Nwee5FhuedWbU3daLaOuzXV9Wf1LxhkXGOdY+nRp4W+Ghr8cffl3km9l0RJ/wAFBPg94v8AFfhf4bfHrwBoF3f2Gs+HbMzzafA0uyQxoyl9o4zk8+1WPi14a8K+M/jZoup+LPFK6U03hXShrM7W7OVuVgAkDAc5xtqL4S/8FC/i58N/Clx4E0zwlob6P5kv9iaeyvs0qNySsCZPMaZwqnoBjpxXmVz4i1LWtVn1jU7ppJ7qVpJXI5JJyWHtX53mtfAqUI4KTtvqlp0tdPW+/Sx6WXZdxXiMvo4DMaaorDKcadSM1JzjNp2a6ctrdtD9NPhJ4e8BWnw5sdK8JeOLe4tktUC3PkFBJwOGzXca3oWkLa6Xb6lrFuuJfLgZ3AEpZCuzn1rwb9nlz/wqTQ8nINmhIPcY+6a6zxLa3Piq0g03UrqQwW8m+IBsFGHRSe2K/KsP4tZNl31rL8ZlilFvlvGcltLVtO+ttrdT+eswyCvTzCcvaNtN6ve5xHin9lbx34R+Kb+KNCsJJ7GS5E0LwjP8eSpHavStPkK+M9Sm3cGK3DHP8QTBU1q2XxW8Z2+gDR5bW3nnVBGl4+c46YYdz75rP0ezSCB5pJTJNJMzzSt1dic7hXy/iPn/AAVWwFGHD9arUcrOXtIpezSs1FO3vevZbs6pY/MsZGMMWl7ismuu2/3HS2com2lGx07/AKGuD0rSdXsrHUNT8KXESXcOpz+VFP8A6qdQfunHI6de1dFc391ZWM01nF5kojzHGv8AEfUVT8P2U+n6csdxxLI7TTYP8bclTXi0eL8HS4TqxbvWnOK5H2Wrl+hhGk4/MZ4C+K8HjESWmr+FtQ068t2aOeO4tyYt6nBQSDhh6E461ofEKWwXwNrMsTDA0yYnntsOQfwzVbSbY2unxQSZ3Bctk9yc4NY/xdu5LL4UeJbhGwV0S52k9j5Z4NdfBnF9bG8c5dQqUo8rxFJJ/aV6kVuHsIp80dD8A/2dNQ/Y/vv21tS8U/toanrEfhePU57j7PpFoJRczCXC7zncseMklQelfrP+0L/wUc/Y0tvC2hfs6+NvgxrEfwb8Y6VFa23iqOwUWMUL4VAypkhFyCT1HpxX4AfFKS4h8f6rcRygEXshznP8ZO019v8A7Av/AAXSm/Zj+CcP7Nv7Rv7MPh34q+DrCWRtIXUXjju7RH5MYMscqSKD04UgHqa/6pvEDw3edZZgM3wVOriatGMYqiqypqPupKpTure0jJK/M7NH8sZVmVfD1KkOeMYzbbbhzNu+0tfhavtsfdGkf8EfvBP7NP7PH7TXjj4bW0XimTxJ8M9QT4eXlrF50smmz2TzYjAzvkJwgK8sEXuxz8KeCvA+pXf/AARF8X/ErxFps9qvhr4saaPDNxd27IZJsQmfYHHIBOGGMZyD3q/4n/4OJf2u9F+P1l8Qf2evD2i+FfAWj2K6dpXw0urYXloLIY+/LhJA+QSChULnGCK4v/go1/wWg+Mn/BRH4c6R8KdY+F2heD9C067+13Nholw8gu7nBAMjMFwBknGDyck18vwzwB4wT4ipVc65Z061WhWnUdROdNUo8rhypWcpKybi2tWd2Px+RvBezw6lzRUoxWtrzknzXeyT1Sfkdd40i+Hf7TniXwf/AMFDP2ONJsm1GytbD/hdHw10O12XvhrUIwkUs0tqAGexlPzGSNSqMwBxk491/bw+FfiH9mv4/wDhf/gpR8LPHVve6LrniHw+sUVvJmSJvkEqkg/MGRSOOm7HFflr8IPif8T/AIFeOtP+Jfwg8b33h7xBpcxfT9T02YxyxHPKnHDKejI2VYcEEV+lOhf8FeP+CfXxP+Gel+Iv2s/2KrjW/iNp22S5Tw20Vlo+qXi8rNcKso8ss3zMojOCTjPb2+KeCeL+HcbgPYUpY7CU3Up8sEnV9lUd1SnztJxT0VS91s4vc4sPmmAlCuqjUJTs03eykvtKyer1vpr0tYxf2k/+ConxD+CXxd8RfDvwv+zt8I7zTdM1Z5La417wHHcXsqyESea0+5WZju68dfavY7r/AIKZ6V4s/wCCb3/C7/jH+yX8NNW1C78XSaJY6E+kSxWlxGiROxdQ5IwHPAPUda+T/iRd/s1/ta6Frnx08e/Hrw/4B8T67rcjS+Gv7Iu7oW9uqoEjHkId3C9yuTnoDxwHx++P/wAN9S+Fvg79mr4OzX9x4a8IJPNcarqNqIJNUv5mLSPJErN5aYwqqSSAOa9SnwJwxnv1HBUsBUp4ilOLxErVIpcsG5pVLpNynZXg3fXofFwzXGRoTlGpe7lZOz0b00a0VujsfUP/AATW+KfhP4p/FCTWvCH7NngPwRFJcyRXKeFbW6jaYjay7jLO/A3HgAVb/bU0sW/7QGqLDnmKM9e+PumuX/4IyWqN4hd5F6Xc79P9iMYNeh/tfWyXfxy1GUYJ8tB09vumvmcVg8Nl3ilXwmHi1CFK1nKUnuusm2/vPj+NMVVqcHTqzd26yt9xm/sZfCTw38Q/jJpd1488Y+GdN0nSb+C6vbTxFrKWf29FcHyULA7icc+1fqj8dfhsPjV8GvE03irxJo+l6HJoMSaR/Z1/59rCkO6UtJIMAnIVRjgAdzX46x2XO7Z09/8Ax01638O/2pPFXgH9nDx1+zlPaz32neLoEFnO90f+JewIEibSfusnGBjn6mvmOPeB82z3MqGY4Gv79OUUotL3Y8y5pJ3tfrttoeb4d+JWS8P5ZXyzMKHu1Izbmm/efK+WLVtE9lZ6N3Z7F+1d8HdZ17/gnh8Hvi7o06X8Gh6Klvqctp8yeTK3ylyO24bTnpn2rnfEngP4I+Ov2SPh9+0R+0D4p1u2jtLR9CtItGCNPchLyQlSHGDtT6YCnua1P2MP+CgPg34JfA68/Zp+Pfw+uPEfhfy5V0p7ZY5Gjhl5ePy3I3JkkhgeM47CvDP2hPjbafFAaV4K8B+H/wCw/BnhpZY/D2iAgmMSMWdpMcFyWPrgcZrxMl4f4tqZp/Z+JhKlTpVZzjWi0r058z5Y7+83Kz00PXz7i3gt5Isxw041atalCDoS5mo1IKKUpbKySdtdWyh4v0H9mG78V6fZ/C74leJTYXV3DFdrr2jIjRI0gDsHjYjhSTyOcV+mvxm/a1/ZX/Yq0v4deGfEs97DpNxoBj8MalploZLcRoFXaXXj5hj1zk5r8ims5A+84z/ng19D/s9fta+BdH8CRfBP9qD4fJ4v8KWU/naT5sSyTWR4/djcfu8dq7fEDgXF5hhcPVp1KteNHm5oXjzyUla6dkrrTTqr9Tw/D7xCwGVYzEQqU6WHlW5bVOWTgnF3tKN3ZPXVbPoffPxJ8J6B45/Z38eeK/hDkJ4+8IDWdJVIgjyeXHubYB/eXt6n618C/wDBLrwlP8Qv2vtB0+4tS8Vrci5uVYdI4v3hDen3cfjXoPx6/wCCpWrnW/Bz/szeG/7D0/wbMWhh1CFWju4DH5ZjCA8RlCR1yOMdK1vh/wD8FIv2YPhTpeu/E/4U/swXGi/EbXbdhcG2uI20+Odh8wLFtyxlvm2hBn8K/PcFkfG+T5LXpLBym8SrRs1eDtyLn1X2EnfU/RcbxRwBnGe0azxsYLCu7bUuWorqb9m7b811Z6Naps7PR/iBo/wl+PnxXvfCnhXTNY0qw8WR6bd6XeNshJkdshiBjO8qOeKm/aJ8T/BrwlDb33jf9hHwIt3qEfmxyFsHnGd3lovr68159+wJ4TfxV4V8V/FT49+J7Sx0rWfEC32pX13cBWubpH8wqeeBvYH8MVmftn/tKeDviz4st9G+H7Pcabpg2i+ZQv2hum099uK9LKcnjjeIo4Z05T9mkqk4ynFLlhFJXjJJvmv3Pj+IuK3l/B88fRxEacqrbo05Rpzb5qkm5WlFtR5bdtdj1vQfiXf+Bv2L9W+Kfwe8GaX4PFtM4tdJ0qDzLVT5oUvtm39ST3FfnX+0L+1P8WfjZJJp3j290meJZCyNbeH7WCQH+6ZEjD/hmvvf7Sg/4Jd6vdDgli30zcj5T+Vfl54g/e3hJPBPB/8AZTX83+JNocS4rDwVoKclbfbTd6v5s4uIM3zSpk+WwqVZJTw8JSSdouTWr5Vol6ITwjo9x4s8UaZ4VgmCTarqltZRyN0RpZVjG/2BYE+1fsp4z/ap+Cf7P3xX8F/8Evf2hdK1XxDa+LPDdrpVl4q1aGNoZ5JB5EasMA8kAbx0JHpmvxetJrjTrlLuymeOaKVZIpY2w0bqcqw9CCARX2bN/wAFhrjx34L0e1/aL/ZL8GePfFvhmNT4b8aX8hguLSZcbXlTy2JfKqTsdASM4r5DJp4TBxqRk+Vy69Ldj1uAs+yjI44h4ifJOfLZtOUZQV+aDS2b6Nr7j179of4Y+L/Ef/BLzx18OJGk1HVfg/4yutFeVMu8mnWl2TBu74FtIh9tlfOv/BHrRF8W/FfxVoF5/wAeV94NuheFvuiMFBhs+5rkv2ef+ClX7R37OXifxZrMFzpvinTfG14914i8P+I7dpILiZs7gXQhoyQdp6gjGRWEf29dZ8Gal4hufgN8FfC3w9g8T2jWmproqyzSeSzBmiDyt8gyM/KAPavlcdhsPVx8MTC9la6f93b7z0cXn/DeLrYbHwc1OmnGVNrdK7jaXbVH0l8cP+Ck37Suo/G+TSPhD8Q5dM8PWsi2lhp8VvG8TqrbPnDKck4FfUf7Kf7Rur/G7wx8TofjP8MfCmqR/D7TopTdyaWM3srQNKQynKnBXBxivhX9jj4Y+CfFPgHWP2q/iV4006z0PwVPg6bNdKLm/vVTfFCiEch3ZOnoelbfw7/bl8G/CX9mj4geC7eSS48UfEG+ke7liIKxxldpUn6EivWxeZY3L8NGUZ357pR0dtrNnTkvFWe5bjIY3NMW/Y1lUnGm2paKL5FZ3t71rLy7DP2R1l+MPhPV4dQ0792Piu2pi2sIN6wNLHGTGF/ujgY9AK8q/wCCin7Dvx9+B/xCvvH154YhufCOo3e7Ttatb+PZDu+ZQ4YgxuDnrxx1rjPgf+2D8Y/2Zzqlp8K5rPy9WvhdSfbYfM8uTGNp59K+iPBXxu/ZfbQNO/aH/bb+K0HxQ8VRn7Vofw6t4mlsdNm/haSLOwuB/e4yTnPSvMeOjKcZ1FvbbfZLZbLQ48HisjzrLqVDENxrQV3NuMYx76by8klfsV/+CmcnxEvv+Cfn7OWs+O9K1GK61q0STVzcWkitHMluFjaTcMhmQ8Z6nNfof+zPPFD8DfC1qhAEeh2qgA+kSDafyr86PHv/AAWc8dfEXxNNp3jf4b6Hqvw/u4Pst54NvtPWUNBn7vmH/VyBfuso4PNfWHgL9oH4keK/2cPDXxU/YW/Zzn+IOjTeZZnQNQ8XW2k3mmNCduzfcAxzFQB8wYZBB9a+s4bzLDVo+xpxcXdvXb+kfovBeOyXFZ/Ungakm/ZxjyyTTfLZOS7p29T139uOYRfsU/Fi4ZAVHw51nOR/05S/MK+M/wDgm/8A8EeP+CbfjD9iX4U/E/x3+yj4a1vxHrfgXTL7V9V1JJZXnuJbdHcuC+0ZLHoBU37Vf7Rn/BY740fArxh8BvDH/BHyewPirQLrSjrFx8XtHl+zLPG0Tbo1YbyA2QMjp9a579lL4yf8Fwv2cv2ffB/wGu/+CQOia3B4R8P2ulRasvxo060a5jgjEal4yZArEKMgHrX10oPp+Z+uUqlndo/Q/wCEPwg+FvwH8BWfww+DfgTS/DWgWG42mkaPaCGCIscspVeMk8k10zbinJwf8/Ka8b/Y9+Ln7Vfxc8Japqn7Vv7I6fCHVLO9SLTdMj8bW+trqEJXJLvAqiLa3y7W5PUcV6+TkYJ5Hv8A+Ompaaep0Rs9UITnkn9f/HTUcp28Dv15/wDHTUn+ev8A46abKQF5/Dn/AMdNIOpGHAOQT+f/AI6aa75G1z+v/jppQMnB/n/46aTHqPx/9lNA9SPYXPzcY9D/AOOmnDK4TIJ9v/QTSlf9o/n/AOOmgKc539uhP/jpoDW4v+ev/jpqNA+45HGfT/x009CSvJ+uD/46akVdowf5/wDjpoG9hYVwc+o9P/HhUpYkbT/n/ZNMUZ6jp7f+PCnf56/+OmggP89f/HTR/nr/AOOmgkDqf1/8dNH+ev8A46aAJy2FAbp9f/HTUJPOcY/z9008tkbS3X3/APHTTGGDj+v/AI6aqKAMjH3uR7/+OmlEjjv/AJ/umm/56/8Ajpo/z1/8dNJlJDzM3p+v/jpprMW6n9f/AB00Fiep/wA/3TSf56/+OmkPoKCR0P6/+OmkwM5x+n/jwpCccYP4f+gml/z1/wDHTQD2FyMYx+Of/HTTGPzdD+f/AI6ad/nr/wCOmml88Af5/umglpi7l9f8/wB00bhjP9f/AB00w4xz/P8A8dNMe4gRtryAemT/AOOmnZsLMkaQAY6fj/46acrBhkfz/wDHTVWa5t4l3mUY+v8A46aLXULOVsLICfZv/HTRqmFmXGlwADx+H/jwp4lCjHX8f/HTUO4MSDk/j/46aTfICDg++P8A0E1ad0SycnsPy/8AZhSlgQQw/HP/AI6ajHbjn6/+Omlb5iTnp/naaq1ydwbCj5eM+/8A46ab/nr/AOOmkZgoyT+v/jpqq+sWUL+XLMAf97/x01Dk7laWLf8Anr/46aP89f8Ax01WTVrB+BcL+f8A46amjkSVtyS5HoD/AOOmmGg7OR8p/wA/3TUiuSPcdOf/AB01GDliM/5/umnoqlc/1/8AHTSKW5GzAfLj9f8Ax001o0wN2fw/9BNPkI3fMv6f+PCkPK4x/n+6agsYU28b/rz/AOOmgou3k/mf/HTTiMkgZ46c/wDjpoJ+Xkfjn/x00mAx1VV5/PP/AI6aYGBOP8/7ppzNuOf6f+PCowMqCB19/wDx01LTHuyYKB0/n/46adhT0f8Az/dNRf56/wDjpp6Enhv8/wCyaNQTFJA6n9f/AB005X2oSDkex/8AHTTCR69eOD/46aeF+Tlv1/8AHTTSBu4glyOB+v8A46alUBhlu/v0/wBk1Dxk4/n/AOOmpElaMbG557/+gmqFqKchtgGMc9f/AB00Owx0PP8AnaaCSSGHUn0/8eFG0knK8Y44/wDHhVLWIuoABhtLE5/ztNOAXHAH+f4TSIGAw2Pw/wDQTTwp6Dt7/wDjpp37jIpVHOF5+v8A46aj2Ecbf8/3TU7MFGT/AD/8dNNYADIP6/8AjppNgQsWU42/r/46aZ/nr/46an2ZOcfl/wCgmjYvp+v/AI6akCD/AD1/8dNH+ev/AI6alkjB6np/naaFXccf1/8AHTSeg0roiII4P8//AB00f56/+OmpJE2jafT1/wDHTUf+ev8A46am1wasH+ev/jpo/wA9f/HTSqobOf5f+PCk/wA9f/HTSEH+ev8A46aP89f/AB00jNtOCP8AP94UoIPQ/r/46atDsx4U8At+v/jppn+ev/jpqT/PX/x00wqRww/z/dNJPUQn+ev/AI6akiIUZI/X/wAdNMwWPA/X/wAdNOXO3/63/jwp3QE6yFV2gfr/AOOmlMp+7k4+v/jpqv5p9/z/APHTTg56hv1/8dNMBZSsnEmDj1H/AI6ajcHOQSffP/jpqbCnhv5/+OmkeNegPb1/8dNKyAp3Q82MwsMqfvKwyD/tCoRAu3n8geP901ZkiLZB/wA/7JpgTHVf8/3hTtqSnqRCIEbAD77T+hp1pZ2sIAhhUbTnOO/9008EA7R+h/8AHTUkWRzj9f8Ax00+RD0ZOjMRkEk9/m/8dNSqQADxnPXP/jpqBFwQobr/ALX/AI6akLbV++MH/a/8dNHKM0Y7lhFnPGP8qa4X9qe9cfs3+NY1bJPhy6zz/wBMz8prrRMFTaW7dP8A2U1kePfDGm+PvCGp+CdZlmW01WyktrhoGAcI64Kknoa5cdh5YjCVKUd5RaXq1Y7csxFLDZjRrVPhjKLfommfj7phGxAeyc/l901qWciryq/5/umvt+P/AIJa/AWHCxeLvFaqvQG/gP8AwE/uqsxf8ExPgRG3PinxU31u4f8Avk/uq/lGt4L8azk7Rhb/AB/8A/rheNXArXx1P/AH/mfFlpcbcYz/AJ/hNbVhqKIyjBOPQ/8Ajpr7Ht/+CaXwBh4bW/Ez/W/jH/AT+7q1F/wTh+ACgKmq+JOvU6kn/fJ+SuSXgfxrJq6p/wDgf/AMZ+NHAslbmqf+Af8ABOz/AGe7/wC0fCPQXYD/AI8E6Hpx9013TXalNu3/AD/dNVvCvgDQfBvh2y8MaK0y2tlAsUIlcFsAdGPetD+x4A3+uYD/AD8wr+d80+i54tVcfVqQw1NxcpNfvY7Nn4djeJ8oxOKnUhJ2k21dd2Mt5lGGJxx6/wDjpq2t6pQKCV9s/wDjpqD+zUQ4+1tx6D/x00pskJ4vG/Bf/HTXl/8AEq/i9J64aH/gyJ5k89y6+5fjmzwWxz3/AJGpg6t/EPz/AENZbWpPP2tzn/O00+OMD71y35/+Ommvom+Lk/8AlzSX/cRf5Gf9v5fHZs0uv+f0NcZ+0TqaaR8CvF2oO4UR+H7o5J7+WeDXSpEc5+0OfYn/AMeFReNPDHhr4heCdR8EeJdNMtlqli9rdhJmRtjDBUsCCD719Nwf9FbxPyrinAY7GRpKlSrUpytUu+WM1KVlbeyObEcQYaph5qmnzWdvU/le+IUf2rxXqM23PmXrkEDtk/KaxIdNDrhh+n6Gv3kv/wDggd+wVdzyTrY+LondzymvBh9Dujqmf+Dfn9hPcR9p8Zj1xrEf/fJ/dV/0j4H6SnhnhsFCjet7qS/h9kvM/nJcK8RJWVNf+BL9T8MUsguB19ef/HTU8dsinp+v6Gv2/l/4N8/2FnOV1Pxoh7H+2Ij/AMBP7moX/wCDez9iQvuHijxsCfXU4P8Avk/ua9GH0m/DBbyrf+C3/mZvhHiKS/hr/wACj/mfijDbRjk559//AB01oafbxKeR/n0Nfs+v/Bvh+xcOP+Er8aZ7Y1KH/vk/uqni/wCDfv8AYuByPFPjXOcf8hOH/vk/ua2/4mc8L7fHV/8ABb/zOOpwZxJUVlTX/gUf8z8ahGpXyyeB2B6exqCW0hjxIex4x/6Ca/alP+CBX7FqIWk1rxg57k6rEP8AgJ/dU1/+CBn7FLDDX/i4+h/tePn/AGTiMVn/AMTO+GMdU6z/AO4f/wBsc0OBeJU9YJL/ABI+Yf8Agi3bSS3V1L5ZDIJSTn12fKfyrvf2o4Hb406kHUg7UHPfj7pr7C/Zq/4J1/Av9lNJl+GJ1WT7QSZW1S984nOBtPAx0q/8Qf2E/hL8RvFM3izW7rUUuJxhxb3W1eP4SMV+D5j4v8JYrxExWcw5/Y1IKKvHW6turnn8Q+GXEebcL/UaXIqntHKzlpZ7a2Z+dy2jjoO393/x4UySEgfMOf8APymvv0f8E3/gYDua81g+32z/AMdPFDf8E3PgC3Mj6uc9xfn/AL5PFe3/AMRt4LWt6n/gH/BPyqf0f+O5q16f/gf/AAD8+pIAMgD8M/8AjpqvLBHnLDp/nBr9B3/4Jr/AFiT5msD6X3/jp4qGX/gmn+z/AIJ+1a2D7X44/wBk/LWkfHHgm+vtP/AP+CZf8S+8exejpf8Agf8AwD8+tsfQ5/P9DThCOqcfh+or78P/AATM+ALZ/wBL1onsWvv/AB08UxP+CaXwPVj/AMTLV8e9z/46ah+N3A7fxVP/AAD/AIJUvo/cfrb2X/gf/APgd7UMM5HPT/A1La28IYgjB+n/AI6a+9V/4Jr/AATQhv7Q1Xjt53/jpqSP/gm58D0Yu11qjfWf/wAeFTPxt4H5bc1T/wAA/wCCR/xL94hNW/df+B/8A+H7S/uxbi0FxKYs58re20H0YdKuQIGUNg5Bzg+n9019v23/AATo+B0SqPtOqn6XXX/ZPFaGn/8ABPb4CWswlkj1STHZ75sf7pry6njNwXG84e0v/gWv4nLV+jp4i1pLWj86j/8AkTi7xnP/AASy1mKLkxxgttHpcZKn8K/MLVzvuy2en+dpr9vIfgV8O/8AhTl98CXsZjoGoLtmiE58zBIJUt25H6149P8A8EmP2Pp33vo2urkfw642D/snK1/JfF3s86z7EYzC35JzlJX0ep+s5r4S8V4zBYGlTlTvRowpyvJ/FFdNNUfk06dxn3/+KFQtAyghec+n/oJr9al/4JI/sc42to2v8f8AUZb/AL5Py0rf8Ejf2OmB26RrvXj/AIm5/wC+h8tfJPJsZPqv6+R4n/EGOMV1pf8Agb/+RPyMnj3YY59uf0NZt1alwVYf5/umv1+m/wCCQH7HMx5sPEAGO2rH/vofLVeT/gjh+x4z8L4kAx0Grj/vk/JWLyDGN7r7zWHhBxjT/wCff/gb/wDkT8jLQSRyBAzgZyTzjPowqSaablwSc9//AGYV+ukX/BHL9jxPvQeIm443ar/46flqZf8Agjx+xmg2nRtbb3OqH8jxXPLhrGTerRT8I+L5O8vZ/wDgb/8AkT8epeTg/wCfY1SlhO/eSf8APY1+zEf/AASB/YpXl/COqyj/AG9Xk/75OKsQ/wDBJL9h+3Hz/DO5lz/z01WY5/2Thqh8L42e8kjppeEnFa3dNf8Abz/+RPxv8F/DnxX8SvFNn4M8F6LcahqN9MqW1rboWd2J+6cdB6ntX7k/sI/s+yfstfsz6F8JLyZXv4i93qjqeDcykO6fQHCj2UVP8FP2Nf2df2edQk1b4WfDi00+9kUq167NLLtP8G5ySPwr1AM33SePr/46a9/J8k/s989R3kfpnAvAdXh6s8ZjZqVXZKO0U99Wldv8CWR9n+f/AB000TADaQfz/wDHTSOwZMDp/n5TTCMHB/n/AOOmvpLo/ULO45mGNo/n/wCOmkYgnp+v/jpppJzjH6/+OmkLjoBn8P8Ax4VI0wkAwT6f53CmkdmOfx/8dNKByeOT/ncKZGSeh4/z8poRQMhzwP1/8dNA44POfQ/+Omnf56/+OmhVI56/j/46aeglsNdQMc/r/wCOmm/56/8AjpqSQADJPX/O00xsdh+v/jppACru7/5/umpFXd3/AM/3TUa5B3Dt7/8AjpqRSOmQD9f/AB00xPUML/e/z/dNCruOM/r/AOOmkP8Ann/x000FycA/5/umkLlZKVB4Yf5/umlAA4H8/wDx01GXYLgt+v8A46achZhll6Hnn/x00DsO/wA9f/HTS7jjaf8AP+yaAjE4x+v/AI6aT/PX/wAdNBQ5mUqAv8//AB003/PX/wAdNH+ev/jpo/z1/wDHTRcA/wA9P/HhUVv9r1LVYdB0qJZLq4JEaFsDgEncfTAJqSRgiFj2Hr/46atfAfT5da8e6p4jmQmHT7YQQkjjzJDkqfcKuP8AgdC1AkufAXxCsbaW+utMt/KhjaR9lyCcAZKkdzWXp2oQ38AmhYEEcYP/AI6a9C8B/FPS/HnjXxh4JtkQv4W1KC1kdeRIslujkN7iTzU/4BXllrYt4V8Z6r4OkyEs7thbhv8Ank2GjU+vystNpAaavPd6nBotgEa4uX2RK74BOPuk1Y8ReG/Fvhaw/tTX7SCK38xY9yXAY5PRgKwdMvZE+MXh2FWOG1EA8/7LfKa7/wDacuHtvhsksTYP9q246+5+U0W0uBxl7qcVvp5u2YY256/+Omur+Dng3RfEngRtd8V6VHL9tuXe3klyrJCvyhSwwQCQx69CK87stP1PxzeWPgzRyRJdkebL2hiHLl/oPzJA717X4p8XfC/4X6BZ6L408QadpdhND9ktIb+UBZUVADsB+8NpGfr70LcDwrwf8Q9C1r4u6ZYaCVOnz64I7RC5bdFuIUNnk5HP416R+0rqNn4c0rRZIoo4fP1JkYqAM/uydpp3hXxP+yLL4isLDwfP4NGqPcKumpZWsKy+b2Thcg/Suo+KGt/CLRNPs7j4vT6NHbNclbJtZjRl83acp84OG256dqpAeW2uuadJbqxul5HY/wDjpqzbahaXB/dTAj2b/wAdNdFF8Rf2SgAseueEMdsRxf8AfJ+Wsf4jeLvhPqGk2I+Gd9o8s/28eeNMRAwj2Pw20dM4/SjYViGW5WMhEVmZjhUAySf7pFQvqF0jbTo94fTFq/8A3yeKp6JrEkXxK8O2pYjzdSjUj/2U16d8afjv4P8AgTp1hqfi+w1K4TUbloIF02BJGDBdx3bnXAx9aZKR5hrWrX8di7Q6JekgcAWz/wDfJ4r0T4KKNX+D9pe6lpGy5IugUuLba/E8oUMGGemK5Fv29Pg+IfPPhnxOVxn5bCH/AL5P76vQ/hF8W/DXxo8JDxl4Utb2C1F1JbmLUIVSQOmMhgrMMcjHNLqUkjyj9mn4leENW0kfDrxr8P8AUdP1C8Pz3mpWDtBet2TeVHlsM8KePQ7jitHx74f0zwB4nj0zQLq7uY5YjLLAYGcWi9g0gGMHng8gDJzkGmz/ALe3wigv59OPhPxUZbed4ZFXToT8ysVKn996imzftm/DLx3oV/oWi6B4hinu7KWGF7myiVQ7IVD5EpOMn0pO1g0Y6GYTIskTZDd8/wDjpqyhIXA498/+Omsjwsl0NLjWQknHdv8Ax01qhXXJYjntn/x00hJWZH/nr/46aFzypPv1/wDHTQAxOO31/wDHTSqoB5PP0/8AHTQ0NajlPy5Y/wCf7pphIHU/r/46aXb8u7P+f7ppGU/cAJP0/wDHTSEr3InyR1/X/wAdNCAbPmXr7/8AjppzrklW7c//AGJpCMHB/n/46aCg/wA9f/HTTuuMDH4f+PCm/wCev/jppysccL+v/jppMBUTIwR39f8Ax009yVXA6fX/AMdNRrIytz+Wf/HTUjvn5c5/H/x00JAN/wA9f/HTSgjG1h+v/jppP89f/HTSqpb/AD/46ap7jW49XjAAY8/X/wAdNPV1bof1/wDHTTAFGCP8/wCyaeEween+flNUlZE3vIUHuD/n+6aUsSNp/wA/7JpAABx/L/x4Uf56/wDjppNXGIy7h/8AW/8AHhRFEMncP1/8dNPZcfMD/n+6ab/nr/46aGkABQpKH8MH/wAdNIy7u/8An+6aVm5z0/H/AMdNDspU56/X/wAdNS1YCP8Az0/8eFIcAdP8/wB00v8Anr/46aP89f8Ax00ARk55J/X/AMdNNcADp+v/AI6aeVI6/of/AB003LHgL+v/AI6ajUp2sIq/xE/r/wCOmhweTt/X/wAdNEbEgqex9f8Ax00oYElfT3/8dNGorEWC3J/Dn/x004Kv3QPp/wDEmnqBkrj9f/HTSGNgcE/r/wCOmraVgu2Dj+LP6/8Ajppv+ev/AI6acw6Ln9f/AB00jLt7/wCf7pqUxu1hVOeWb9f/AB00oYE4/wA/7ppEH8X5cf8AjwpQgBz/AF/8dNHKJNoQJkFgcY/ztNCKSSo/n/46aVssvH8//HTRE2Hwe/v/AOOmmtBEv+ev/jppFO5iw/l/48KGOBkfz/8AHTTP89f/AB00xMQqD1/Q/wDjppkq4G1v5f8AjpqQj/axj3/8dNBHY/z/APHTT3Fa5AkeOV7jv/6CaWNQM5b36/8AjpqTYMcNz2/+JNNO3OemO+f/AB00Wdri5WSAg/8A6/8Ax00cdAT/AJ/hNIoGNoOfx/8AHTSAAMRjr3x+hqyh/HbPvz/46aa7YG49h6/+OmjG0cD9f/HTTZA2eB+Of/HTSsK1hiLuOSe/r/46aeFjOQe3TB/8dNN5X5SD/n+E0I24ZH8//HTTJvoSDaPlH+f9k1Iq5BVhj8f/AB01CD82Sf1/8dNPDHHB/X/x00DQ/hR/9f8A8dNNbkFSOvI5/wDHTRuym0H9f/HTTSx/hPT3/wDHTU8pTWoMxwRtH1z/AOOmmglf8/8AjpoZiTwf1/8AHTRyec9Pf/x01NkJpJAFORn+f/jpqQFB/APz/wDHTTU+7n+n/jwpfw/T/wAeFVZImw9TuGT/AD/8dNCyZyAeO/P/AI6aaEJGf6/+OmmgMrEEde//ALKaHvoND3Cg5HT6/wDjpprAdh+f/oJo/wA9P/HhS42ghh19/wDx007sEhrKpOSOnt/48KQgOMgfn/6EKkQovB/z/smnIiPzn9f/AB007sqyRBtYycL0/wA7TUkUWWJIHTsf/HTT3BUAovT/AGf/AB4UBzuwox68/wDjppai0EdQQcj9f/HTTTESMkfr/wCOmpAflxjr7/8AjpprZx8xx+P/AI6ad7EjDGM/MOfUn/x001oMuQTkZ7f+gmn7ty4fj/P3TRll+XP6/wDjpqHJspMiaPHIPB/ztNI0WD1/T/x4VJwRknofX/x00hDMcKOnv/46aWo7IiaIngEfj/6EKa1sp5Y5/wA/dNS5OMZ/X/x00f56/wDjpod2FkVmjXPzKPz/APHTSbFyCcY+v/jpqdwAcD+f/jppNm4kAfjj/wAeFRqFiEJxgYx6/wDspo8vB9vr/wCOmpgABj+v/jpo2j0H+f4TSKSZEoVOSM/j/wCOmpFYMcEfr/46aVVUZ3fy/wDHhS2+zed3THr/AOOmgauPiUqc9iPX/wAdNSEtuwfT/KmmYYnap+X/AD8pqQhSBjr/AJ+U0FWFy5IwP1/8dNSrhR0/M/8AjpqHewPAz+H/AI8Kfu3cn/P+yaaVzNokCg8Y6/52mnCNQMf1/wDHTUXJOFJ/P/x008Ekbc5z15/8dNNRFZD+g6dumf8Ax00uTjGf1/8AHTTMbWAJ/X/x00u8lcr27f8Aspp2RLXYeMcAHP4/+OmkIwf/AK3/AI8KF5xn27/+OmnOFB4Of+Bf+OmiyBIjcK/yn8x/6CaiYYOP8/7pqSRcnnv7f+PCov8APX/x00yrWFcgAc/p/wCPCkBB6f5/2hSEhQVJ6+//AI6aTaTgN/n/AGTQ9ROQu5Txn/P900mwnq36/wDjpoaPghT9P8DSLndhup9v/HTSZIA7Tz/P/wAdNIAR93H4n/x004r/AHR09/8Ax003/PX/AMdNNaFrYMk8HH4f+gmg5DFSfTv/AOOmlwDkoenXP/oQokXnJ/z/ALJprRjGyKSMK3+f7ppn+ev/AI6akDJ91j+Of/HTTHHzcDA+v/jppMBd2BtB/HP/AI6aRjk//X/8dNG0/wCAz/46aT/PX/x00AOEnZh+R/8AHTSDBJGcfQ/+OmkI7H+f/jpoIyMH+f8A46aLsB6rznOf8/dNKhfu2fx/8dNJGuBgN1PAz/46aeAAwwf1/wDHTVPVXAcCRyD+v/jpoJ7k/r/46acEyM5/z/dNOAUIcjoPX/x01Iroj7df8/3TR/nr/wCOmnjgYfr2/wDiTTWQ7sY/H/2U02mhlDxHerY6XJMzAYQ8n/0E13vwVsIPB/wlj17VW8r7SkupXjnshGVDf9s1SvNPEunz+I9UsfCFvIUk1C6SEsv8Ck/MG+i5P4V7jr/hrQtZ8K3Hg/Ug0Wn3VmbSVIpjGfKK7TsYcj5ePpTSA+Zf2OvFM9j8dNXn1aTa/jKOeeQbvvXKu0wU/wDAWlr034+aOdF8daZ4uhGI9QgNtcnHAkTld3uVYj/gFbfh79m/4NeF9csfEejW9xFd6dMJbWQ6o5AYdmBOCMZBHvWn8etAk1v4Z3txBHum01lvYSOceX99T/2zL0WsgPKNKYP8Y/DLKeDqI7/7DfKa9B/ak3N8MUX/AKi1v392+U15j4Mvhe/FLwrKD11AHOf9hvlNeoftRf8AJM4/+wtb9/c/KaS1iM818C/E6/8AhNqX9oSeGkvrK7CpdyR8TxqP7pPBHcqcZwORisL4k2fi/wDaC8ep4xn8Eau+i20Zg0RV0+R18oMd28hSNzMOcdMAc7c10kumQ3nh5QYgSU45/wDHTV/wx+0rpPwt8I2XhS88EapdyWaMrS2zRhWy7NtO45707COK8FfCHV9I+MHhjV7fwDqsMVtq0Ty3D6XKqRgHq7FcAe5r0r9svwZqnjPw74ftdM8OXupeTq7PKllaPMUHlMPnCg4HbJqPwp+2l4b8VeN9L8Dp8PNZtpdUvFt47iZ4tiFv4+Gziuv+Ovxy0r4F6Pp+r6t4cvdSXULw28cdkyBkIQtv+YjjihJ2A8Jsfgnc+Siy+ANWDY76XL/3yflrf0PwLa+HLlYJ9KltJdoYRXEJjbHowYA44P5VvW/7cnh26KhfhhroDd98X/fJ+aqWseP1+J/i2PxNp2k3NlCtikJhuSN24M5w20kY+YflSaSAqWqhfi54ZUf9BaPp/wCgmvWvjD8PPhf8Q7GwtfifepFDaXDSWZk1EW+XK4Kk5G7jtXlOiwtefGvw1aAZIvmf/viN2Kn8qP2+dLs9eg8J6Ldkf8fF3MAT/dWIbT/31TWwHbaX+zB8BdaszLpMT3cAbYZLfUzIoYAfKSpPPI/OsT9h6+sz4S8TeHLNvlsfE0rRqWyQjxoqqfxjarv7Dnh6Hw58G7iK3XCXGvXEoPr8kabh+KV57+wx4jGmfEnXfDssmE1qy+1R5brJFIfk/FZWP/AafVC0uanwT+G1vdftReKL1tPxbeH9VubkkrwJJnYwof8AgLM3/ABW98e7/wAOX/xKs/DOkaZaLc2UPnajPDAocvJgqpYDPCjdj/bFen+KNU8H/CjQNb8f39vHbpM4ur9k+/czCNIkTn+IhI0A6fqa+fPAj6jrWo3PjrxIh+06tdPO8hB2lieY8+iggY7DFJ7WB6I7aziFtEIwMZHr/wCOmpixIII+nP8A46aajIygqePr/wCOmnlgy5B/I/8AjpojsSmN/wA9f/HTQDg//X/8dNLtb0/z/eFKqHqWA+p/8dNDXURE0ZIx/X/x005VAH/1/wDx004qRww/z/dNJ/nr/wCOmpepSuRyByfkH+f7ppNuB8x/E/8AoJp8mccfz/8AHTTcKp5/T/0E0lcdxNnGRz6YP/jppdjf89B/n+E0oDFflPHbP/oJppzuxyMep/8AHTQ7gwCLn72Mdc/+gmmhsZCn9f8Ax006TkZJ6e//AI6aawAOB/P/AMdNUlcFqO3KeM/5/uml+YYIH6/+OmkCAHn/AD/smhWzzj9f/HTRYOhICMYPp6/+OmpFICgMf1/8dNMyM4z+v/jppyvkdPy/9BNUtCbDv89f/HTT9vzbs/5/umo1dcjP8/8Ax01JuX1/z/dNMsGIA5/n/wCOmkABzz+v/jpoZuqn8Mf+gmhV457/AOdpqG9QG43ZI/8AQv8Ax005ECnIPXr/APEmm/56/wDjppN8mcD+f/jppNWAJSCST2/ztNNU4PPpx/8AEmlZSTkf5/2hSMjKOR+v/jpoAjIAzk859f8Ax005W3dv8/3hTXUjkD9f/HTTQsirnOB9f/HTSsA94lc5Yf5/umkWLAxu/wA/3TSbpPUf5/hNKrsOoH+f4TRZDQ3btY5/n/46aX/PX/x00MzFuQPwP/jppGYrjH8//HTT6AtGNY/NkH9f/HTS/eGW/n/46aQ/OeO3Tn/x00pBCYb8P/iTU9bjbTDDAgbuPp/46aXhj9Pf/wAdNIuVUH1Pp/48KXByQf5/+Omm29iRf89f/HTTtq84HT3/APHTSMWC4I7df/ZTSbz0K9f87hQrjYqL8xVzn8f/AB4UpjAHH8//AB00wjJySf8AP8Jpyksu1vT/ACppiF2Ajhv8/wB00MpPzL+P/wAUKkIwgDHoP8qaaWXBXd+v/jpp2JsR/wCev/jpoIGMHByPX/x00rMG4I/X/wAdNAUnt+v/AI6apDWgn+ev/jppNjdS34/+ympPLJG7p/n7pp3lALjPUf5U0bDIzg/MnT6/+Omk/wA9f/HTSn5Rjtnsf/HTSMpBzvA/D/x4UuYBj4BOT/n+6aidzu4X8R/6Cae74BU9/f8A8dNMJA6n9f8Ax007k2Ypl24/x/8AHTTxKG6HHH8X/oQqIMD3/wA/3TS/56/+Omh7BaxIzsRhWx68/wDjpoEm4Ybr/n5TUf8Anr/46aVAw5zx6f8AspqdQuxxDdj/AJ/umlJ7k/r/AOOmgHP/AOv/AMdNH+ev/jppDtccX+UEd/8AO005S23aT+v/AI6aZEWJIZRgdOP/AB4Urkg8H/P901W61E0OOM8H9f8Ax00f56/+OmkDg8Hj8f8Ax00MjHnPH1/8dNCaEnYUkDkn9f8Ax00HHQHPuP8A0E0gyR8w/wA/3hTivzbR/P8A8dNUNvUFXd3/AM/3TT1AU5H8/wDx00iowIJP05/8dNO2/Luz+v8A46aVhXbGuW4y/Hpn/wAdNKrI3f8AI/8Ajppo++cjP4/+OmlVMZO76DP/AI6aGAqrjp26D/2U0rYJ4P6/+Omk/wA9f/HTR/nr/wCOmpuNIP8APX/x00jdOmfx/wDHTS89Mfjn/wAdNIMkdMfj/wCOmkSMYqG2g/r/AOOmhhubd09cf+gmpJI8HI7def8Ax001MEFSP1/8dNDHdobtUHKj9P8Ax4U0pwc/z/8AHTUuSGwUxn3/APHTRsB4x+v/AI6an3ikQyqTwB/n+6aYVY9T+v8A46anZSpwf5/+OmmOjZ6fr/46aW4yHkcnt/naaXKEZUf5/vClkPb+v/jppCpAyf5/+OmizuUmJ/nr/wCOmjAzn+v/AI6aAwPAP6/+OmnGM7d46fX/AMdNKzBiqu3v/n+6acG+bcf5f+PCkyM4z+v/AI6aP89f/HTVJaEky8x8+nr/AOOmhDkZPr6/+Omo1Y52n+f/AI6aerdgM/Q/+OmrtpcCRMZ+b+f/AI6aVCAdhY9f8qaYGXAJPX3/APHTSKWLbl/n/wCOmkBNIVCYB5z6/wDjppgYjjP+f7ppP89f/HTR/nr/AOOmgCZHBUc/5/umh3VRkn/x7/x01GCQuGHH1/8AHTSN94/4/wDjppa3FqO3bs5H5H/x01E2ccn8Mf8Ajwpx/wA8/wDjpqMkDqf1/wDHTVAKBlsdPx/8dNGDnG88cjn/AMdNIcZwDn6f+gmhD85J/l/48KRNh6nI/wDr/wDjppf89f8Ax00hbaRx+v8A46aVeR90/n/46aErjVhN25c8/wCe4oC4JPr7/wDjppVwOCenof8Ax00oTJ2E4/H/AMdNHLJis2NC4JPr7/8AjppGGGwTn/P3TUhj9D+v/jpqJmKH73X2/wDHhTS1LQxkOcAfr/46aTY3cfr/AOOmnSEr8uMfj/46aRRnhs9ex/8AHTQ7ACl+gbp6N/46aAApxIPp/wDEmnhWHU4B9f8A0E0rjcmR26c/+OmkwG7o8/KP1/8AHTTfL/2v8/3TRsYN0zjr/wDEmnEj6fj/AOOmnFKwB/nr/wCOmnKgbpn/AD/CaaCDyP5f+PCnqrjqOP8APymq0EOjZl6H9f8Ax4U8HIyev1/8dNIkO8cN0/2v/HTSqpGAR09D/wCOmoS94fQP89f/AB00fNsJ3YIHr/46acI88A/Tn/x00hXKFQeSPX/x01oA74MaJNr3xQuPEU6fuNItSIyT/wAtpMqFP/AA/wCYrm/21bH/AIT7xL4e+HKKWis43v7pccFnPlxqfcBZP++hUOuaP4tR3HhnxVqenLK26RdPv5IQx/2thGaTw/4U1KK+GqeIdXu7+7KBXub64aWQgdFLMScVMgPNvEn7OmlporSJbciPuP8Ax019P/s/asfE/wAFNDTUsSyQ2H2G7WTksYcxHd/vBQf+BVxd3aLdWpt3GQRjGP8Ax4Vx134V8Z6VN5XhfxrrGnW5kLm3sNTlhjLHqGVGAz71KY7EfhDRrzwz8fdK8J3IbGn668UbN/EgDbA31XB/GvWv2oEL/DWNQCcatbng+5+U15XL4P8AEE8/9tya/fvqSEEah9rczhgMANJndnHGc9KLPw743uyYvEXjPWdRgBDeRf6lLMm4dAyuxGavoI6HwtZazrlg1toGlvdvAimVInA2g5wpyfY0t38NfGl2+Z/Atz0/56R/98n5qoeH/iLrPwfu7++s/Co1UXiRqIze+Ts2ljtJ2NnOamb9tPxorkD4Ioff+3z/AN8n9xRYV7FfQvhF47tvij4f11/A1xDbWmpxyXFwXjxGoPIb5s12v7UfgTxP450bQ7fw14ek1BrXVGlmWNlGxfLYYbcR3Nce37afjZfl/wCFIJyO/iA/98n/AEekH7avjYkgfA2PA9PEJ/75P+j0xi2Xwm8YxW6pJ8P7gMBz80f/AHyfmrRt/BfjXSbaS5k8GzwwxRl5WZkwqgZIbDelZg/bY8aE4/4Ugn/g/P8A3yf3FS/8NY+K/FemXWiz/CRbT7VbSQ+aNZL7NylcMPJGcZoAufAWx/4Sn4sz+JAu6DSbFir/AN2WX5FU/wDABJTviz4/8F2X7Tuk+HPHtnp9xolt4ckW9l1CzWZLeeRjIqkFSQ2IkGR2krC+DfxM1b4TXsuk6xoX2rSr2USTXFugE8L4Aw399ePunp1HocpfD9x8Q/F+p+NvENrtm1K5LrG3PlxgBUTPfagUfhUt20E3Y9O1P9oH4XWegSeA/ghatrGsS28kel6Noemukcbtn96zFVSNAzbmYn1pvwC/Z70f4L6U3jfxxe2z6zHaMZ7lpMQafFjLpuOBnAO5z2yBxknzzw/Frvwa8Wp4o8JwiSGTCahZE4W5iz90+jDqp7H1BIMfxp8cfEL49LJ4XtIJdI8O5+eyV8yXmDkNIw7eiDjPUtgENO+4bnqf7THw+1H4u/DG01DwVcm8lsrhNQtLe3mzHexlCNp5wx2tuU9+g+9UHw40BvDn7Nclx440NoZorO6vHs72ArJCw3bAwPKsQqnsecV598IPjP4r+BWgxeBfFGgXOsaPajFhNbOBPbJ/sBsB0HYZBXpkjAGr8Qvj1qHxf0ceD/Cvhi806yuJVN9c35USSICD5YVCQASBk56DGOTSXkDZJ4RvJL/So53PJXr/AOzCtQvxwMfj/wCOmqugWA07To7fGMD1/wDHTVlwR14z/ncKogmIAOT39v8Ax4UMmBkfz/8AHTUjLt4KnB6HH/jppp56/wA//HTS2GtCNl7H/P8AsmmmP0P6/wDjpqU/KPlH6/8AjppJAOh6+3/oJoauUtUQsjdAPr/8Sabtb2Oeuf8A0E1KQcnLfr/46aaVwcluPr/46aghkbLk8t06DP8A46aTKuNzH8v/AEIUsobdhTj0GP8Ax4Ug3MQR24J/9lNJ7DTYBexzj1z/AOOmmsNx4I/P/wAdNTFFxuJB/H/x01Gy4b5OBj1/8dNCbKbSG7GxjP6/+OmpY4OOen1/8dNMU8YJGfr/AOOmpF3D7x/L/wBBNWkrk3HIhVj6duf/AB00BSAT/n/eFOVSAMsMd8H/AMdNK2CT/h/48KCk7kYUkf8A1/8Ax00oVtuC3+f7ppCCGwD+v/jppVPq36/+OmkrDF3HGFX8x/48KUbu54+v/jppIyejcntkf+PClyD0PTrz/wCOmm12AcoyCD/P/wAdNNZMYz/P/wAdNOBCDLHr7/8AjpoypX5j+v8A46alghv+ev8A46aR/u//AF//AB00/CFeM5/z8ppsgULxz6//ABQqFoynaxH/AJ6/+OmmyBvTj6f+PCntjAH+f900gIPQ/wCf7pqxLQj/AM9f/HTR/np/48KXgt9T6f8AjwoKkcMP8/3TSdx3VhrNt7fr/wCOmmOxPQfr/wCOmlcnOP6/+OmmMDj5m/z/AHTTF1FiYA85/P8A8dNOYM5wp/D/ANlNMXaGwW7ev/jppyvk8Hp7/wDjppPUGOVQRz/P/wAdNO/z1/8AHTTc/wC3/n+6aBIpO0/z/wDHTStcE0OJIBx6ev8A46aY27ox/X/x00/OVyX/AF/8dNM3HG0/5/2TTSsDdx0Qz8pP6/8Ajpp6qQc5/X/x00xQAMD+f/jpp6qccN/n+6adhEhBCkE5/H/x000qSMqemf8A9k08kFSf6/8AjpphbI+Y455wOv8AsmrJdhp4znn15/8AHTT8EAk9/b/x4Uqhd3Hp6/8AjppVGR9O+f8Ax00aAkORVxyefXP/AI6aRskbWH4Z/wDHTTh93731Of8Ax00hIz8p/X/x00DuRNDknH8//HTTJUPRj/n+6an/AM9f/HTUc+eh/T/0E0uULIryJ/CT7g/+ymo2XPyt/P8A8dNTEZBLHn6/+OmmkKMbvwwf/HTS2GRRko2D39//AB00sjBF9f8AP3TSPkv8vA+v/jppjAsCc/r/AOOmhqwrXY5W3cHv6H/x01Lwg/8Ar/8AjpqK3AX05/zuFSv93r+v/jpqXsD01F/z1/8AHTRgn/P/AI6aRThQCc/j/wCOmnbmz1/X/wAdNMN0AJHQ/r/46aT/AD0/8eFKwA75/H/x00n+ev8A46aNgaD/AD1/8dNSZ285/wA/3TUf+en/AI8KdkFcE/p/46aaJ6bDlBPUj8//AB009AV7/wCf7ppnDgFzz7f+gmnDOducj6/+OmrESLjjPv2/8eFJn5cg9/8ALCgEryR+v/jppjsQcA/5/umgB2Duxt7f5U0AZOP6/wDjppyvxhj+v/jpoMiD5WOf8/dNS0i9EgCZH3v8/wB00mxvT9f/AB00qDHGfwz/AOOmnAg9D+v/AI6aLDGZOMAdPf8A8dNKAScgY/z901IVAIx/P/x00pAzuzn0/wDiTUsCHLYwe/v/AOOmhUZeMfn/AOgmpGGW9scjb/48KGBOBn8B/wCgmgW5Eeev8/8Ax00Akf8A6/8Ax009imeByB6/+OmmfX+f/jpoGBOeSf1/8dNNZh0/r/46aeQuMFvp/wDEmo9pxgsPz/8AHTQBE8bH/wDX/wCOmmsTsOT9B/7KakKEnr+v/jppp/zz/wCOmgd9CJIzydv6f+PCpRkDGf8AP94Uigjq2fw/8eFBycEH68/+Omk1cQFTk7SePf8A8dNBDFcA8/5+U0oy2SfX1/8AHTR/np/48KaQPUdGoRPm549f/HTTipXnGOP8q1G5wu0njv8A/EmgHA68c9//AB01VgEC5G0nP0/9BNSKpHJPP1/8dNIqfw5/AH/x008DI47D1/8AHTSdgHbwxwUH5/8AjpprNnjPH+flNKAefm/z/dNBUZGP5/8AjppAKVAj57j/ACppn+ev/jppwkITaD+v/jppv+ev/jpoFsIckfKf1/8AHTTWUOOvQev/AI6aeV3DJ9fX/wAdNDK2Mk8Y9f8Ax00BYjROOW/X/wAdNOSPYSc9ff8A8dNKFI4Df5/umkDcYA5/z8poC3cBvHU/mf8Ax004s2AA/wCv/jpppkJG0Z475/8AHTRzkEtk/wCflNUkS9GPRMkn+n/jwpyLtPJHTrn/AMdNCkMOG/I/+OmlY4GA3Tvn/wAdNUDVkDgEHg4/z8pqByTznv0/9lNTMcjBPf8AypphBL5Dduuf/HTUyKsRKpZsnnPof/HTT/LI+XPH+flNPDIq4yPfn/x00m/5uWz/AJ+6alhoxgUk9enb/wBlNOKg9f0P/jpoJLHjj/P3TQFIG0nP1/8AQTSsMURgj6e//jpppjU9f5/+OmpFXK9evv8A+OmlKn7oPH+flNVbQCIR7eh/z/dNSqCBhv0P/jppwGRgDp7/APjppwwOWUHP+1/46admhWsJEAQQP0/9BNPYYOP6/wDjpoVdo44H1/8AHTSkjkN+HH/jwoSGNycYz+v/AI6aUkd17f5U0hBHUfp/48KChIKt/L/x01Qk7kbhhwP5/wDjpoBA5I/z/eFSbcc+vv8A+OmmlCT1/X/x01MhiKATg/z/APHTQUXBJX9P/HhTlAxx/n/ZNDDIx/n/AHTUpNA2NYYOP6/+Omm5OMY4+v8A46akO1Ocfr/46aY7DOT/AD/8dNVFiIZ9Otbj5J4gRjoT/wCOmqp0HSmBb7OuO/8A8SauEtySfwz/AOOmlEZb5W7dh/6CaoFYpNoWlocfZVOff/x01GdB0w8/ZV/75/8AHhWi6grhT09//HTTCoB+Zvz/APQTQKTKR8O6WBhbVf8AP8Jp8Oi6dGTstl/D/wBBNWsY++3X3/8AHTSlT0Bx/n7pqGwZXfSrGQBXhHt/8SantrSGBMRoB9D/AOOmlYccHp7/APjppytg5z9f/ihStcNELcWsNwAJEz6//EmmQafaQjEcQB/z8pqZSGOHbn0z/wCOmnDB5A/z/dNXYkq3mi6ffcXECn/P3TRb6JYWGPIgAPr/AOymrf8Anr/46aQnGMn/AD/dNGwEZXAK4/X/AMdNNkUnPH6/+OmpTt3ZLf5/umm7cjIz+X/jwpj3P//Z
2025-10-24 14:22:07.788  INFO 32276 --- [         task-1] c.g.l.service.AnswerRecordAsyncService   : ========== 知识图谱Base64编码结束 ==========
2025-10-24 14:22:07.789  INFO 32276 --- [         task-1] c.g.l.service.AnswerRecordAsyncService   : 提示：将上述base64编码复制到在线工具查看图片，例如: https://base64.guru/converter/decode/image
已等待 30 秒...

? 知识图谱生成请求已发送

注意:
  1. 实际的图片生成是异步进行的
  2. 图片的base64编码会输出到应用日志中
  3. 请查看应用日志中以 "知识图谱生成成功" 开头的日志信息
  4. 日志中会包含完整的base64编码图片数据
  5. 您可以将base64编码复制到在线工具查看图片: https://base64.guru/converter/decode/image
=========================================

[INFO] Tests run: 1, Failures: 0, Errors: 0, Skipped: 0, Time elapsed: 36.987 s - in com.gaodun.learningservice.AnswerRecordAsyncServiceTest
2025-10-24 14:22:11.813  INFO 32276 --- [ionShutdownHook] j.LocalContainerEntityManagerFactoryBean : Closing JPA EntityManagerFactory for persistence unit 'default'
2025-10-24 14:22:11.826  INFO 32276 --- [ionShutdownHook] com.zaxxer.hikari.HikariDataSource       : HikariPool-1 - Shutdown initiated...
2025-10-24 14:22:11.844  INFO 32276 --- [ionShutdownHook] com.zaxxer.hikari.HikariDataSource       : HikariPool-1 - Shutdown completed.
[INFO] 
[INFO] Results:
[INFO] 
[INFO] Tests run: 1, Failures: 0, Errors: 0, Skipped: 0
[INFO] 
[INFO] ------------------------------------------------------------------------
[INFO] BUILD SUCCESS
[INFO] ------------------------------------------------------------------------
[INFO] Total time:  40.471 s
[INFO] Finished at: 2025-10-24T14:22:12+08:00
[INFO] ------------------------------------------------------------------------
